
R version 3.2.2 (2015-08-14) -- "Fire Safety"
Copyright (C) 2015 The R Foundation for Statistical Computing
Platform: x86_64-pc-linux-gnu (64-bit)

R is free software and comes with ABSOLUTELY NO WARRANTY.
You are welcome to redistribute it under certain conditions.
Type 'license()' or 'licence()' for distribution details.

  Natural language support but running in an English locale

R is a collaborative project with many contributors.
Type 'contributors()' for more information and
'citation()' on how to cite R or R packages in publications.

Type 'demo()' for some demos, 'help()' for on-line help, or
'help.start()' for an HTML browser interface to help.
Type 'q()' to quit R.

> ### get ssr fit -- prediction horizons 1:52
> library(lubridate)
> library(ggplot2)
> library(plyr)

Attaching package: ‘plyr’

The following object is masked from ‘package:lubridate’:

    here

> library(dplyr)

Attaching package: ‘dplyr’

The following objects are masked from ‘package:plyr’:

    arrange, count, desc, failwith, id, mutate, rename, summarise,
    summarize

The following objects are masked from ‘package:lubridate’:

    intersect, setdiff, union

The following objects are masked from ‘package:stats’:

    filter, lag

The following objects are masked from ‘package:base’:

    intersect, setdiff, setequal, union

> library(reshape)

Attaching package: ‘reshape’

The following object is masked from ‘package:dplyr’:

    rename

The following objects are masked from ‘package:plyr’:

    rename, round_any

The following object is masked from ‘package:lubridate’:

    stamp

> library(ssrFlu)
> library(doMC)
Loading required package: foreach
Loading required package: iterators
Loading required package: parallel
> 
> registerDoMC(cores=3)
> 
> args <- commandArgs(trailingOnly=TRUE)
> 
> data_set <- args[1]
> prediction_horizon_limit <- as.integer(args[2])
> 
> ## load dataset
> if(identical(data_set, "ili_national")) {
+     data <- ili_national
+ } 
> if(identical(data_set, "ili_region1")) {
+     data <- ili_region1
+ } 
> if(identical(data_set, "ili_region2")) {
+     data <- ili_region2
+ } 
> if(identical(data_set, "ili_region3")) {
+     data <- ili_region3
+ } 
> if(identical(data_set, "ili_region4")) {
+     data <- ili_region4
+ } 
> if(identical(data_set, "ili_region5")) {
+     data <- ili_region5
+ } 
> if(identical(data_set, "ili_region6")) {
+     data <- ili_region6
+ } 
> if(identical(data_set, "ili_region7")) {
+     data <- ili_region7
+ } 
> if(identical(data_set, "ili_region8")) {
+     data <- ili_region8
+ } 
> if(identical(data_set, "ili_region9")) {
+     data <- ili_region9
+ } 
> if(identical(data_set, "ili_region10")) {
+     data <- ili_region10
+ } 
> 
> 
> 
> ## add log column
> data$log_total_cases <- log(data$total_cases + 1)
> 
> ## add week_start_date
> char_dates <- paste(data$year, data$week, "1")
> data$week_start_date <- as.Date(char_dates, format="%Y %W %w")
> 
> ## remove week 53s
> data <- data[-which(is.na(data$week_start_date)),]
> data <- data[262:nrow(data),]
> 
> ## add smooth log column -- or not, since it is already pretty smooth...
> sm <- loess(log_total_cases ~ as.numeric(week_start_date), data=data, span= 26 / nrow(data))
> data$smooth_log_cases <- sm$fitted
> 
> ## add time column
> data$time_ind <- seq_len(nrow(data))
> 
> ssr_control <- create_ssr_control(X_names=c("smooth_log_cases", "time_ind"),
+     y_names="total_cases",
+     time_name=NULL,
+     max_lag=list(smooth_log_cases=1,
+         time_ind=0),
+     prediction_horizons=as.integer(prediction_horizon_limit),
+     kernel_fns=list(smooth_log_cases="squared_exp_kernel",
+         time_ind="periodic_kernel"),
+     theta_est=list(smooth_log_cases="bw",
+         time_ind="bw"),
+     theta_fixed=list(time_ind=list(period=pi / 52)),
+     theta_transform_fns=list(
+         squared_exp_kernel=list(
+             bw=list(transform="log",
+                 detransform="exp")
+         ),
+         periodic_kernel=list(
+             bw=list(transform="log",
+                 detransform="exp")
+         )
+     ),
+     crossval_buffer=52,
+     loss_fn_name="mae_from_kernel_weights_and_centers",
+     loss_fn_args=list())
> 
> 
> ssr_fit <- ssr(X_names=c("smooth_log_cases", "time_ind"),
+     y_names="total_cases",
+     time_name=NULL,
+     data=data,
+     ssr_control=ssr_control)
507.2333FALSE
398.4578FALSE
478.7458FALSE
398.4592FALSE
507.2267FALSE
478.7407FALSE
398.4565FALSE
478.7508FALSE
507.2399FALSE
400.6078FALSE
514.1791FALSE
483.696FALSE
400.6027FALSE
514.2111FALSE
400.613FALSE
514.147FALSE
483.7276FALSE
398.334FALSE
505.599FALSE
483.6644FALSE
505.5972FALSE
398.3332FALSE
476.7992FALSE
505.6009FALSE
398.3348FALSE
476.7965FALSE
505.543FALSE
398.3589FALSE
476.8021FALSE
398.3594FALSE
505.5439FALSE
479.4384FALSE
398.3584FALSE
479.4543FALSE
505.5421FALSE
398.3323FALSE
505.5243FALSE
398.3329FALSE
479.4226FALSE
505.5246FALSE
398.3318FALSE
476.6321FALSE
398.3297FALSE
505.524FALSE
476.6313FALSE
398.33FALSE
398.3294FALSE
476.6337FALSE
505.5201FALSE
398.3341FALSE
476.6265FALSE
505.5202FALSE
476.6273FALSE
398.3333FALSE
505.5203FALSE
398.3349FALSE
476.6257FALSE
398.3294FALSE
505.5208FALSE
476.62FALSE
398.3297FALSE
505.521FALSE
398.3293FALSE
476.6201FALSE
505.5206FALSE
398.3307FALSE
505.5201FALSE
476.6198FALSE
398.3299FALSE
505.5202FALSE
476.6191FALSE
398.3315FALSE
505.5202FALSE
476.6193FALSE
398.3293FALSE
505.52FALSE
476.619FALSE
398.3296FALSE
505.5202FALSE
476.6292FALSE
398.3295FALSE
505.5203FALSE
476.6283FALSE
398.3293FALSE
476.6301FALSE
505.5201FALSE
398.3296FALSE
476.6187FALSE
505.5202FALSE
398.3296FALSE
476.6188FALSE
505.5202FALSE
476.6186FALSE
398.3293FALSE
476.6292FALSE
505.52FALSE
398.3296FALSE
476.6284FALSE
505.5202FALSE
398.3296FALSE
505.5203FALSE
476.6301FALSE
398.3293FALSE
505.52FALSE
476.6184FALSE
398.3296FALSE
505.5202FALSE
505.5203FALSE
476.6185FALSE
398.3296FALSE
505.52FALSE
398.3293FALSE
476.6183FALSE
505.5202FALSE
398.3296FALSE
476.6228FALSE
505.5203FALSE
398.3296FALSE
476.6221FALSE
505.52FALSE
398.3293FALSE
476.6236FALSE
505.5202FALSE
398.3296FALSE
476.6186FALSE
505.5203FALSE
398.3296FALSE
505.5201FALSE
476.6183FALSE
398.3293FALSE
505.5202FALSE
476.6188FALSE
398.3296FALSE
505.5202FALSE
476.6184FALSE
398.3296FALSE
505.52FALSE
398.3293FALSE
476.6185FALSE
505.5202FALSE
398.3296FALSE
476.6185FALSE
505.5203FALSE
476.6183FALSE
398.3296FALSE
476.6184FALSE
505.52FALSE
398.3293FALSE
476.6185FALSE
505.5202FALSE
398.3296FALSE
476.6184FALSE
398.3296FALSE
505.5203FALSE
476.6185FALSE
398.3293FALSE
505.52FALSE
476.6185FALSE
505.5202FALSE
398.3296FALSE
476.6184FALSE
505.5203FALSE
398.3296FALSE
476.6185FALSE
505.52FALSE
398.3293FALSE
476.6185FALSE
505.5202FALSE
476.6184FALSE
505.5203FALSE
$par
smooth_log_cases_lag1.bw 
               -1.922687 

$value
[1] 505.52

$counts
function gradient 
      19       19 

$convergence
[1] 0

$message
[1] "CONVERGENCE: REL_REDUCTION_OF_F <= FACTR*EPSMCH"

398.3296FALSE
476.6185FALSE
398.3296FALSE
476.6185FALSE
398.3293FALSE
476.6184FALSE
398.3296FALSE
476.6185FALSE
398.3296FALSE
$par
time_ind_lag0.bw 
       -2.471598 

$value
[1] 398.3293

$counts
function gradient 
      21       21 

$convergence
[1] 0

$message
[1] "CONVERGENCE: REL_REDUCTION_OF_F <= FACTR*EPSMCH"

476.6185FALSE
476.6184FALSE
476.6185FALSE
476.6185FALSE
476.6184FALSE
476.6185FALSE
476.6185FALSE
476.6184FALSE
476.6185FALSE
476.6185FALSE
476.6184FALSE
476.6185FALSE
476.6185FALSE
476.6184FALSE
476.6185FALSE
476.6185FALSE
476.6184FALSE
476.6185FALSE
476.6185FALSE
476.6184FALSE
476.6185FALSE
476.6185FALSE
476.6184FALSE
476.6185FALSE
476.6185FALSE
476.6184FALSE
476.6185FALSE
476.6185FALSE
476.6184FALSE
476.6185FALSE
476.6185FALSE
476.6184FALSE
476.6185FALSE
476.6185FALSE
476.6184FALSE
476.6185FALSE
476.6185FALSE
476.6184FALSE
476.6185FALSE
476.6185FALSE
476.6184FALSE
476.6185FALSE
476.6185FALSE
476.6184FALSE
476.6185FALSE
476.6185FALSE
476.6184FALSE
476.6185FALSE
476.6185FALSE
476.6184FALSE
476.6185FALSE
476.6185FALSE
476.6184FALSE
476.6185FALSE
476.6185FALSE
476.6184FALSE
476.6185FALSE
476.6185FALSE
476.6184FALSE
476.6185FALSE
476.6185FALSE
476.6184FALSE
476.6185FALSE
476.6185FALSE
476.6184FALSE
476.6185FALSE
476.6185FALSE
476.6184FALSE
476.6185FALSE
476.6185FALSE
476.6184FALSE
476.6185FALSE
476.6185FALSE
476.6184FALSE
476.6185FALSE
476.6185FALSE
476.6184FALSE
476.6185FALSE
476.6185FALSE
476.6184FALSE
476.6185FALSE
476.6185FALSE
476.6184FALSE
476.6185FALSE
476.6185FALSE
476.6184FALSE
476.6185FALSE
476.6185FALSE
476.6184FALSE
476.6185FALSE
476.6185FALSE
476.6184FALSE
476.6185FALSE
476.6185FALSE
476.6184FALSE
476.6185FALSE
476.6185FALSE
476.6184FALSE
476.6185FALSE
476.6185FALSE
$par
smooth_log_cases_lag0.bw 
               -1.831543 

$value
[1] 476.6184

$counts
function gradient 
      53       53 

$convergence
[1] 0

$message
[1] "CONVERGENCE: REL_REDUCTION_OF_F <= FACTR*EPSMCH"

330.907FALSE
312.4967FALSE
330.896FALSE
312.4973FALSE
330.9178FALSE
312.4959FALSE
330.9141FALSE
312.5082FALSE
330.8997FALSE
312.485FALSE
352.5828FALSE
326.2094FALSE
352.6043FALSE
326.2192FALSE
352.5612FALSE
326.1997FALSE
352.5789FALSE
326.2045FALSE
352.5867FALSE
326.2143FALSE
330.4856FALSE
312.0804FALSE
330.4784FALSE
312.1083FALSE
330.4925FALSE
312.0519FALSE
330.4912FALSE
312.0639FALSE
330.4796FALSE
312.0964FALSE
332.7933FALSE
311.8473FALSE
332.8205FALSE
311.8489FALSE
332.7661FALSE
332.7734FALSE
311.846FALSE
332.8132FALSE
311.8596FALSE
330.0529FALSE
311.8352FALSE
330.0574FALSE
311.6863FALSE
330.0482FALSE
311.7042FALSE
330.05FALSE
311.6693FALSE
330.0557FALSE
330.0142FALSE
311.6829FALSE
330.012FALSE
311.6906FALSE
330.0167FALSE
311.2777FALSE
330.017FALSE
311.2859FALSE
330.0117FALSE
311.2703FALSE
330.0062FALSE
311.2841FALSE
330.0076FALSE
311.272FALSE
330.0051FALSE
320.6653FALSE
330.0055FALSE
320.6131FALSE
330.0072FALSE
320.7175FALSE
330.0034FALSE
320.6823FALSE
330.0039FALSE
320.6482FALSE
330.0031FALSE
330.0033FALSE
310.1124FALSE
330.0037FALSE
310.0998FALSE
330.003FALSE
310.1253FALSE
330.0033FALSE
310.1247FALSE
330.0031FALSE
310.1003FALSE
330.0034FALSE
309.9939FALSE
330.003FALSE
309.9868FALSE
330.0029FALSE
310.0017FALSE
330.0031FALSE
310.0014FALSE
330.003FALSE
330.0033FALSE
309.987FALSE
330.0028FALSE
310.0222FALSE
330.0024FALSE
310.0375FALSE
330.0024FALSE
310.0089FALSE
330.0026FALSE
310.0092FALSE
330.0029FALSE
310.0372FALSE
330.0021FALSE
309.9654FALSE
329.9992FALSE
329.9971FALSE
309.9656FALSE
330.0017FALSE
309.9666FALSE
330.0016FALSE
309.9666FALSE
329.9971FALSE
309.9654FALSE
330.0003FALSE
309.9652FALSE
329.9999FALSE
309.966FALSE
330.001FALSE
309.9657FALSE
330.0014FALSE
309.9658FALSE
329.9995FALSE
309.9658FALSE
329.9977FALSE
309.9648FALSE
329.9965FALSE
309.966FALSE
329.9993FALSE
309.9651FALSE
329.9998FALSE
309.9652FALSE
329.996FALSE
309.9657FALSE
331.1601FALSE
309.9638FALSE
331.137FALSE
309.966FALSE
331.1834FALSE
309.9631FALSE
331.1721FALSE
309.9633FALSE
331.1482FALSE
309.9657FALSE
329.9972FALSE
310.0415FALSE
329.9958FALSE
310.0489FALSE
329.9989FALSE
310.0362FALSE
329.9995FALSE
310.034FALSE
329.9953FALSE
310.051FALSE
330.0015FALSE
309.9637FALSE
329.9992FALSE
309.966FALSE
330.0043FALSE
309.9629FALSE
330.0044FALSE
309.9631FALSE
329.9997FALSE
309.9657FALSE
329.9974FALSE
309.9636FALSE
329.9955FALSE
309.966FALSE
329.9995FALSE
309.9627FALSE
329.9995FALSE
309.963FALSE
329.9956FALSE
309.9657FALSE
329.9971FALSE
309.984FALSE
329.9957FALSE
309.9885FALSE
329.999FALSE
309.9814FALSE
329.9994FALSE
309.9796FALSE
329.9952FALSE
309.9902FALSE
329.9956FALSE
309.9635FALSE
329.9942FALSE
309.966FALSE
329.9974FALSE
309.9624FALSE
329.9974FALSE
309.9627FALSE
329.9942FALSE
309.9657FALSE
329.9919FALSE
309.9633FALSE
329.9924FALSE
309.966FALSE
329.9918FALSE
309.9622FALSE
329.9917FALSE
309.9625FALSE
329.9924FALSE
309.9657FALSE
329.9917FALSE
309.9715FALSE
329.992FALSE
309.975FALSE
329.9919FALSE
309.9697FALSE
329.9918FALSE
309.9688FALSE
329.992FALSE
309.9758FALSE
329.9917FALSE
309.9633FALSE
329.992FALSE
309.966FALSE
329.992FALSE
309.9621FALSE
329.992FALSE
309.9624FALSE
329.9919FALSE
309.9657FALSE
329.9918FALSE
309.9633FALSE
329.9919FALSE
309.966FALSE
329.992FALSE
309.962FALSE
329.9919FALSE
309.9623FALSE
329.9919FALSE
309.9657FALSE
329.9917FALSE
309.9666FALSE
329.992FALSE
309.9694FALSE
329.992FALSE
309.9653FALSE
329.992FALSE
309.9643FALSE
329.9919FALSE
309.9703FALSE
329.9917FALSE
309.9632FALSE
329.992FALSE
309.966FALSE
329.992FALSE
309.962FALSE
329.992FALSE
309.9623FALSE
329.9919FALSE
309.9657FALSE
329.9917FALSE
309.9632FALSE
329.992FALSE
309.966FALSE
329.992FALSE
309.9619FALSE
329.992FALSE
309.9622FALSE
329.9919FALSE
309.9657FALSE
329.9917FALSE
309.9642FALSE
329.992FALSE
309.9668FALSE
329.992FALSE
309.9632FALSE
329.992FALSE
309.9622FALSE
329.9919FALSE
309.9678FALSE
329.9917FALSE
309.9632FALSE
329.992FALSE
329.992FALSE
309.966FALSE
309.9619FALSE
329.992FALSE
309.9622FALSE
329.9919FALSE
309.9657FALSE
329.9917FALSE
309.9629FALSE
329.992FALSE
329.992FALSE
309.9638FALSE
329.992FALSE
309.9635FALSE
329.9919FALSE
309.9625FALSE
329.9917FALSE
309.9648FALSE
329.992FALSE
309.9826FALSE
329.992FALSE
309.9768FALSE
329.992FALSE
309.9894FALSE
329.9919FALSE
309.9893FALSE
329.9917FALSE
309.9768FALSE
329.992FALSE
309.9619FALSE
329.992FALSE
309.962FALSE
329.992FALSE
309.9636FALSE
329.9919FALSE
309.9633FALSE
329.9917FALSE
309.9626FALSE
329.992FALSE
309.9619FALSE
329.992FALSE
309.9627FALSE
329.992FALSE
309.9625FALSE
329.9919FALSE
309.9628FALSE
329.9917FALSE
309.9623FALSE
$par
smooth_log_cases_lag0.bw         time_ind_lag0.bw 
               -2.513681                -2.746502 

$value
[1] 309.9619

$counts
function gradient 
      32       32 

$convergence
[1] 0

$message
[1] "CONVERGENCE: REL_REDUCTION_OF_F <= FACTR*EPSMCH"

329.992FALSE
329.992FALSE
329.992FALSE
329.9919FALSE
329.9917FALSE
329.992FALSE
329.992FALSE
329.992FALSE
329.9919FALSE
329.9917FALSE
329.992FALSE
329.992FALSE
329.992FALSE
329.9919FALSE
329.9917FALSE
329.992FALSE
329.992FALSE
329.992FALSE
329.9919FALSE
329.9917FALSE
329.992FALSE
329.992FALSE
329.992FALSE
329.9919FALSE
329.9917FALSE
329.992FALSE
329.992FALSE
329.992FALSE
329.9919FALSE
329.9917FALSE
329.992FALSE
329.992FALSE
329.992FALSE
329.9919FALSE
329.9917FALSE
329.992FALSE
329.992FALSE
329.992FALSE
329.9919FALSE
329.9917FALSE
329.992FALSE
329.992FALSE
329.992FALSE
329.9919FALSE
329.9917FALSE
329.992FALSE
329.992FALSE
329.992FALSE
329.9919FALSE
330.0245FALSE
330.027FALSE
330.0223FALSE
330.0213FALSE
330.028FALSE
329.9918FALSE
329.9919FALSE
329.992FALSE
329.9919FALSE
329.992FALSE
329.9917FALSE
329.992FALSE
329.992FALSE
329.9919FALSE
329.9919FALSE
329.9917FALSE
329.992FALSE
329.992FALSE
329.992FALSE
329.9919FALSE
329.9917FALSE
329.992FALSE
329.992FALSE
329.992FALSE
329.9919FALSE
329.9917FALSE
329.992FALSE
329.992FALSE
329.992FALSE
329.9919FALSE
329.9917FALSE
329.992FALSE
329.992FALSE
329.992FALSE
329.9919FALSE
329.9917FALSE
329.992FALSE
329.992FALSE
329.992FALSE
329.9919FALSE
329.9917FALSE
329.992FALSE
329.992FALSE
329.992FALSE
329.9919FALSE
329.9917FALSE
329.992FALSE
329.992FALSE
329.992FALSE
329.9919FALSE
329.9917FALSE
329.992FALSE
329.992FALSE
329.992FALSE
329.9919FALSE
329.9917FALSE
329.992FALSE
329.992FALSE
329.992FALSE
329.9919FALSE
329.9917FALSE
329.992FALSE
329.992FALSE
329.992FALSE
329.9919FALSE
329.9917FALSE
329.992FALSE
329.992FALSE
329.992FALSE
329.9919FALSE
329.9917FALSE
329.992FALSE
329.992FALSE
329.992FALSE
329.9919FALSE
329.9917FALSE
329.992FALSE
329.992FALSE
329.992FALSE
329.9919FALSE
329.9917FALSE
329.992FALSE
329.992FALSE
329.992FALSE
329.9919FALSE
329.9917FALSE
329.992FALSE
329.992FALSE
329.992FALSE
329.9919FALSE
329.9917FALSE
329.992FALSE
329.992FALSE
329.992FALSE
329.9919FALSE
329.9917FALSE
329.992FALSE
329.992FALSE
329.992FALSE
329.9919FALSE
$par
smooth_log_cases_lag1.bw         time_ind_lag0.bw 
               -2.220869                -2.596767 

$value
[1] 329.9917

$counts
function gradient 
      63       63 

$convergence
[1] 0

$message
[1] "CONVERGENCE: REL_REDUCTION_OF_F <= FACTR*EPSMCH"

398.7659FALSE
313.895FALSE
398.7637FALSE
313.8932FALSE
398.7683FALSE
313.8969FALSE
400.7855FALSE
313.879FALSE
400.7965FALSE
313.911FALSE
400.7745FALSE
313.9018FALSE
398.3663FALSE
398.3668FALSE
313.8883FALSE
398.3658FALSE
318.1613FALSE
398.337FALSE
318.2009FALSE
398.3375FALSE
398.3365FALSE
318.1215FALSE
318.1652FALSE
398.6543FALSE
398.6526FALSE
318.1574FALSE
398.6561FALSE
318.1139FALSE
398.3319FALSE
318.2085FALSE
398.3312FALSE
312.4759FALSE
398.3327FALSE
312.465FALSE
398.3328FALSE
398.3333FALSE
312.4866FALSE
398.3322FALSE
312.4674FALSE
398.3294FALSE
312.4843FALSE
398.3298FALSE
312.4907FALSE
398.3292FALSE
312.4612FALSE
398.5007FALSE
345.6102FALSE
398.4989FALSE
345.6441FALSE
398.5024FALSE
398.3338FALSE
345.5764FALSE
398.333FALSE
345.6103FALSE
398.3345FALSE
345.6102FALSE
398.3292FALSE
345.6102FALSE
398.3296FALSE
345.6102FALSE
398.3297FALSE
398.3293FALSE
324.5289FALSE
398.3296FALSE
324.5521FALSE
398.3296FALSE
324.5056FALSE
398.3292FALSE
324.5308FALSE
398.3296FALSE
398.3297FALSE
324.5271FALSE
398.3292FALSE
324.5091FALSE
398.3296FALSE
324.5486FALSE
398.3297FALSE
312.6677FALSE
398.3292FALSE
312.662FALSE
398.3296FALSE
398.3297FALSE
312.6726FALSE
398.3292FALSE
312.6621FALSE
398.3296FALSE
312.6732FALSE
398.3297FALSE
398.3292FALSE
312.6739FALSE
398.3296FALSE
312.6601FALSE
398.3297FALSE
312.0209FALSE
398.3292FALSE
398.3296FALSE
312.0089FALSE
398.3297FALSE
312.033FALSE
398.3292FALSE
312.0126FALSE
398.3296FALSE
312.0293FALSE
398.3297FALSE
398.3292FALSE
312.0375FALSE
398.3296FALSE
312.0043FALSE
398.3297FALSE
311.7698FALSE
398.3292FALSE
311.7601FALSE
398.3296FALSE
311.78FALSE
398.3297FALSE
311.7624FALSE
398.3292FALSE
398.3296FALSE
311.7773FALSE
398.3297FALSE
311.7845FALSE
398.3292FALSE
311.7555FALSE
398.3296FALSE
311.856FALSE
398.3297FALSE
311.8967FALSE
398.3292FALSE
311.817FALSE
398.3296FALSE
311.8605FALSE
398.3297FALSE
311.8516FALSE
398.3292FALSE
311.8106FALSE
398.3296FALSE
398.3297FALSE
311.9042FALSE
398.3292FALSE
311.579FALSE
398.3296FALSE
311.5822FALSE
398.3297FALSE
311.5773FALSE
311.5748FALSE
398.3292FALSE
311.5833FALSE
398.3296FALSE
311.5792FALSE
398.3297FALSE
398.3292FALSE
311.5809FALSE
398.3296FALSE
311.5167FALSE
311.5396FALSE
398.3297FALSE
311.4961FALSE
398.3292FALSE
398.3296FALSE
311.5171FALSE
398.3297FALSE
311.5164FALSE
398.3292FALSE
311.4941FALSE
398.3296FALSE
311.5427FALSE
398.3297FALSE
310.9257FALSE
398.3292FALSE
310.9232FALSE
398.3296FALSE
310.9297FALSE
398.3297FALSE
310.9231FALSE
398.3566FALSE
310.9283FALSE
398.3571FALSE
310.9266FALSE
398.3561FALSE
310.9266FALSE
398.3297FALSE
310.8544FALSE
398.33FALSE
310.8376FALSE
398.3293FALSE
310.872FALSE
398.3293FALSE
310.8518FALSE
398.3296FALSE
310.8571FALSE
398.3296FALSE
310.8638FALSE
398.3292FALSE
310.8458FALSE
398.3296FALSE
310.775FALSE
398.3297FALSE
398.3292FALSE
310.7666FALSE
398.3296FALSE
310.7846FALSE
398.3297FALSE
310.7726FALSE
398.3292FALSE
310.7774FALSE
398.3296FALSE
310.781FALSE
398.3297FALSE
398.3292FALSE
310.7703FALSE
398.3296FALSE
310.6996FALSE
398.3297FALSE
310.6973FALSE
398.3292FALSE
310.7038FALSE
398.3296FALSE
310.6985FALSE
398.3297FALSE
310.7009FALSE
398.3292FALSE
398.3296FALSE
310.6992FALSE
398.3297FALSE
310.7021FALSE
398.3292FALSE
310.6327FALSE
398.3296FALSE
310.6425FALSE
398.3297FALSE
310.6253FALSE
398.3292FALSE
310.6327FALSE
398.3296FALSE
310.6327FALSE
398.3297FALSE
310.6231FALSE
398.3292FALSE
310.645FALSE
398.3296FALSE
310.5301FALSE
398.3297FALSE
310.5356FALSE
398.3292FALSE
310.5267FALSE
398.3296FALSE
310.5299FALSE
398.3297FALSE
310.5303FALSE
398.3292FALSE
310.5244FALSE
398.3296FALSE
310.5381FALSE
398.3297FALSE
310.6551FALSE
398.3292FALSE
398.3296FALSE
310.6356FALSE
398.3297FALSE
310.6747FALSE
398.3292FALSE
310.6547FALSE
398.3296FALSE
310.6555FALSE
398.3297FALSE
310.6717FALSE
398.3292FALSE
310.6385FALSE
398.3296FALSE
310.4203FALSE
398.3297FALSE
310.4134FALSE
398.3292FALSE
310.4286FALSE
398.3296FALSE
310.4198FALSE
398.3297FALSE
310.4207FALSE
398.3292FALSE
310.4266FALSE
398.3296FALSE
310.4154FALSE
398.3297FALSE
310.3994FALSE
398.3292FALSE
398.3296FALSE
310.3944FALSE
398.3297FALSE
$par
time_ind_lag0.bw 
       -2.471694 

$value
[1] 398.3292

$counts
function gradient 
      51       51 

$convergence
[1] 52

$message
[1] "ERROR: ABNORMAL_TERMINATION_IN_LNSRCH"

310.4059FALSE
310.399FALSE
310.3997FALSE
310.4037FALSE
310.3966FALSE
310.34FALSE
310.344FALSE
310.338FALSE
310.3401FALSE
310.3399FALSE
310.3358FALSE
310.3463FALSE
310.2558FALSE
310.2599FALSE
310.2534FALSE
310.256FALSE
310.2557FALSE
310.2522FALSE
310.2611FALSE
312.9719FALSE
312.9782FALSE
312.9653FALSE
312.9676FALSE
312.9762FALSE
312.978FALSE
312.9651FALSE
310.2556FALSE
310.2622FALSE
310.2506FALSE
310.2559FALSE
310.2553FALSE
310.2516FALSE
310.2611FALSE
310.3044FALSE
310.3003FALSE
310.3095FALSE
310.3036FALSE
310.3053FALSE
310.3117FALSE
310.2981FALSE
310.2423FALSE
310.249FALSE
310.2372FALSE
310.2426FALSE
310.242FALSE
310.24FALSE
310.2472FALSE
433.2115FALSE
433.2226FALSE
433.2004FALSE
433.2483FALSE
433.1746FALSE
433.128FALSE
433.2951FALSE
310.2422FALSE
310.2488FALSE
310.2371FALSE
310.2425FALSE
310.2419FALSE
310.2399FALSE
310.247FALSE
310.2419FALSE
310.2485FALSE
310.2369FALSE
310.2422FALSE
310.2416FALSE
310.2397FALSE
310.2467FALSE
351.6916FALSE
351.7046FALSE
351.6785FALSE
351.6392FALSE
351.7439FALSE
351.6893FALSE
351.6937FALSE
310.2398FALSE
310.2443FALSE
310.237FALSE
310.2399FALSE
310.2396FALSE
310.2383FALSE
310.2441FALSE
310.2349FALSE
310.2366FALSE
310.2346FALSE
310.2349FALSE
310.2348FALSE
310.2344FALSE
310.237FALSE
310.2343FALSE
310.235FALSE
310.2351FALSE
310.2343FALSE
310.2343FALSE
310.2357FALSE
310.2352FALSE
310.2343FALSE
310.235FALSE
310.2351FALSE
310.2343FALSE
310.2343FALSE
310.2354FALSE
310.2353FALSE
310.2343FALSE
310.235FALSE
310.2351FALSE
310.2343FALSE
310.2343FALSE
310.2356FALSE
310.2352FALSE
310.2343FALSE
310.235FALSE
310.2351FALSE
310.2343FALSE
310.2343FALSE
310.2357FALSE
310.2352FALSE
310.2343FALSE
310.235FALSE
310.2351FALSE
310.2343FALSE
310.2343FALSE
310.2357FALSE
310.2352FALSE
310.2343FALSE
310.235FALSE
310.2351FALSE
310.2343FALSE
310.2343FALSE
310.2357FALSE
310.2352FALSE
310.2343FALSE
310.235FALSE
310.2351FALSE
310.2343FALSE
310.2343FALSE
310.2357FALSE
310.2352FALSE
310.2343FALSE
310.235FALSE
310.2351FALSE
310.2343FALSE
310.2343FALSE
310.2357FALSE
310.2352FALSE
310.2343FALSE
310.235FALSE
310.2351FALSE
310.2343FALSE
310.2343FALSE
310.2357FALSE
310.2352FALSE
310.2343FALSE
310.235FALSE
310.2351FALSE
310.2343FALSE
310.2343FALSE
310.2357FALSE
310.2352FALSE
310.2343FALSE
310.235FALSE
310.2351FALSE
310.2343FALSE
310.2343FALSE
310.2357FALSE
310.2352FALSE
310.2343FALSE
310.235FALSE
310.2351FALSE
310.2343FALSE
310.2343FALSE
310.2357FALSE
310.2352FALSE
310.2343FALSE
310.235FALSE
310.2351FALSE
310.2343FALSE
310.2343FALSE
310.2357FALSE
310.2352FALSE
310.2343FALSE
310.235FALSE
310.2351FALSE
310.2343FALSE
310.2343FALSE
310.2357FALSE
310.2352FALSE
310.2343FALSE
310.235FALSE
310.2351FALSE
310.2343FALSE
310.2343FALSE
310.2357FALSE
310.2352FALSE
310.2343FALSE
310.235FALSE
310.2351FALSE
310.2343FALSE
310.2343FALSE
310.2357FALSE
310.2352FALSE
310.2343FALSE
310.235FALSE
310.2351FALSE
310.2343FALSE
310.2343FALSE
310.2357FALSE
310.2352FALSE
310.2343FALSE
310.235FALSE
310.2351FALSE
310.2343FALSE
310.2343FALSE
310.2357FALSE
310.2352FALSE
310.2343FALSE
310.235FALSE
310.2351FALSE
310.2343FALSE
310.2343FALSE
310.2357FALSE
310.2352FALSE
310.2343FALSE
310.235FALSE
310.2351FALSE
310.2343FALSE
310.2343FALSE
310.2357FALSE
310.2352FALSE
$par
smooth_log_cases_lag0.bw smooth_log_cases_lag1.bw         time_ind_lag0.bw 
              -2.4138188               -0.9888638               -2.7959676 

$value
[1] 310.2343

$counts
function gradient 
      52       52 

$convergence
[1] 0

$message
[1] "CONVERGENCE: REL_REDUCTION_OF_F <= FACTR*EPSMCH"

> 
> save(ssr_fit,
+     file=paste0("/home/ngr67a/2015-cdc-flu-competition/fit-competition-ssr-ph", prediction_horizon_limit, "-", data_set, ".Rdata"))
> 
> proc.time()
    user   system  elapsed 
2556.283    1.375 2447.105 
