
R version 3.2.2 (2015-08-14) -- "Fire Safety"
Copyright (C) 2015 The R Foundation for Statistical Computing
Platform: x86_64-pc-linux-gnu (64-bit)

R is free software and comes with ABSOLUTELY NO WARRANTY.
You are welcome to redistribute it under certain conditions.
Type 'license()' or 'licence()' for distribution details.

  Natural language support but running in an English locale

R is a collaborative project with many contributors.
Type 'contributors()' for more information and
'citation()' on how to cite R or R packages in publications.

Type 'demo()' for some demos, 'help()' for on-line help, or
'help.start()' for an HTML browser interface to help.
Type 'q()' to quit R.

> ### get ssr fit -- prediction horizons 1:52
> library(lubridate)
> library(ggplot2)
> library(plyr)

Attaching package: ‘plyr’

The following object is masked from ‘package:lubridate’:

    here

> library(dplyr)

Attaching package: ‘dplyr’

The following objects are masked from ‘package:plyr’:

    arrange, count, desc, failwith, id, mutate, rename, summarise,
    summarize

The following objects are masked from ‘package:lubridate’:

    intersect, setdiff, union

The following objects are masked from ‘package:stats’:

    filter, lag

The following objects are masked from ‘package:base’:

    intersect, setdiff, setequal, union

> library(reshape)

Attaching package: ‘reshape’

The following object is masked from ‘package:dplyr’:

    rename

The following objects are masked from ‘package:plyr’:

    rename, round_any

The following object is masked from ‘package:lubridate’:

    stamp

> library(ssrFlu)
> library(doMC)
Loading required package: foreach
Loading required package: iterators
Loading required package: parallel
> 
> registerDoMC(cores=3)
> 
> args <- commandArgs(trailingOnly=TRUE)
> 
> data_set <- args[1]
> prediction_horizon_limit <- as.integer(args[2])
> 
> ## load dataset
> if(identical(data_set, "ili_national")) {
+     data <- ili_national
+ } 
> if(identical(data_set, "ili_region1")) {
+     data <- ili_region1
+ } 
> if(identical(data_set, "ili_region2")) {
+     data <- ili_region2
+ } 
> if(identical(data_set, "ili_region3")) {
+     data <- ili_region3
+ } 
> if(identical(data_set, "ili_region4")) {
+     data <- ili_region4
+ } 
> if(identical(data_set, "ili_region5")) {
+     data <- ili_region5
+ } 
> if(identical(data_set, "ili_region6")) {
+     data <- ili_region6
+ } 
> if(identical(data_set, "ili_region7")) {
+     data <- ili_region7
+ } 
> if(identical(data_set, "ili_region8")) {
+     data <- ili_region8
+ } 
> if(identical(data_set, "ili_region9")) {
+     data <- ili_region9
+ } 
> if(identical(data_set, "ili_region10")) {
+     data <- ili_region10
+ } 
> 
> 
> 
> ## add log column
> data$log_total_cases <- log(data$total_cases + 1)
> 
> ## add week_start_date
> char_dates <- paste(data$year, data$week, "1")
> data$week_start_date <- as.Date(char_dates, format="%Y %W %w")
> 
> ## remove week 53s
> data <- data[-which(is.na(data$week_start_date)),]
> data <- data[262:nrow(data),]
> 
> ## add smooth log column -- or not, since it is already pretty smooth...
> sm <- loess(log_total_cases ~ as.numeric(week_start_date), data=data, span= 26 / nrow(data))
> data$smooth_log_cases <- sm$fitted
> 
> ## add time column
> data$time_ind <- seq_len(nrow(data))
> 
> ssr_control <- create_ssr_control(X_names=c("smooth_log_cases", "time_ind"),
+     y_names="total_cases",
+     time_name=NULL,
+     max_lag=list(smooth_log_cases=1,
+         time_ind=0),
+     prediction_horizons=as.integer(prediction_horizon_limit),
+     kernel_fns=list(smooth_log_cases="squared_exp_kernel",
+         time_ind="periodic_kernel"),
+     theta_est=list(smooth_log_cases="bw",
+         time_ind="bw"),
+     theta_fixed=list(time_ind=list(period=pi / 52)),
+     theta_transform_fns=list(
+         squared_exp_kernel=list(
+             bw=list(transform="log",
+                 detransform="exp")
+         ),
+         periodic_kernel=list(
+             bw=list(transform="log",
+                 detransform="exp")
+         )
+     ),
+     crossval_buffer=52,
+     loss_fn_name="mae_from_kernel_weights_and_centers",
+     loss_fn_args=list())
> 
> 
> ssr_fit <- ssr(X_names=c("smooth_log_cases", "time_ind"),
+     y_names="total_cases",
+     time_name=NULL,
+     data=data,
+     ssr_control=ssr_control)
616.4891FALSE
610.7983FALSE
456.3507FALSE
610.7795FALSE
616.4717FALSE
456.3467FALSE
616.5065FALSE
610.8172FALSE
603.8655FALSE
609.3972FALSE
456.3546FALSE
609.3986FALSE
603.8715FALSE
456.8574FALSE
603.8594FALSE
609.3957FALSE
603.0929FALSE
456.8758FALSE
609.2707FALSE
456.8391FALSE
603.0943FALSE
609.2724FALSE
603.0914FALSE
454.3964FALSE
609.2691FALSE
603.0362FALSE
454.3931FALSE
609.7324FALSE
603.0358FALSE
454.3997FALSE
609.728FALSE
602.4762FALSE
609.7369FALSE
603.0366FALSE
602.4919FALSE
602.4604FALSE
609.2381FALSE
603.0396FALSE
609.2382FALSE
454.318FALSE
603.0401FALSE
454.3158FALSE
609.238FALSE
603.0391FALSE
454.3203FALSE
609.2373FALSE
603.0345FALSE
454.1912FALSE
609.2374FALSE
603.0348FALSE
454.189FALSE
609.2373FALSE
603.0349FALSE
454.1934FALSE
609.245FALSE
603.0345FALSE
454.641FALSE
609.2443FALSE
603.0349FALSE
454.6488FALSE
609.2458FALSE
454.6333FALSE
603.0348FALSE
609.2373FALSE
454.163FALSE
603.0345FALSE
454.1639FALSE
609.2373FALSE
603.0348FALSE
454.162FALSE
603.0349FALSE
609.2372FALSE
454.1559FALSE
603.0345FALSE
609.2401FALSE
603.0348FALSE
454.1553FALSE
609.2393FALSE
603.0349FALSE
454.1564FALSE
603.0345FALSE
609.2409FALSE
454.1492FALSE
603.0348FALSE
609.2372FALSE
454.1488FALSE
603.0349FALSE
609.2372FALSE
603.0345FALSE
454.1497FALSE
609.2371FALSE
603.0348FALSE
454.2559FALSE
603.0349FALSE
609.2436FALSE
454.2579FALSE
603.0345FALSE
609.2428FALSE
454.2538FALSE
603.0348FALSE
454.1484FALSE
603.0349FALSE
609.2444FALSE
454.1493FALSE
603.0345FALSE
603.0348FALSE
609.2371FALSE
454.1481FALSE
603.0349FALSE
454.1477FALSE
609.2372FALSE
603.0345FALSE
454.1478FALSE
603.0348FALSE
609.2371FALSE
454.1482FALSE
603.0349FALSE
609.2398FALSE
454.1479FALSE
603.0345FALSE
609.2391FALSE
454.148FALSE
603.0348FALSE
454.1478FALSE
609.2406FALSE
603.0349FALSE
454.1478FALSE
603.0345FALSE
609.2371FALSE
454.1479FALSE
603.0348FALSE
609.2371FALSE
454.148FALSE
603.0349FALSE
609.237FALSE
454.1477FALSE
603.0345FALSE
603.0348FALSE
609.2376FALSE
603.0349FALSE
609.2369FALSE
454.1482FALSE
603.0345FALSE
609.2384FALSE
454.1478FALSE
603.0348FALSE
609.237FALSE
454.1479FALSE
603.0349FALSE
609.237FALSE
454.1479FALSE
603.0345FALSE
609.237FALSE
603.0348FALSE
454.1477FALSE
609.2431FALSE
603.0349FALSE
454.1478FALSE
609.2423FALSE
603.0345FALSE
609.2439FALSE
454.1481FALSE
603.0348FALSE
603.0349FALSE
609.237FALSE
454.1477FALSE
603.0345FALSE
609.237FALSE
454.1478FALSE
603.0348FALSE
609.237FALSE
454.1482FALSE
603.0349FALSE
609.2382FALSE
454.1477FALSE
603.0345FALSE
609.2375FALSE
603.0348FALSE
454.1478FALSE
609.239FALSE
603.0349FALSE
609.237FALSE
454.1482FALSE
603.0345FALSE
454.1477FALSE
609.237FALSE
603.0348FALSE
454.1478FALSE
609.237FALSE
603.0349FALSE
$par
smooth_log_cases_lag1.bw 
               -1.617131 

$value
[1] 603.0345

$counts
function gradient 
      23       23 

$convergence
[1] 0

$message
[1] "CONVERGENCE: REL_REDUCTION_OF_F <= FACTR*EPSMCH"

454.1482FALSE
609.2372FALSE
454.1477FALSE
609.2369FALSE
454.1478FALSE
609.238FALSE
454.1482FALSE
609.237FALSE
454.1477FALSE
454.1478FALSE
609.237FALSE
454.1482FALSE
609.2369FALSE
454.1477FALSE
609.2428FALSE
454.1478FALSE
609.2421FALSE
454.1482FALSE
609.2436FALSE
454.1477FALSE
609.237FALSE
454.1478FALSE
609.237FALSE
454.1482FALSE
609.2369FALSE
454.1477FALSE
609.2379FALSE
454.1478FALSE
609.2372FALSE
454.1482FALSE
609.2387FALSE
454.1477FALSE
609.237FALSE
454.1478FALSE
609.237FALSE
454.1482FALSE
609.2369FALSE
454.1477FALSE
609.2373FALSE
454.1478FALSE
609.2369FALSE
454.1482FALSE
609.238FALSE
454.1477FALSE
454.1478FALSE
609.2369FALSE
454.1482FALSE
609.237FALSE
454.1477FALSE
609.2369FALSE
454.1478FALSE
609.2369FALSE
454.1482FALSE
609.2369FALSE
454.1477FALSE
609.2377FALSE
454.1478FALSE
609.2369FALSE
454.1482FALSE
609.237FALSE
454.1477FALSE
609.237FALSE
454.1478FALSE
609.2369FALSE
454.1482FALSE
609.237FALSE
454.1477FALSE
609.237FALSE
454.1478FALSE
609.2369FALSE
454.1482FALSE
609.237FALSE
454.1477FALSE
609.237FALSE
$par
smooth_log_cases_lag0.bw 
               -1.481733 

$value
[1] 609.2369

$counts
function gradient 
      32       32 

$convergence
[1] 0

$message
[1] "CONVERGENCE: REL_REDUCTION_OF_F <= FACTR*EPSMCH"

454.1478FALSE
454.1482FALSE
454.1477FALSE
454.1478FALSE
454.1482FALSE
454.1477FALSE
454.1478FALSE
454.1482FALSE
454.5303FALSE
454.5354FALSE
454.5252FALSE
454.1497FALSE
454.1505FALSE
454.1488FALSE
454.1478FALSE
454.1479FALSE
454.1477FALSE
454.1478FALSE
454.1478FALSE
454.1481FALSE
454.1477FALSE
454.1478FALSE
454.1481FALSE
454.1477FALSE
454.1478FALSE
454.1482FALSE
454.1477FALSE
454.1478FALSE
454.1482FALSE
454.1477FALSE
454.1478FALSE
454.1482FALSE
454.1477FALSE
454.1478FALSE
454.1482FALSE
454.1477FALSE
454.1478FALSE
454.1482FALSE
454.1477FALSE
454.1478FALSE
454.1482FALSE
454.1477FALSE
454.1478FALSE
454.1482FALSE
454.1477FALSE
454.1478FALSE
454.1482FALSE
454.1477FALSE
454.1478FALSE
454.1482FALSE
454.1477FALSE
454.1478FALSE
454.1482FALSE
454.1477FALSE
454.1478FALSE
454.1482FALSE
454.1477FALSE
454.1478FALSE
454.1482FALSE
454.1477FALSE
454.1478FALSE
454.1482FALSE
454.1477FALSE
454.1478FALSE
454.1482FALSE
454.1477FALSE
454.1478FALSE
454.1482FALSE
$par
time_ind_lag0.bw 
       -1.649129 

$value
[1] 454.1477

$counts
function gradient 
      56       56 

$convergence
[1] 52

$message
[1] "ERROR: ABNORMAL_TERMINATION_IN_LNSRCH"

469.9383FALSE
469.9176FALSE
469.8946FALSE
469.8731FALSE
469.982FALSE
469.9621FALSE
469.9408FALSE
469.9155FALSE
469.9358FALSE
469.9197FALSE
455.0213FALSE
455.0364FALSE
454.8576FALSE
455.0061FALSE
454.8703FALSE
455.0119FALSE
454.8449FALSE
455.0306FALSE
454.8494FALSE
451.5334FALSE
454.8659FALSE
451.5363FALSE
452.2393FALSE
451.5304FALSE
452.2413FALSE
451.535FALSE
452.2373FALSE
451.5318FALSE
452.2412FALSE
451.7559FALSE
451.7473FALSE
452.2374FALSE
452.1184FALSE
451.7645FALSE
452.1179FALSE
451.7622FALSE
452.1198FALSE
451.7496FALSE
452.1212FALSE
451.493FALSE
452.1157FALSE
451.4924FALSE
452.1164FALSE
451.4936FALSE
451.4963FALSE
452.1164FALSE
451.4896FALSE
452.1164FALSE
451.3831FALSE
452.1149FALSE
451.3819FALSE
452.1179FALSE
451.3844FALSE
452.0918FALSE
451.3843FALSE
451.3819FALSE
452.0927FALSE
451.3818FALSE
452.0909FALSE
451.3838FALSE
452.0913FALSE
451.3799FALSE
452.0924FALSE
451.3805FALSE
452.0851FALSE
451.3831FALSE
452.0852FALSE
451.3777FALSE
452.0864FALSE
451.3778FALSE
452.0859FALSE
451.3788FALSE
452.0849FALSE
451.3781FALSE
452.0872FALSE
451.3773FALSE
452.0879FALSE
451.3775FALSE
451.379FALSE
452.0866FALSE
451.3785FALSE
452.0868FALSE
451.3778FALSE
452.0877FALSE
451.3783FALSE
452.085FALSE
451.3771FALSE
452.0856FALSE
451.3788FALSE
451.3782FALSE
452.0854FALSE
451.3775FALSE
452.0848FALSE
451.3781FALSE
452.0854FALSE
451.3782FALSE
452.0854FALSE
451.38FALSE
452.086FALSE
451.379FALSE
452.0848FALSE
451.3788FALSE
452.0851FALSE
451.3787FALSE
451.3769FALSE
452.0857FALSE
451.3787FALSE
452.0851FALSE
451.378FALSE
452.0857FALSE
451.3773FALSE
452.0853FALSE
451.378FALSE
452.0848FALSE
451.3769FALSE
451.3787FALSE
452.0854FALSE
451.3779FALSE
452.085FALSE
451.3774FALSE
452.0856FALSE
451.3779FALSE
452.0854FALSE
451.3791FALSE
452.0848FALSE
451.3778FALSE
451.3803FALSE
452.0854FALSE
451.3801FALSE
452.085FALSE
451.378FALSE
452.0856FALSE
451.3769FALSE
452.0854FALSE
451.3785FALSE
452.0848FALSE
451.3779FALSE
452.0854FALSE
451.3776FALSE
452.085FALSE
451.3778FALSE
452.0856FALSE
451.3769FALSE
452.0854FALSE
451.3787FALSE
451.3779FALSE
452.0848FALSE
451.3774FALSE
452.0854FALSE
451.3779FALSE
452.085FALSE
451.3769FALSE
452.0856FALSE
451.3787FALSE
452.0854FALSE
451.3779FALSE
452.0848FALSE
451.3774FALSE
451.3779FALSE
451.3769FALSE
452.085FALSE
451.3787FALSE
452.0856FALSE
451.3779FALSE
452.0854FALSE
451.3774FALSE
452.0848FALSE
451.3779FALSE
452.0854FALSE
451.3769FALSE
452.085FALSE
451.3787FALSE
452.0856FALSE
451.3779FALSE
452.0854FALSE
451.3774FALSE
452.0848FALSE
451.3779FALSE
452.0854FALSE
451.3769FALSE
452.085FALSE
451.3787FALSE
452.0856FALSE
451.3779FALSE
452.0854FALSE
451.3774FALSE
452.0848FALSE
451.3779FALSE
452.0854FALSE
451.3769FALSE
452.085FALSE
451.3787FALSE
452.0856FALSE
452.0854FALSE
451.3779FALSE
452.0848FALSE
451.3774FALSE
452.0854FALSE
451.3779FALSE
452.085FALSE
451.3769FALSE
452.0856FALSE
451.3787FALSE
452.0854FALSE
452.0848FALSE
451.3779FALSE
452.0854FALSE
451.3774FALSE
451.3779FALSE
452.085FALSE
451.3769FALSE
452.0856FALSE
452.0854FALSE
451.3787FALSE
452.0848FALSE
451.3779FALSE
452.0854FALSE
451.3774FALSE
452.085FALSE
451.3779FALSE
452.0856FALSE
451.3769FALSE
452.0854FALSE
451.3787FALSE
451.3779FALSE
452.0848FALSE
451.3774FALSE
452.0854FALSE
451.3779FALSE
452.085FALSE
452.0856FALSE
451.3769FALSE
452.0854FALSE
451.3787FALSE
451.3779FALSE
452.0848FALSE
452.0854FALSE
451.3774FALSE
452.085FALSE
451.3779FALSE
451.3769FALSE
452.0856FALSE
452.0854FALSE
451.3787FALSE
452.0848FALSE
451.3779FALSE
451.3774FALSE
452.0854FALSE
451.3779FALSE
452.085FALSE
451.3769FALSE
452.0856FALSE
451.3787FALSE
452.0854FALSE
451.3779FALSE
452.0848FALSE
451.3774FALSE
452.0854FALSE
451.3779FALSE
452.085FALSE
451.3769FALSE
452.0856FALSE
451.3787FALSE
452.0854FALSE
451.3779FALSE
452.0848FALSE
451.3774FALSE
452.0854FALSE
451.3779FALSE
452.085FALSE
451.3769FALSE
452.0856FALSE
451.3787FALSE
452.0854FALSE
451.3779FALSE
452.0848FALSE
451.3774FALSE
452.0854FALSE
451.3779FALSE
452.085FALSE
451.3769FALSE
451.3787FALSE
452.0856FALSE
451.3779FALSE
452.0854FALSE
451.3774FALSE
452.0848FALSE
451.3779FALSE
451.3769FALSE
452.0854FALSE
451.3787FALSE
452.085FALSE
451.3779FALSE
452.0856FALSE
451.3774FALSE
452.0854FALSE
451.3779FALSE
452.0848FALSE
451.3769FALSE
452.0854FALSE
$par
smooth_log_cases_lag0.bw         time_ind_lag0.bw 
               -1.579800                -1.565308 

$value
[1] 452.085

$counts
function gradient 
      29       29 

$convergence
[1] 0

$message
[1] "CONVERGENCE: REL_REDUCTION_OF_F <= FACTR*EPSMCH"

451.3787FALSE
451.3779FALSE
451.3774FALSE
451.3779FALSE
$par
smooth_log_cases_lag1.bw         time_ind_lag0.bw 
               -1.597495                -1.668508 

$value
[1] 451.3769

$counts
function gradient 
      32       32 

$convergence
[1] 0

$message
[1] "CONVERGENCE: REL_REDUCTION_OF_F <= FACTR*EPSMCH"

454.1574FALSE
475.3034FALSE
454.1569FALSE
475.2637FALSE
454.158FALSE
475.3432FALSE
508.3957FALSE
475.2939FALSE
508.5261FALSE
475.313FALSE
508.2653FALSE
454.1539FALSE
475.2975FALSE
454.1533FALSE
475.3093FALSE
454.1544FALSE
453.4939FALSE
454.2211FALSE
453.4872FALSE
454.223FALSE
453.5007FALSE
454.2192FALSE
454.1483FALSE
453.4866FALSE
454.1479FALSE
453.5013FALSE
454.1488FALSE
453.503FALSE
454.2561FALSE
453.4849FALSE
454.2582FALSE
454.9748FALSE
454.254FALSE
454.1495FALSE
454.9813FALSE
454.1504FALSE
454.9682FALSE
454.1487FALSE
454.984FALSE
454.1478FALSE
454.9655FALSE
454.1479FALSE
454.9623FALSE
454.1478FALSE
454.9872FALSE
454.1478FALSE
454.1479FALSE
451.9018FALSE
454.1478FALSE
451.8997FALSE
454.1478FALSE
451.904FALSE
454.1479FALSE
451.9005FALSE
454.1479FALSE
451.9032FALSE
454.1478FALSE
451.9028FALSE
454.1479FALSE
451.9009FALSE
454.1479FALSE
452.0046FALSE
454.1478FALSE
452.0069FALSE
454.1479FALSE
454.1479FALSE
452.0023FALSE
454.1478FALSE
452.0085FALSE
454.1479FALSE
454.1479FALSE
452.0008FALSE
454.1478FALSE
452.001FALSE
454.1479FALSE
454.1479FALSE
452.0083FALSE
454.1478FALSE
451.8846FALSE
454.1479FALSE
451.8838FALSE
454.1479FALSE
451.8855FALSE
454.1478FALSE
454.1479FALSE
451.8848FALSE
454.1479FALSE
451.8845FALSE
454.1478FALSE
451.8841FALSE
454.1479FALSE
451.8852FALSE
454.1479FALSE
454.1478FALSE
451.8662FALSE
454.1479FALSE
451.8657FALSE
454.1479FALSE
451.8667FALSE
454.1478FALSE
451.8667FALSE
454.1479FALSE
451.8657FALSE
454.1479FALSE
454.1478FALSE
451.866FALSE
454.1479FALSE
451.8664FALSE
454.1479FALSE
451.8368FALSE
454.1478FALSE
451.8381FALSE
454.1479FALSE
451.8354FALSE
454.1479FALSE
454.1478FALSE
451.8396FALSE
454.1479FALSE
451.834FALSE
454.1479FALSE
451.8352FALSE
454.1478FALSE
451.8383FALSE
454.1479FALSE
451.9292FALSE
454.1479FALSE
451.9275FALSE
454.1478FALSE
454.1479FALSE
451.9309FALSE
454.1479FALSE
451.9258FALSE
454.1478FALSE
451.9327FALSE
454.1479FALSE
451.9347FALSE
454.1479FALSE
451.9238FALSE
454.1478FALSE
451.807FALSE
454.1479FALSE
454.1479FALSE
451.8065FALSE
451.8075FALSE
454.1478FALSE
454.1479FALSE
451.8074FALSE
454.1479FALSE
$par
time_ind_lag0.bw 
       -1.648621 

$value
[1] 454.1478

$counts
function gradient 
      27       27 

$convergence
[1] 0

$message
[1] "CONVERGENCE: REL_REDUCTION_OF_F <= FACTR*EPSMCH"

451.8066FALSE
451.8083FALSE
451.8057FALSE
451.9287FALSE
451.9271FALSE
451.9303FALSE
451.9249FALSE
451.9325FALSE
451.9341FALSE
451.9233FALSE
451.7917FALSE
451.7906FALSE
451.7927FALSE
451.7906FALSE
451.7928FALSE
451.7943FALSE
451.7891FALSE
451.7748FALSE
451.7737FALSE
451.7759FALSE
451.7737FALSE
451.7759FALSE
451.7772FALSE
451.7724FALSE
451.7343FALSE
451.733FALSE
451.7356FALSE
451.7329FALSE
451.7358FALSE
451.7353FALSE
451.7334FALSE
451.7263FALSE
451.7243FALSE
451.7284FALSE
451.7229FALSE
451.7298FALSE
451.7287FALSE
451.724FALSE
451.7044FALSE
451.7025FALSE
451.7063FALSE
451.7008FALSE
451.708FALSE
451.7069FALSE
451.702FALSE
451.6394FALSE
451.6394FALSE
451.6394FALSE
451.6412FALSE
451.6376FALSE
451.6377FALSE
451.6411FALSE
451.7012FALSE
451.7001FALSE
451.7024FALSE
451.6942FALSE
451.7083FALSE
451.7044FALSE
451.6982FALSE
451.6009FALSE
451.5996FALSE
451.6022FALSE
451.5965FALSE
451.6053FALSE
451.6031FALSE
451.5987FALSE
451.5728FALSE
451.5723FALSE
451.5732FALSE
451.5728FALSE
451.5739FALSE
451.5729FALSE
451.5726FALSE
451.6142FALSE
451.6134FALSE
451.615FALSE
451.6089FALSE
451.6195FALSE
451.6191FALSE
451.6093FALSE
451.5594FALSE
451.5583FALSE
451.5604FALSE
451.5547FALSE
451.5641FALSE
451.5629FALSE
451.5559FALSE
451.5471FALSE
451.5462FALSE
451.5481FALSE
451.5456FALSE
451.552FALSE
451.5509FALSE
451.5454FALSE
451.5315FALSE
451.5315FALSE
451.5315FALSE
451.5332FALSE
451.5313FALSE
451.532FALSE
451.5314FALSE
451.515FALSE
451.5147FALSE
451.5153FALSE
451.5139FALSE
451.5178FALSE
451.5168FALSE
451.5133FALSE
451.5046FALSE
451.5043FALSE
451.5049FALSE
451.5037FALSE
451.5056FALSE
451.5059FALSE
451.5034FALSE
451.492FALSE
451.4917FALSE
451.4923FALSE
451.492FALSE
451.493FALSE
451.492FALSE
451.4921FALSE
451.5101FALSE
451.5096FALSE
451.5106FALSE
451.5042FALSE
451.516FALSE
451.5119FALSE
451.5082FALSE
451.4879FALSE
451.4877FALSE
451.4882FALSE
451.4868FALSE
451.4891FALSE
451.4877FALSE
451.4882FALSE
451.4694FALSE
451.4689FALSE
451.4699FALSE
451.4656FALSE
451.4748FALSE
451.472FALSE
451.4668FALSE
451.4498FALSE
451.4496FALSE
451.45FALSE
451.4487FALSE
451.4527FALSE
451.4507FALSE
451.4495FALSE
451.4582FALSE
451.458FALSE
451.4583FALSE
451.457FALSE
451.4594FALSE
451.4605FALSE
451.4559FALSE
451.4479FALSE
451.4477FALSE
451.448FALSE
451.4467FALSE
451.4491FALSE
451.4491FALSE
451.4467FALSE
451.4438FALSE
451.4437FALSE
451.444FALSE
451.4427FALSE
451.4451FALSE
451.4451FALSE
451.4426FALSE
451.4364FALSE
451.4361FALSE
451.4366FALSE
451.4305FALSE
451.4437FALSE
451.4406FALSE
451.4327FALSE
451.4344FALSE
451.4342FALSE
451.4345FALSE
451.4331FALSE
451.438FALSE
451.4359FALSE
451.4332FALSE
451.4257FALSE
451.4256FALSE
451.4258FALSE
451.4246FALSE
451.4269FALSE
451.4269FALSE
451.4246FALSE
451.4469FALSE
451.4469FALSE
451.4469FALSE
451.4498FALSE
451.4441FALSE
451.4447FALSE
451.4492FALSE
451.4149FALSE
451.4149FALSE
451.4149FALSE
451.4172FALSE
451.4126FALSE
451.4135FALSE
451.4163FALSE
451.4016FALSE
451.4016FALSE
451.4016FALSE
451.4036FALSE
451.3997FALSE
451.401FALSE
451.4022FALSE
451.3958FALSE
451.3958FALSE
451.3958FALSE
451.3945FALSE
451.3972FALSE
451.3971FALSE
451.3945FALSE
451.389FALSE
451.389FALSE
451.3891FALSE
451.3879FALSE
451.3903FALSE
451.3902FALSE
451.3879FALSE
451.4366FALSE
451.4366FALSE
451.4366FALSE
451.4393FALSE
451.434FALSE
451.4346FALSE
451.4387FALSE
451.3877FALSE
451.3877FALSE
451.3877FALSE
451.3895FALSE
451.3859FALSE
451.3871FALSE
451.3883FALSE
451.3826FALSE
451.3826FALSE
451.3826FALSE
451.3842FALSE
451.3838FALSE
451.3836FALSE
451.3833FALSE
451.3876FALSE
451.3876FALSE
451.3876FALSE
451.3863FALSE
451.3908FALSE
451.3887FALSE
451.3874FALSE
451.3822FALSE
451.3822FALSE
451.3822FALSE
451.3811FALSE
451.3833FALSE
451.3825FALSE
451.3819FALSE
451.3815FALSE
451.3815FALSE
451.3815FALSE
451.3805FALSE
451.3826FALSE
451.3819FALSE
451.3811FALSE
451.3851FALSE
451.3851FALSE
451.3851FALSE
451.387FALSE
451.3833FALSE
451.3845FALSE
451.3857FALSE
451.3804FALSE
451.3804FALSE
451.3804FALSE
451.3815FALSE
451.3815FALSE
451.3811FALSE
451.3808FALSE
451.3796FALSE
451.3796FALSE
451.3796FALSE
451.381FALSE
451.3806FALSE
451.3802FALSE
451.3803FALSE
451.3795FALSE
451.3795FALSE
451.3795FALSE
451.3782FALSE
451.3808FALSE
451.3805FALSE
451.3785FALSE
451.3778FALSE
451.3778FALSE
451.3778FALSE
451.379FALSE
451.3788FALSE
451.3781FALSE
451.3783FALSE
451.3777FALSE
451.3777FALSE
451.3777FALSE
451.3788FALSE
451.3787FALSE
451.3781FALSE
451.3781FALSE
451.3778FALSE
451.3778FALSE
451.3778FALSE
451.3786FALSE
451.3788FALSE
451.3781FALSE
451.378FALSE
451.3777FALSE
451.3777FALSE
451.3777FALSE
451.3787FALSE
451.3787FALSE
451.378FALSE
451.378FALSE
451.3795FALSE
451.3795FALSE
451.3795FALSE
451.3813FALSE
451.3777FALSE
451.3789FALSE
451.38FALSE
451.3774FALSE
451.3774FALSE
451.3774FALSE
451.3789FALSE
451.3784FALSE
451.3778FALSE
451.3782FALSE
451.3774FALSE
451.3774FALSE
451.3774FALSE
451.3789FALSE
451.3784FALSE
451.3778FALSE
451.3782FALSE
451.3779FALSE
451.3779FALSE
451.3779FALSE
451.3798FALSE
451.3774FALSE
451.3772FALSE
451.3791FALSE
451.3773FALSE
451.3773FALSE
451.3773FALSE
451.379FALSE
451.3783FALSE
451.3777FALSE
451.3783FALSE
451.3773FALSE
451.3773FALSE
451.3773FALSE
451.379FALSE
451.3783FALSE
451.3777FALSE
451.3783FALSE
451.3775FALSE
451.3775FALSE
451.3775FALSE
451.3794FALSE
451.3778FALSE
451.3773FALSE
451.3786FALSE
451.3819FALSE
451.3819FALSE
451.3819FALSE
451.3837FALSE
451.38FALSE
451.3814FALSE
451.3824FALSE
451.3775FALSE
451.3775FALSE
451.3775FALSE
451.3795FALSE
451.3777FALSE
451.3773FALSE
451.3787FALSE
451.3775FALSE
451.3775FALSE
451.3775FALSE
451.3794FALSE
451.3778FALSE
451.3773FALSE
451.3786FALSE
451.3775FALSE
451.3775FALSE
451.3775FALSE
451.3794FALSE
451.3778FALSE
451.3773FALSE
451.3786FALSE
451.3775FALSE
451.3775FALSE
451.3775FALSE
451.3794FALSE
451.3778FALSE
451.3773FALSE
451.3786FALSE
451.3775FALSE
451.3775FALSE
451.3775FALSE
451.3794FALSE
451.3778FALSE
451.3773FALSE
451.3786FALSE
451.3775FALSE
451.3775FALSE
451.3775FALSE
451.3794FALSE
451.3778FALSE
451.3773FALSE
451.3786FALSE
451.3775FALSE
451.3775FALSE
451.3775FALSE
451.3794FALSE
451.3778FALSE
451.3773FALSE
451.3786FALSE
451.3775FALSE
451.3775FALSE
451.3775FALSE
451.3794FALSE
451.3778FALSE
451.3773FALSE
451.3786FALSE
451.3775FALSE
451.3775FALSE
451.3775FALSE
451.3794FALSE
451.3778FALSE
451.3773FALSE
451.3786FALSE
451.3775FALSE
451.3775FALSE
451.3775FALSE
451.3794FALSE
451.3778FALSE
451.3773FALSE
451.3786FALSE
451.3775FALSE
451.3775FALSE
451.3775FALSE
451.3794FALSE
451.3778FALSE
451.3773FALSE
451.3786FALSE
451.3775FALSE
451.3775FALSE
451.3775FALSE
451.3794FALSE
451.3778FALSE
451.3773FALSE
451.3786FALSE
451.3775FALSE
451.3775FALSE
451.3775FALSE
451.3794FALSE
451.3778FALSE
451.3773FALSE
451.3786FALSE
451.3775FALSE
451.3775FALSE
451.3775FALSE
451.3794FALSE
451.3778FALSE
451.3773FALSE
451.3786FALSE
451.3775FALSE
451.3775FALSE
451.3775FALSE
451.3794FALSE
451.3778FALSE
451.3773FALSE
451.3786FALSE
451.3775FALSE
451.3775FALSE
451.3775FALSE
451.3794FALSE
451.3778FALSE
451.3773FALSE
451.3786FALSE
451.3775FALSE
451.3775FALSE
451.3775FALSE
451.3794FALSE
451.3778FALSE
451.3773FALSE
451.3786FALSE
$par
smooth_log_cases_lag0.bw smooth_log_cases_lag1.bw         time_ind_lag0.bw 
                2.765831                -1.597079                -1.668363 

$value
[1] 451.3775

$counts
function gradient 
      81       81 

$convergence
[1] 0

$message
[1] "CONVERGENCE: REL_REDUCTION_OF_F <= FACTR*EPSMCH"

> 
> save(ssr_fit,
+     file=paste0("/home/ngr67a/2015-cdc-flu-competition/fit-competition-ssr-ph", prediction_horizon_limit, "-", data_set, ".Rdata"))
> 
> proc.time()
    user   system  elapsed 
1835.159    1.412 2376.060 
