
R version 3.2.2 (2015-08-14) -- "Fire Safety"
Copyright (C) 2015 The R Foundation for Statistical Computing
Platform: x86_64-pc-linux-gnu (64-bit)

R is free software and comes with ABSOLUTELY NO WARRANTY.
You are welcome to redistribute it under certain conditions.
Type 'license()' or 'licence()' for distribution details.

  Natural language support but running in an English locale

R is a collaborative project with many contributors.
Type 'contributors()' for more information and
'citation()' on how to cite R or R packages in publications.

Type 'demo()' for some demos, 'help()' for on-line help, or
'help.start()' for an HTML browser interface to help.
Type 'q()' to quit R.

> ### get ssr fit -- prediction horizons 1:52
> library(lubridate)
> library(ggplot2)
> library(plyr)

Attaching package: ‘plyr’

The following object is masked from ‘package:lubridate’:

    here

> library(dplyr)

Attaching package: ‘dplyr’

The following objects are masked from ‘package:plyr’:

    arrange, count, desc, failwith, id, mutate, rename, summarise,
    summarize

The following objects are masked from ‘package:lubridate’:

    intersect, setdiff, union

The following objects are masked from ‘package:stats’:

    filter, lag

The following objects are masked from ‘package:base’:

    intersect, setdiff, setequal, union

> library(reshape)

Attaching package: ‘reshape’

The following object is masked from ‘package:dplyr’:

    rename

The following objects are masked from ‘package:plyr’:

    rename, round_any

The following object is masked from ‘package:lubridate’:

    stamp

> library(ssrFlu)
> library(doMC)
Loading required package: foreach
Loading required package: iterators
Loading required package: parallel
> 
> registerDoMC(cores=3)
> 
> args <- commandArgs(trailingOnly=TRUE)
> 
> data_set <- args[1]
> prediction_horizon_limit <- as.integer(args[2])
> 
> ## load dataset
> if(identical(data_set, "ili_national")) {
+     data <- ili_national
+ } 
> if(identical(data_set, "ili_region1")) {
+     data <- ili_region1
+ } 
> if(identical(data_set, "ili_region2")) {
+     data <- ili_region2
+ } 
> if(identical(data_set, "ili_region3")) {
+     data <- ili_region3
+ } 
> if(identical(data_set, "ili_region4")) {
+     data <- ili_region4
+ } 
> if(identical(data_set, "ili_region5")) {
+     data <- ili_region5
+ } 
> if(identical(data_set, "ili_region6")) {
+     data <- ili_region6
+ } 
> if(identical(data_set, "ili_region7")) {
+     data <- ili_region7
+ } 
> if(identical(data_set, "ili_region8")) {
+     data <- ili_region8
+ } 
> if(identical(data_set, "ili_region9")) {
+     data <- ili_region9
+ } 
> if(identical(data_set, "ili_region10")) {
+     data <- ili_region10
+ } 
> 
> 
> 
> ## add log column
> data$log_total_cases <- log(data$total_cases + 1)
> 
> ## add week_start_date
> char_dates <- paste(data$year, data$week, "1")
> data$week_start_date <- as.Date(char_dates, format="%Y %W %w")
> 
> ## remove week 53s
> data <- data[-which(is.na(data$week_start_date)),]
> data <- data[262:nrow(data),]
> 
> ## add smooth log column -- or not, since it is already pretty smooth...
> sm <- loess(log_total_cases ~ as.numeric(week_start_date), data=data, span= 26 / nrow(data))
> data$smooth_log_cases <- sm$fitted
> 
> ## add time column
> data$time_ind <- seq_len(nrow(data))
> 
> ssr_control <- create_ssr_control(X_names=c("smooth_log_cases", "time_ind"),
+     y_names="total_cases",
+     time_name=NULL,
+     max_lag=list(smooth_log_cases=1,
+         time_ind=0),
+     prediction_horizons=as.integer(prediction_horizon_limit),
+     kernel_fns=list(smooth_log_cases="squared_exp_kernel",
+         time_ind="periodic_kernel"),
+     theta_est=list(smooth_log_cases="bw",
+         time_ind="bw"),
+     theta_fixed=list(time_ind=list(period=pi / 52)),
+     theta_transform_fns=list(
+         squared_exp_kernel=list(
+             bw=list(transform="log",
+                 detransform="exp")
+         ),
+         periodic_kernel=list(
+             bw=list(transform="log",
+                 detransform="exp")
+         )
+     ),
+     crossval_buffer=52,
+     loss_fn_name="mae_from_kernel_weights_and_centers",
+     loss_fn_args=list())
> 
> 
> ssr_fit <- ssr(X_names=c("smooth_log_cases", "time_ind"),
+     y_names="total_cases",
+     time_name=NULL,
+     data=data,
+     ssr_control=ssr_control)
462.2632FALSE
617.6406FALSE
617.766FALSE
462.2623FALSE
617.6063FALSE
617.8312FALSE
462.2641FALSE
617.6749FALSE
609.2157FALSE
467.7225FALSE
607.09FALSE
609.2356FALSE
467.7575FALSE
607.1096FALSE
609.1957FALSE
467.6878FALSE
607.0704FALSE
604.3618FALSE
461.8199FALSE
602.4797FALSE
604.3649FALSE
461.8197FALSE
602.4761FALSE
604.3587FALSE
602.4834FALSE
461.8201FALSE
604.4964FALSE
461.7796FALSE
602.5567FALSE
604.4924FALSE
461.7793FALSE
602.5619FALSE
604.5012FALSE
602.5514FALSE
461.7799FALSE
604.347FALSE
602.4337FALSE
463.014FALSE
604.3459FALSE
602.435FALSE
463.0242FALSE
604.3485FALSE
602.433FALSE
463.0039FALSE
604.3432FALSE
602.4334FALSE
461.7766FALSE
604.3437FALSE
602.4327FALSE
461.7767FALSE
604.3433FALSE
602.4351FALSE
461.7764FALSE
604.3432FALSE
602.4329FALSE
461.7827FALSE
602.433FALSE
604.3431FALSE
602.4327FALSE
461.7825FALSE
604.3435FALSE
602.4328FALSE
461.7828FALSE
604.3432FALSE
602.433FALSE
461.7756FALSE
604.3436FALSE
461.7758FALSE
602.4327FALSE
604.3433FALSE
461.7754FALSE
604.3432FALSE
602.4348FALSE
461.7745FALSE
604.3437FALSE
602.4332FALSE
461.7748FALSE
604.3433FALSE
602.4365FALSE
461.7743FALSE
604.3432FALSE
602.4328FALSE
461.7787FALSE
604.3437FALSE
602.4329FALSE
461.7784FALSE
604.3433FALSE
461.779FALSE
604.3432FALSE
602.4326FALSE
461.774FALSE
604.3437FALSE
602.4334FALSE
461.7742FALSE
604.3433FALSE
602.4327FALSE
461.7737FALSE
604.3432FALSE
602.4351FALSE
461.774FALSE
604.3437FALSE
602.4327FALSE
461.7738FALSE
604.3433FALSE
461.7744FALSE
604.3432FALSE
461.7738FALSE
602.4328FALSE
604.3437FALSE
461.774FALSE
604.3433FALSE
602.4327FALSE
461.774FALSE
604.3432FALSE
602.4329FALSE
461.7742FALSE
604.3437FALSE
602.433FALSE
461.7745FALSE
604.3433FALSE
602.4327FALSE
604.3432FALSE
461.774FALSE
602.4329FALSE
604.3437FALSE
461.7738FALSE
602.4329FALSE
604.3433FALSE
461.774FALSE
602.4327FALSE
604.3432FALSE
461.774FALSE
602.4329FALSE
604.3437FALSE
461.7738FALSE
602.4329FALSE
$par
smooth_log_cases_lag1.bw 
               -1.650321 

$value
[1] 602.4327

$counts
function gradient 
      15       15 

$convergence
[1] 0

$message
[1] "CONVERGENCE: NORM OF PROJECTED GRADIENT <= PGTOL"

604.3433FALSE
461.774FALSE
604.3432FALSE
461.774FALSE
604.3437FALSE
461.7738FALSE
604.3433FALSE
461.774FALSE
604.3432FALSE
461.774FALSE
604.3437FALSE
461.7738FALSE
604.3433FALSE
461.774FALSE
604.3432FALSE
461.774FALSE
604.3437FALSE
461.7738FALSE
604.3433FALSE
461.774FALSE
604.3432FALSE
461.774FALSE
604.3437FALSE
461.7738FALSE
604.3433FALSE
461.774FALSE
604.3432FALSE
461.774FALSE
604.3437FALSE
461.7738FALSE
604.3433FALSE
461.774FALSE
604.3432FALSE
461.774FALSE
604.3437FALSE
461.7738FALSE
604.3433FALSE
461.774FALSE
604.3432FALSE
461.774FALSE
604.3437FALSE
461.7738FALSE
604.3433FALSE
461.774FALSE
604.3432FALSE
461.774FALSE
604.3437FALSE
461.7738FALSE
604.3433FALSE
461.774FALSE
604.3432FALSE
461.774FALSE
604.3437FALSE
604.3433FALSE
461.7738FALSE
604.3432FALSE
461.774FALSE
604.3437FALSE
461.774FALSE
604.3433FALSE
461.7738FALSE
606.8372FALSE
461.774FALSE
606.8174FALSE
461.774FALSE
606.857FALSE
461.7738FALSE
604.3434FALSE
461.774FALSE
604.3432FALSE
461.774FALSE
604.3445FALSE
461.7738FALSE
604.3432FALSE
461.774FALSE
604.3432FALSE
461.774FALSE
604.3433FALSE
461.7738FALSE
604.3432FALSE
461.774FALSE
604.3436FALSE
461.774FALSE
604.3433FALSE
461.7738FALSE
604.3432FALSE
461.774FALSE
604.3437FALSE
461.774FALSE
604.3433FALSE
461.7738FALSE
604.3432FALSE
461.774FALSE
604.3437FALSE
461.774FALSE
604.3433FALSE
461.7738FALSE
604.3432FALSE
461.774FALSE
604.3437FALSE
461.774FALSE
604.3433FALSE
461.7738FALSE
604.3432FALSE
461.774FALSE
604.3437FALSE
461.774FALSE
604.3433FALSE
461.777FALSE
604.3432FALSE
461.7773FALSE
604.3437FALSE
461.7769FALSE
604.3433FALSE
461.7739FALSE
604.3432FALSE
461.7741FALSE
604.3437FALSE
461.7738FALSE
604.3433FALSE
461.7738FALSE
604.3432FALSE
461.774FALSE
604.3437FALSE
461.774FALSE
604.3433FALSE
461.7738FALSE
604.3432FALSE
461.774FALSE
604.3437FALSE
461.774FALSE
604.3433FALSE
461.7738FALSE
604.3432FALSE
461.774FALSE
604.3437FALSE
461.774FALSE
604.3433FALSE
461.7738FALSE
604.3432FALSE
461.774FALSE
604.3437FALSE
461.774FALSE
604.3433FALSE
461.7738FALSE
604.3432FALSE
461.774FALSE
604.3437FALSE
461.774FALSE
604.3433FALSE
461.7738FALSE
604.3432FALSE
461.774FALSE
604.3437FALSE
461.774FALSE
604.3433FALSE
461.7738FALSE
604.3432FALSE
461.774FALSE
604.3437FALSE
461.774FALSE
604.3433FALSE
461.7738FALSE
604.3432FALSE
461.774FALSE
604.3437FALSE
461.774FALSE
604.3433FALSE
461.7738FALSE
604.3432FALSE
461.774FALSE
604.3437FALSE
461.774FALSE
$par
time_ind_lag0.bw 
       -1.904268 

$value
[1] 461.7738

$counts
function gradient 
      44       44 

$convergence
[1] 0

$message
[1] "CONVERGENCE: REL_REDUCTION_OF_F <= FACTR*EPSMCH"

604.3433FALSE
604.3432FALSE
604.3437FALSE
604.3433FALSE
$par
smooth_log_cases_lag0.bw 
               -1.693776 

$value
[1] 604.3432

$counts
function gradient 
      46       46 

$convergence
[1] 52

$message
[1] "ERROR: ABNORMAL_TERMINATION_IN_LNSRCH"

498.0518FALSE
496.0635FALSE
498.0352FALSE
496.0538FALSE
498.0682FALSE
496.0731FALSE
496.0732FALSE
498.0691FALSE
496.0538FALSE
498.0344FALSE
473.6742FALSE
476.0827FALSE
473.6446FALSE
476.0531FALSE
473.7038FALSE
476.1123FALSE
473.6761FALSE
476.083FALSE
473.6723FALSE
476.0825FALSE
468.3527FALSE
468.3918FALSE
468.3528FALSE
468.3918FALSE
468.3526FALSE
468.3918FALSE
468.3527FALSE
468.3918FALSE
468.3527FALSE
468.3918FALSE
468.3511FALSE
468.3918FALSE
468.3512FALSE
468.3918FALSE
468.351FALSE
468.3918FALSE
468.3511FALSE
468.3918FALSE
468.3511FALSE
468.3918FALSE
468.3439FALSE
468.3918FALSE
468.3439FALSE
468.3918FALSE
468.3438FALSE
468.3918FALSE
468.3439FALSE
468.3918FALSE
468.3439FALSE
468.3918FALSE
468.2968FALSE
468.3918FALSE
468.297FALSE
468.2966FALSE
468.3918FALSE
468.2968FALSE
468.3918FALSE
468.3918FALSE
468.2968FALSE
468.3918FALSE
469.616FALSE
468.3918FALSE
469.6091FALSE
468.3918FALSE
469.6229FALSE
468.3918FALSE
469.616FALSE
468.3918FALSE
469.616FALSE
468.3918FALSE
468.1891FALSE
468.3918FALSE
468.3918FALSE
468.1894FALSE
468.3918FALSE
468.1888FALSE
468.3918FALSE
468.1891FALSE
468.3918FALSE
468.1891FALSE
468.3918FALSE
468.1681FALSE
468.3918FALSE
468.1679FALSE
468.3918FALSE
468.1684FALSE
468.3918FALSE
468.1681FALSE
468.3918FALSE
468.1681FALSE
468.3918FALSE
468.1395FALSE
468.3918FALSE
468.3918FALSE
468.1395FALSE
468.3918FALSE
468.1396FALSE
468.3918FALSE
468.1395FALSE
468.3918FALSE
468.1395FALSE
468.3918FALSE
468.1492FALSE
468.3918FALSE
468.1494FALSE
468.3918FALSE
468.1491FALSE
468.3918FALSE
468.1492FALSE
468.3918FALSE
468.1492FALSE
468.3918FALSE
468.1395FALSE
468.3918FALSE
468.1395FALSE
468.3918FALSE
468.1396FALSE
468.3918FALSE
468.1395FALSE
468.3918FALSE
468.1395FALSE
468.3918FALSE
468.2729FALSE
468.3918FALSE
468.2731FALSE
468.3918FALSE
468.2727FALSE
468.3918FALSE
468.2729FALSE
468.3918FALSE
468.2729FALSE
468.3918FALSE
468.1426FALSE
468.3918FALSE
468.1428FALSE
468.3918FALSE
468.3918FALSE
468.1424FALSE
468.3918FALSE
468.1426FALSE
468.3918FALSE
468.1426FALSE
468.3918FALSE
468.1393FALSE
468.3918FALSE
468.1393FALSE
468.3918FALSE
468.1392FALSE
468.3918FALSE
468.1393FALSE
468.3918FALSE
468.1393FALSE
468.3918FALSE
468.1393FALSE
468.3918FALSE
468.1392FALSE
468.3918FALSE
468.1394FALSE
468.3918FALSE
468.3918FALSE
468.1393FALSE
468.3918FALSE
468.1393FALSE
468.3918FALSE
468.1392FALSE
468.3918FALSE
468.1393FALSE
468.3918FALSE
468.1393FALSE
468.3918FALSE
468.1392FALSE
468.3918FALSE
468.1392FALSE
468.3918FALSE
468.3918FALSE
468.1392FALSE
609.4891FALSE
468.1393FALSE
609.4775FALSE
468.1393FALSE
609.5018FALSE
468.1392FALSE
609.547FALSE
609.4314FALSE
468.1392FALSE
468.3917FALSE
468.1392FALSE
468.3917FALSE
468.1393FALSE
468.3917FALSE
468.1393FALSE
468.3917FALSE
468.1392FALSE
468.3917FALSE
468.3893FALSE
468.1392FALSE
468.3893FALSE
468.1392FALSE
468.3893FALSE
468.1393FALSE
468.3893FALSE
468.1393FALSE
468.3893FALSE
468.1392FALSE
466.8403FALSE
468.1392FALSE
466.8292FALSE
468.1392FALSE
466.8514FALSE
468.1393FALSE
466.834FALSE
468.1393FALSE
466.8467FALSE
468.3893FALSE
468.1392FALSE
468.3893FALSE
468.1392FALSE
468.3893FALSE
468.1392FALSE
468.3893FALSE
468.1393FALSE
468.3893FALSE
468.1393FALSE
468.3918FALSE
468.1392FALSE
468.3918FALSE
468.3918FALSE
468.1392FALSE
468.3918FALSE
468.1392FALSE
468.3918FALSE
468.1393FALSE
468.3918FALSE
468.1393FALSE
468.3918FALSE
468.1392FALSE
468.3918FALSE
468.1392FALSE
468.3918FALSE
468.1392FALSE
468.3918FALSE
468.1393FALSE
468.3918FALSE
468.1393FALSE
468.3918FALSE
468.1392FALSE
468.3918FALSE
468.3918FALSE
468.1392FALSE
468.3918FALSE
468.1392FALSE
468.3918FALSE
468.1393FALSE
468.3918FALSE
468.1393FALSE
468.3918FALSE
468.1392FALSE
468.3918FALSE
468.1392FALSE
468.1392FALSE
468.3918FALSE
468.1393FALSE
468.3918FALSE
468.1393FALSE
468.3918FALSE
468.1392FALSE
468.3918FALSE
468.1392FALSE
468.3918FALSE
468.1392FALSE
468.3918FALSE
468.1393FALSE
468.3918FALSE
468.3918FALSE
468.1393FALSE
468.3918FALSE
468.1392FALSE
468.3918FALSE
468.1392FALSE
468.3918FALSE
468.1392FALSE
468.3918FALSE
468.1393FALSE
468.3918FALSE
468.1393FALSE
468.3918FALSE
468.1392FALSE
468.3918FALSE
468.1392FALSE
468.3918FALSE
468.1392FALSE
468.3918FALSE
468.1393FALSE
468.3918FALSE
468.1393FALSE
468.3918FALSE
468.3918FALSE
468.1392FALSE
468.3918FALSE
468.1392FALSE
468.3918FALSE
468.1392FALSE
468.3918FALSE
468.1393FALSE
468.3918FALSE
468.1393FALSE
468.3918FALSE
468.1392FALSE
468.3918FALSE
468.1392FALSE
468.3918FALSE
468.1392FALSE
468.3918FALSE
468.1393FALSE
468.3918FALSE
468.3918FALSE
468.1393FALSE
468.3918FALSE
468.1392FALSE
468.3918FALSE
468.1392FALSE
468.3918FALSE
468.1392FALSE
468.3918FALSE
468.1393FALSE
468.3918FALSE
468.1393FALSE
468.3918FALSE
468.1392FALSE
468.3918FALSE
468.1392FALSE
468.3918FALSE
468.1392FALSE
468.3918FALSE
468.1393FALSE
468.3918FALSE
468.3918FALSE
468.1393FALSE
468.3918FALSE
468.1392FALSE
468.3918FALSE
468.1392FALSE
468.3918FALSE
468.1392FALSE
468.3918FALSE
468.1393FALSE
468.3918FALSE
468.1393FALSE
468.3918FALSE
468.1392FALSE
468.3918FALSE
468.3918FALSE
468.1392FALSE
468.3918FALSE
468.1392FALSE
468.3918FALSE
468.1393FALSE
475.1237FALSE
468.1393FALSE
475.1065FALSE
468.1392FALSE
475.1409FALSE
468.1392FALSE
475.1237FALSE
468.1392FALSE
475.1237FALSE
468.1393FALSE
468.3917FALSE
468.1393FALSE
468.3917FALSE
468.1392FALSE
468.3917FALSE
468.3917FALSE
468.1392FALSE
468.3917FALSE
468.1392FALSE
468.3705FALSE
468.1393FALSE
468.3705FALSE
468.1393FALSE
468.3705FALSE
468.1392FALSE
468.3705FALSE
468.1392FALSE
468.3705FALSE
468.1392FALSE
468.4582FALSE
468.1393FALSE
468.4576FALSE
468.4588FALSE
468.1393FALSE
468.4582FALSE
468.1392FALSE
468.4582FALSE
468.1392FALSE
468.3639FALSE
468.1392FALSE
468.3639FALSE
468.1393FALSE
468.3638FALSE
468.3639FALSE
468.1393FALSE
468.3639FALSE
468.1392FALSE
468.3639FALSE
468.1392FALSE
468.3639FALSE
468.1392FALSE
468.3638FALSE
468.1393FALSE
468.3639FALSE
468.3639FALSE
468.1393FALSE
468.3636FALSE
468.1392FALSE
468.3636FALSE
468.1392FALSE
468.3636FALSE
468.1392FALSE
468.3636FALSE
468.1393FALSE
468.3636FALSE
468.1393FALSE
468.3636FALSE
468.1392FALSE
468.3636FALSE
468.1392FALSE
468.3636FALSE
468.1392FALSE
468.3636FALSE
468.1393FALSE
468.3636FALSE
468.1393FALSE
468.3636FALSE
468.1392FALSE
468.3636FALSE
468.1392FALSE
468.3636FALSE
468.1392FALSE
468.3636FALSE
468.1393FALSE
468.3636FALSE
468.1393FALSE
468.3636FALSE
468.1392FALSE
468.3636FALSE
468.1392FALSE
468.3636FALSE
468.1392FALSE
468.3636FALSE
468.1393FALSE
468.3636FALSE
468.1393FALSE
468.3636FALSE
468.1392FALSE
468.3636FALSE
468.1392FALSE
468.3636FALSE
468.1392FALSE
468.3636FALSE
468.1393FALSE
468.3636FALSE
468.1393FALSE
468.3636FALSE
468.1392FALSE
468.3636FALSE
468.1392FALSE
468.3636FALSE
468.1392FALSE
468.3636FALSE
468.1393FALSE
468.3636FALSE
468.1393FALSE
468.3644FALSE
468.1392FALSE
468.3645FALSE
468.1392FALSE
468.3644FALSE
468.1392FALSE
468.3644FALSE
468.1393FALSE
468.3644FALSE
468.1393FALSE
468.3636FALSE
468.1392FALSE
468.3636FALSE
468.1392FALSE
468.3636FALSE
468.1392FALSE
468.3636FALSE
468.1393FALSE
468.3636FALSE
468.1393FALSE
468.3636FALSE
468.1392FALSE
468.3636FALSE
468.1392FALSE
468.1392FALSE
468.3636FALSE
468.1393FALSE
468.3636FALSE
468.1393FALSE
468.3636FALSE
$par
smooth_log_cases_lag1.bw         time_ind_lag0.bw 
               0.5424461              -11.3447275 

$value
[1] 468.3636

$counts
function gradient 
      52       52 

$convergence
[1] 0

$message
[1] "CONVERGENCE: REL_REDUCTION_OF_F <= FACTR*EPSMCH"

468.1392FALSE
468.1392FALSE
468.1392FALSE
468.1393FALSE
468.1393FALSE
468.1392FALSE
468.1392FALSE
468.1392FALSE
468.1393FALSE
468.1393FALSE
468.1392FALSE
468.1392FALSE
468.1392FALSE
468.1393FALSE
468.1393FALSE
468.1392FALSE
468.1392FALSE
468.1392FALSE
468.1393FALSE
468.1393FALSE
468.1392FALSE
468.1392FALSE
468.1392FALSE
468.1393FALSE
468.1393FALSE
468.1392FALSE
468.1392FALSE
468.1392FALSE
468.1393FALSE
468.1393FALSE
468.1392FALSE
468.1392FALSE
468.1392FALSE
468.1393FALSE
468.1393FALSE
468.1392FALSE
468.1392FALSE
468.1392FALSE
468.1393FALSE
468.1393FALSE
468.1392FALSE
468.1392FALSE
468.1392FALSE
468.1393FALSE
468.1393FALSE
468.1392FALSE
468.1392FALSE
$par
smooth_log_cases_lag0.bw         time_ind_lag0.bw 
             0.002118144             -5.443821521 

$value
[1] 468.1392

$counts
function gradient 
      58       58 

$convergence
[1] 0

$message
[1] "CONVERGENCE: REL_REDUCTION_OF_F <= FACTR*EPSMCH"

> 
> save(ssr_fit,
+     file=paste0("/home/ngr67a/2015-cdc-flu-competition/fit-competition-ssr-ph", prediction_horizon_limit, "-", data_set, ".Rdata"))
> 
> proc.time()
    user   system  elapsed 
1322.139    0.753 1067.006 
