
R version 3.2.2 (2015-08-14) -- "Fire Safety"
Copyright (C) 2015 The R Foundation for Statistical Computing
Platform: x86_64-pc-linux-gnu (64-bit)

R is free software and comes with ABSOLUTELY NO WARRANTY.
You are welcome to redistribute it under certain conditions.
Type 'license()' or 'licence()' for distribution details.

  Natural language support but running in an English locale

R is a collaborative project with many contributors.
Type 'contributors()' for more information and
'citation()' on how to cite R or R packages in publications.

Type 'demo()' for some demos, 'help()' for on-line help, or
'help.start()' for an HTML browser interface to help.
Type 'q()' to quit R.

> ### get ssr fit -- prediction horizons 1:52
> library(lubridate)
> library(ggplot2)
> library(plyr)

Attaching package: ‘plyr’

The following object is masked from ‘package:lubridate’:

    here

> library(dplyr)

Attaching package: ‘dplyr’

The following objects are masked from ‘package:plyr’:

    arrange, count, desc, failwith, id, mutate, rename, summarise,
    summarize

The following objects are masked from ‘package:lubridate’:

    intersect, setdiff, union

The following objects are masked from ‘package:stats’:

    filter, lag

The following objects are masked from ‘package:base’:

    intersect, setdiff, setequal, union

> library(reshape)

Attaching package: ‘reshape’

The following object is masked from ‘package:dplyr’:

    rename

The following objects are masked from ‘package:plyr’:

    rename, round_any

The following object is masked from ‘package:lubridate’:

    stamp

> library(ssrFlu)
> library(doMC)
Loading required package: foreach
Loading required package: iterators
Loading required package: parallel
> 
> registerDoMC(cores=3)
> 
> args <- commandArgs(trailingOnly=TRUE)
> 
> data_set <- args[1]
> prediction_horizon_limit <- as.integer(args[2])
> 
> ## load dataset
> if(identical(data_set, "ili_national")) {
+     data <- ili_national
+ } 
> if(identical(data_set, "ili_region1")) {
+     data <- ili_region1
+ } 
> if(identical(data_set, "ili_region2")) {
+     data <- ili_region2
+ } 
> if(identical(data_set, "ili_region3")) {
+     data <- ili_region3
+ } 
> if(identical(data_set, "ili_region4")) {
+     data <- ili_region4
+ } 
> if(identical(data_set, "ili_region5")) {
+     data <- ili_region5
+ } 
> if(identical(data_set, "ili_region6")) {
+     data <- ili_region6
+ } 
> if(identical(data_set, "ili_region7")) {
+     data <- ili_region7
+ } 
> if(identical(data_set, "ili_region8")) {
+     data <- ili_region8
+ } 
> if(identical(data_set, "ili_region9")) {
+     data <- ili_region9
+ } 
> if(identical(data_set, "ili_region10")) {
+     data <- ili_region10
+ } 
> 
> 
> 
> ## add log column
> data$log_total_cases <- log(data$total_cases + 1)
> 
> ## add week_start_date
> char_dates <- paste(data$year, data$week, "1")
> data$week_start_date <- as.Date(char_dates, format="%Y %W %w")
> 
> ## remove week 53s
> data <- data[-which(is.na(data$week_start_date)),]
> data <- data[262:nrow(data),]
> 
> ## add smooth log column -- or not, since it is already pretty smooth...
> sm <- loess(log_total_cases ~ as.numeric(week_start_date), data=data, span= 26 / nrow(data))
> data$smooth_log_cases <- sm$fitted
> 
> ## add time column
> data$time_ind <- seq_len(nrow(data))
> 
> ssr_control <- create_ssr_control(X_names=c("smooth_log_cases", "time_ind"),
+     y_names="total_cases",
+     time_name=NULL,
+     max_lag=list(smooth_log_cases=1,
+         time_ind=0),
+     prediction_horizons=as.integer(prediction_horizon_limit),
+     kernel_fns=list(smooth_log_cases="squared_exp_kernel",
+         time_ind="periodic_kernel"),
+     theta_est=list(smooth_log_cases="bw",
+         time_ind="bw"),
+     theta_fixed=list(time_ind=list(period=pi / 52)),
+     theta_transform_fns=list(
+         squared_exp_kernel=list(
+             bw=list(transform="log",
+                 detransform="exp")
+         ),
+         periodic_kernel=list(
+             bw=list(transform="log",
+                 detransform="exp")
+         )
+     ),
+     crossval_buffer=52,
+     loss_fn_name="mae_from_kernel_weights_and_centers",
+     loss_fn_args=list())
> 
> 
> ssr_fit <- ssr(X_names=c("smooth_log_cases", "time_ind"),
+     y_names="total_cases",
+     time_name=NULL,
+     data=data,
+     ssr_control=ssr_control)
373.6742FALSE
379.1569FALSE
290.8462FALSE
373.6815FALSE
379.1635FALSE
290.8401FALSE
379.1503FALSE
373.6669FALSE
290.8523FALSE
372.9652FALSE
379.0583FALSE
288.481FALSE
372.9529FALSE
379.0459FALSE
288.4929FALSE
372.9775FALSE
379.0707FALSE
288.469FALSE
371.3023FALSE
377.02FALSE
289.1561FALSE
371.3074FALSE
377.0252FALSE
289.1514FALSE
371.2973FALSE
377.0149FALSE
289.1608FALSE
375.3883FALSE
387.9415FALSE
307.502FALSE
387.9257FALSE
375.3749FALSE
307.5804FALSE
387.9574FALSE
375.4016FALSE
307.4236FALSE
376.4404FALSE
288.0535FALSE
370.648FALSE
370.6496FALSE
376.4424FALSE
288.0503FALSE
376.4383FALSE
370.6465FALSE
288.0567FALSE
376.4284FALSE
370.5703FALSE
295.6814FALSE
376.4275FALSE
370.5706FALSE
295.7302FALSE
376.4294FALSE
370.5701FALSE
376.4055FALSE
370.568FALSE
295.6328FALSE
376.405FALSE
287.7458FALSE
370.568FALSE
376.4059FALSE
287.7442FALSE
370.568FALSE
287.7474FALSE
376.4048FALSE
370.568FALSE
287.7663FALSE
376.405FALSE
370.568FALSE
376.4045FALSE
287.7692FALSE
376.4034FALSE
370.568FALSE
287.7634FALSE
376.4035FALSE
370.568FALSE
287.6828FALSE
376.4033FALSE
287.6827FALSE
370.568FALSE
376.4032FALSE
287.6829FALSE
370.568FALSE
$par
smooth_log_cases_lag1.bw 
               -2.959677 

$value
[1] 370.568

$counts
function gradient 
       9        9 

$convergence
[1] 0

$message
[1] "CONVERGENCE: REL_REDUCTION_OF_F <= FACTR*EPSMCH"

287.6825FALSE
376.4032FALSE
376.4032FALSE
287.6825FALSE
287.6826FALSE
376.4032FALSE
287.6876FALSE
376.4032FALSE
376.4032FALSE
$par
smooth_log_cases_lag0.bw 
               -2.872009 

$value
[1] 376.4032

$counts
function gradient 
      11       11 

$convergence
[1] 0

$message
[1] "CONVERGENCE: REL_REDUCTION_OF_F <= FACTR*EPSMCH"

287.688FALSE
287.6872FALSE
287.6824FALSE
287.6823FALSE
287.6825FALSE
287.685FALSE
287.6854FALSE
287.6847FALSE
287.6823FALSE
287.6823FALSE
287.6824FALSE
287.6875FALSE
287.6879FALSE
287.6871FALSE
287.6823FALSE
287.6822FALSE
287.6823FALSE
287.6853FALSE
287.6856FALSE
287.6849FALSE
287.6822FALSE
287.6822FALSE
287.6823FALSE
287.6839FALSE
287.6843FALSE
287.6836FALSE
287.6822FALSE
287.6822FALSE
287.6823FALSE
287.6874FALSE
287.6878FALSE
287.6871FALSE
287.6822FALSE
287.6822FALSE
287.6822FALSE
287.6822FALSE
287.6822FALSE
287.6822FALSE
287.6822FALSE
287.6822FALSE
287.6822FALSE
287.6822FALSE
287.6822FALSE
287.6822FALSE
$par
time_ind_lag0.bw 
       -1.475043 

$value
[1] 287.6822

$counts
function gradient 
      25       25 

$convergence
[1] 0

$message
[1] "CONVERGENCE: NORM OF PROJECTED GRADIENT <= PGTOL"

278.6523FALSE
282.1488FALSE
278.6515FALSE
282.1487FALSE
278.653FALSE
282.1489FALSE
278.6804FALSE
282.1725FALSE
278.6242FALSE
282.1251FALSE
273.0651FALSE
277.1892FALSE
277.1931FALSE
273.0689FALSE
277.1853FALSE
273.0612FALSE
273.0598FALSE
277.1845FALSE
273.0704FALSE
277.1939FALSE
270.9809FALSE
274.9615FALSE
270.9923FALSE
274.9713FALSE
270.9696FALSE
274.9518FALSE
270.9721FALSE
274.9544FALSE
270.9898FALSE
274.9687FALSE
275.0898FALSE
280.7983FALSE
275.0783FALSE
280.7827FALSE
275.1014FALSE
280.8139FALSE
275.1026FALSE
280.8109FALSE
275.0772FALSE
280.7856FALSE
270.637FALSE
274.9379FALSE
270.6373FALSE
274.9377FALSE
270.6368FALSE
274.9381FALSE
270.6383FALSE
274.9382FALSE
270.6358FALSE
274.9375FALSE
270.6145FALSE
270.6136FALSE
274.9297FALSE
274.9293FALSE
270.6154FALSE
274.9301FALSE
270.6145FALSE
274.93FALSE
270.6146FALSE
274.9295FALSE
270.5791FALSE
274.8332FALSE
270.5786FALSE
270.5797FALSE
274.8305FALSE
270.5791FALSE
274.8361FALSE
270.5792FALSE
274.8345FALSE
274.8319FALSE
270.5064FALSE
277.4799FALSE
270.5044FALSE
277.4938FALSE
270.5083FALSE
277.4661FALSE
270.5076FALSE
277.4655FALSE
270.5051FALSE
272.487FALSE
277.4943FALSE
272.4957FALSE
274.6578FALSE
272.4782FALSE
274.6542FALSE
272.4806FALSE
274.6627FALSE
272.4934FALSE
274.6615FALSE
270.482FALSE
274.654FALSE
270.4795FALSE
275.1031FALSE
270.4845FALSE
275.1141FALSE
270.4836FALSE
275.0922FALSE
270.4804FALSE
275.0947FALSE
270.4492FALSE
275.1116FALSE
270.4463FALSE
274.6824FALSE
270.4521FALSE
274.6895FALSE
274.6755FALSE
270.4513FALSE
274.6774FALSE
270.4471FALSE
274.6875FALSE
271.3906FALSE
274.6578FALSE
271.4022FALSE
271.3791FALSE
274.6542FALSE
271.3824FALSE
274.6627FALSE
274.6615FALSE
271.3988FALSE
274.654FALSE
270.4258FALSE
278.1003FALSE
270.4226FALSE
278.1186FALSE
270.429FALSE
278.082FALSE
270.4282FALSE
270.4234FALSE
278.0837FALSE
278.117FALSE
270.4438FALSE
275.1971FALSE
270.4523FALSE
270.4354FALSE
275.2082FALSE
270.4385FALSE
275.1861FALSE
270.4491FALSE
275.1884FALSE
275.206FALSE
270.4258FALSE
274.6868FALSE
270.4226FALSE
270.429FALSE
274.6939FALSE
270.4282FALSE
274.6798FALSE
270.4234FALSE
274.6817FALSE
276.8418FALSE
274.6919FALSE
274.6535FALSE
276.8592FALSE
274.66FALSE
276.8244FALSE
274.6585FALSE
276.8275FALSE
274.6572FALSE
276.8561FALSE
270.8965FALSE
274.6581FALSE
270.9071FALSE
274.6547FALSE
270.886FALSE
274.6579FALSE
270.889FALSE
274.6597FALSE
270.9042FALSE
274.6585FALSE
270.4229FALSE
274.656FALSE
270.4312FALSE
274.6535FALSE
270.4152FALSE
274.6599FALSE
270.4177FALSE
274.6585FALSE
270.4281FALSE
274.6573FALSE
270.4216FALSE
274.658FALSE
270.4187FALSE
274.6535FALSE
270.4248FALSE
274.6599FALSE
270.424FALSE
274.6585FALSE
270.4191FALSE
274.6573FALSE
270.4166FALSE
274.6581FALSE
270.4202FALSE
274.6535FALSE
270.4194FALSE
274.66FALSE
270.4189FALSE
274.6585FALSE
270.4171FALSE
274.6572FALSE
270.498FALSE
274.6581FALSE
270.5057FALSE
274.6535FALSE
270.4904FALSE
274.66FALSE
270.4918FALSE
274.6585FALSE
270.5043FALSE
274.6572FALSE
270.4176FALSE
274.6581FALSE
270.4256FALSE
274.6535FALSE
270.416FALSE
274.66FALSE
270.4152FALSE
274.6585FALSE
270.4227FALSE
274.6572FALSE
270.4151FALSE
270.4222FALSE
274.6581FALSE
274.6535FALSE
270.4181FALSE
274.66FALSE
270.4175FALSE
274.6585FALSE
270.4192FALSE
274.6572FALSE
270.4169FALSE
274.6581FALSE
270.4154FALSE
274.6535FALSE
270.4203FALSE
274.66FALSE
270.4194FALSE
274.6585FALSE
274.6572FALSE
270.4144FALSE
274.6581FALSE
270.4153FALSE
274.6535FALSE
270.4211FALSE
274.66FALSE
270.4184FALSE
274.6585FALSE
270.4177FALSE
274.6572FALSE
270.4182FALSE
274.6581FALSE
270.4151FALSE
274.6535FALSE
270.422FALSE
274.66FALSE
270.4181FALSE
274.6585FALSE
270.4175FALSE
274.6572FALSE
274.6581FALSE
270.4191FALSE
274.6535FALSE
270.4151FALSE
274.66FALSE
270.4221FALSE
274.6585FALSE
270.4181FALSE
270.4175FALSE
274.6572FALSE
270.4192FALSE
274.6581FALSE
270.4151FALSE
274.6535FALSE
274.66FALSE
270.4222FALSE
274.6585FALSE
270.4181FALSE
274.6572FALSE
270.4175FALSE
274.6581FALSE
270.4192FALSE
274.6535FALSE
270.4151FALSE
274.66FALSE
270.4222FALSE
274.6585FALSE
270.4181FALSE
274.6572FALSE
270.4175FALSE
274.6581FALSE
270.4192FALSE
274.6535FALSE
270.4151FALSE
270.4222FALSE
274.66FALSE
270.4181FALSE
274.6585FALSE
270.4175FALSE
274.6572FALSE
270.4192FALSE
274.6581FALSE
270.4151FALSE
274.6535FALSE
270.4222FALSE
274.66FALSE
270.4181FALSE
274.6585FALSE
270.4175FALSE
274.6572FALSE
270.4192FALSE
274.6581FALSE
$par
smooth_log_cases_lag0.bw         time_ind_lag0.bw 
               -2.449299                -2.326972 

$value
[1] 274.6535

$counts
function gradient 
      31       31 

$convergence
[1] 0

$message
[1] "CONVERGENCE: REL_REDUCTION_OF_F <= FACTR*EPSMCH"

270.4151FALSE
270.4222FALSE
270.4181FALSE
270.4175FALSE
270.4192FALSE
270.4151FALSE
270.4222FALSE
270.4181FALSE
270.4175FALSE
270.4192FALSE
270.4151FALSE
270.4222FALSE
270.4181FALSE
270.4175FALSE
270.4192FALSE
270.4151FALSE
270.4222FALSE
270.4181FALSE
270.4175FALSE
270.4192FALSE
270.4151FALSE
270.4222FALSE
270.4181FALSE
270.4175FALSE
270.4192FALSE
270.4151FALSE
270.4222FALSE
270.4181FALSE
270.4175FALSE
270.4192FALSE
270.4151FALSE
270.4222FALSE
270.4181FALSE
270.4175FALSE
270.4192FALSE
270.4151FALSE
270.4222FALSE
270.4181FALSE
270.4175FALSE
270.4192FALSE
270.4151FALSE
270.4222FALSE
270.4181FALSE
270.4175FALSE
270.4192FALSE
270.4151FALSE
270.4222FALSE
270.4181FALSE
270.4175FALSE
270.4192FALSE
270.4151FALSE
270.4222FALSE
270.4181FALSE
270.4175FALSE
270.4192FALSE
270.4151FALSE
270.4222FALSE
270.4181FALSE
270.4175FALSE
270.4192FALSE
324.8495FALSE
324.831FALSE
324.8678FALSE
324.8679FALSE
324.8309FALSE
270.5426FALSE
270.5407FALSE
270.5444FALSE
270.5433FALSE
270.5418FALSE
270.4346FALSE
270.4315FALSE
270.4377FALSE
270.4369FALSE
270.4323FALSE
270.4169FALSE
270.4175FALSE
270.4201FALSE
270.4193FALSE
270.4147FALSE
270.4152FALSE
270.4217FALSE
270.4183FALSE
270.4177FALSE
270.4188FALSE
270.4151FALSE
270.4221FALSE
270.4181FALSE
270.4175FALSE
270.4192FALSE
270.4151FALSE
270.4222FALSE
270.4181FALSE
270.4175FALSE
270.4192FALSE
270.4151FALSE
270.4222FALSE
270.4181FALSE
270.4175FALSE
270.4192FALSE
270.4151FALSE
270.4222FALSE
270.4181FALSE
270.4175FALSE
270.4192FALSE
270.4151FALSE
270.4222FALSE
270.4181FALSE
270.4175FALSE
270.4192FALSE
270.4151FALSE
270.4222FALSE
270.4181FALSE
270.4175FALSE
270.4192FALSE
270.4151FALSE
270.4222FALSE
270.4181FALSE
270.4175FALSE
270.4192FALSE
270.4151FALSE
270.4222FALSE
270.4181FALSE
270.4175FALSE
270.4192FALSE
270.4151FALSE
270.4222FALSE
270.4181FALSE
270.4175FALSE
270.4192FALSE
270.4151FALSE
270.4222FALSE
270.4181FALSE
270.4175FALSE
270.4192FALSE
270.4151FALSE
270.4222FALSE
270.4181FALSE
270.4175FALSE
270.4192FALSE
270.4151FALSE
270.4222FALSE
270.4181FALSE
270.4175FALSE
270.4192FALSE
270.4151FALSE
270.4222FALSE
270.4181FALSE
270.4175FALSE
270.4192FALSE
270.4151FALSE
270.4222FALSE
270.4181FALSE
270.4175FALSE
270.4192FALSE
270.4151FALSE
270.4222FALSE
270.4181FALSE
270.4175FALSE
270.4192FALSE
$par
smooth_log_cases_lag1.bw         time_ind_lag0.bw 
               -2.391898                -2.273419 

$value
[1] 270.4151

$counts
function gradient 
      63       63 

$convergence
[1] 52

$message
[1] "ERROR: ABNORMAL_TERMINATION_IN_LNSRCH"

272.279FALSE
290.6801FALSE
272.2712FALSE
290.6746FALSE
272.2868FALSE
290.6857FALSE
272.2762FALSE
288.9048FALSE
288.9214FALSE
272.2819FALSE
288.8882FALSE
272.2807FALSE
289.431FALSE
272.2775FALSE
289.4262FALSE
274.3976FALSE
289.4357FALSE
274.3964FALSE
331.1777FALSE
274.3989FALSE
331.2661FALSE
274.4019FALSE
331.0891FALSE
288.684FALSE
274.3932FALSE
288.6798FALSE
274.3952FALSE
288.6885FALSE
274.3999FALSE
287.7302FALSE
271.9443FALSE
287.7289FALSE
287.7318FALSE
271.9452FALSE
288.2515FALSE
271.9435FALSE
288.259FALSE
271.9478FALSE
288.2441FALSE
271.9409FALSE
287.6842FALSE
287.6839FALSE
271.9374FALSE
287.6845FALSE
271.9513FALSE
287.6828FALSE
271.4563FALSE
287.6828FALSE
271.4561FALSE
287.6829FALSE
271.4565FALSE
287.6825FALSE
287.6824FALSE
271.4567FALSE
287.6826FALSE
271.4558FALSE
287.6876FALSE
271.4517FALSE
287.688FALSE
271.4609FALSE
287.6872FALSE
271.2178FALSE
287.6824FALSE
271.2177FALSE
287.6823FALSE
271.218FALSE
287.6825FALSE
271.2197FALSE
287.6851FALSE
271.2159FALSE
287.6855FALSE
271.2204FALSE
287.6847FALSE
287.6823FALSE
271.2153FALSE
271.1382FALSE
287.6823FALSE
287.6824FALSE
271.1378FALSE
287.6875FALSE
271.1392FALSE
287.6879FALSE
271.1396FALSE
287.6871FALSE
287.6823FALSE
271.1386FALSE
287.6822FALSE
271.1377FALSE
287.6823FALSE
271.1388FALSE
287.6853FALSE
271.1162FALSE
287.6857FALSE
271.1153FALSE
287.6849FALSE
271.1171FALSE
287.6822FALSE
271.1158FALSE
287.6822FALSE
271.1167FALSE
287.6823FALSE
287.684FALSE
271.1163FALSE
287.6843FALSE
271.1162FALSE
287.6836FALSE
271.0659FALSE
287.6822FALSE
287.6822FALSE
271.0657FALSE
271.066FALSE
287.6823FALSE
287.6874FALSE
271.0673FALSE
287.6878FALSE
271.0644FALSE
287.6871FALSE
271.0665FALSE
287.6822FALSE
271.0653FALSE
287.6822FALSE
271.0732FALSE
287.6822FALSE
271.0728FALSE
287.6822FALSE
271.0737FALSE
287.6822FALSE
271.0712FALSE
287.6822FALSE
287.6822FALSE
271.0753FALSE
287.6822FALSE
271.0764FALSE
287.6822FALSE
271.0702FALSE
287.6822FALSE
271.0225FALSE
287.6822FALSE
287.6822FALSE
271.0221FALSE
287.6822FALSE
271.023FALSE
287.6822FALSE
271.0216FALSE
287.6822FALSE
287.6822FALSE
271.0235FALSE
287.6822FALSE
271.0242FALSE
287.6822FALSE
271.0209FALSE
287.6822FALSE
271.0012FALSE
287.6822FALSE
271.0007FALSE
271.0018FALSE
287.6822FALSE
271.0001FALSE
287.6822FALSE
287.6822FALSE
271.0028FALSE
287.6822FALSE
271.0022FALSE
287.6822FALSE
271.0012FALSE
287.6822FALSE
270.9831FALSE
287.6822FALSE
270.9825FALSE
287.6822FALSE
270.9837FALSE
287.6822FALSE
270.9815FALSE
287.6822FALSE
270.9847FALSE
287.6822FALSE
270.983FALSE
287.6822FALSE
287.6822FALSE
270.9832FALSE
287.6822FALSE
270.915FALSE
287.6822FALSE
270.9144FALSE
287.6822FALSE
270.9156FALSE
287.6822FALSE
270.9124FALSE
287.6822FALSE
270.9176FALSE
287.6822FALSE
287.6822FALSE
270.9143FALSE
287.6822FALSE
270.9157FALSE
287.6822FALSE
287.6822FALSE
270.8549FALSE
287.6822FALSE
270.8545FALSE
287.6822FALSE
270.8553FALSE
287.6822FALSE
270.8545FALSE
287.6822FALSE
270.8553FALSE
287.6822FALSE
287.6822FALSE
270.8536FALSE
287.6822FALSE
287.6822FALSE
270.8562FALSE
287.6822FALSE
270.8547FALSE
287.6822FALSE
270.8544FALSE
287.6822FALSE
270.8549FALSE
287.6822FALSE
287.6822FALSE
270.8506FALSE
287.6822FALSE
$par
time_ind_lag0.bw 
        -1.47499 

$value
[1] 287.6822

$counts
function gradient 
      40       40 

$convergence
[1] 0

$message
[1] "CONVERGENCE: REL_REDUCTION_OF_F <= FACTR*EPSMCH"

270.8587FALSE
270.8536FALSE
270.8557FALSE
270.7831FALSE
270.7829FALSE
270.7834FALSE
270.7822FALSE
270.7841FALSE
270.7823FALSE
270.784FALSE
270.7508FALSE
270.7506FALSE
270.751FALSE
270.7496FALSE
270.7519FALSE
270.7501FALSE
270.7515FALSE
270.6238FALSE
270.6237FALSE
270.6238FALSE
270.6218FALSE
270.6257FALSE
270.6237FALSE
270.6238FALSE
272.7135FALSE
272.7135FALSE
272.7135FALSE
272.7203FALSE
272.7066FALSE
272.7056FALSE
272.7213FALSE
270.6143FALSE
270.6143FALSE
270.6144FALSE
270.6131FALSE
270.6155FALSE
270.614FALSE
270.6147FALSE
270.59FALSE
270.59FALSE
270.59FALSE
270.5889FALSE
270.5911FALSE
270.5902FALSE
270.5898FALSE
270.7866FALSE
270.7866FALSE
270.7866FALSE
270.7967FALSE
270.7765FALSE
270.7812FALSE
270.7921FALSE
270.517FALSE
270.517FALSE
270.517FALSE
270.5151FALSE
270.5188FALSE
270.5182FALSE
270.5158FALSE
270.4854FALSE
270.4854FALSE
270.4854FALSE
270.4829FALSE
270.4878FALSE
270.487FALSE
270.4837FALSE
270.4652FALSE
270.4652FALSE
270.4653FALSE
270.4632FALSE
270.4676FALSE
270.4678FALSE
270.4631FALSE
270.538FALSE
270.538FALSE
270.538FALSE
270.5474FALSE
270.5285FALSE
270.5333FALSE
270.5427FALSE
270.4522FALSE
270.4522FALSE
270.4522FALSE
270.4504FALSE
270.4543FALSE
270.455FALSE
270.4494FALSE
270.4768FALSE
270.4768FALSE
270.4768FALSE
270.4861FALSE
270.4676FALSE
270.4724FALSE
270.4813FALSE
270.4466FALSE
270.4466FALSE
270.4466FALSE
270.4456FALSE
270.4475FALSE
270.4493FALSE
270.4437FALSE
275.5742FALSE
275.5742FALSE
275.5742FALSE
275.5838FALSE
275.5645FALSE
275.5676FALSE
275.5807FALSE
270.5343FALSE
270.5343FALSE
270.5343FALSE
270.5438FALSE
270.5249FALSE
270.5296FALSE
270.5391FALSE
270.4453FALSE
270.4453FALSE
270.4453FALSE
270.4443FALSE
270.4463FALSE
270.4481FALSE
270.4425FALSE
270.4442FALSE
270.4442FALSE
270.4443FALSE
270.4432FALSE
270.4453FALSE
270.4471FALSE
270.4414FALSE
270.4731FALSE
270.4732FALSE
270.4731FALSE
270.4824FALSE
270.4639FALSE
270.4687FALSE
270.4777FALSE
270.4433FALSE
270.4433FALSE
270.4433FALSE
270.4422FALSE
270.4443FALSE
270.4461FALSE
270.4404FALSE
270.4426FALSE
270.4426FALSE
270.4426FALSE
270.4414FALSE
270.4436FALSE
270.4454FALSE
270.4396FALSE
270.4485FALSE
270.4485FALSE
270.4485FALSE
270.4577FALSE
270.4397FALSE
270.4441FALSE
270.4529FALSE
270.4415FALSE
270.4415FALSE
270.4415FALSE
270.4403FALSE
270.4426FALSE
270.4444FALSE
270.4385FALSE
270.441FALSE
270.441FALSE
270.441FALSE
270.4425FALSE
270.4422FALSE
270.444FALSE
270.4381FALSE
270.523FALSE
270.5231FALSE
270.523FALSE
270.5328FALSE
270.5134FALSE
270.5182FALSE
270.5281FALSE
270.4417FALSE
270.4417FALSE
270.4416FALSE
270.4508FALSE
270.4378FALSE
270.4396FALSE
270.446FALSE
270.4391FALSE
270.439FALSE
270.4391FALSE
270.4462FALSE
270.4402FALSE
270.442FALSE
270.4414FALSE
270.4266FALSE
270.4266FALSE
270.4266FALSE
270.4244FALSE
270.4289FALSE
270.4288FALSE
270.4243FALSE
270.4249FALSE
270.4249FALSE
270.425FALSE
270.4228FALSE
270.4274FALSE
270.4272FALSE
270.4227FALSE
270.4189FALSE
270.4189FALSE
270.419FALSE
270.4219FALSE
270.4223FALSE
270.4215FALSE
270.4193FALSE
270.7179FALSE
270.7179FALSE
270.7179FALSE
270.7267FALSE
270.7091FALSE
270.709FALSE
270.7268FALSE
270.4276FALSE
270.4276FALSE
270.4276FALSE
270.435FALSE
270.4203FALSE
270.4223FALSE
270.4331FALSE
270.4175FALSE
270.4175FALSE
270.4175FALSE
270.4237FALSE
270.4209FALSE
270.42FALSE
270.4216FALSE
270.418FALSE
270.418FALSE
270.418FALSE
270.4225FALSE
270.4214FALSE
270.4205FALSE
270.4204FALSE
270.4175FALSE
270.4175FALSE
270.4175FALSE
270.4236FALSE
270.4209FALSE
270.4201FALSE
270.4215FALSE
270.4175FALSE
270.4175FALSE
270.4175FALSE
270.4237FALSE
270.4209FALSE
270.4201FALSE
270.4216FALSE
270.4175FALSE
270.4175FALSE
270.4175FALSE
270.4237FALSE
270.4209FALSE
270.42FALSE
270.4216FALSE
270.4175FALSE
270.4175FALSE
270.4175FALSE
270.4237FALSE
270.4209FALSE
270.42FALSE
270.4216FALSE
270.4175FALSE
270.4175FALSE
270.4175FALSE
270.4237FALSE
270.4209FALSE
270.42FALSE
270.4216FALSE
270.4175FALSE
270.4175FALSE
270.4175FALSE
270.4237FALSE
270.4209FALSE
270.42FALSE
270.4216FALSE
270.4175FALSE
270.4175FALSE
270.4175FALSE
270.4237FALSE
270.4209FALSE
270.42FALSE
270.4216FALSE
270.4175FALSE
270.4175FALSE
270.4175FALSE
270.4237FALSE
270.4209FALSE
270.42FALSE
270.4216FALSE
270.4175FALSE
270.4175FALSE
270.4175FALSE
270.4237FALSE
270.4209FALSE
270.42FALSE
270.4216FALSE
270.4175FALSE
270.4175FALSE
270.4175FALSE
270.4237FALSE
270.4209FALSE
270.42FALSE
270.4216FALSE
270.4175FALSE
270.4175FALSE
270.4175FALSE
270.4237FALSE
270.4209FALSE
270.42FALSE
270.4216FALSE
270.4175FALSE
270.4175FALSE
270.4175FALSE
270.4237FALSE
270.4209FALSE
270.42FALSE
270.4216FALSE
270.4175FALSE
270.4175FALSE
270.4175FALSE
270.4237FALSE
270.4209FALSE
270.42FALSE
270.4216FALSE
270.4175FALSE
270.4175FALSE
270.4175FALSE
270.4237FALSE
270.4209FALSE
270.42FALSE
270.4216FALSE
270.4175FALSE
270.4175FALSE
270.4175FALSE
270.4237FALSE
270.4209FALSE
270.42FALSE
270.4216FALSE
270.4175FALSE
270.4175FALSE
270.4175FALSE
270.4237FALSE
270.4209FALSE
270.42FALSE
270.4216FALSE
270.4175FALSE
270.4175FALSE
270.4175FALSE
270.4237FALSE
270.4209FALSE
270.42FALSE
270.4216FALSE
270.4175FALSE
270.4175FALSE
270.4175FALSE
270.4237FALSE
270.4209FALSE
270.42FALSE
270.4216FALSE
$par
smooth_log_cases_lag0.bw smooth_log_cases_lag1.bw         time_ind_lag0.bw 
                1.259132                -2.394040                -2.277348 

$value
[1] 270.4175

$counts
function gradient 
      67       67 

$convergence
[1] 0

$message
[1] "CONVERGENCE: REL_REDUCTION_OF_F <= FACTR*EPSMCH"

> 
> save(ssr_fit,
+     file=paste0("/home/ngr67a/2015-cdc-flu-competition/fit-competition-ssr-ph", prediction_horizon_limit, "-", data_set, ".Rdata"))
> 
> proc.time()
    user   system  elapsed 
1894.696    1.094 2350.917 
