
R version 3.2.2 (2015-08-14) -- "Fire Safety"
Copyright (C) 2015 The R Foundation for Statistical Computing
Platform: x86_64-pc-linux-gnu (64-bit)

R is free software and comes with ABSOLUTELY NO WARRANTY.
You are welcome to redistribute it under certain conditions.
Type 'license()' or 'licence()' for distribution details.

  Natural language support but running in an English locale

R is a collaborative project with many contributors.
Type 'contributors()' for more information and
'citation()' on how to cite R or R packages in publications.

Type 'demo()' for some demos, 'help()' for on-line help, or
'help.start()' for an HTML browser interface to help.
Type 'q()' to quit R.

> ### get ssr fit -- prediction horizons 1:52
> library(lubridate)
> library(ggplot2)
> library(plyr)

Attaching package: ‘plyr’

The following object is masked from ‘package:lubridate’:

    here

> library(dplyr)

Attaching package: ‘dplyr’

The following objects are masked from ‘package:plyr’:

    arrange, count, desc, failwith, id, mutate, rename, summarise,
    summarize

The following objects are masked from ‘package:lubridate’:

    intersect, setdiff, union

The following objects are masked from ‘package:stats’:

    filter, lag

The following objects are masked from ‘package:base’:

    intersect, setdiff, setequal, union

> library(reshape)

Attaching package: ‘reshape’

The following object is masked from ‘package:dplyr’:

    rename

The following objects are masked from ‘package:plyr’:

    rename, round_any

The following object is masked from ‘package:lubridate’:

    stamp

> library(ssrFlu)
> library(doMC)
Loading required package: foreach
Loading required package: iterators
Loading required package: parallel
> 
> registerDoMC(cores=3)
> 
> args <- commandArgs(trailingOnly=TRUE)
> 
> data_set <- args[1]
> prediction_horizon_limit <- as.integer(args[2])
> 
> ## load dataset
> if(identical(data_set, "ili_national")) {
+     data <- ili_national
+ } 
> if(identical(data_set, "ili_region1")) {
+     data <- ili_region1
+ } 
> if(identical(data_set, "ili_region2")) {
+     data <- ili_region2
+ } 
> if(identical(data_set, "ili_region3")) {
+     data <- ili_region3
+ } 
> if(identical(data_set, "ili_region4")) {
+     data <- ili_region4
+ } 
> if(identical(data_set, "ili_region5")) {
+     data <- ili_region5
+ } 
> if(identical(data_set, "ili_region6")) {
+     data <- ili_region6
+ } 
> if(identical(data_set, "ili_region7")) {
+     data <- ili_region7
+ } 
> if(identical(data_set, "ili_region8")) {
+     data <- ili_region8
+ } 
> if(identical(data_set, "ili_region9")) {
+     data <- ili_region9
+ } 
> if(identical(data_set, "ili_region10")) {
+     data <- ili_region10
+ } 
> 
> 
> 
> ## add log column
> data$log_total_cases <- log(data$total_cases + 1)
> 
> ## add week_start_date
> char_dates <- paste(data$year, data$week, "1")
> data$week_start_date <- as.Date(char_dates, format="%Y %W %w")
> 
> ## remove week 53s
> data <- data[-which(is.na(data$week_start_date)),]
> data <- data[262:nrow(data),]
> 
> ## add smooth log column -- or not, since it is already pretty smooth...
> sm <- loess(log_total_cases ~ as.numeric(week_start_date), data=data, span= 26 / nrow(data))
> data$smooth_log_cases <- sm$fitted
> 
> ## add time column
> data$time_ind <- seq_len(nrow(data))
> 
> ssr_control <- create_ssr_control(X_names=c("smooth_log_cases", "time_ind"),
+     y_names="total_cases",
+     time_name=NULL,
+     max_lag=list(smooth_log_cases=1,
+         time_ind=0),
+     prediction_horizons=as.integer(prediction_horizon_limit),
+     kernel_fns=list(smooth_log_cases="squared_exp_kernel",
+         time_ind="periodic_kernel"),
+     theta_est=list(smooth_log_cases="bw",
+         time_ind="bw"),
+     theta_fixed=list(time_ind=list(period=pi / 52)),
+     theta_transform_fns=list(
+         squared_exp_kernel=list(
+             bw=list(transform="log",
+                 detransform="exp")
+         ),
+         periodic_kernel=list(
+             bw=list(transform="log",
+                 detransform="exp")
+         )
+     ),
+     crossval_buffer=52,
+     loss_fn_name="mae_from_kernel_weights_and_centers",
+     loss_fn_args=list())
> 
> 
> ssr_fit <- ssr(X_names=c("smooth_log_cases", "time_ind"),
+     y_names="total_cases",
+     time_name=NULL,
+     data=data,
+     ssr_control=ssr_control)
455.8654FALSE
573.8293FALSE
575.8742FALSE
455.8651FALSE
573.8248FALSE
575.873FALSE
573.8338FALSE
455.8658FALSE
575.8753FALSE
572.8814FALSE
571.1544FALSE
460.7808FALSE
572.882FALSE
571.1524FALSE
460.8079FALSE
572.8807FALSE
571.1565FALSE
460.7541FALSE
572.7855FALSE
588.659FALSE
455.8392FALSE
572.7862FALSE
588.6591FALSE
455.8396FALSE
572.7848FALSE
455.8387FALSE
572.765FALSE
588.6589FALSE
572.7626FALSE
455.8121FALSE
571.0272FALSE
455.8118FALSE
571.029FALSE
572.7674FALSE
455.8125FALSE
571.0253FALSE
572.6661FALSE
455.8102FALSE
570.9725FALSE
572.6673FALSE
455.8101FALSE
570.972FALSE
572.6652FALSE
570.973FALSE
455.8103FALSE
572.4994FALSE
580.2381FALSE
455.8353FALSE
580.2511FALSE
572.4992FALSE
580.225FALSE
455.8357FALSE
572.4996FALSE
455.8349FALSE
570.9726FALSE
572.5663FALSE
455.8103FALSE
570.9727FALSE
455.8105FALSE
570.9726FALSE
572.5675FALSE
570.9721FALSE
455.81FALSE
572.565FALSE
570.9721FALSE
572.5006FALSE
455.81FALSE
570.9721FALSE
572.5009FALSE
570.9721FALSE
455.81FALSE
572.5004FALSE
570.9721FALSE
572.4987FALSE
570.972FALSE
455.8101FALSE
570.972FALSE
455.8105FALSE
572.4986FALSE
570.9721FALSE
572.499FALSE
455.8108FALSE
570.972FALSE
572.5105FALSE
570.9763FALSE
572.5112FALSE
455.8102FALSE
570.9757FALSE
572.5098FALSE
455.81FALSE
570.9768FALSE
572.499FALSE
455.8101FALSE
570.972FALSE
572.4993FALSE
570.972FALSE
455.8101FALSE
572.4987FALSE
572.4986FALSE
570.972FALSE
455.81FALSE
572.4988FALSE
570.9745FALSE
455.8101FALSE
572.4988FALSE
570.974FALSE
572.4986FALSE
455.8101FALSE
570.975FALSE
572.4988FALSE
455.81FALSE
572.4988FALSE
570.972FALSE
455.8101FALSE
572.4986FALSE
455.8101FALSE
$par
time_ind_lag0.bw 
       -2.123877 

$value
[1] 455.81

$counts
function gradient 
      12       12 

$convergence
[1] 0

$message
[1] "CONVERGENCE: NORM OF PROJECTED GRADIENT <= PGTOL"

570.972FALSE
572.4988FALSE
570.972FALSE
570.9734FALSE
572.4988FALSE
$par
smooth_log_cases_lag1.bw 
               -1.750451 

$value
[1] 572.4986

$counts
function gradient 
      14       14 

$convergence
[1] 0

$message
[1] "CONVERGENCE: REL_REDUCTION_OF_F <= FACTR*EPSMCH"

570.9728FALSE
570.9739FALSE
570.972FALSE
570.972FALSE
570.972FALSE
570.9726FALSE
570.9721FALSE
570.9732FALSE
570.972FALSE
570.972FALSE
570.972FALSE
570.9722FALSE
570.972FALSE
570.9727FALSE
570.972FALSE
570.972FALSE
570.972FALSE
570.972FALSE
570.972FALSE
570.9723FALSE
570.972FALSE
570.972FALSE
570.972FALSE
570.972FALSE
570.972FALSE
570.972FALSE
$par
smooth_log_cases_lag0.bw 
               -1.165816 

$value
[1] 570.972

$counts
function gradient 
      23       23 

$convergence
[1] 0

$message
[1] "CONVERGENCE: REL_REDUCTION_OF_F <= FACTR*EPSMCH"

504.1858FALSE
508.237FALSE
504.1804FALSE
508.2297FALSE
508.2442FALSE
504.1911FALSE
508.2091FALSE
504.1649FALSE
508.2648FALSE
504.2067FALSE
496.7594FALSE
499.7838FALSE
499.762FALSE
496.7359FALSE
499.8055FALSE
496.7827FALSE
499.8281FALSE
496.8001FALSE
499.7395FALSE
496.7187FALSE
495.8694FALSE
493.7128FALSE
495.8601FALSE
493.7109FALSE
495.8786FALSE
493.7147FALSE
495.8524FALSE
493.6867FALSE
495.8863FALSE
493.7396FALSE
583.0975FALSE
492.2075FALSE
583.1064FALSE
492.1798FALSE
583.0885FALSE
492.2351FALSE
583.0982FALSE
492.218FALSE
583.0967FALSE
492.1972FALSE
491.3941FALSE
485.2465FALSE
491.3645FALSE
485.2346FALSE
491.4237FALSE
485.2583FALSE
491.427FALSE
485.2571FALSE
491.3613FALSE
485.2359FALSE
483.5412FALSE
481.7383FALSE
483.5211FALSE
481.7217FALSE
483.5612FALSE
481.7549FALSE
483.5586FALSE
481.7391FALSE
483.5237FALSE
481.7376FALSE
473.4907FALSE
465.8586FALSE
473.4779FALSE
465.8421FALSE
473.5035FALSE
465.8751FALSE
473.5324FALSE
465.8592FALSE
473.449FALSE
465.858FALSE
458.2991FALSE
458.6563FALSE
458.2982FALSE
458.6563FALSE
458.2999FALSE
458.6563FALSE
458.3103FALSE
458.6563FALSE
458.2879FALSE
458.6563FALSE
$par
smooth_log_cases_lag1.bw         time_ind_lag0.bw 
                22.27097                -14.20814 

$value
[1] 458.6563

$counts
function gradient 
       8        8 

$convergence
[1] 0

$message
[1] "CONVERGENCE: NORM OF PROJECTED GRADIENT <= PGTOL"

457.3471FALSE
457.3465FALSE
457.3477FALSE
457.3549FALSE
457.3393FALSE
456.2326FALSE
456.2323FALSE
456.2329FALSE
456.2347FALSE
456.2306FALSE
456.0667FALSE
456.0665FALSE
456.0669FALSE
456.068FALSE
456.0654FALSE
455.9147FALSE
455.9146FALSE
455.9148FALSE
455.915FALSE
455.9144FALSE
455.8734FALSE
455.8734FALSE
455.8735FALSE
455.8739FALSE
455.873FALSE
455.8615FALSE
455.8615FALSE
455.8615FALSE
455.8611FALSE
455.8619FALSE
455.8208FALSE
455.8208FALSE
455.8208FALSE
455.8208FALSE
455.8208FALSE
455.8195FALSE
455.8195FALSE
455.8195FALSE
455.8195FALSE
455.8194FALSE
455.8387FALSE
455.8387FALSE
455.8388FALSE
455.8382FALSE
455.8393FALSE
455.8191FALSE
455.8191FALSE
455.8191FALSE
455.8191FALSE
455.8191FALSE
455.8192FALSE
455.8192FALSE
455.8192FALSE
455.8188FALSE
455.8196FALSE
455.819FALSE
455.8189FALSE
455.819FALSE
455.819FALSE
455.8191FALSE
455.8183FALSE
455.8183FALSE
455.8183FALSE
455.8179FALSE
455.8187FALSE
455.8122FALSE
455.8122FALSE
455.8122FALSE
455.8122FALSE
455.8122FALSE
455.8122FALSE
455.8122FALSE
455.8122FALSE
455.8122FALSE
455.8122FALSE
455.8122FALSE
455.8122FALSE
455.8122FALSE
455.8122FALSE
455.8122FALSE
455.8122FALSE
455.8122FALSE
455.8122FALSE
455.8122FALSE
455.8122FALSE
455.8122FALSE
455.8122FALSE
455.8122FALSE
455.8122FALSE
455.8122FALSE
455.8121FALSE
455.8121FALSE
455.8121FALSE
455.8121FALSE
455.8122FALSE
455.8117FALSE
455.8117FALSE
455.8117FALSE
455.8116FALSE
455.8117FALSE
455.8243FALSE
455.8243FALSE
455.8243FALSE
455.8248FALSE
455.8238FALSE
455.8113FALSE
455.8113FALSE
455.8113FALSE
455.8112FALSE
455.8113FALSE
455.8109FALSE
455.8109FALSE
455.8109FALSE
455.8108FALSE
455.811FALSE
455.8137FALSE
455.8137FALSE
455.8137FALSE
455.8139FALSE
455.8134FALSE
455.8105FALSE
455.8105FALSE
455.8105FALSE
455.8104FALSE
455.8106FALSE
455.8103FALSE
455.8103FALSE
455.8103FALSE
455.8102FALSE
455.8104FALSE
455.8114FALSE
455.8114FALSE
455.8114FALSE
455.8117FALSE
455.8112FALSE
455.8101FALSE
455.8101FALSE
455.8101FALSE
455.81FALSE
455.8102FALSE
455.81FALSE
455.81FALSE
455.81FALSE
455.8099FALSE
455.8101FALSE
455.8105FALSE
455.8105FALSE
455.8105FALSE
455.8108FALSE
455.8103FALSE
455.81FALSE
455.81FALSE
455.81FALSE
455.8099FALSE
455.8101FALSE
455.81FALSE
455.81FALSE
455.81FALSE
455.8102FALSE
455.81FALSE
455.81FALSE
455.81FALSE
455.81FALSE
455.8101FALSE
455.8101FALSE
455.81FALSE
455.81FALSE
455.81FALSE
455.8101FALSE
455.8101FALSE
455.81FALSE
455.81FALSE
455.81FALSE
455.8101FALSE
455.8101FALSE
455.81FALSE
455.81FALSE
455.81FALSE
455.8101FALSE
455.8101FALSE
455.81FALSE
455.81FALSE
455.81FALSE
455.8101FALSE
455.8101FALSE
455.81FALSE
455.81FALSE
455.81FALSE
455.8101FALSE
455.8101FALSE
455.81FALSE
455.81FALSE
455.81FALSE
455.8101FALSE
455.8101FALSE
455.81FALSE
455.81FALSE
455.81FALSE
455.8101FALSE
455.8101FALSE
455.81FALSE
455.81FALSE
455.81FALSE
455.8101FALSE
455.8101FALSE
455.81FALSE
455.81FALSE
455.81FALSE
455.8101FALSE
455.8101FALSE
455.81FALSE
455.81FALSE
455.81FALSE
455.8101FALSE
455.8101FALSE
455.81FALSE
455.81FALSE
455.81FALSE
455.8101FALSE
455.8101FALSE
455.81FALSE
455.81FALSE
455.81FALSE
455.8101FALSE
455.8101FALSE
455.81FALSE
455.81FALSE
455.81FALSE
455.8101FALSE
455.8101FALSE
455.81FALSE
455.81FALSE
455.81FALSE
455.8101FALSE
455.8101FALSE
455.81FALSE
455.81FALSE
455.81FALSE
455.8101FALSE
455.8101FALSE
455.81FALSE
455.81FALSE
455.81FALSE
455.8101FALSE
455.8101FALSE
455.81FALSE
455.81FALSE
455.81FALSE
455.8101FALSE
455.8101FALSE
455.81FALSE
455.81FALSE
455.81FALSE
455.8101FALSE
455.8101FALSE
455.81FALSE
455.81FALSE
455.81FALSE
455.8101FALSE
455.8101FALSE
455.81FALSE
455.81FALSE
455.81FALSE
455.8101FALSE
455.8101FALSE
455.81FALSE
455.81FALSE
455.81FALSE
455.8101FALSE
455.8101FALSE
455.8103FALSE
455.8103FALSE
455.8103FALSE
455.8102FALSE
455.8104FALSE
455.81FALSE
455.81FALSE
455.81FALSE
455.8101FALSE
455.8101FALSE
455.81FALSE
455.81FALSE
455.81FALSE
455.8101FALSE
455.8101FALSE
455.81FALSE
455.81FALSE
455.81FALSE
455.8101FALSE
455.8101FALSE
455.81FALSE
455.81FALSE
455.81FALSE
455.8101FALSE
455.8101FALSE
455.81FALSE
455.81FALSE
455.81FALSE
455.8101FALSE
455.8101FALSE
455.81FALSE
455.81FALSE
455.81FALSE
455.8101FALSE
455.8101FALSE
455.81FALSE
455.81FALSE
455.81FALSE
455.8101FALSE
455.8101FALSE
455.81FALSE
455.81FALSE
455.81FALSE
455.8101FALSE
455.8101FALSE
455.81FALSE
455.81FALSE
455.81FALSE
455.8101FALSE
455.8101FALSE
455.81FALSE
455.81FALSE
455.81FALSE
455.8101FALSE
455.8101FALSE
455.81FALSE
455.81FALSE
455.81FALSE
455.8101FALSE
455.8101FALSE
455.81FALSE
455.81FALSE
455.81FALSE
455.8101FALSE
455.8101FALSE
455.81FALSE
455.81FALSE
455.81FALSE
455.8101FALSE
455.8101FALSE
455.81FALSE
455.81FALSE
455.81FALSE
455.8101FALSE
455.8101FALSE
455.81FALSE
455.81FALSE
455.81FALSE
455.8101FALSE
455.8101FALSE
455.81FALSE
455.81FALSE
455.81FALSE
455.8101FALSE
455.8101FALSE
455.81FALSE
455.81FALSE
455.81FALSE
455.8101FALSE
455.8101FALSE
455.81FALSE
455.81FALSE
455.81FALSE
455.8101FALSE
455.8101FALSE
455.81FALSE
455.81FALSE
455.81FALSE
455.8101FALSE
455.8101FALSE
$par
smooth_log_cases_lag0.bw         time_ind_lag0.bw 
               14.149441                -2.123857 

$value
[1] 455.81

$counts
function gradient 
      82       82 

$convergence
[1] 52

$message
[1] "ERROR: ABNORMAL_TERMINATION_IN_LNSRCH"

455.81FALSE
508.2365FALSE
455.8101FALSE
508.2365FALSE
455.8101FALSE
508.2365FALSE
457.1864FALSE
508.2292FALSE
457.185FALSE
508.2436FALSE
457.1877FALSE
508.2086FALSE
455.81FALSE
508.2643FALSE
455.8099FALSE
496.7613FALSE
455.8101FALSE
496.7613FALSE
455.81FALSE
455.8101FALSE
496.7613FALSE
455.8101FALSE
496.7379FALSE
455.81FALSE
496.7847FALSE
455.8101FALSE
496.802FALSE
455.8101FALSE
496.7207FALSE
455.81FALSE
493.7124FALSE
455.8101FALSE
493.7124FALSE
493.7124FALSE
455.8101FALSE
493.7105FALSE
455.81FALSE
493.7142FALSE
455.8101FALSE
493.6863FALSE
455.8101FALSE
493.7391FALSE
455.81FALSE
492.2083FALSE
455.8101FALSE
492.2083FALSE
455.8101FALSE
492.2083FALSE
455.81FALSE
492.1806FALSE
455.8101FALSE
492.2359FALSE
455.8101FALSE
492.2188FALSE
455.81FALSE
492.198FALSE
455.8101FALSE
485.2473FALSE
455.8101FALSE
485.2473FALSE
455.81FALSE
485.2473FALSE
455.8101FALSE
485.2355FALSE
455.8101FALSE
485.2591FALSE
455.81FALSE
455.8101FALSE
485.258FALSE
455.8101FALSE
485.2367FALSE
455.81FALSE
481.738FALSE
455.8101FALSE
481.738FALSE
455.8101FALSE
481.738FALSE
455.81FALSE
481.7214FALSE
455.8101FALSE
481.7546FALSE
455.8101FALSE
481.7387FALSE
455.81FALSE
481.7373FALSE
455.8101FALSE
458.6563FALSE
455.8101FALSE
458.6563FALSE
455.81FALSE
458.6563FALSE
455.8101FALSE
458.6563FALSE
455.8101FALSE
458.6563FALSE
455.81FALSE
458.6563FALSE
455.8101FALSE
458.6563FALSE
$par
smooth_log_cases_lag0.bw smooth_log_cases_lag1.bw         time_ind_lag0.bw 
                14.14944                 18.92639                -11.66444 

$value
[1] 458.6563

$counts
function gradient 
       7        7 

$convergence
[1] 0

$message
[1] "CONVERGENCE: NORM OF PROJECTED GRADIENT <= PGTOL"

455.8101FALSE
455.81FALSE
455.8101FALSE
455.8101FALSE
455.81FALSE
455.8101FALSE
455.8101FALSE
455.81FALSE
455.8101FALSE
455.8101FALSE
455.81FALSE
455.8101FALSE
455.8101FALSE
$par
time_ind_lag0.bw 
       -2.123857 

$value
[1] 455.81

$counts
function gradient 
      21       21 

$convergence
[1] 52

$message
[1] "ERROR: ABNORMAL_TERMINATION_IN_LNSRCH"

508.2365FALSE
504.1854FALSE
508.2292FALSE
504.18FALSE
508.2436FALSE
504.1907FALSE
508.2086FALSE
504.1644FALSE
508.2643FALSE
504.2063FALSE
496.7613FALSE
499.7856FALSE
496.7379FALSE
499.7638FALSE
496.7847FALSE
499.8073FALSE
496.802FALSE
499.8299FALSE
496.7207FALSE
499.7413FALSE
493.7124FALSE
495.8692FALSE
493.7105FALSE
493.7142FALSE
495.8599FALSE
493.6863FALSE
495.8784FALSE
493.7391FALSE
495.8522FALSE
492.2083FALSE
495.8861FALSE
492.1806FALSE
583.0993FALSE
492.2359FALSE
583.1082FALSE
492.2188FALSE
583.0904FALSE
492.198FALSE
583.1FALSE
485.2473FALSE
583.0986FALSE
485.2355FALSE
491.395FALSE
485.2591FALSE
491.3653FALSE
485.258FALSE
491.4245FALSE
485.2367FALSE
491.4278FALSE
481.738FALSE
491.3621FALSE
481.7214FALSE
483.5397FALSE
481.7546FALSE
483.5197FALSE
481.7387FALSE
481.7373FALSE
483.5597FALSE
458.6563FALSE
483.5572FALSE
458.6563FALSE
483.5223FALSE
458.6563FALSE
473.4879FALSE
458.6563FALSE
473.475FALSE
458.6563FALSE
$par
smooth_log_cases_lag1.bw         time_ind_lag0.bw 
                18.92639                -11.66444 

$value
[1] 458.6563

$counts
function gradient 
       7        7 

$convergence
[1] 0

$message
[1] "CONVERGENCE: NORM OF PROJECTED GRADIENT <= PGTOL"

473.5007FALSE
473.5296FALSE
473.4462FALSE
458.2953FALSE
458.2945FALSE
458.2961FALSE
458.3065FALSE
458.2841FALSE
457.3446FALSE
457.344FALSE
457.3453FALSE
457.3525FALSE
457.3369FALSE
456.2319FALSE
456.2316FALSE
456.2321FALSE
456.2339FALSE
456.2298FALSE
456.0661FALSE
456.0659FALSE
456.0663FALSE
456.0674FALSE
456.0649FALSE
455.9144FALSE
455.9143FALSE
455.9145FALSE
455.9147FALSE
455.9141FALSE
455.873FALSE
455.8729FALSE
455.8731FALSE
455.8734FALSE
455.8726FALSE
455.8623FALSE
455.8623FALSE
455.8623FALSE
455.8619FALSE
455.8627FALSE
455.8207FALSE
455.8207FALSE
455.8207FALSE
455.8207FALSE
455.8207FALSE
455.8193FALSE
455.8193FALSE
455.8193FALSE
455.8193FALSE
455.8192FALSE
455.8422FALSE
455.8422FALSE
455.8422FALSE
455.8417FALSE
455.8427FALSE
455.8194FALSE
455.8194FALSE
455.8194FALSE
455.819FALSE
455.8198FALSE
455.8191FALSE
455.8191FALSE
455.8192FALSE
455.8192FALSE
455.8192FALSE
455.8204FALSE
455.8203FALSE
455.8204FALSE
455.82FALSE
455.8207FALSE
455.8191FALSE
455.8191FALSE
455.8191FALSE
455.8189FALSE
455.8195FALSE
455.8152FALSE
455.8152FALSE
455.8152FALSE
455.8153FALSE
455.8154FALSE
455.8136FALSE
455.8136FALSE
455.8136FALSE
455.8136FALSE
455.8136FALSE
455.8127FALSE
455.8127FALSE
455.8127FALSE
455.8127FALSE
455.8127FALSE
455.8122FALSE
455.8122FALSE
455.8122FALSE
455.8123FALSE
455.8123FALSE
455.812FALSE
455.812FALSE
455.812FALSE
455.8121FALSE
455.812FALSE
455.8172FALSE
455.8172FALSE
455.8172FALSE
455.8166FALSE
455.8178FALSE
455.812FALSE
455.812FALSE
455.812FALSE
455.812FALSE
455.8122FALSE
455.812FALSE
455.812FALSE
455.812FALSE
455.812FALSE
455.8121FALSE
455.8119FALSE
455.8119FALSE
455.8119FALSE
455.8119FALSE
455.812FALSE
455.8118FALSE
455.8118FALSE
455.8118FALSE
455.8119FALSE
455.8119FALSE
455.8118FALSE
455.8118FALSE
455.8118FALSE
455.8119FALSE
455.8119FALSE
455.8118FALSE
455.8118FALSE
455.8118FALSE
455.8118FALSE
455.8118FALSE
455.8118FALSE
455.8118FALSE
455.8118FALSE
455.8118FALSE
455.8118FALSE
455.812FALSE
455.812FALSE
455.812FALSE
455.8121FALSE
455.812FALSE
455.8118FALSE
455.8118FALSE
455.8118FALSE
455.8118FALSE
455.8118FALSE
455.8118FALSE
455.8118FALSE
455.8118FALSE
455.8118FALSE
455.8118FALSE
455.8118FALSE
455.8118FALSE
455.8118FALSE
455.8118FALSE
455.8118FALSE
455.8118FALSE
455.8118FALSE
455.8118FALSE
455.8118FALSE
455.8118FALSE
455.8118FALSE
455.8118FALSE
455.8118FALSE
455.8118FALSE
455.8118FALSE
455.8118FALSE
455.8118FALSE
455.8118FALSE
455.8118FALSE
455.8118FALSE
455.8118FALSE
455.8118FALSE
455.8118FALSE
455.8118FALSE
455.8118FALSE
455.8118FALSE
455.8118FALSE
455.8118FALSE
455.8118FALSE
455.8118FALSE
455.8118FALSE
455.8118FALSE
455.8118FALSE
455.8118FALSE
455.8118FALSE
455.8118FALSE
455.8118FALSE
455.8118FALSE
455.8118FALSE
455.8118FALSE
455.8118FALSE
455.8118FALSE
455.8118FALSE
455.8118FALSE
455.8118FALSE
455.8118FALSE
455.8118FALSE
455.8118FALSE
455.8118FALSE
455.8118FALSE
455.8118FALSE
455.8118FALSE
455.8118FALSE
455.8118FALSE
455.8118FALSE
455.8118FALSE
455.8118FALSE
455.8118FALSE
455.8118FALSE
455.8118FALSE
$par
smooth_log_cases_lag0.bw         time_ind_lag0.bw 
                6.368472                -2.186146 

$value
[1] 455.8118

$counts
function gradient 
      49       49 

$convergence
[1] 0

$message
[1] "CONVERGENCE: REL_REDUCTION_OF_F <= FACTR*EPSMCH"

> 
> save(ssr_fit,
+     file=paste0("/home/ngr67a/2015-cdc-flu-competition/fit-competition-ssr-ph", prediction_horizon_limit, "-", data_set, ".Rdata"))
> 
> proc.time()
    user   system  elapsed 
1761.168    1.407 1912.682 
