
R version 3.2.2 (2015-08-14) -- "Fire Safety"
Copyright (C) 2015 The R Foundation for Statistical Computing
Platform: x86_64-pc-linux-gnu (64-bit)

R is free software and comes with ABSOLUTELY NO WARRANTY.
You are welcome to redistribute it under certain conditions.
Type 'license()' or 'licence()' for distribution details.

  Natural language support but running in an English locale

R is a collaborative project with many contributors.
Type 'contributors()' for more information and
'citation()' on how to cite R or R packages in publications.

Type 'demo()' for some demos, 'help()' for on-line help, or
'help.start()' for an HTML browser interface to help.
Type 'q()' to quit R.

> ### get ssr fit -- prediction horizons 1:52
> library(lubridate)
> library(ggplot2)
> library(plyr)

Attaching package: ‘plyr’

The following object is masked from ‘package:lubridate’:

    here

> library(dplyr)

Attaching package: ‘dplyr’

The following objects are masked from ‘package:plyr’:

    arrange, count, desc, failwith, id, mutate, rename, summarise,
    summarize

The following objects are masked from ‘package:lubridate’:

    intersect, setdiff, union

The following objects are masked from ‘package:stats’:

    filter, lag

The following objects are masked from ‘package:base’:

    intersect, setdiff, setequal, union

> library(reshape)

Attaching package: ‘reshape’

The following object is masked from ‘package:dplyr’:

    rename

The following objects are masked from ‘package:plyr’:

    rename, round_any

The following object is masked from ‘package:lubridate’:

    stamp

> library(ssrFlu)
> library(doMC)
Loading required package: foreach
Loading required package: iterators
Loading required package: parallel
> 
> registerDoMC(cores=3)
> 
> args <- commandArgs(trailingOnly=TRUE)
> 
> data_set <- args[1]
> prediction_horizon_limit <- as.integer(args[2])
> 
> ## load dataset
> if(identical(data_set, "ili_national")) {
+     data <- ili_national
+ } 
> if(identical(data_set, "ili_region1")) {
+     data <- ili_region1
+ } 
> if(identical(data_set, "ili_region2")) {
+     data <- ili_region2
+ } 
> if(identical(data_set, "ili_region3")) {
+     data <- ili_region3
+ } 
> if(identical(data_set, "ili_region4")) {
+     data <- ili_region4
+ } 
> if(identical(data_set, "ili_region5")) {
+     data <- ili_region5
+ } 
> if(identical(data_set, "ili_region6")) {
+     data <- ili_region6
+ } 
> if(identical(data_set, "ili_region7")) {
+     data <- ili_region7
+ } 
> if(identical(data_set, "ili_region8")) {
+     data <- ili_region8
+ } 
> if(identical(data_set, "ili_region9")) {
+     data <- ili_region9
+ } 
> if(identical(data_set, "ili_region10")) {
+     data <- ili_region10
+ } 
> 
> 
> 
> ## add log column
> data$log_total_cases <- log(data$total_cases + 1)
> 
> ## add week_start_date
> char_dates <- paste(data$year, data$week, "1")
> data$week_start_date <- as.Date(char_dates, format="%Y %W %w")
> 
> ## remove week 53s
> data <- data[-which(is.na(data$week_start_date)),]
> data <- data[262:nrow(data),]
> 
> ## add smooth log column -- or not, since it is already pretty smooth...
> sm <- loess(log_total_cases ~ as.numeric(week_start_date), data=data, span= 26 / nrow(data))
> data$smooth_log_cases <- sm$fitted
> 
> ## add time column
> data$time_ind <- seq_len(nrow(data))
> 
> ssr_control <- create_ssr_control(X_names=c("smooth_log_cases", "time_ind"),
+     y_names="total_cases",
+     time_name=NULL,
+     max_lag=list(smooth_log_cases=1,
+         time_ind=0),
+     prediction_horizons=as.integer(prediction_horizon_limit),
+     kernel_fns=list(smooth_log_cases="squared_exp_kernel",
+         time_ind="periodic_kernel"),
+     theta_est=list(smooth_log_cases="bw",
+         time_ind="bw"),
+     theta_fixed=list(time_ind=list(period=pi / 52)),
+     theta_transform_fns=list(
+         squared_exp_kernel=list(
+             bw=list(transform="log",
+                 detransform="exp")
+         ),
+         periodic_kernel=list(
+             bw=list(transform="log",
+                 detransform="exp")
+         )
+     ),
+     crossval_buffer=52,
+     loss_fn_name="mae_from_kernel_weights_and_centers",
+     loss_fn_args=list())
> 
> 
> ssr_fit <- ssr(X_names=c("smooth_log_cases", "time_ind"),
+     y_names="total_cases",
+     time_name=NULL,
+     data=data,
+     ssr_control=ssr_control)
616.7385FALSE
622.0666FALSE
460.4262FALSE
622.0462FALSE
616.7172FALSE
460.4255FALSE
622.087FALSE
616.7599FALSE
460.4269FALSE
611.0783FALSE
607.4408FALSE
465.2357FALSE
611.0867FALSE
465.2684FALSE
611.07FALSE
607.4541FALSE
610.3584FALSE
607.4275FALSE
465.203FALSE
610.3549FALSE
605.9819FALSE
459.9688FALSE
610.3619FALSE
459.9684FALSE
605.9758FALSE
610.1807FALSE
459.9692FALSE
605.9882FALSE
610.182FALSE
460.513FALSE
605.5679FALSE
610.1794FALSE
460.5189FALSE
605.5679FALSE
610.2021FALSE
460.5072FALSE
605.5679FALSE
610.2002FALSE
459.9225FALSE
605.5679FALSE
610.204FALSE
459.9224FALSE
605.5679FALSE
610.177FALSE
605.5679FALSE
$par
smooth_log_cases_lag0.bw 
               -1.564116 

$value
[1] 605.5679

$counts
function gradient 
       5        5 

$convergence
[1] 0

$message
[1] "CONVERGENCE: REL_REDUCTION_OF_F <= FACTR*EPSMCH"

610.1773FALSE
459.9226FALSE
610.1768FALSE
459.9486FALSE
610.1767FALSE
459.9493FALSE
610.177FALSE
459.9479FALSE
610.1765FALSE
610.1793FALSE
459.9225FALSE
610.1785FALSE
459.9225FALSE
610.1808FALSE
459.9225FALSE
610.1766FALSE
459.9224FALSE
610.1768FALSE
459.9224FALSE
610.1769FALSE
459.9224FALSE
610.1766FALSE
459.9224FALSE
610.1769FALSE
459.9224FALSE
610.1769FALSE
459.9224FALSE
$par
time_ind_lag0.bw 
       -1.915445 

$value
[1] 459.9224

$counts
function gradient 
       9        9 

$convergence
[1] 0

$message
[1] "CONVERGENCE: REL_REDUCTION_OF_F <= FACTR*EPSMCH"

610.1766FALSE
610.1768FALSE
610.1769FALSE
610.1766FALSE
610.1768FALSE
610.1769FALSE
610.1766FALSE
610.1768FALSE
610.1769FALSE
610.1766FALSE
610.1768FALSE
610.1769FALSE
610.1766FALSE
610.1768FALSE
610.1769FALSE
610.1766FALSE
610.1768FALSE
610.1769FALSE
610.1766FALSE
610.1768FALSE
610.1769FALSE
610.1766FALSE
610.1768FALSE
610.1769FALSE
610.1766FALSE
610.1768FALSE
610.1769FALSE
610.1766FALSE
610.1768FALSE
610.1769FALSE
610.1766FALSE
610.1768FALSE
610.1769FALSE
610.1766FALSE
610.1768FALSE
610.1769FALSE
610.1766FALSE
610.1768FALSE
610.1769FALSE
610.1766FALSE
610.1768FALSE
610.1769FALSE
610.1766FALSE
610.1768FALSE
610.1769FALSE
610.1766FALSE
610.1768FALSE
610.1769FALSE
$par
smooth_log_cases_lag1.bw 
               -1.514462 

$value
[1] 610.1766

$counts
function gradient 
      26       26 

$convergence
[1] 0

$message
[1] "CONVERGENCE: REL_REDUCTION_OF_F <= FACTR*EPSMCH"

514.4585FALSE
520.4902FALSE
514.4164FALSE
520.4434FALSE
514.5006FALSE
520.5369FALSE
514.4705FALSE
520.4955FALSE
514.4465FALSE
520.4848FALSE
475.3315FALSE
475.8283FALSE
475.307FALSE
475.7997FALSE
475.3561FALSE
475.8569FALSE
475.3344FALSE
475.83FALSE
475.3287FALSE
475.8265FALSE
461.2509FALSE
460.8477FALSE
461.2488FALSE
460.846FALSE
461.2529FALSE
460.8494FALSE
461.2496FALSE
460.8476FALSE
461.2522FALSE
460.8477FALSE
460.8726FALSE
460.6936FALSE
460.8709FALSE
460.6921FALSE
460.695FALSE
460.8743FALSE
460.6933FALSE
460.8718FALSE
460.6938FALSE
460.8735FALSE
460.3773FALSE
460.8413FALSE
460.3767FALSE
460.841FALSE
460.378FALSE
460.8417FALSE
460.3793FALSE
460.8482FALSE
460.3754FALSE
460.8346FALSE
460.1567FALSE
460.3823FALSE
460.1562FALSE
460.3816FALSE
460.1571FALSE
460.383FALSE
460.1573FALSE
460.3843FALSE
460.156FALSE
460.3803FALSE
460.0424FALSE
460.1607FALSE
460.0422FALSE
460.1602FALSE
460.0427FALSE
460.1612FALSE
460.0425FALSE
460.1613FALSE
460.0426FALSE
460.1602FALSE
459.997FALSE
460.0492FALSE
459.9969FALSE
460.049FALSE
459.9972FALSE
459.9962FALSE
460.0494FALSE
459.9978FALSE
459.9457FALSE
460.0484FALSE
459.9457FALSE
460.05FALSE
459.9458FALSE
459.9463FALSE
459.9809FALSE
459.9452FALSE
459.9374FALSE
459.9808FALSE
459.9373FALSE
459.9811FALSE
459.9808FALSE
459.9374FALSE
459.9811FALSE
459.9374FALSE
459.9574FALSE
459.9374FALSE
459.9573FALSE
459.9317FALSE
459.9574FALSE
459.9317FALSE
459.958FALSE
459.9568FALSE
459.9318FALSE
459.9371FALSE
459.9317FALSE
459.9317FALSE
459.9371FALSE
459.9267FALSE
459.9371FALSE
459.9267FALSE
459.9267FALSE
459.9371FALSE
459.9267FALSE
459.9371FALSE
459.9266FALSE
459.9305FALSE
459.9247FALSE
459.9305FALSE
459.9247FALSE
459.9305FALSE
459.9247FALSE
459.9305FALSE
459.9245FALSE
459.9304FALSE
459.9248FALSE
459.9266FALSE
459.9236FALSE
459.9266FALSE
459.9236FALSE
459.9266FALSE
459.9236FALSE
459.9265FALSE
459.9237FALSE
459.9268FALSE
459.9238FALSE
459.9248FALSE
459.9229FALSE
459.9247FALSE
459.9229FALSE
459.9248FALSE
459.9229FALSE
459.9246FALSE
459.923FALSE
459.9249FALSE
459.923FALSE
459.9256FALSE
459.9228FALSE
459.9256FALSE
459.9228FALSE
459.9256FALSE
459.9228FALSE
459.9263FALSE
459.9228FALSE
459.925FALSE
459.9227FALSE
459.9239FALSE
459.9226FALSE
459.9239FALSE
459.9226FALSE
459.9239FALSE
459.9226FALSE
459.9239FALSE
459.9239FALSE
459.9227FALSE
459.9235FALSE
459.9226FALSE
459.9232FALSE
459.9235FALSE
459.9232FALSE
459.9232FALSE
459.9235FALSE
459.9231FALSE
459.9234FALSE
459.9235FALSE
459.9226FALSE
459.9226FALSE
459.9235FALSE
459.9226FALSE
459.9226FALSE
459.9233FALSE
459.9225FALSE
459.9226FALSE
459.9233FALSE
459.9226FALSE
459.9226FALSE
459.9233FALSE
459.9224FALSE
459.9228FALSE
459.9239FALSE
459.9225FALSE
459.9225FALSE
459.9229FALSE
459.9225FALSE
459.9225FALSE
459.9233FALSE
459.9226FALSE
459.9224FALSE
459.9233FALSE
459.9224FALSE
459.9233FALSE
459.9224FALSE
459.9225FALSE
459.9233FALSE
459.9225FALSE
459.9224FALSE
459.9233FALSE
459.9224FALSE
459.9282FALSE
459.9224FALSE
459.9225FALSE
459.9282FALSE
459.9225FALSE
459.9224FALSE
459.9282FALSE
459.9224FALSE
459.9224FALSE
459.9288FALSE
459.9225FALSE
459.9276FALSE
459.9225FALSE
459.9224FALSE
459.9232FALSE
459.9224FALSE
459.9224FALSE
459.9232FALSE
459.9224FALSE
459.9232FALSE
459.9224FALSE
459.9224FALSE
459.9232FALSE
459.9224FALSE
459.9224FALSE
459.9232FALSE
459.9224FALSE
459.9224FALSE
459.926FALSE
459.9226FALSE
459.926FALSE
459.9226FALSE
459.9226FALSE
459.926FALSE
459.9226FALSE
459.9266FALSE
459.9226FALSE
459.9224FALSE
459.9254FALSE
459.9224FALSE
459.9231FALSE
459.9224FALSE
459.9224FALSE
459.9231FALSE
459.9224FALSE
459.9224FALSE
459.9231FALSE
459.9224FALSE
459.9224FALSE
459.9231FALSE
459.9224FALSE
459.9224FALSE
459.9232FALSE
459.9224FALSE
459.9224FALSE
459.9246FALSE
459.9224FALSE
459.9224FALSE
459.9246FALSE
459.9224FALSE
459.9224FALSE
459.9246FALSE
459.9224FALSE
459.9224FALSE
459.9253FALSE
459.9224FALSE
459.924FALSE
459.9224FALSE
459.9224FALSE
459.9231FALSE
459.9224FALSE
459.9224FALSE
459.9231FALSE
459.9224FALSE
459.9224FALSE
459.9231FALSE
459.9224FALSE
459.9224FALSE
459.9231FALSE
459.9224FALSE
459.9224FALSE
459.9231FALSE
459.9224FALSE
459.9238FALSE
459.9224FALSE
459.9238FALSE
459.9224FALSE
459.9238FALSE
459.9224FALSE
459.9244FALSE
459.9224FALSE
459.9232FALSE
459.9224FALSE
459.9231FALSE
459.9224FALSE
459.9224FALSE
459.9231FALSE
459.9224FALSE
459.9231FALSE
459.9224FALSE
459.9231FALSE
459.9224FALSE
459.9224FALSE
459.9231FALSE
459.9224FALSE
459.932FALSE
459.9224FALSE
459.932FALSE
459.9224FALSE
459.9224FALSE
459.9321FALSE
459.9224FALSE
459.9326FALSE
459.9224FALSE
459.9315FALSE
459.923FALSE
459.9224FALSE
459.923FALSE
459.9224FALSE
459.9224FALSE
459.923FALSE
459.9234FALSE
459.9224FALSE
459.923FALSE
459.9224FALSE
459.923FALSE
459.9224FALSE
459.923FALSE
459.9224FALSE
459.923FALSE
459.9224FALSE
459.9232FALSE
459.9224FALSE
459.9231FALSE
459.9224FALSE
459.923FALSE
459.9224FALSE
459.923FALSE
459.9224FALSE
459.923FALSE
459.9224FALSE
459.9231FALSE
459.9224FALSE
459.923FALSE
459.9224FALSE
459.9227FALSE
459.9224FALSE
459.9227FALSE
459.9224FALSE
459.9227FALSE
459.9224FALSE
459.9227FALSE
459.9224FALSE
459.9227FALSE
459.9224FALSE
459.9226FALSE
459.9224FALSE
459.9226FALSE
459.9224FALSE
459.9226FALSE
459.9224FALSE
459.9227FALSE
459.9224FALSE
459.9227FALSE
459.9224FALSE
459.9226FALSE
459.9224FALSE
459.9226FALSE
459.9224FALSE
459.9226FALSE
459.9224FALSE
459.9226FALSE
459.9224FALSE
459.9226FALSE
459.9224FALSE
459.9226FALSE
459.9224FALSE
459.9226FALSE
459.9224FALSE
459.9226FALSE
459.9224FALSE
459.9226FALSE
459.9226FALSE
459.9224FALSE
459.9464FALSE
459.9224FALSE
459.9464FALSE
459.9224FALSE
459.9464FALSE
459.9224FALSE
459.9457FALSE
459.9224FALSE
459.9471FALSE
459.9224FALSE
459.9226FALSE
459.9224FALSE
459.9226FALSE
459.9224FALSE
459.9226FALSE
459.9224FALSE
459.9226FALSE
459.9224FALSE
459.9226FALSE
459.9224FALSE
459.9226FALSE
459.9224FALSE
459.9226FALSE
459.9224FALSE
459.9226FALSE
459.9224FALSE
459.9226FALSE
459.9224FALSE
459.9226FALSE
459.9224FALSE
459.9226FALSE
459.9224FALSE
459.9226FALSE
459.9224FALSE
459.9226FALSE
459.9224FALSE
459.9226FALSE
459.9224FALSE
459.9226FALSE
459.9224FALSE
459.9226FALSE
459.9224FALSE
459.9226FALSE
459.9224FALSE
459.9226FALSE
459.9224FALSE
459.9226FALSE
459.9226FALSE
459.9224FALSE
459.9226FALSE
459.9224FALSE
459.9226FALSE
459.9224FALSE
459.9226FALSE
459.9224FALSE
459.9226FALSE
459.9224FALSE
459.9226FALSE
459.9224FALSE
459.9226FALSE
459.9224FALSE
459.9226FALSE
459.9224FALSE
459.9226FALSE
459.9224FALSE
459.9226FALSE
459.9224FALSE
459.9226FALSE
459.9224FALSE
459.9226FALSE
459.9224FALSE
459.9226FALSE
459.9224FALSE
459.9226FALSE
459.9224FALSE
459.9226FALSE
459.9224FALSE
459.9226FALSE
459.9224FALSE
459.9226FALSE
459.9224FALSE
459.9226FALSE
459.9224FALSE
459.9226FALSE
459.9224FALSE
459.9226FALSE
459.9224FALSE
459.9226FALSE
459.9224FALSE
459.9226FALSE
459.9224FALSE
459.9226FALSE
459.9226FALSE
459.9224FALSE
459.9226FALSE
459.9224FALSE
459.9226FALSE
459.9224FALSE
459.9224FALSE
459.9226FALSE
459.9224FALSE
459.9226FALSE
459.9224FALSE
459.9226FALSE
459.9224FALSE
459.9226FALSE
459.9224FALSE
459.9226FALSE
459.9224FALSE
459.9226FALSE
459.9224FALSE
459.9226FALSE
459.9224FALSE
459.9226FALSE
459.9224FALSE
459.9224FALSE
459.9226FALSE
459.9224FALSE
459.9226FALSE
459.9224FALSE
459.9226FALSE
459.9224FALSE
459.9226FALSE
459.9224FALSE
459.9226FALSE
459.9224FALSE
459.9224FALSE
459.9226FALSE
459.9224FALSE
459.9226FALSE
459.9224FALSE
459.9226FALSE
459.9224FALSE
459.9226FALSE
459.9224FALSE
459.9226FALSE
459.9224FALSE
459.9224FALSE
459.9226FALSE
459.9224FALSE
459.9226FALSE
459.9224FALSE
459.9226FALSE
459.9224FALSE
459.9226FALSE
459.9224FALSE
459.9226FALSE
459.9224FALSE
459.9224FALSE
459.9226FALSE
459.9224FALSE
459.9226FALSE
459.9224FALSE
459.9226FALSE
459.9224FALSE
459.9226FALSE
459.9224FALSE
459.9226FALSE
459.9224FALSE
459.9226FALSE
459.9224FALSE
459.9226FALSE
459.9224FALSE
459.9226FALSE
459.9224FALSE
459.9226FALSE
459.9224FALSE
459.9226FALSE
459.9224FALSE
459.9226FALSE
459.9224FALSE
459.9226FALSE
459.9226FALSE
459.9224FALSE
459.9226FALSE
459.9226FALSE
459.9224FALSE
459.9226FALSE
459.9224FALSE
459.9226FALSE
459.9224FALSE
459.9226FALSE
459.9226FALSE
459.9224FALSE
459.9226FALSE
459.9224FALSE
459.9226FALSE
459.9224FALSE
459.9226FALSE
459.9224FALSE
459.9226FALSE
459.9224FALSE
459.9226FALSE
459.9224FALSE
459.9226FALSE
459.9224FALSE
459.9226FALSE
459.9224FALSE
459.9226FALSE
459.9224FALSE
459.9226FALSE
459.9224FALSE
459.9226FALSE
459.9224FALSE
459.9226FALSE
459.9224FALSE
459.9226FALSE
459.9224FALSE
$par
smooth_log_cases_lag0.bw         time_ind_lag0.bw 
                6.479912                -1.915445 

$value
[1] 459.9224

$counts
function gradient 
      64       64 

$convergence
[1] 0

$message
[1] "CONVERGENCE: REL_REDUCTION_OF_F <= FACTR*EPSMCH"

459.9226FALSE
459.9226FALSE
459.9226FALSE
459.9226FALSE
459.9226FALSE
459.9226FALSE
459.9226FALSE
459.9226FALSE
459.9226FALSE
459.9226FALSE
459.9226FALSE
459.9226FALSE
459.9226FALSE
459.9226FALSE
459.9226FALSE
459.9226FALSE
459.9226FALSE
459.9226FALSE
459.9226FALSE
459.9226FALSE
459.9226FALSE
459.9226FALSE
459.9226FALSE
459.9226FALSE
459.9226FALSE
459.9226FALSE
459.9226FALSE
459.9226FALSE
459.9226FALSE
459.9226FALSE
459.9226FALSE
459.9226FALSE
459.9226FALSE
459.9226FALSE
459.9226FALSE
459.9226FALSE
459.9226FALSE
459.9226FALSE
459.9226FALSE
459.9226FALSE
459.9226FALSE
459.9226FALSE
459.9226FALSE
459.9226FALSE
459.9226FALSE
459.9226FALSE
459.9226FALSE
459.9226FALSE
459.9226FALSE
459.9226FALSE
459.9226FALSE
459.9226FALSE
459.9226FALSE
459.9226FALSE
459.9226FALSE
459.9226FALSE
459.9226FALSE
459.9226FALSE
459.9226FALSE
459.9226FALSE
459.9226FALSE
459.9226FALSE
459.9226FALSE
459.9226FALSE
459.9226FALSE
459.9226FALSE
459.9226FALSE
459.9226FALSE
459.9226FALSE
459.9226FALSE
459.9226FALSE
459.9226FALSE
459.9226FALSE
459.9226FALSE
459.9226FALSE
459.9226FALSE
459.9226FALSE
459.9226FALSE
459.9226FALSE
459.9226FALSE
459.9226FALSE
459.9226FALSE
459.9226FALSE
459.9226FALSE
459.9226FALSE
459.9226FALSE
459.9226FALSE
459.9226FALSE
459.9226FALSE
459.9226FALSE
459.9226FALSE
459.9226FALSE
459.9226FALSE
459.9226FALSE
459.9226FALSE
459.9226FALSE
$par
smooth_log_cases_lag1.bw         time_ind_lag0.bw 
                5.591124                -1.904637 

$value
[1] 459.9226

$counts
function gradient 
      75       75 

$convergence
[1] 52

$message
[1] "ERROR: ABNORMAL_TERMINATION_IN_LNSRCH"

> 
> save(ssr_fit,
+     file=paste0("/home/ngr67a/2015-cdc-flu-competition/fit-competition-ssr-ph", prediction_horizon_limit, "-", data_set, ".Rdata"))
> 
> proc.time()
    user   system  elapsed 
 903.531    0.519 1013.928 
