
R version 3.2.2 (2015-08-14) -- "Fire Safety"
Copyright (C) 2015 The R Foundation for Statistical Computing
Platform: x86_64-pc-linux-gnu (64-bit)

R is free software and comes with ABSOLUTELY NO WARRANTY.
You are welcome to redistribute it under certain conditions.
Type 'license()' or 'licence()' for distribution details.

  Natural language support but running in an English locale

R is a collaborative project with many contributors.
Type 'contributors()' for more information and
'citation()' on how to cite R or R packages in publications.

Type 'demo()' for some demos, 'help()' for on-line help, or
'help.start()' for an HTML browser interface to help.
Type 'q()' to quit R.

> ### get ssr fit -- prediction horizons 1:52
> library(lubridate)
> library(ggplot2)
> library(plyr)

Attaching package: ‘plyr’

The following object is masked from ‘package:lubridate’:

    here

> library(dplyr)

Attaching package: ‘dplyr’

The following objects are masked from ‘package:plyr’:

    arrange, count, desc, failwith, id, mutate, rename, summarise,
    summarize

The following objects are masked from ‘package:lubridate’:

    intersect, setdiff, union

The following objects are masked from ‘package:stats’:

    filter, lag

The following objects are masked from ‘package:base’:

    intersect, setdiff, setequal, union

> library(reshape)

Attaching package: ‘reshape’

The following object is masked from ‘package:dplyr’:

    rename

The following objects are masked from ‘package:plyr’:

    rename, round_any

The following object is masked from ‘package:lubridate’:

    stamp

> library(ssrFlu)
> library(doMC)
Loading required package: foreach
Loading required package: iterators
Loading required package: parallel
> 
> registerDoMC(cores=3)
> 
> args <- commandArgs(trailingOnly=TRUE)
> 
> data_set <- args[1]
> prediction_horizon_limit <- as.integer(args[2])
> 
> ## load dataset
> if(identical(data_set, "ili_national")) {
+     data <- ili_national
+ } 
> if(identical(data_set, "ili_region1")) {
+     data <- ili_region1
+ } 
> if(identical(data_set, "ili_region2")) {
+     data <- ili_region2
+ } 
> if(identical(data_set, "ili_region3")) {
+     data <- ili_region3
+ } 
> if(identical(data_set, "ili_region4")) {
+     data <- ili_region4
+ } 
> if(identical(data_set, "ili_region5")) {
+     data <- ili_region5
+ } 
> if(identical(data_set, "ili_region6")) {
+     data <- ili_region6
+ } 
> if(identical(data_set, "ili_region7")) {
+     data <- ili_region7
+ } 
> if(identical(data_set, "ili_region8")) {
+     data <- ili_region8
+ } 
> if(identical(data_set, "ili_region9")) {
+     data <- ili_region9
+ } 
> if(identical(data_set, "ili_region10")) {
+     data <- ili_region10
+ } 
> 
> 
> 
> ## add log column
> data$log_total_cases <- log(data$total_cases + 1)
> 
> ## add week_start_date
> char_dates <- paste(data$year, data$week, "1")
> data$week_start_date <- as.Date(char_dates, format="%Y %W %w")
> 
> ## remove week 53s
> data <- data[-which(is.na(data$week_start_date)),]
> data <- data[262:nrow(data),]
> 
> ## add smooth log column -- or not, since it is already pretty smooth...
> sm <- loess(log_total_cases ~ as.numeric(week_start_date), data=data, span= 26 / nrow(data))
> data$smooth_log_cases <- sm$fitted
> 
> ## add time column
> data$time_ind <- seq_len(nrow(data))
> 
> ssr_control <- create_ssr_control(X_names=c("smooth_log_cases", "time_ind"),
+     y_names="total_cases",
+     time_name=NULL,
+     max_lag=list(smooth_log_cases=1,
+         time_ind=0),
+     prediction_horizons=as.integer(prediction_horizon_limit),
+     kernel_fns=list(smooth_log_cases="squared_exp_kernel",
+         time_ind="periodic_kernel"),
+     theta_est=list(smooth_log_cases="bw",
+         time_ind="bw"),
+     theta_fixed=list(time_ind=list(period=pi / 52)),
+     theta_transform_fns=list(
+         squared_exp_kernel=list(
+             bw=list(transform="log",
+                 detransform="exp")
+         ),
+         periodic_kernel=list(
+             bw=list(transform="log",
+                 detransform="exp")
+         )
+     ),
+     crossval_buffer=52,
+     loss_fn_name="mae_from_kernel_weights_and_centers",
+     loss_fn_args=list())
> 
> 
> ssr_fit <- ssr(X_names=c("smooth_log_cases", "time_ind"),
+     y_names="total_cases",
+     time_name=NULL,
+     data=data,
+     ssr_control=ssr_control)
529.491FALSE
392.3478FALSE
531.4899FALSE
529.4873FALSE
392.3465FALSE
531.4892FALSE
531.4906FALSE
392.3492FALSE
529.4947FALSE
400.8202FALSE
534.3861FALSE
542.6104FALSE
400.8514FALSE
534.4054FALSE
542.6325FALSE
400.7891FALSE
542.5884FALSE
534.3667FALSE
392.2981FALSE
531.475FALSE
528.5201FALSE
392.2986FALSE
528.5178FALSE
531.4746FALSE
531.4753FALSE
528.5223FALSE
392.2977FALSE
531.4648FALSE
529.9038FALSE
392.2776FALSE
531.4647FALSE
529.9164FALSE
392.2779FALSE
529.8913FALSE
531.4648FALSE
392.2773FALSE
528.3235FALSE
531.4646FALSE
392.3067FALSE
528.3225FALSE
531.4645FALSE
392.3059FALSE
528.3245FALSE
531.4646FALSE
392.3076FALSE
528.3011FALSE
531.4627FALSE
392.2712FALSE
528.3018FALSE
531.4626FALSE
392.2715FALSE
531.4629FALSE
528.3004FALSE
392.2708FALSE
531.4527FALSE
392.2677FALSE
528.2852FALSE
531.4529FALSE
392.2681FALSE
531.4524FALSE
528.285FALSE
392.2674FALSE
531.4563FALSE
528.2855FALSE
392.2801FALSE
531.456FALSE
528.2834FALSE
392.2792FALSE
528.2839FALSE
531.4566FALSE
392.281FALSE
528.2833FALSE
392.2656FALSE
528.2842FALSE
531.4499FALSE
528.284FALSE
531.4502FALSE
392.266FALSE
528.2844FALSE
531.4497FALSE
392.2653FALSE
531.4488FALSE
528.2966FALSE
531.4491FALSE
392.2645FALSE
528.2972FALSE
531.4487FALSE
392.2649FALSE
528.2959FALSE
531.4489FALSE
392.2641FALSE
528.2836FALSE
531.4486FALSE
528.2834FALSE
392.2703FALSE
531.4493FALSE
528.2837FALSE
531.4488FALSE
392.2694FALSE
528.2965FALSE
531.4491FALSE
392.2712FALSE
528.2972FALSE
531.4487FALSE
528.2958FALSE
392.2639FALSE
531.4639FALSE
528.2832FALSE
531.4638FALSE
392.2643FALSE
528.2836FALSE
531.464FALSE
528.2834FALSE
392.264FALSE
531.4505FALSE
528.2833FALSE
531.4501FALSE
392.2888FALSE
528.2832FALSE
531.4509FALSE
392.2879FALSE
528.2835FALSE
531.4486FALSE
392.2897FALSE
528.2832FALSE
531.4489FALSE
392.2641FALSE
528.2836FALSE
531.4489FALSE
528.2834FALSE
392.2639FALSE
528.2832FALSE
531.4486FALSE
392.2648FALSE
528.2836FALSE
531.4489FALSE
528.2834FALSE
392.2638FALSE
531.4489FALSE
528.2832FALSE
392.2642FALSE
531.4486FALSE
528.2836FALSE
392.2642FALSE
528.2834FALSE
531.4489FALSE
392.2638FALSE
528.2832FALSE
531.4489FALSE
392.2642FALSE
528.2836FALSE
531.4486FALSE
392.2642FALSE
528.2834FALSE
531.4489FALSE
392.2638FALSE
528.2832FALSE
531.4489FALSE
392.2642FALSE
528.2836FALSE
531.4486FALSE
392.2642FALSE
528.2834FALSE
531.4489FALSE
392.2638FALSE
528.2832FALSE
531.4489FALSE
528.2836FALSE
392.2642FALSE
531.4486FALSE
528.2834FALSE
392.2642FALSE
531.4489FALSE
528.2832FALSE
392.2638FALSE
531.4489FALSE
528.2836FALSE
392.2642FALSE
531.4486FALSE
528.2834FALSE
392.2642FALSE
531.4489FALSE
528.2832FALSE
392.2638FALSE
531.4489FALSE
528.2836FALSE
392.2642FALSE
531.4486FALSE
528.2834FALSE
392.2642FALSE
531.4489FALSE
528.2832FALSE
392.2638FALSE
531.4489FALSE
528.2836FALSE
531.4486FALSE
392.2642FALSE
528.2834FALSE
392.2642FALSE
531.4489FALSE
528.2832FALSE
392.2638FALSE
531.4489FALSE
528.2836FALSE
392.2642FALSE
528.2834FALSE
531.4486FALSE
392.2642FALSE
528.2832FALSE
531.4489FALSE
392.2638FALSE
528.2836FALSE
392.2642FALSE
531.4489FALSE
528.2834FALSE
392.2642FALSE
531.4486FALSE
528.2832FALSE
392.2638FALSE
531.4489FALSE
392.2642FALSE
528.2836FALSE
392.2642FALSE
531.4489FALSE
528.2834FALSE
392.2638FALSE
531.4486FALSE
528.2832FALSE
392.2642FALSE
528.2836FALSE
531.4489FALSE
392.2642FALSE
528.2834FALSE
392.2638FALSE
531.4489FALSE
528.2832FALSE
392.2642FALSE
531.4486FALSE
528.2836FALSE
392.2642FALSE
531.4489FALSE
528.2834FALSE
392.2638FALSE
528.2832FALSE
392.2642FALSE
531.4489FALSE
392.2642FALSE
531.4486FALSE
528.2836FALSE
392.2638FALSE
531.4489FALSE
528.2834FALSE
392.2642FALSE
531.4489FALSE
528.2832FALSE
531.4486FALSE
392.2642FALSE
528.2836FALSE
531.4489FALSE
528.2834FALSE
392.2638FALSE
531.4489FALSE
528.2832FALSE
392.2642FALSE
531.4486FALSE
528.2836FALSE
392.2642FALSE
531.4489FALSE
528.2834FALSE
392.2638FALSE
531.4489FALSE
528.2832FALSE
392.2642FALSE
531.4486FALSE
531.4489FALSE
528.2836FALSE
392.2642FALSE
531.4489FALSE
528.2834FALSE
$par
smooth_log_cases_lag1.bw 
               -1.847925 

$value
[1] 528.2832

$counts
function gradient 
      32       32 

$convergence
[1] 0

$message
[1] "CONVERGENCE: REL_REDUCTION_OF_F <= FACTR*EPSMCH"

392.2638FALSE
531.4486FALSE
392.2642FALSE
531.4489FALSE
392.2642FALSE
531.4489FALSE
392.2638FALSE
531.4486FALSE
392.2642FALSE
531.4489FALSE
392.2642FALSE
531.4489FALSE
392.2638FALSE
531.4486FALSE
392.2642FALSE
531.4489FALSE
392.2642FALSE
531.4489FALSE
392.2638FALSE
531.4486FALSE
392.2642FALSE
531.4489FALSE
392.2642FALSE
531.4489FALSE
392.2638FALSE
392.2642FALSE
531.4544FALSE
392.2642FALSE
392.2671FALSE
531.4551FALSE
392.2675FALSE
531.4537FALSE
392.2668FALSE
531.4488FALSE
392.2638FALSE
531.4491FALSE
392.2642FALSE
531.4487FALSE
392.2642FALSE
392.2638FALSE
531.4486FALSE
392.2642FALSE
392.2642FALSE
531.4489FALSE
392.2638FALSE
392.2642FALSE
531.4489FALSE
392.2642FALSE
531.4486FALSE
392.2638FALSE
531.4489FALSE
392.2642FALSE
531.4489FALSE
392.2642FALSE
531.4486FALSE
392.2638FALSE
531.4489FALSE
531.4489FALSE
392.2642FALSE
531.4486FALSE
392.2642FALSE
392.2638FALSE
531.4489FALSE
392.2642FALSE
531.4489FALSE
392.2642FALSE
531.4486FALSE
392.2638FALSE
531.4489FALSE
392.2642FALSE
531.4489FALSE
392.2642FALSE
531.4486FALSE
392.2638FALSE
531.4489FALSE
392.2642FALSE
531.4489FALSE
392.2642FALSE
531.4486FALSE
392.2638FALSE
531.4489FALSE
392.2642FALSE
531.4489FALSE
392.2642FALSE
531.4486FALSE
392.2638FALSE
531.4489FALSE
392.2642FALSE
531.4489FALSE
392.2642FALSE
531.4486FALSE
392.2638FALSE
531.4489FALSE
531.4489FALSE
392.2642FALSE
531.4486FALSE
392.2642FALSE
531.4489FALSE
392.2638FALSE
531.4489FALSE
392.2642FALSE
531.4486FALSE
531.4489FALSE
392.2642FALSE
531.4489FALSE
392.2638FALSE
531.4486FALSE
392.2642FALSE
531.4489FALSE
392.2642FALSE
531.4489FALSE
$par
smooth_log_cases_lag0.bw 
               -2.181802 

$value
[1] 531.4486

$counts
function gradient 
      49       49 

$convergence
[1] 0

$message
[1] "CONVERGENCE: REL_REDUCTION_OF_F <= FACTR*EPSMCH"

392.2638FALSE
392.2642FALSE
392.2642FALSE
392.2638FALSE
392.2642FALSE
392.2642FALSE
392.2638FALSE
392.2642FALSE
392.2642FALSE
392.2638FALSE
392.2642FALSE
392.2642FALSE
392.2638FALSE
392.2642FALSE
392.2642FALSE
392.2638FALSE
392.2642FALSE
392.2642FALSE
$par
time_ind_lag0.bw 
       -2.210443 

$value
[1] 392.2638

$counts
function gradient 
      55       55 

$convergence
[1] 52

$message
[1] "ERROR: ABNORMAL_TERMINATION_IN_LNSRCH"

396.4871FALSE
403.7182FALSE
396.5095FALSE
403.7373FALSE
396.4675FALSE
403.6989FALSE
396.455FALSE
403.6867FALSE
396.5192FALSE
403.7495FALSE
406.1341FALSE
413.5928FALSE
406.1279FALSE
413.5849FALSE
406.1402FALSE
413.6007FALSE
406.1784FALSE
413.6402FALSE
406.0897FALSE
413.5454FALSE
394.4374FALSE
399.8911FALSE
394.4401FALSE
399.8917FALSE
394.4346FALSE
394.4356FALSE
399.8904FALSE
394.4392FALSE
399.8865FALSE
394.4229FALSE
399.8957FALSE
394.4189FALSE
399.6686FALSE
394.4268FALSE
399.6709FALSE
394.4263FALSE
399.6664FALSE
394.4195FALSE
399.6661FALSE
394.3858FALSE
399.6712FALSE
394.39FALSE
399.948FALSE
394.3815FALSE
399.9501FALSE
394.3834FALSE
399.9459FALSE
394.3881FALSE
399.9564FALSE
399.9397FALSE
394.3992FALSE
399.5112FALSE
394.3973FALSE
399.5148FALSE
394.4009FALSE
394.4011FALSE
399.5075FALSE
394.3972FALSE
399.5089FALSE
394.3849FALSE
399.5135FALSE
394.3891FALSE
399.5017FALSE
394.3805FALSE
399.4993FALSE
394.3825FALSE
399.5041FALSE
394.3872FALSE
399.5041FALSE
399.4993FALSE
394.3893FALSE
394.3871FALSE
399.4776FALSE
394.3914FALSE
399.4818FALSE
394.3914FALSE
399.479FALSE
394.3872FALSE
399.4785FALSE
394.3759FALSE
399.4799FALSE
394.3791FALSE
399.5675FALSE
394.3785FALSE
394.3782FALSE
399.5683FALSE
394.377FALSE
399.5671FALSE
399.5726FALSE
394.3757FALSE
399.5651FALSE
394.3802FALSE
399.4886FALSE
394.3755FALSE
399.4859FALSE
394.3752FALSE
399.4912FALSE
394.3782FALSE
399.491FALSE
394.3758FALSE
399.4862FALSE
394.3737FALSE
399.4772FALSE
394.3778FALSE
399.4804FALSE
394.3778FALSE
399.4801FALSE
394.3738FALSE
394.3743FALSE
399.4797FALSE
394.373FALSE
399.4785FALSE
394.3766FALSE
399.4783FALSE
394.3765FALSE
399.4758FALSE
394.3721FALSE
399.481FALSE
394.3708FALSE
399.4806FALSE
394.3691FALSE
399.476FALSE
394.3724FALSE
394.3726FALSE
399.4774FALSE
394.369FALSE
399.4796FALSE
394.3595FALSE
399.4802FALSE
394.3591FALSE
399.4798FALSE
394.3597FALSE
399.4777FALSE
399.4772FALSE
394.3604FALSE
399.4803FALSE
394.3585FALSE
399.4801FALSE
394.9418FALSE
399.4797FALSE
394.9372FALSE
399.4784FALSE
394.9462FALSE
399.4772FALSE
394.9383FALSE
399.4804FALSE
394.9451FALSE
399.4801FALSE
394.3544FALSE
399.4797FALSE
394.354FALSE
399.4785FALSE
394.3578FALSE
394.3572FALSE
399.4772FALSE
394.3532FALSE
399.4804FALSE
395.3644FALSE
399.4801FALSE
395.3611FALSE
399.4797FALSE
395.3676FALSE
399.4785FALSE
395.3589FALSE
395.3698FALSE
399.4772FALSE
399.4804FALSE
394.3573FALSE
399.4801FALSE
394.3531FALSE
399.4797FALSE
394.3613FALSE
394.3598FALSE
399.4785FALSE
394.3547FALSE
399.4772FALSE
399.4804FALSE
394.3545FALSE
399.4801FALSE
394.3537FALSE
399.4797FALSE
394.3578FALSE
399.4785FALSE
394.3573FALSE
399.4772FALSE
394.3529FALSE
399.4804FALSE
394.3544FALSE
399.4801FALSE
394.354FALSE
399.4797FALSE
394.3578FALSE
399.4785FALSE
399.4772FALSE
394.3572FALSE
399.4804FALSE
394.3532FALSE
399.4801FALSE
394.3544FALSE
399.4797FALSE
394.354FALSE
399.4785FALSE
394.3578FALSE
399.4772FALSE
394.3572FALSE
399.4804FALSE
399.4801FALSE
394.3532FALSE
399.4797FALSE
394.3544FALSE
399.4785FALSE
394.354FALSE
399.4772FALSE
394.3578FALSE
399.4804FALSE
394.3572FALSE
399.4801FALSE
394.3532FALSE
399.4797FALSE
394.3544FALSE
399.4785FALSE
394.354FALSE
399.4772FALSE
394.3578FALSE
399.4804FALSE
394.3572FALSE
399.4801FALSE
394.3532FALSE
399.4797FALSE
394.3544FALSE
399.4785FALSE
394.354FALSE
399.4772FALSE
394.3578FALSE
399.4804FALSE
394.3572FALSE
399.4801FALSE
394.3532FALSE
399.4797FALSE
394.3544FALSE
394.354FALSE
399.4785FALSE
394.3578FALSE
399.4772FALSE
394.3572FALSE
399.4804FALSE
394.3532FALSE
399.4801FALSE
394.3544FALSE
394.354FALSE
399.4797FALSE
399.4785FALSE
394.3578FALSE
394.3572FALSE
399.4772FALSE
394.3532FALSE
399.4804FALSE
394.3544FALSE
394.354FALSE
399.4801FALSE
394.3578FALSE
394.3572FALSE
399.4797FALSE
394.3532FALSE
394.3544FALSE
399.4785FALSE
394.354FALSE
399.4772FALSE
394.3578FALSE
399.4804FALSE
394.3572FALSE
399.4801FALSE
394.3532FALSE
399.4797FALSE
394.3544FALSE
399.4785FALSE
394.354FALSE
399.4772FALSE
394.3578FALSE
399.4804FALSE
394.3572FALSE
399.4801FALSE
394.3532FALSE
399.4797FALSE
399.4785FALSE
394.3544FALSE
399.4772FALSE
394.354FALSE
399.4804FALSE
399.4801FALSE
394.3578FALSE
399.4797FALSE
394.3572FALSE
399.4785FALSE
394.3532FALSE
399.4772FALSE
394.3544FALSE
399.4804FALSE
394.354FALSE
399.4801FALSE
394.3578FALSE
399.4797FALSE
394.3572FALSE
399.4785FALSE
399.4772FALSE
394.3532FALSE
399.4804FALSE
394.3544FALSE
399.4801FALSE
399.4797FALSE
394.354FALSE
399.4785FALSE
394.3578FALSE
406.3108FALSE
394.3572FALSE
406.3323FALSE
394.3532FALSE
406.2891FALSE
406.2657FALSE
394.3544FALSE
406.3558FALSE
394.354FALSE
399.5579FALSE
394.3578FALSE
399.561FALSE
394.3572FALSE
399.5547FALSE
394.3532FALSE
399.5539FALSE
394.3544FALSE
399.5619FALSE
394.354FALSE
399.4806FALSE
394.3578FALSE
399.4848FALSE
399.4764FALSE
394.3572FALSE
399.4782FALSE
394.3532FALSE
$par
smooth_log_cases_lag0.bw         time_ind_lag0.bw 
               -2.558275                -1.983540 

$value
[1] 394.3544

$counts
function gradient 
      34       34 

$convergence
[1] 0

$message
[1] "CONVERGENCE: REL_REDUCTION_OF_F <= FACTR*EPSMCH"

399.483FALSE
399.4768FALSE
399.481FALSE
399.4792FALSE
399.4788FALSE
399.4791FALSE
399.4764FALSE
399.4802FALSE
399.4792FALSE
399.4788FALSE
399.4783FALSE
399.4767FALSE
399.4771FALSE
399.4794FALSE
399.479FALSE
399.4752FALSE
399.4764FALSE
399.4797FALSE
399.4793FALSE
399.4788FALSE
399.4779FALSE
399.4764FALSE
399.4801FALSE
399.4792FALSE
399.4788FALSE
399.4782FALSE
399.4764FALSE
399.4802FALSE
399.4792FALSE
399.4788FALSE
399.4783FALSE
399.476FALSE
399.4797FALSE
399.4788FALSE
399.4784FALSE
399.4779FALSE
399.4745FALSE
399.4782FALSE
399.4773FALSE
399.4768FALSE
399.4764FALSE
399.497FALSE
399.5011FALSE
399.4994FALSE
399.4965FALSE
399.5017FALSE
399.4717FALSE
399.476FALSE
399.4743FALSE
399.4736FALSE
399.4744FALSE
399.4768FALSE
399.4744FALSE
399.4791FALSE
399.4782FALSE
399.4755FALSE
399.4722FALSE
399.4749FALSE
399.4747FALSE
399.474FALSE
399.4733FALSE
399.4718FALSE
399.4759FALSE
399.4744FALSE
399.4737FALSE
399.4743FALSE
399.4717FALSE
399.476FALSE
399.4743FALSE
399.4736FALSE
399.4743FALSE
399.4717FALSE
399.476FALSE
399.4743FALSE
399.4736FALSE
399.4744FALSE
399.4717FALSE
399.476FALSE
399.4743FALSE
399.4736FALSE
399.4744FALSE
399.4717FALSE
399.476FALSE
399.4743FALSE
399.4736FALSE
399.4744FALSE
399.4717FALSE
399.476FALSE
399.4743FALSE
399.4736FALSE
399.4744FALSE
399.4717FALSE
399.476FALSE
399.4743FALSE
399.4736FALSE
399.4744FALSE
399.4717FALSE
399.476FALSE
399.4743FALSE
399.4736FALSE
399.4744FALSE
399.4717FALSE
399.476FALSE
399.4743FALSE
399.4736FALSE
399.4744FALSE
399.4717FALSE
399.476FALSE
399.4743FALSE
399.4736FALSE
399.4744FALSE
399.4717FALSE
399.476FALSE
399.4743FALSE
399.4736FALSE
399.4744FALSE
399.4717FALSE
399.476FALSE
399.4743FALSE
399.4736FALSE
399.4744FALSE
399.4717FALSE
399.476FALSE
399.4743FALSE
399.4736FALSE
399.4744FALSE
399.4717FALSE
399.476FALSE
399.4743FALSE
399.4736FALSE
399.4744FALSE
399.4717FALSE
399.476FALSE
399.4743FALSE
399.4736FALSE
399.4744FALSE
399.4717FALSE
399.476FALSE
399.4743FALSE
399.4736FALSE
399.4744FALSE
399.4717FALSE
399.476FALSE
399.4743FALSE
399.4736FALSE
399.4744FALSE
399.4717FALSE
399.476FALSE
399.4743FALSE
399.4736FALSE
399.4744FALSE
$par
smooth_log_cases_lag1.bw         time_ind_lag0.bw 
               -2.528346                -1.829878 

$value
[1] 399.4717

$counts
function gradient 
      64       64 

$convergence
[1] 0

$message
[1] "CONVERGENCE: REL_REDUCTION_OF_F <= FACTR*EPSMCH"

> 
> save(ssr_fit,
+     file=paste0("/home/ngr67a/2015-cdc-flu-competition/fit-competition-ssr-ph", prediction_horizon_limit, "-", data_set, ".Rdata"))
> 
> proc.time()
    user   system  elapsed 
1350.174    0.907 1117.529 
