
R version 3.2.2 (2015-08-14) -- "Fire Safety"
Copyright (C) 2015 The R Foundation for Statistical Computing
Platform: x86_64-pc-linux-gnu (64-bit)

R is free software and comes with ABSOLUTELY NO WARRANTY.
You are welcome to redistribute it under certain conditions.
Type 'license()' or 'licence()' for distribution details.

  Natural language support but running in an English locale

R is a collaborative project with many contributors.
Type 'contributors()' for more information and
'citation()' on how to cite R or R packages in publications.

Type 'demo()' for some demos, 'help()' for on-line help, or
'help.start()' for an HTML browser interface to help.
Type 'q()' to quit R.

> ### get ssr fit -- prediction horizons 1:52
> library(lubridate)
> library(ggplot2)
> library(plyr)

Attaching package: ‘plyr’

The following object is masked from ‘package:lubridate’:

    here

> library(dplyr)

Attaching package: ‘dplyr’

The following objects are masked from ‘package:plyr’:

    arrange, count, desc, failwith, id, mutate, rename, summarise,
    summarize

The following objects are masked from ‘package:lubridate’:

    intersect, setdiff, union

The following objects are masked from ‘package:stats’:

    filter, lag

The following objects are masked from ‘package:base’:

    intersect, setdiff, setequal, union

> library(reshape)

Attaching package: ‘reshape’

The following object is masked from ‘package:dplyr’:

    rename

The following objects are masked from ‘package:plyr’:

    rename, round_any

The following object is masked from ‘package:lubridate’:

    stamp

> library(ssrFlu)
> library(doMC)
Loading required package: foreach
Loading required package: iterators
Loading required package: parallel
> 
> registerDoMC(cores=3)
> 
> args <- commandArgs(trailingOnly=TRUE)
> 
> data_set <- args[1]
> prediction_horizon_limit <- as.integer(args[2])
> 
> ## load dataset
> if(identical(data_set, "ili_national")) {
+     data <- ili_national
+ } 
> if(identical(data_set, "ili_region1")) {
+     data <- ili_region1
+ } 
> if(identical(data_set, "ili_region2")) {
+     data <- ili_region2
+ } 
> if(identical(data_set, "ili_region3")) {
+     data <- ili_region3
+ } 
> if(identical(data_set, "ili_region4")) {
+     data <- ili_region4
+ } 
> if(identical(data_set, "ili_region5")) {
+     data <- ili_region5
+ } 
> if(identical(data_set, "ili_region6")) {
+     data <- ili_region6
+ } 
> if(identical(data_set, "ili_region7")) {
+     data <- ili_region7
+ } 
> if(identical(data_set, "ili_region8")) {
+     data <- ili_region8
+ } 
> if(identical(data_set, "ili_region9")) {
+     data <- ili_region9
+ } 
> if(identical(data_set, "ili_region10")) {
+     data <- ili_region10
+ } 
> 
> 
> 
> ## add log column
> data$log_total_cases <- log(data$total_cases + 1)
> 
> ## add week_start_date
> char_dates <- paste(data$year, data$week, "1")
> data$week_start_date <- as.Date(char_dates, format="%Y %W %w")
> 
> ## remove week 53s
> data <- data[-which(is.na(data$week_start_date)),]
> data <- data[262:nrow(data),]
> 
> ## add smooth log column -- or not, since it is already pretty smooth...
> sm <- loess(log_total_cases ~ as.numeric(week_start_date), data=data, span= 26 / nrow(data))
> data$smooth_log_cases <- sm$fitted
> 
> ## add time column
> data$time_ind <- seq_len(nrow(data))
> 
> ssr_control <- create_ssr_control(X_names=c("smooth_log_cases", "time_ind"),
+     y_names="total_cases",
+     time_name=NULL,
+     max_lag=list(smooth_log_cases=1,
+         time_ind=0),
+     prediction_horizons=as.integer(prediction_horizon_limit),
+     kernel_fns=list(smooth_log_cases="squared_exp_kernel",
+         time_ind="periodic_kernel"),
+     theta_est=list(smooth_log_cases="bw",
+         time_ind="bw"),
+     theta_fixed=list(time_ind=list(period=pi / 52)),
+     theta_transform_fns=list(
+         squared_exp_kernel=list(
+             bw=list(transform="log",
+                 detransform="exp")
+         ),
+         periodic_kernel=list(
+             bw=list(transform="log",
+                 detransform="exp")
+         )
+     ),
+     crossval_buffer=52,
+     loss_fn_name="mae_from_kernel_weights_and_centers",
+     loss_fn_args=list())
> 
> 
> ssr_fit <- ssr(X_names=c("smooth_log_cases", "time_ind"),
+     y_names="total_cases",
+     time_name=NULL,
+     data=data,
+     ssr_control=ssr_control)
419.0564FALSE
317.2194FALSE
737.7147FALSE
419.0681FALSE
317.1923FALSE
737.7338FALSE
419.0446FALSE
314.7908FALSE
736.332FALSE
415.2097FALSE
314.7855FALSE
736.368FALSE
415.1998FALSE
314.796FALSE
736.2962FALSE
415.2196FALSE
313.9524FALSE
735.5744FALSE
415.3618FALSE
313.9511FALSE
735.5631FALSE
415.3661FALSE
313.9538FALSE
735.5856FALSE
415.3574FALSE
313.8652FALSE
731.7008FALSE
414.3197FALSE
313.8647FALSE
731.7032FALSE
414.3224FALSE
313.8657FALSE
731.6984FALSE
414.317FALSE
313.8819FALSE
732.0762FALSE
414.3532FALSE
313.8829FALSE
732.068FALSE
414.3514FALSE
313.8809FALSE
732.0844FALSE
313.8594FALSE
414.3552FALSE
731.6299FALSE
313.8592FALSE
414.3177FALSE
731.6315FALSE
313.8597FALSE
414.3172FALSE
731.6285FALSE
414.3181FALSE
313.8646FALSE
731.7705FALSE
414.317FALSE
313.8652FALSE
731.7661FALSE
313.8641FALSE
731.7754FALSE
414.3166FALSE
313.8586FALSE
731.6209FALSE
414.3175FALSE
313.8587FALSE
731.622FALSE
414.3148FALSE
313.8589FALSE
731.6197FALSE
313.8589FALSE
414.3144FALSE
731.662FALSE
313.8593FALSE
731.6584FALSE
414.3152FALSE
313.8586FALSE
731.6656FALSE
414.4077FALSE
313.8586FALSE
731.6171FALSE
313.8588FALSE
731.6183FALSE
414.4107FALSE
313.8588FALSE
731.616FALSE
414.4047FALSE
313.8586FALSE
731.6151FALSE
313.8588FALSE
414.3144FALSE
731.6159FALSE
313.8588FALSE
414.3172FALSE
731.6151FALSE
313.8586FALSE
731.6174FALSE
414.3148FALSE
313.8588FALSE
731.6158FALSE
414.3147FALSE
313.8588FALSE
731.6189FALSE
414.3151FALSE
313.8586FALSE
731.6151FALSE
414.3151FALSE
313.8588FALSE
731.6154FALSE
414.3147FALSE
313.8588FALSE
731.6154FALSE
414.3151FALSE
313.8586FALSE
731.6151FALSE
313.8588FALSE
414.3151FALSE
731.6154FALSE
313.8588FALSE
414.3147FALSE
731.6154FALSE
$par
time_ind_lag0.bw 
       -1.672725 

$value
[1] 731.6151

$counts
function gradient 
      14       14 

$convergence
[1] 0

$message
[1] "CONVERGENCE: REL_REDUCTION_OF_F <= FACTR*EPSMCH"

313.8586FALSE
414.3151FALSE
313.8588FALSE
414.3151FALSE
313.8588FALSE
313.8586FALSE
414.3147FALSE
313.8588FALSE
414.3151FALSE
313.8588FALSE
313.8586FALSE
414.3151FALSE
313.8588FALSE
414.3147FALSE
313.8588FALSE
414.3151FALSE
313.8586FALSE
414.3151FALSE
313.8588FALSE
414.3147FALSE
414.3151FALSE
313.8588FALSE
313.8586FALSE
414.3151FALSE
313.8588FALSE
313.8588FALSE
414.3147FALSE
313.8586FALSE
414.3151FALSE
313.8588FALSE
414.3151FALSE
313.8588FALSE
414.3147FALSE
313.8586FALSE
414.3151FALSE
313.8588FALSE
313.8588FALSE
414.3151FALSE
313.8586FALSE
414.3147FALSE
313.8588FALSE
414.3151FALSE
313.8588FALSE
414.3151FALSE
313.8586FALSE
414.3147FALSE
313.8588FALSE
313.8588FALSE
414.3151FALSE
313.8586FALSE
313.8588FALSE
414.3151FALSE
313.8588FALSE
414.3147FALSE
313.8586FALSE
414.3151FALSE
313.8588FALSE
313.8588FALSE
414.3151FALSE
313.8586FALSE
414.3147FALSE
313.8588FALSE
414.3151FALSE
313.8588FALSE
414.3151FALSE
$par
smooth_log_cases_lag1.bw 
               -3.129645 

$value
[1] 414.3147

$counts
function gradient 
      22       22 

$convergence
[1] 0

$message
[1] "CONVERGENCE: REL_REDUCTION_OF_F <= FACTR*EPSMCH"

313.8586FALSE
313.8588FALSE
313.8588FALSE
313.8586FALSE
313.8588FALSE
313.8588FALSE
313.8586FALSE
313.8588FALSE
313.8588FALSE
313.8586FALSE
313.8588FALSE
313.8588FALSE
313.8586FALSE
313.8588FALSE
313.8588FALSE
313.8586FALSE
313.8588FALSE
313.8588FALSE
313.8586FALSE
313.8588FALSE
313.8588FALSE
313.8586FALSE
313.8588FALSE
313.8588FALSE
313.8586FALSE
313.8588FALSE
313.8588FALSE
313.8586FALSE
313.8588FALSE
313.8588FALSE
313.8586FALSE
313.8588FALSE
313.8588FALSE
313.8586FALSE
313.8588FALSE
313.8588FALSE
313.8586FALSE
313.8588FALSE
313.8588FALSE
313.8586FALSE
313.8588FALSE
313.8588FALSE
$par
smooth_log_cases_lag0.bw 
               -2.906611 

$value
[1] 313.8586

$counts
function gradient 
      40       40 

$convergence
[1] 0

$message
[1] "CONVERGENCE: REL_REDUCTION_OF_F <= FACTR*EPSMCH"

298.2544FALSE
334.4975FALSE
298.2785FALSE
334.478FALSE
298.2303FALSE
334.5169FALSE
298.267FALSE
334.4784FALSE
298.2418FALSE
334.5165FALSE
285.6338FALSE
321.3553FALSE
285.6358FALSE
321.3928FALSE
285.6319FALSE
321.3179FALSE
285.6322FALSE
321.3235FALSE
285.6355FALSE
321.3872FALSE
285.4347FALSE
310.5247FALSE
285.4353FALSE
310.557FALSE
285.4341FALSE
310.4923FALSE
285.4328FALSE
310.5198FALSE
285.4366FALSE
310.5295FALSE
303.138FALSE
289.3217FALSE
303.1423FALSE
289.3129FALSE
303.1338FALSE
289.3304FALSE
303.1314FALSE
289.3481FALSE
303.1447FALSE
289.2954FALSE
302.7647FALSE
302.7689FALSE
285.4099FALSE
302.7605FALSE
285.4112FALSE
302.7672FALSE
285.4087FALSE
302.7622FALSE
285.4095FALSE
302.4476FALSE
285.4104FALSE
302.4509FALSE
285.6986FALSE
302.4442FALSE
285.6959FALSE
302.4489FALSE
285.7014FALSE
302.4463FALSE
285.7044FALSE
302.3615FALSE
285.6929FALSE
302.3595FALSE
285.3823FALSE
302.3635FALSE
302.3631FALSE
285.3835FALSE
302.3599FALSE
285.3821FALSE
302.167FALSE
285.3822FALSE
302.166FALSE
302.168FALSE
285.3835FALSE
302.1676FALSE
285.4875FALSE
302.1664FALSE
285.4854FALSE
302.2039FALSE
285.4897FALSE
302.2057FALSE
285.4924FALSE
302.2022FALSE
285.4827FALSE
302.2042FALSE
285.3844FALSE
302.2037FALSE
285.384FALSE
302.1435FALSE
285.3848FALSE
302.1435FALSE
285.3846FALSE
302.1435FALSE
285.3845FALSE
302.1434FALSE
285.3823FALSE
302.1437FALSE
285.3823FALSE
302.1432FALSE
285.3828FALSE
302.1432FALSE
285.3828FALSE
302.1432FALSE
285.3826FALSE
302.1431FALSE
285.3818FALSE
302.1433FALSE
285.3823FALSE
302.1425FALSE
285.3824FALSE
302.1425FALSE
285.3825FALSE
302.1425FALSE
285.3823FALSE
302.1425FALSE
285.382FALSE
302.1426FALSE
285.3822FALSE
302.1433FALSE
285.3825FALSE
302.1433FALSE
285.3822FALSE
302.1433FALSE
285.3825FALSE
302.1437FALSE
302.1429FALSE
285.3819FALSE
302.1425FALSE
285.3823FALSE
302.1425FALSE
285.3824FALSE
302.1425FALSE
285.3825FALSE
302.1425FALSE
285.3823FALSE
302.1426FALSE
285.3818FALSE
302.1433FALSE
285.3823FALSE
302.1433FALSE
285.3824FALSE
302.1433FALSE
285.3825FALSE
302.1437FALSE
302.1429FALSE
285.3823FALSE
302.1425FALSE
285.3818FALSE
302.1425FALSE
285.3823FALSE
302.1425FALSE
285.3824FALSE
302.1425FALSE
302.1425FALSE
285.3825FALSE
302.1428FALSE
285.3823FALSE
302.1428FALSE
285.3818FALSE
285.3823FALSE
302.1428FALSE
285.3824FALSE
302.1432FALSE
285.3825FALSE
302.1424FALSE
285.3823FALSE
302.1425FALSE
285.3818FALSE
302.1425FALSE
285.3823FALSE
302.1425FALSE
302.1424FALSE
285.3824FALSE
302.1425FALSE
285.3825FALSE
285.3823FALSE
302.1433FALSE
285.3818FALSE
302.1433FALSE
285.3823FALSE
302.1433FALSE
285.3824FALSE
302.1437FALSE
285.3825FALSE
302.1429FALSE
285.3823FALSE
302.1425FALSE
285.3818FALSE
302.1425FALSE
285.3823FALSE
302.1425FALSE
285.3824FALSE
285.3825FALSE
302.1425FALSE
285.3823FALSE
302.1425FALSE
285.3818FALSE
302.1425FALSE
285.3823FALSE
302.1424FALSE
285.3824FALSE
302.1425FALSE
285.3825FALSE
302.1427FALSE
285.3823FALSE
302.1425FALSE
285.3818FALSE
302.1425FALSE
285.3823FALSE
302.1425FALSE
285.3824FALSE
302.1425FALSE
285.3825FALSE
302.1425FALSE
285.3823FALSE
302.1425FALSE
285.3818FALSE
302.1425FALSE
285.3823FALSE
302.1425FALSE
285.3824FALSE
302.1425FALSE
285.3825FALSE
302.1425FALSE
285.3823FALSE
302.1425FALSE
285.3818FALSE
302.1425FALSE
285.3823FALSE
302.1425FALSE
285.3824FALSE
302.1425FALSE
285.3825FALSE
302.1425FALSE
285.3823FALSE
302.1425FALSE
$par
smooth_log_cases_lag0.bw         time_ind_lag0.bw 
              -2.9183293               -0.9162716 

$value
[1] 302.1425

$counts
function gradient 
      24       24 

$convergence
[1] 0

$message
[1] "CONVERGENCE: REL_REDUCTION_OF_F <= FACTR*EPSMCH"

285.3818FALSE
285.3823FALSE
285.3824FALSE
285.3825FALSE
285.3823FALSE
285.3818FALSE
285.3823FALSE
285.3824FALSE
285.3825FALSE
285.3823FALSE
285.3818FALSE
285.3823FALSE
285.3824FALSE
285.3825FALSE
285.3823FALSE
285.3818FALSE
285.3823FALSE
285.3824FALSE
285.3825FALSE
285.3823FALSE
285.3818FALSE
285.3823FALSE
285.3824FALSE
285.3825FALSE
285.3823FALSE
285.3818FALSE
285.3823FALSE
285.3824FALSE
285.3825FALSE
285.3823FALSE
285.3818FALSE
285.3823FALSE
285.3824FALSE
285.3825FALSE
285.3823FALSE
285.3818FALSE
285.3823FALSE
285.3824FALSE
285.3825FALSE
285.3823FALSE
285.6285FALSE
285.6296FALSE
285.6275FALSE
285.6255FALSE
285.6315FALSE
285.3832FALSE
285.3837FALSE
285.3826FALSE
285.382FALSE
285.3844FALSE
285.3819FALSE
285.3823FALSE
285.3824FALSE
285.3824FALSE
285.3823FALSE
285.3818FALSE
285.3823FALSE
285.3824FALSE
285.3825FALSE
285.3823FALSE
285.3818FALSE
285.3823FALSE
285.3824FALSE
285.3825FALSE
285.3823FALSE
285.3818FALSE
285.3823FALSE
285.3824FALSE
285.3825FALSE
285.3823FALSE
285.3818FALSE
285.3823FALSE
285.3824FALSE
285.3825FALSE
285.3823FALSE
285.3818FALSE
285.3823FALSE
285.3824FALSE
285.3825FALSE
285.3823FALSE
285.3818FALSE
285.3823FALSE
285.3824FALSE
285.3825FALSE
285.3823FALSE
285.3818FALSE
285.3823FALSE
285.3824FALSE
285.3825FALSE
285.3823FALSE
285.3818FALSE
285.3823FALSE
285.3824FALSE
285.3825FALSE
285.3823FALSE
285.3818FALSE
285.3823FALSE
285.3824FALSE
285.3825FALSE
285.3823FALSE
285.3818FALSE
285.3823FALSE
285.3824FALSE
285.3825FALSE
285.3823FALSE
285.3818FALSE
285.3823FALSE
285.3824FALSE
285.3825FALSE
285.3823FALSE
285.3818FALSE
285.3823FALSE
285.3824FALSE
285.3825FALSE
285.3823FALSE
285.3818FALSE
285.3823FALSE
285.3824FALSE
285.3825FALSE
285.3823FALSE
285.3818FALSE
285.3823FALSE
285.3824FALSE
285.3825FALSE
285.3823FALSE
285.3818FALSE
285.3823FALSE
285.3824FALSE
285.3825FALSE
285.3823FALSE
285.3818FALSE
285.3823FALSE
285.3824FALSE
285.3825FALSE
285.3823FALSE
285.3818FALSE
285.3823FALSE
285.3824FALSE
285.3825FALSE
285.3823FALSE
$par
smooth_log_cases_lag0.bw smooth_log_cases_lag1.bw 
               -3.905153                -2.678710 

$value
[1] 285.3818

$counts
function gradient 
      51       51 

$convergence
[1] 52

$message
[1] "ERROR: ABNORMAL_TERMINATION_IN_LNSRCH"

416.1076FALSE
343.0751FALSE
416.1127FALSE
343.0481FALSE
416.1026FALSE
343.102FALSE
420.9492FALSE
420.9296FALSE
343.104FALSE
420.9689FALSE
343.046FALSE
414.8448FALSE
414.8486FALSE
343.0131FALSE
414.841FALSE
343.1374FALSE
425.4634FALSE
293.0205FALSE
425.4384FALSE
293.0073FALSE
425.4884FALSE
293.0338FALSE
414.4804FALSE
293.0157FALSE
414.4836FALSE
414.4772FALSE
293.0254FALSE
420.454FALSE
293.0128FALSE
420.4347FALSE
293.0282FALSE
420.4732FALSE
290.026FALSE
414.3178FALSE
290.0234FALSE
414.3205FALSE
414.3151FALSE
290.0287FALSE
416.3433FALSE
290.0272FALSE
416.3309FALSE
290.0248FALSE
416.3558FALSE
290.0161FALSE
414.3339FALSE
290.0359FALSE
414.3321FALSE
414.3356FALSE
289.0773FALSE
414.317FALSE
289.0861FALSE
414.3166FALSE
289.0685FALSE
414.3175FALSE
289.0713FALSE
414.3166FALSE
289.0833FALSE
414.3162FALSE
289.0742FALSE
414.317FALSE
414.3149FALSE
289.0804FALSE
414.3145FALSE
287.7189FALSE
414.3153FALSE
287.7279FALSE
414.4202FALSE
287.71FALSE
414.4234FALSE
287.7203FALSE
414.417FALSE
287.7176FALSE
414.3144FALSE
414.3171FALSE
287.7168FALSE
414.3148FALSE
287.7211FALSE
414.3148FALSE
286.4331FALSE
414.3147FALSE
286.4338FALSE
414.3151FALSE
286.4325FALSE
414.3146FALSE
414.316FALSE
286.436FALSE
414.3149FALSE
286.4302FALSE
414.3147FALSE
286.4298FALSE
414.3151FALSE
286.4364FALSE
414.3151FALSE
414.3147FALSE
286.1059FALSE
414.3151FALSE
286.1068FALSE
414.3151FALSE
286.1049FALSE
414.3147FALSE
286.109FALSE
414.3151FALSE
286.1027FALSE
414.3151FALSE
286.1041FALSE
414.3147FALSE
414.3151FALSE
286.1077FALSE
414.3151FALSE
285.7706FALSE
414.3147FALSE
285.7717FALSE
414.3151FALSE
285.7695FALSE
414.3151FALSE
414.3147FALSE
285.7728FALSE
414.3151FALSE
285.7683FALSE
414.3151FALSE
285.7698FALSE
414.3147FALSE
285.7713FALSE
414.3151FALSE
285.7274FALSE
414.3151FALSE
285.7284FALSE
414.3147FALSE
414.3151FALSE
285.7265FALSE
414.3151FALSE
285.7249FALSE
414.3147FALSE
285.73FALSE
414.3151FALSE
285.7274FALSE
414.3151FALSE
285.7275FALSE
414.3147FALSE
414.3151FALSE
285.5767FALSE
414.3151FALSE
285.578FALSE
414.3147FALSE
285.5754FALSE
414.3151FALSE
285.5752FALSE
414.3151FALSE
414.3147FALSE
285.5782FALSE
414.3151FALSE
285.5767FALSE
414.3151FALSE
285.5767FALSE
414.3147FALSE
361.9968FALSE
414.3151FALSE
361.9309FALSE
414.3151FALSE
362.0626FALSE
414.3147FALSE
362.0256FALSE
414.3151FALSE
414.3151FALSE
361.9679FALSE
414.3147FALSE
361.9968FALSE
414.3151FALSE
361.9967FALSE
414.3151FALSE
414.3147FALSE
285.5216FALSE
414.3151FALSE
285.5226FALSE
414.3151FALSE
285.5205FALSE
414.3147FALSE
414.3151FALSE
285.52FALSE
414.3151FALSE
285.5232FALSE
414.3147FALSE
285.5215FALSE
414.3151FALSE
414.3151FALSE
285.5216FALSE
414.3147FALSE
285.4343FALSE
414.3151FALSE
285.4327FALSE
414.3151FALSE
285.4359FALSE
414.3147FALSE
285.4365FALSE
414.3151FALSE
285.4322FALSE
414.3151FALSE
285.4342FALSE
414.3147FALSE
414.3151FALSE
285.4344FALSE
414.3151FALSE
285.3958FALSE
414.3147FALSE
285.3959FALSE
414.3149FALSE
285.3957FALSE
414.3151FALSE
285.3943FALSE
414.3147FALSE
285.3973FALSE
414.3151FALSE
414.3151FALSE
285.3958FALSE
414.3147FALSE
285.3958FALSE
414.3151FALSE
285.3305FALSE
414.3151FALSE
285.3297FALSE
414.3147FALSE
414.3151FALSE
285.3313FALSE
414.3151FALSE
285.3302FALSE
414.3147FALSE
285.3308FALSE
414.3151FALSE
285.3305FALSE
414.3151FALSE
285.3305FALSE
414.3147FALSE
414.3151FALSE
285.345FALSE
414.3151FALSE
285.3455FALSE
414.3147FALSE
285.3445FALSE
414.3151FALSE
414.3151FALSE
285.3444FALSE
414.3147FALSE
285.3457FALSE
414.3151FALSE
285.3451FALSE
414.3151FALSE
285.345FALSE
414.3147FALSE
414.3151FALSE
285.3231FALSE
414.3151FALSE
285.3221FALSE
414.3147FALSE
285.324FALSE
414.3151FALSE
414.3151FALSE
285.3228FALSE
414.3147FALSE
285.3235FALSE
414.3151FALSE
285.323FALSE
414.3151FALSE
414.3147FALSE
285.3231FALSE
414.3151FALSE
285.3232FALSE
414.3151FALSE
$par
smooth_log_cases_lag1.bw 
               -3.129645 

$value
[1] 414.3147

$counts
function gradient 
      49       49 

$convergence
[1] 0

$message
[1] "CONVERGENCE: REL_REDUCTION_OF_F <= FACTR*EPSMCH"

285.3241FALSE
285.3223FALSE
285.3229FALSE
285.3235FALSE
285.3232FALSE
285.3232FALSE
285.3216FALSE
285.3216FALSE
285.3219FALSE
285.3222FALSE
285.3214FALSE
285.3216FALSE
285.3216FALSE
285.3511FALSE
285.3517FALSE
285.3503FALSE
285.3503FALSE
285.3518FALSE
285.3511FALSE
285.351FALSE
285.3229FALSE
285.3238FALSE
285.322FALSE
285.3226FALSE
285.3235FALSE
285.3229FALSE
285.3228FALSE
285.3214FALSE
285.3219FALSE
285.3218FALSE
285.322FALSE
285.3217FALSE
285.3214FALSE
285.3214FALSE
285.3216FALSE
285.3216FALSE
285.3226FALSE
285.3217FALSE
285.3225FALSE
285.3216FALSE
285.3217FALSE
285.3213FALSE
285.3219FALSE
285.3219FALSE
285.322FALSE
285.3218FALSE
285.3213FALSE
285.3213FALSE
285.3213FALSE
285.3219FALSE
285.3219FALSE
285.3219FALSE
285.3219FALSE
285.3213FALSE
285.3213FALSE
285.3213FALSE
285.3219FALSE
285.3219FALSE
285.3219FALSE
285.3219FALSE
285.3213FALSE
285.3213FALSE
285.3213FALSE
285.3219FALSE
285.3219FALSE
285.3219FALSE
285.3219FALSE
285.3213FALSE
285.3213FALSE
285.3213FALSE
285.3219FALSE
285.3219FALSE
285.3219FALSE
285.3219FALSE
285.3213FALSE
285.3213FALSE
285.3213FALSE
285.3219FALSE
285.3219FALSE
285.3219FALSE
285.3219FALSE
285.3213FALSE
285.3213FALSE
285.3213FALSE
285.3219FALSE
285.3219FALSE
285.3219FALSE
285.3219FALSE
285.3213FALSE
285.3213FALSE
285.3213FALSE
285.3219FALSE
285.3219FALSE
285.3219FALSE
285.3219FALSE
285.3213FALSE
285.3213FALSE
285.3213FALSE
285.3219FALSE
285.3219FALSE
285.3219FALSE
285.3219FALSE
285.3213FALSE
285.3213FALSE
285.3213FALSE
285.3219FALSE
285.3219FALSE
285.3219FALSE
285.3219FALSE
285.3213FALSE
285.3213FALSE
285.3213FALSE
285.3219FALSE
285.3219FALSE
285.3219FALSE
285.3219FALSE
285.3213FALSE
285.3213FALSE
285.3213FALSE
285.3219FALSE
285.3219FALSE
285.3219FALSE
285.3219FALSE
285.3213FALSE
285.3213FALSE
285.3213FALSE
285.3219FALSE
285.3219FALSE
285.3219FALSE
285.3219FALSE
285.3213FALSE
285.3213FALSE
285.3213FALSE
285.3219FALSE
285.3219FALSE
285.3219FALSE
285.3219FALSE
285.3213FALSE
285.3213FALSE
285.3213FALSE
285.3219FALSE
285.3219FALSE
285.3219FALSE
285.3219FALSE
285.3213FALSE
285.3213FALSE
285.3213FALSE
285.3219FALSE
285.3219FALSE
285.3219FALSE
285.3219FALSE
285.3213FALSE
285.3213FALSE
285.3213FALSE
285.3219FALSE
285.3219FALSE
285.3219FALSE
285.3219FALSE
285.3213FALSE
285.3213FALSE
285.3213FALSE
285.3219FALSE
285.3219FALSE
285.3219FALSE
285.3219FALSE
285.3213FALSE
285.3213FALSE
$par
smooth_log_cases_lag0.bw smooth_log_cases_lag1.bw         time_ind_lag0.bw 
              -3.8914234               -2.6749773                0.1968853 

$value
[1] 285.3213

$counts
function gradient 
      41       41 

$convergence
[1] 0

$message
[1] "CONVERGENCE: REL_REDUCTION_OF_F <= FACTR*EPSMCH"

311.4072FALSE
406.0906FALSE
311.4115FALSE
406.0948FALSE
406.0863FALSE
311.4029FALSE
406.1095FALSE
311.4124FALSE
406.0716FALSE
311.4019FALSE
371.319FALSE
304.8572FALSE
371.3162FALSE
304.8525FALSE
304.8619FALSE
371.3218FALSE
304.8663FALSE
371.3573FALSE
304.8481FALSE
371.2807FALSE
413.3852FALSE
509.4657FALSE
510.095FALSE
413.3461FALSE
508.4123FALSE
413.4235FALSE
508.3882FALSE
413.4073FALSE
510.1202FALSE
413.3622FALSE
412.2056FALSE
304.2783FALSE
412.1784FALSE
304.2735FALSE
412.2327FALSE
304.2831FALSE
412.1614FALSE
304.286FALSE
412.2498FALSE
304.2705FALSE
361.8204FALSE
304.6567FALSE
361.8135FALSE
304.6472FALSE
361.8274FALSE
304.6662FALSE
361.837FALSE
304.6478FALSE
361.8039FALSE
304.6656FALSE
511.8977FALSE
303.5227FALSE
511.854FALSE
303.5157FALSE
511.942FALSE
303.5297FALSE
511.8977FALSE
511.8977FALSE
303.5229FALSE
393.3938FALSE
303.5225FALSE
393.3741FALSE
302.5727FALSE
393.4134FALSE
302.5702FALSE
393.3613FALSE
302.5751FALSE
393.4262FALSE
302.5756FALSE
360.4539FALSE
302.5697FALSE
360.4456FALSE
302.5449FALSE
360.4622FALSE
360.465FALSE
302.5436FALSE
360.4427FALSE
302.5462FALSE
362.9534FALSE
302.5385FALSE
362.9554FALSE
302.5512FALSE
362.9514FALSE
302.2181FALSE
362.9249FALSE
302.2164FALSE
362.9819FALSE
302.2198FALSE
359.5673FALSE
302.214FALSE
359.5633FALSE
302.2222FALSE
359.5713FALSE
302.3505FALSE
359.5697FALSE
302.351FALSE
359.5649FALSE
359.4512FALSE
302.35FALSE
359.4512FALSE
302.3547FALSE
359.4511FALSE
302.3464FALSE
359.4485FALSE
302.1555FALSE
359.4538FALSE
302.1548FALSE
359.4289FALSE
359.4294FALSE
302.1561FALSE
359.4284FALSE
302.1561FALSE
359.4289FALSE
302.1548FALSE
359.4289FALSE
302.1433FALSE
359.4277FALSE
302.1432FALSE
359.4276FALSE
302.1433FALSE
359.4278FALSE
302.1432FALSE
359.4279FALSE
302.1434FALSE
359.4275FALSE
359.4274FALSE
302.1431FALSE
359.4273FALSE
302.1431FALSE
359.4275FALSE
302.1431FALSE
359.4275FALSE
302.143FALSE
359.4273FALSE
302.1432FALSE
359.4272FALSE
302.1427FALSE
359.4272FALSE
302.1427FALSE
359.4272FALSE
359.4273FALSE
302.1427FALSE
359.4272FALSE
302.1426FALSE
359.4272FALSE
302.1427FALSE
359.4272FALSE
302.1434FALSE
359.4272FALSE
302.1434FALSE
359.4273FALSE
302.1434FALSE
359.4272FALSE
$par
smooth_log_cases_lag1.bw         time_ind_lag0.bw 
               -2.846361                -1.339583 

$value
[1] 359.4272

$counts
function gradient 
      16       16 

$convergence
[1] 0

$message
[1] "CONVERGENCE: REL_REDUCTION_OF_F <= FACTR*EPSMCH"

302.1438FALSE
302.143FALSE
302.1426FALSE
302.1426FALSE
302.1426FALSE
302.1425FALSE
302.1426FALSE
302.1434FALSE
302.1434FALSE
302.1434FALSE
302.1438FALSE
302.143FALSE
302.1425FALSE
302.1425FALSE
302.1425FALSE
302.1425FALSE
302.1426FALSE
302.1434FALSE
302.1435FALSE
302.1434FALSE
302.1438FALSE
302.1431FALSE
302.1425FALSE
302.1425FALSE
302.1425FALSE
302.1425FALSE
302.1426FALSE
302.1429FALSE
302.1429FALSE
302.1429FALSE
302.1433FALSE
302.1425FALSE
302.1425FALSE
302.1425FALSE
302.1425FALSE
302.1425FALSE
302.1425FALSE
302.1434FALSE
302.1434FALSE
302.1434FALSE
302.1438FALSE
302.143FALSE
302.1425FALSE
302.1425FALSE
302.1425FALSE
302.1425FALSE
302.1425FALSE
302.1425FALSE
302.1425FALSE
302.1425FALSE
302.1426FALSE
302.1425FALSE
302.1425FALSE
302.1425FALSE
302.1425FALSE
302.1425FALSE
302.1425FALSE
302.1425FALSE
302.1425FALSE
302.1425FALSE
302.1425FALSE
302.1425FALSE
302.1425FALSE
302.1425FALSE
302.1425FALSE
302.1425FALSE
302.1425FALSE
302.1425FALSE
302.1425FALSE
302.1425FALSE
302.1425FALSE
302.1425FALSE
302.1425FALSE
302.1425FALSE
302.1425FALSE
302.1425FALSE
302.1425FALSE
302.1425FALSE
302.1425FALSE
302.1425FALSE
302.1425FALSE
302.1425FALSE
302.1425FALSE
302.1425FALSE
302.1425FALSE
302.1425FALSE
302.1425FALSE
302.1425FALSE
302.1425FALSE
302.1425FALSE
302.1425FALSE
302.1425FALSE
302.1425FALSE
302.1425FALSE
302.1425FALSE
302.1425FALSE
302.1425FALSE
302.1425FALSE
302.1425FALSE
302.1425FALSE
302.1425FALSE
302.1425FALSE
302.1425FALSE
302.1425FALSE
302.1425FALSE
302.1425FALSE
302.1425FALSE
302.1425FALSE
302.1425FALSE
302.1425FALSE
302.1425FALSE
302.1425FALSE
302.1425FALSE
302.1425FALSE
302.1425FALSE
302.1425FALSE
302.1425FALSE
302.1425FALSE
302.1425FALSE
302.1425FALSE
302.1425FALSE
302.1425FALSE
302.1425FALSE
302.1425FALSE
302.1425FALSE
302.1425FALSE
302.1425FALSE
302.1425FALSE
302.1425FALSE
302.1425FALSE
302.1425FALSE
302.1425FALSE
302.1425FALSE
302.1425FALSE
302.1425FALSE
302.1425FALSE
302.1425FALSE
302.1425FALSE
302.1425FALSE
302.1425FALSE
302.1425FALSE
302.1425FALSE
302.1425FALSE
302.1425FALSE
302.1425FALSE
302.1425FALSE
302.1425FALSE
302.1425FALSE
302.1425FALSE
302.1425FALSE
302.1425FALSE
302.1425FALSE
$par
smooth_log_cases_lag0.bw         time_ind_lag0.bw 
              -2.9174578               -0.9163178 

$value
[1] 302.1425

$counts
function gradient 
      45       45 

$convergence
[1] 0

$message
[1] "CONVERGENCE: REL_REDUCTION_OF_F <= FACTR*EPSMCH"

> 
> save(ssr_fit,
+     file=paste0("/home/ngr67a/2015-cdc-flu-competition/fit-competition-ssr-ph", prediction_horizon_limit, "-", data_set, ".Rdata"))
> 
> proc.time()
    user   system  elapsed 
3188.579    1.643 2599.122 
