
R version 3.2.2 (2015-08-14) -- "Fire Safety"
Copyright (C) 2015 The R Foundation for Statistical Computing
Platform: x86_64-pc-linux-gnu (64-bit)

R is free software and comes with ABSOLUTELY NO WARRANTY.
You are welcome to redistribute it under certain conditions.
Type 'license()' or 'licence()' for distribution details.

  Natural language support but running in an English locale

R is a collaborative project with many contributors.
Type 'contributors()' for more information and
'citation()' on how to cite R or R packages in publications.

Type 'demo()' for some demos, 'help()' for on-line help, or
'help.start()' for an HTML browser interface to help.
Type 'q()' to quit R.

> ### get ssr fit -- prediction horizons 1:52
> library(lubridate)
> library(ggplot2)
> library(plyr)

Attaching package: ‘plyr’

The following object is masked from ‘package:lubridate’:

    here

> library(dplyr)

Attaching package: ‘dplyr’

The following objects are masked from ‘package:plyr’:

    arrange, count, desc, failwith, id, mutate, rename, summarise,
    summarize

The following objects are masked from ‘package:lubridate’:

    intersect, setdiff, union

The following objects are masked from ‘package:stats’:

    filter, lag

The following objects are masked from ‘package:base’:

    intersect, setdiff, setequal, union

> library(reshape)

Attaching package: ‘reshape’

The following object is masked from ‘package:dplyr’:

    rename

The following objects are masked from ‘package:plyr’:

    rename, round_any

The following object is masked from ‘package:lubridate’:

    stamp

> library(ssrFlu)
> library(doMC)
Loading required package: foreach
Loading required package: iterators
Loading required package: parallel
> 
> registerDoMC(cores=3)
> 
> args <- commandArgs(trailingOnly=TRUE)
> 
> data_set <- args[1]
> prediction_horizon_limit <- as.integer(args[2])
> 
> ## load dataset
> if(identical(data_set, "ili_national")) {
+     data <- ili_national
+ } 
> if(identical(data_set, "ili_region1")) {
+     data <- ili_region1
+ } 
> if(identical(data_set, "ili_region2")) {
+     data <- ili_region2
+ } 
> if(identical(data_set, "ili_region3")) {
+     data <- ili_region3
+ } 
> if(identical(data_set, "ili_region4")) {
+     data <- ili_region4
+ } 
> if(identical(data_set, "ili_region5")) {
+     data <- ili_region5
+ } 
> if(identical(data_set, "ili_region6")) {
+     data <- ili_region6
+ } 
> if(identical(data_set, "ili_region7")) {
+     data <- ili_region7
+ } 
> if(identical(data_set, "ili_region8")) {
+     data <- ili_region8
+ } 
> if(identical(data_set, "ili_region9")) {
+     data <- ili_region9
+ } 
> if(identical(data_set, "ili_region10")) {
+     data <- ili_region10
+ } 
> 
> 
> 
> ## add log column
> data$log_total_cases <- log(data$total_cases + 1)
> 
> ## add week_start_date
> char_dates <- paste(data$year, data$week, "1")
> data$week_start_date <- as.Date(char_dates, format="%Y %W %w")
> 
> ## remove week 53s
> data <- data[-which(is.na(data$week_start_date)),]
> data <- data[262:nrow(data),]
> 
> ## add smooth log column -- or not, since it is already pretty smooth...
> sm <- loess(log_total_cases ~ as.numeric(week_start_date), data=data, span= 26 / nrow(data))
> data$smooth_log_cases <- sm$fitted
> 
> ## add time column
> data$time_ind <- seq_len(nrow(data))
> 
> ssr_control <- create_ssr_control(X_names=c("smooth_log_cases", "time_ind"),
+     y_names="total_cases",
+     time_name=NULL,
+     max_lag=list(smooth_log_cases=1,
+         time_ind=0),
+     prediction_horizons=as.integer(prediction_horizon_limit),
+     kernel_fns=list(smooth_log_cases="squared_exp_kernel",
+         time_ind="periodic_kernel"),
+     theta_est=list(smooth_log_cases="bw",
+         time_ind="bw"),
+     theta_fixed=list(time_ind=list(period=pi / 52)),
+     theta_transform_fns=list(
+         squared_exp_kernel=list(
+             bw=list(transform="log",
+                 detransform="exp")
+         ),
+         periodic_kernel=list(
+             bw=list(transform="log",
+                 detransform="exp")
+         )
+     ),
+     crossval_buffer=52,
+     loss_fn_name="mae_from_kernel_weights_and_centers",
+     loss_fn_args=list())
> 
> 
> ssr_fit <- ssr(X_names=c("smooth_log_cases", "time_ind"),
+     y_names="total_cases",
+     time_name=NULL,
+     data=data,
+     ssr_control=ssr_control)
359.2221FALSE
467.323FALSE
483.7904FALSE
467.3275FALSE
359.2207FALSE
483.792FALSE
467.3184FALSE
483.7889FALSE
359.2237FALSE
468.3781FALSE
486.3774FALSE
368.7001FALSE
468.3725FALSE
486.3708FALSE
368.7413FALSE
486.3839FALSE
468.3838FALSE
368.659FALSE
483.6567FALSE
466.2739FALSE
358.8947FALSE
483.6566FALSE
466.2745FALSE
358.895FALSE
483.6568FALSE
358.8944FALSE
466.2733FALSE
483.6553FALSE
466.2679FALSE
358.8893FALSE
483.6551FALSE
466.2679FALSE
358.8884FALSE
483.6554FALSE
358.8903FALSE
466.2679FALSE
483.6621FALSE
358.8907FALSE
483.6624FALSE
466.2679FALSE
483.6619FALSE
358.8912FALSE
466.2678FALSE
483.6541FALSE
358.8903FALSE
483.6539FALSE
466.2679FALSE
358.8864FALSE
483.6542FALSE
466.2677FALSE
358.8866FALSE
483.6532FALSE
466.2677FALSE
358.8865FALSE
483.653FALSE
466.2677FALSE
358.8875FALSE
466.2661FALSE
483.6534FALSE
358.8866FALSE
483.6574FALSE
466.266FALSE
358.8884FALSE
483.6577FALSE
466.2662FALSE
358.8866FALSE
483.657FALSE
466.3267FALSE
483.6528FALSE
358.8865FALSE
466.3283FALSE
483.653FALSE
358.8866FALSE
483.653FALSE
466.325FALSE
358.8865FALSE
483.6533FALSE
466.2653FALSE
358.8865FALSE
483.6537FALSE
466.2652FALSE
483.653FALSE
358.8865FALSE
358.8864FALSE
483.6528FALSE
358.8866FALSE
466.2655FALSE
483.653FALSE
466.2646FALSE
483.653FALSE
358.8865FALSE
483.6528FALSE
466.2644FALSE
358.8864FALSE
466.2647FALSE
483.653FALSE
358.8866FALSE
466.2844FALSE
483.653FALSE
466.2849FALSE
358.8865FALSE
483.6528FALSE
466.2838FALSE
483.653FALSE
358.8864FALSE
466.2644FALSE
483.653FALSE
358.8866FALSE
466.2647FALSE
483.6528FALSE
358.8865FALSE
466.2644FALSE
483.653FALSE
358.8864FALSE
483.653FALSE
466.2644FALSE
358.8866FALSE
483.6528FALSE
466.2647FALSE
358.8865FALSE
483.653FALSE
466.2644FALSE
358.8864FALSE
483.653FALSE
466.2678FALSE
483.6528FALSE
358.8866FALSE
466.2678FALSE
483.653FALSE
358.8865FALSE
466.2678FALSE
483.653FALSE
466.2652FALSE
358.8864FALSE
466.2651FALSE
483.6528FALSE
358.8866FALSE
483.653FALSE
466.2654FALSE
483.653FALSE
358.8865FALSE
466.2644FALSE
483.6528FALSE
466.2644FALSE
358.8864FALSE
483.653FALSE
358.8866FALSE
466.2646FALSE
483.653FALSE
358.8865FALSE
466.2643FALSE
466.2645FALSE
483.6528FALSE
358.8864FALSE
466.2645FALSE
483.653FALSE
358.8866FALSE
466.2643FALSE
358.8865FALSE
466.2645FALSE
483.653FALSE
466.2645FALSE
358.8864FALSE
483.6528FALSE
466.2643FALSE
358.8866FALSE
483.653FALSE
466.2645FALSE
358.8865FALSE
483.653FALSE
358.8864FALSE
466.2645FALSE
483.6528FALSE
466.2643FALSE
358.8866FALSE
483.653FALSE
466.2645FALSE
483.653FALSE
358.8865FALSE
466.2645FALSE
358.8864FALSE
483.6528FALSE
466.2643FALSE
358.8866FALSE
483.653FALSE
466.2645FALSE
358.8865FALSE
483.653FALSE
466.2645FALSE
358.8864FALSE
483.6528FALSE
466.2643FALSE
358.8866FALSE
466.2645FALSE
483.653FALSE
466.2645FALSE
483.653FALSE
358.8865FALSE
466.2643FALSE
358.8864FALSE
483.6528FALSE
483.653FALSE
358.8866FALSE
466.2645FALSE
483.653FALSE
358.8865FALSE
466.2645FALSE
483.6528FALSE
358.8864FALSE
466.2643FALSE
483.653FALSE
358.8866FALSE
466.2645FALSE
483.653FALSE
358.8865FALSE
466.2645FALSE
483.6528FALSE
358.8864FALSE
466.2643FALSE
483.653FALSE
358.8866FALSE
483.653FALSE
466.2645FALSE
358.8865FALSE
483.6528FALSE
358.8864FALSE
466.2645FALSE
483.653FALSE
358.8866FALSE
466.2643FALSE
466.2645FALSE
358.8865FALSE
483.653FALSE
358.8864FALSE
466.2645FALSE
358.8866FALSE
483.6528FALSE
466.2643FALSE
358.8865FALSE
466.2645FALSE
359.0242FALSE
466.2645FALSE
483.653FALSE
359.022FALSE
466.2643FALSE
483.653FALSE
466.2645FALSE
359.0263FALSE
358.8865FALSE
466.2645FALSE
483.6528FALSE
358.8864FALSE
466.2643FALSE
483.653FALSE
466.2645FALSE
358.8865FALSE
483.653FALSE
483.6528FALSE
358.8864FALSE
483.653FALSE
358.8866FALSE
466.2645FALSE
483.653FALSE
466.2643FALSE
358.8865FALSE
483.6528FALSE
466.2645FALSE
358.8864FALSE
483.653FALSE
466.2645FALSE
358.8866FALSE
483.653FALSE
466.2643FALSE
483.6528FALSE
358.8865FALSE
466.2645FALSE
483.653FALSE
358.8864FALSE
483.653FALSE
466.2645FALSE
358.8866FALSE
483.6528FALSE
466.2643FALSE
358.8865FALSE
483.653FALSE
466.2645FALSE
358.8864FALSE
483.653FALSE
466.2645FALSE
358.8866FALSE
483.6528FALSE
358.8865FALSE
466.2643FALSE
483.653FALSE
466.2645FALSE
358.8864FALSE
483.653FALSE
466.2645FALSE
358.8866FALSE
483.6528FALSE
466.2643FALSE
483.653FALSE
358.8865FALSE
466.2645FALSE
483.653FALSE
358.8864FALSE
466.2645FALSE
483.6528FALSE
358.8866FALSE
466.2643FALSE
483.653FALSE
358.8865FALSE
466.2645FALSE
483.653FALSE
358.8864FALSE
483.6528FALSE
466.2645FALSE
358.8866FALSE
466.2643FALSE
483.653FALSE
358.8865FALSE
466.2645FALSE
483.653FALSE
358.8864FALSE
466.2645FALSE
483.6528FALSE
358.8866FALSE
466.2643FALSE
483.653FALSE
358.8865FALSE
466.2645FALSE
483.653FALSE
358.8864FALSE
466.2645FALSE
483.6528FALSE
358.8866FALSE
483.653FALSE
466.2643FALSE
358.8865FALSE
483.653FALSE
466.2645FALSE
358.8864FALSE
483.6528FALSE
466.2645FALSE
358.8866FALSE
483.653FALSE
466.2643FALSE
358.8865FALSE
466.2645FALSE
483.653FALSE
358.8864FALSE
483.6528FALSE
358.8866FALSE
466.2645FALSE
483.653FALSE
358.8865FALSE
466.2643FALSE
483.653FALSE
483.6528FALSE
358.8864FALSE
466.2645FALSE
483.653FALSE
466.2645FALSE
483.653FALSE
358.8866FALSE
466.2643FALSE
483.6528FALSE
358.8865FALSE
466.2645FALSE
483.653FALSE
466.2645FALSE
358.8864FALSE
483.653FALSE
358.8866FALSE
466.2643FALSE
483.6528FALSE
466.2645FALSE
358.8865FALSE
483.653FALSE
466.2645FALSE
358.8864FALSE
483.653FALSE
466.2643FALSE
483.6528FALSE
358.8866FALSE
466.2645FALSE
483.653FALSE
466.2645FALSE
358.8865FALSE
483.653FALSE
466.2643FALSE
483.6528FALSE
358.8864FALSE
466.2645FALSE
483.653FALSE
466.2645FALSE
483.653FALSE
358.8866FALSE
466.2643FALSE
358.8865FALSE
483.6528FALSE
466.2645FALSE
358.8864FALSE
483.653FALSE
466.2645FALSE
483.653FALSE
466.2643FALSE
358.8866FALSE
466.2645FALSE
483.6528FALSE
358.8865FALSE
466.2645FALSE
483.653FALSE
466.2643FALSE
483.653FALSE
358.8864FALSE
483.6528FALSE
466.2645FALSE
483.653FALSE
466.2645FALSE
358.8866FALSE
483.653FALSE
466.2643FALSE
358.8865FALSE
466.2645FALSE
483.6528FALSE
358.8864FALSE
466.2645FALSE
483.653FALSE
466.2643FALSE
483.653FALSE
358.8866FALSE
466.2645FALSE
483.6528FALSE
358.8865FALSE
$par
time_ind_lag0.bw 
       -2.109441 

$value
[1] 358.8864

$counts
function gradient 
      46       46 

$convergence
[1] 0

$message
[1] "CONVERGENCE: REL_REDUCTION_OF_F <= FACTR*EPSMCH"

466.2645FALSE
$par
smooth_log_cases_lag1.bw 
               -2.695282 

$value
[1] 466.2643

$counts
function gradient 
      49       49 

$convergence
[1] 0

$message
[1] "CONVERGENCE: REL_REDUCTION_OF_F <= FACTR*EPSMCH"

483.653FALSE
483.653FALSE
483.6528FALSE
483.653FALSE
483.653FALSE
$par
smooth_log_cases_lag0.bw 
               -2.456864 

$value
[1] 483.6528

$counts
function gradient 
      52       52 

$convergence
[1] 52

$message
[1] "ERROR: ABNORMAL_TERMINATION_IN_LNSRCH"

339.7235FALSE
334.6688FALSE
334.6907FALSE
339.7425FALSE
334.6467FALSE
339.7044FALSE
334.6698FALSE
339.7248FALSE
334.6677FALSE
339.7221FALSE
330.9655FALSE
334.2567FALSE
330.9468FALSE
334.2418FALSE
330.9842FALSE
334.2716FALSE
330.9876FALSE
334.2783FALSE
330.9433FALSE
334.2352FALSE
328.8839FALSE
333.8594FALSE
328.8757FALSE
333.8551FALSE
328.892FALSE
333.8655FALSE
328.8909FALSE
333.8597FALSE
328.8768FALSE
333.8605FALSE
329.9956FALSE
334.5861FALSE
329.9835FALSE
334.5938FALSE
330.0072FALSE
334.5783FALSE
330.0076FALSE
334.5823FALSE
329.9832FALSE
334.59FALSE
328.514FALSE
333.5939FALSE
328.5316FALSE
333.5849FALSE
328.4964FALSE
328.4987FALSE
333.6028FALSE
328.5295FALSE
333.6003FALSE
328.7546FALSE
333.5874FALSE
328.7438FALSE
333.3591FALSE
328.7652FALSE
333.349FALSE
328.7639FALSE
333.3692FALSE
328.7452FALSE
333.3682FALSE
328.4676FALSE
333.3499FALSE
333.2118FALSE
328.4542FALSE
333.2237FALSE
328.4809FALSE
328.4796FALSE
333.2214FALSE
328.4554FALSE
333.221FALSE
328.4513FALSE
333.2223FALSE
328.4689FALSE
333.4098FALSE
328.4443FALSE
333.4002FALSE
328.4434FALSE
333.4193FALSE
328.4667FALSE
333.4186FALSE
328.4513FALSE
333.4009FALSE
328.4689FALSE
333.2165FALSE
328.4443FALSE
333.2144FALSE
328.4434FALSE
333.2261FALSE
328.4667FALSE
333.2258FALSE
328.732FALSE
333.2129FALSE
328.7209FALSE
333.2119FALSE
328.7429FALSE
333.2235FALSE
328.7415FALSE
333.2215FALSE
328.7224FALSE
333.2211FALSE
328.4774FALSE
328.4641FALSE
333.2221FALSE
328.4907FALSE
333.2118FALSE
328.4894FALSE
333.2237FALSE
328.4654FALSE
333.2214FALSE
328.4407FALSE
333.221FALSE
328.4562FALSE
333.2223FALSE
328.4541FALSE
333.2118FALSE
328.4531FALSE
333.2237FALSE
328.454FALSE
333.2214FALSE
328.4464FALSE
333.221FALSE
328.449FALSE
333.2223FALSE
328.4599FALSE
333.2118FALSE
328.4583FALSE
333.2237FALSE
328.4474FALSE
333.2214FALSE
328.4409FALSE
333.221FALSE
328.4557FALSE
333.2223FALSE
328.4544FALSE
333.2118FALSE
328.4533FALSE
333.2237FALSE
328.4536FALSE
333.2214FALSE
328.4407FALSE
333.221FALSE
328.4562FALSE
333.2223FALSE
328.4541FALSE
333.2118FALSE
328.4531FALSE
333.2237FALSE
328.454FALSE
333.2214FALSE
328.4407FALSE
333.221FALSE
328.4562FALSE
333.2223FALSE
328.4541FALSE
333.2118FALSE
328.4531FALSE
333.2237FALSE
328.454FALSE
333.2214FALSE
328.4407FALSE
333.221FALSE
328.4562FALSE
333.2223FALSE
328.4541FALSE
333.2118FALSE
328.4531FALSE
333.2237FALSE
328.454FALSE
333.2214FALSE
328.4407FALSE
333.221FALSE
328.4562FALSE
328.4541FALSE
333.2223FALSE
328.4531FALSE
333.2118FALSE
328.454FALSE
333.2237FALSE
328.4407FALSE
333.2214FALSE
328.4562FALSE
333.221FALSE
328.4541FALSE
333.2223FALSE
328.4531FALSE
333.2118FALSE
328.454FALSE
333.2237FALSE
328.4407FALSE
333.2214FALSE
328.4562FALSE
333.221FALSE
328.4541FALSE
333.2223FALSE
328.4531FALSE
333.2118FALSE
328.454FALSE
333.2237FALSE
328.4407FALSE
328.4562FALSE
333.2214FALSE
328.4541FALSE
333.221FALSE
328.4531FALSE
333.2223FALSE
328.454FALSE
333.2118FALSE
328.4407FALSE
333.2237FALSE
328.4562FALSE
333.2214FALSE
328.4541FALSE
328.4531FALSE
333.221FALSE
328.454FALSE
333.2223FALSE
328.4407FALSE
333.2118FALSE
328.4562FALSE
333.2237FALSE
328.4541FALSE
333.2214FALSE
328.4531FALSE
333.221FALSE
328.454FALSE
333.2223FALSE
328.4407FALSE
333.2118FALSE
328.4562FALSE
333.2237FALSE
328.4541FALSE
333.2214FALSE
328.4531FALSE
333.221FALSE
328.454FALSE
333.2223FALSE
328.4407FALSE
333.2118FALSE
328.4562FALSE
333.2237FALSE
328.4541FALSE
333.2214FALSE
328.4531FALSE
333.221FALSE
328.454FALSE
333.2223FALSE
328.4407FALSE
328.4562FALSE
333.2118FALSE
328.4541FALSE
333.2237FALSE
328.4531FALSE
333.2214FALSE
328.454FALSE
333.221FALSE
328.4407FALSE
333.2223FALSE
328.4562FALSE
333.2118FALSE
328.4541FALSE
333.2237FALSE
328.4531FALSE
333.2214FALSE
328.454FALSE
333.221FALSE
328.4407FALSE
333.2223FALSE
328.4562FALSE
328.4541FALSE
333.2118FALSE
328.4531FALSE
333.2237FALSE
328.454FALSE
333.2214FALSE
328.4407FALSE
333.221FALSE
328.4562FALSE
333.2223FALSE
328.4541FALSE
362.9523FALSE
328.4531FALSE
362.9346FALSE
328.454FALSE
362.97FALSE
328.4407FALSE
363.0014FALSE
328.4562FALSE
362.9032FALSE
328.4541FALSE
333.5492FALSE
328.4531FALSE
333.541FALSE
328.454FALSE
333.5572FALSE
328.4407FALSE
333.5565FALSE
328.4562FALSE
333.5418FALSE
328.4541FALSE
333.2198FALSE
328.4531FALSE
333.2103FALSE
328.454FALSE
$par
smooth_log_cases_lag0.bw         time_ind_lag0.bw 
               -2.952925                -2.390028 

$value
[1] 328.4407

$counts
function gradient 
      31       31 

$convergence
[1] 0

$message
[1] "CONVERGENCE: REL_REDUCTION_OF_F <= FACTR*EPSMCH"

333.2295FALSE
333.2291FALSE
333.2106FALSE
333.212FALSE
333.2233FALSE
333.2215FALSE
333.2212FALSE
333.2219FALSE
333.2118FALSE
333.2237FALSE
333.2214FALSE
333.221FALSE
333.2223FALSE
333.2118FALSE
333.2237FALSE
333.2214FALSE
333.221FALSE
333.2223FALSE
333.2118FALSE
333.2237FALSE
333.2214FALSE
333.221FALSE
333.2223FALSE
333.2118FALSE
333.2237FALSE
333.2214FALSE
333.221FALSE
333.2223FALSE
333.2118FALSE
333.2237FALSE
333.2214FALSE
333.221FALSE
333.2223FALSE
333.2118FALSE
333.2237FALSE
333.2214FALSE
333.221FALSE
333.2223FALSE
333.2118FALSE
333.2237FALSE
333.2214FALSE
333.221FALSE
333.2223FALSE
333.2118FALSE
333.2237FALSE
333.2214FALSE
333.221FALSE
333.2223FALSE
333.2118FALSE
333.2237FALSE
333.2214FALSE
333.221FALSE
333.2223FALSE
333.2118FALSE
333.2237FALSE
333.2214FALSE
333.221FALSE
333.2223FALSE
333.2118FALSE
333.2237FALSE
333.2214FALSE
333.221FALSE
333.2223FALSE
333.2118FALSE
333.2237FALSE
333.2214FALSE
333.221FALSE
333.2223FALSE
333.2118FALSE
333.2237FALSE
333.2214FALSE
333.221FALSE
333.2223FALSE
333.2118FALSE
333.2237FALSE
333.2214FALSE
333.221FALSE
333.2223FALSE
333.2118FALSE
333.2237FALSE
333.2214FALSE
333.221FALSE
333.2223FALSE
333.2118FALSE
333.2237FALSE
333.2214FALSE
333.221FALSE
333.2223FALSE
$par
smooth_log_cases_lag1.bw         time_ind_lag0.bw 
               -2.964224                -2.419453 

$value
[1] 333.2118

$counts
function gradient 
      47       47 

$convergence
[1] 52

$message
[1] "ERROR: ABNORMAL_TERMINATION_IN_LNSRCH"

359.3721FALSE
329.1345FALSE
329.1306FALSE
359.3694FALSE
359.3747FALSE
329.1383FALSE
365.6826FALSE
329.1339FALSE
365.7107FALSE
329.1351FALSE
365.6546FALSE
329.1371FALSE
358.8943FALSE
329.1318FALSE
358.8934FALSE
333.5787FALSE
358.8958FALSE
333.5879FALSE
359.0747FALSE
333.5693FALSE
359.0779FALSE
359.0716FALSE
333.5829FALSE
358.9089FALSE
333.5744FALSE
358.9095FALSE
333.569FALSE
358.9083FALSE
333.588FALSE
358.8879FALSE
331.1243FALSE
358.8882FALSE
331.1275FALSE
358.8877FALSE
331.121FALSE
358.887FALSE
358.8873FALSE
331.1233FALSE
358.8868FALSE
331.1252FALSE
358.8901FALSE
331.1213FALSE
358.8892FALSE
331.1273FALSE
358.891FALSE
358.8865FALSE
328.9577FALSE
358.8865FALSE
328.9498FALSE
358.8866FALSE
328.9654FALSE
358.8865FALSE
358.8864FALSE
328.9564FALSE
358.8865FALSE
328.9589FALSE
358.8875FALSE
328.9647FALSE
358.8877FALSE
328.9505FALSE
358.8872FALSE
329.0663FALSE
358.8865FALSE
329.0816FALSE
358.8865FALSE
358.8865FALSE
329.0508FALSE
358.8864FALSE
329.0674FALSE
358.8866FALSE
329.0651FALSE
358.8865FALSE
329.0489FALSE
358.8864FALSE
329.0836FALSE
358.8865FALSE
358.8865FALSE
328.8152FALSE
358.8864FALSE
328.8062FALSE
358.8865FALSE
328.8242FALSE
358.8865FALSE
$par
time_ind_lag0.bw 
       -2.109928 

$value
[1] 358.8864

$counts
function gradient 
      15       15 

$convergence
[1] 0

$message
[1] "CONVERGENCE: REL_REDUCTION_OF_F <= FACTR*EPSMCH"

328.8136FALSE
328.8168FALSE
328.8239FALSE
328.8064FALSE
328.7785FALSE
328.7694FALSE
328.7876FALSE
328.7768FALSE
328.7801FALSE
328.7875FALSE
328.7698FALSE
328.7557FALSE
328.7699FALSE
328.7648FALSE
328.7549FALSE
328.7573FALSE
328.7644FALSE
328.771FALSE
328.9544FALSE
328.9466FALSE
328.9621FALSE
328.9531FALSE
328.9557FALSE
328.9613FALSE
328.9473FALSE
328.7698FALSE
328.7608FALSE
328.7789FALSE
328.7682FALSE
328.7715FALSE
328.7788FALSE
328.7613FALSE
328.7566FALSE
328.768FALSE
328.7658FALSE
328.755FALSE
328.7583FALSE
328.7653FALSE
328.7691FALSE
328.7557FALSE
328.7698FALSE
328.7649FALSE
328.7548FALSE
328.7574FALSE
328.7644FALSE
328.7709FALSE
328.7557FALSE
328.7699FALSE
328.7648FALSE
328.7549FALSE
328.7573FALSE
328.7644FALSE
328.771FALSE
328.7557FALSE
328.7699FALSE
328.7648FALSE
328.7549FALSE
328.7573FALSE
328.7644FALSE
328.771FALSE
328.7557FALSE
328.7699FALSE
328.7648FALSE
328.7549FALSE
328.7573FALSE
328.7644FALSE
328.771FALSE
328.7557FALSE
328.7699FALSE
328.7648FALSE
328.7549FALSE
328.7573FALSE
328.7644FALSE
328.771FALSE
328.7557FALSE
328.7699FALSE
328.7648FALSE
328.7549FALSE
328.7573FALSE
328.7644FALSE
328.771FALSE
328.7557FALSE
328.7699FALSE
328.7648FALSE
328.7549FALSE
328.7573FALSE
328.7644FALSE
328.771FALSE
328.7557FALSE
328.7699FALSE
328.7648FALSE
328.7549FALSE
328.7573FALSE
328.7644FALSE
328.771FALSE
328.7557FALSE
328.7699FALSE
328.7648FALSE
328.7549FALSE
328.7573FALSE
328.7644FALSE
328.771FALSE
328.7557FALSE
328.7699FALSE
328.7648FALSE
328.7549FALSE
328.7573FALSE
328.7644FALSE
328.771FALSE
328.7557FALSE
328.7699FALSE
328.7648FALSE
328.7549FALSE
328.7573FALSE
328.7644FALSE
328.771FALSE
328.7557FALSE
328.7699FALSE
328.7648FALSE
328.7549FALSE
328.7573FALSE
328.7644FALSE
328.771FALSE
328.7557FALSE
328.7699FALSE
328.7648FALSE
328.7549FALSE
328.7573FALSE
328.7644FALSE
328.771FALSE
328.7557FALSE
328.7699FALSE
328.7648FALSE
328.7549FALSE
328.7573FALSE
328.7644FALSE
328.771FALSE
328.7557FALSE
328.7699FALSE
328.7648FALSE
328.7549FALSE
328.7573FALSE
328.7644FALSE
328.771FALSE
328.7557FALSE
328.7699FALSE
328.7648FALSE
328.7549FALSE
328.7573FALSE
328.7644FALSE
328.771FALSE
328.7557FALSE
328.7699FALSE
328.7648FALSE
328.7549FALSE
328.7573FALSE
328.7644FALSE
328.771FALSE
495.3392FALSE
495.3163FALSE
495.362FALSE
495.3407FALSE
495.3376FALSE
495.3465FALSE
495.3318FALSE
329.1238FALSE
329.1269FALSE
329.1205FALSE
329.1242FALSE
329.1233FALSE
329.1211FALSE
329.1263FALSE
328.8575FALSE
328.8488FALSE
328.8662FALSE
328.856FALSE
328.859FALSE
328.8658FALSE
328.8492FALSE
328.763FALSE
328.7557FALSE
328.7721FALSE
328.7613FALSE
328.7646FALSE
328.7719FALSE
328.7567FALSE
328.7562FALSE
328.7689FALSE
328.7653FALSE
328.7545FALSE
328.7578FALSE
328.7649FALSE
328.77FALSE
328.7557FALSE
328.7698FALSE
328.7649FALSE
328.7548FALSE
328.7574FALSE
328.7644FALSE
328.7709FALSE
328.7557FALSE
328.7699FALSE
328.7648FALSE
328.7549FALSE
328.7573FALSE
328.7644FALSE
328.771FALSE
328.7557FALSE
328.7699FALSE
328.7648FALSE
328.7549FALSE
328.7573FALSE
328.7644FALSE
328.771FALSE
328.7557FALSE
328.7699FALSE
328.7648FALSE
328.7549FALSE
328.7573FALSE
328.7644FALSE
328.771FALSE
328.7557FALSE
328.7699FALSE
328.7648FALSE
328.7549FALSE
328.7573FALSE
328.7644FALSE
328.771FALSE
328.7557FALSE
328.7699FALSE
328.7648FALSE
328.7549FALSE
328.7573FALSE
328.7644FALSE
328.771FALSE
328.7557FALSE
328.7699FALSE
328.7648FALSE
328.7549FALSE
328.7573FALSE
328.7644FALSE
328.771FALSE
328.7557FALSE
328.7699FALSE
328.7648FALSE
328.7549FALSE
328.7573FALSE
328.7644FALSE
328.771FALSE
328.7557FALSE
328.7699FALSE
328.7648FALSE
328.7549FALSE
328.7573FALSE
328.7644FALSE
328.771FALSE
328.7557FALSE
328.7699FALSE
328.7648FALSE
328.7549FALSE
328.7573FALSE
328.7644FALSE
328.771FALSE
328.7557FALSE
328.7699FALSE
328.7648FALSE
328.7549FALSE
328.7573FALSE
328.7644FALSE
328.771FALSE
328.7557FALSE
328.7699FALSE
328.7648FALSE
328.7549FALSE
328.7573FALSE
328.7644FALSE
328.771FALSE
328.7557FALSE
328.7699FALSE
328.7648FALSE
328.7549FALSE
328.7573FALSE
328.7644FALSE
328.771FALSE
328.7557FALSE
328.7699FALSE
328.7648FALSE
328.7549FALSE
328.7573FALSE
328.7644FALSE
328.771FALSE
328.7557FALSE
328.7699FALSE
328.7648FALSE
328.7549FALSE
328.7573FALSE
328.7644FALSE
328.771FALSE
$par
smooth_log_cases_lag0.bw smooth_log_cases_lag1.bw         time_ind_lag0.bw 
               -2.920267                -2.297285                -2.412356 

$value
[1] 328.7557

$counts
function gradient 
      48       48 

$convergence
[1] 52

$message
[1] "ERROR: ABNORMAL_TERMINATION_IN_LNSRCH"

> 
> save(ssr_fit,
+     file=paste0("/home/ngr67a/2015-cdc-flu-competition/fit-competition-ssr-ph", prediction_horizon_limit, "-", data_set, ".Rdata"))
> 
> proc.time()
    user   system  elapsed 
2348.316    1.538 2130.429 
