
R version 3.2.2 (2015-08-14) -- "Fire Safety"
Copyright (C) 2015 The R Foundation for Statistical Computing
Platform: x86_64-pc-linux-gnu (64-bit)

R is free software and comes with ABSOLUTELY NO WARRANTY.
You are welcome to redistribute it under certain conditions.
Type 'license()' or 'licence()' for distribution details.

  Natural language support but running in an English locale

R is a collaborative project with many contributors.
Type 'contributors()' for more information and
'citation()' on how to cite R or R packages in publications.

Type 'demo()' for some demos, 'help()' for on-line help, or
'help.start()' for an HTML browser interface to help.
Type 'q()' to quit R.

> ### get ssr fit -- prediction horizons 1:52
> library(lubridate)
> library(ggplot2)
> library(plyr)

Attaching package: ‘plyr’

The following object is masked from ‘package:lubridate’:

    here

> library(dplyr)

Attaching package: ‘dplyr’

The following objects are masked from ‘package:plyr’:

    arrange, count, desc, failwith, id, mutate, rename, summarise,
    summarize

The following objects are masked from ‘package:lubridate’:

    intersect, setdiff, union

The following objects are masked from ‘package:stats’:

    filter, lag

The following objects are masked from ‘package:base’:

    intersect, setdiff, setequal, union

> library(reshape)

Attaching package: ‘reshape’

The following object is masked from ‘package:dplyr’:

    rename

The following objects are masked from ‘package:plyr’:

    rename, round_any

The following object is masked from ‘package:lubridate’:

    stamp

> library(ssrFlu)
> library(doMC)
Loading required package: foreach
Loading required package: iterators
Loading required package: parallel
> 
> registerDoMC(cores=3)
> 
> args <- commandArgs(trailingOnly=TRUE)
> 
> data_set <- args[1]
> prediction_horizon_limit <- as.integer(args[2])
> 
> ## load dataset
> if(identical(data_set, "ili_national")) {
+     data <- ili_national
+ } 
> if(identical(data_set, "ili_region1")) {
+     data <- ili_region1
+ } 
> if(identical(data_set, "ili_region2")) {
+     data <- ili_region2
+ } 
> if(identical(data_set, "ili_region3")) {
+     data <- ili_region3
+ } 
> if(identical(data_set, "ili_region4")) {
+     data <- ili_region4
+ } 
> if(identical(data_set, "ili_region5")) {
+     data <- ili_region5
+ } 
> if(identical(data_set, "ili_region6")) {
+     data <- ili_region6
+ } 
> if(identical(data_set, "ili_region7")) {
+     data <- ili_region7
+ } 
> if(identical(data_set, "ili_region8")) {
+     data <- ili_region8
+ } 
> if(identical(data_set, "ili_region9")) {
+     data <- ili_region9
+ } 
> if(identical(data_set, "ili_region10")) {
+     data <- ili_region10
+ } 
> 
> 
> 
> ## add log column
> data$log_total_cases <- log(data$total_cases + 1)
> 
> ## add week_start_date
> char_dates <- paste(data$year, data$week, "1")
> data$week_start_date <- as.Date(char_dates, format="%Y %W %w")
> 
> ## remove week 53s
> data <- data[-which(is.na(data$week_start_date)),]
> data <- data[262:nrow(data),]
> 
> ## add smooth log column -- or not, since it is already pretty smooth...
> sm <- loess(log_total_cases ~ as.numeric(week_start_date), data=data, span= 26 / nrow(data))
> data$smooth_log_cases <- sm$fitted
> 
> ## add time column
> data$time_ind <- seq_len(nrow(data))
> 
> ssr_control <- create_ssr_control(X_names=c("smooth_log_cases", "time_ind"),
+     y_names="total_cases",
+     time_name=NULL,
+     max_lag=list(smooth_log_cases=1,
+         time_ind=0),
+     prediction_horizons=as.integer(prediction_horizon_limit),
+     kernel_fns=list(smooth_log_cases="squared_exp_kernel",
+         time_ind="periodic_kernel"),
+     theta_est=list(smooth_log_cases="bw",
+         time_ind="bw"),
+     theta_fixed=list(time_ind=list(period=pi / 52)),
+     theta_transform_fns=list(
+         squared_exp_kernel=list(
+             bw=list(transform="log",
+                 detransform="exp")
+         ),
+         periodic_kernel=list(
+             bw=list(transform="log",
+                 detransform="exp")
+         )
+     ),
+     crossval_buffer=52,
+     loss_fn_name="mae_from_kernel_weights_and_centers",
+     loss_fn_args=list())
> 
> 
> ssr_fit <- ssr(X_names=c("smooth_log_cases", "time_ind"),
+     y_names="total_cases",
+     time_name=NULL,
+     data=data,
+     ssr_control=ssr_control)
546.4104FALSE
454.0212FALSE
549.2358FALSE
546.4113FALSE
549.2375FALSE
454.0169FALSE
546.4095FALSE
549.2341FALSE
557.5314FALSE
454.0255FALSE
558.2857FALSE
557.5152FALSE
452.9917FALSE
558.272FALSE
557.5476FALSE
453.0066FALSE
558.2993FALSE
546.4007FALSE
452.9769FALSE
549.1882FALSE
546.4008FALSE
453.0964FALSE
549.1878FALSE
546.4007FALSE
549.1887FALSE
453.0924FALSE
546.4007FALSE
546.4007FALSE
549.184FALSE
453.1005FALSE
546.4007FALSE
549.1839FALSE
451.1884FALSE
546.4007FALSE
549.1842FALSE
451.1874FALSE
546.4007FALSE
549.1859FALSE
546.4007FALSE
549.1868FALSE
451.1894FALSE
549.1853FALSE
546.4007FALSE
451.942FALSE
549.1839FALSE
451.9523FALSE
546.4007FALSE
451.9317FALSE
549.1838FALSE
549.1841FALSE
546.4007FALSE
$par
smooth_log_cases_lag1.bw 
               -2.329238 

$value
[1] 546.4007

$counts
function gradient 
       6        6 

$convergence
[1] 0

$message
[1] "CONVERGENCE: REL_REDUCTION_OF_F <= FACTR*EPSMCH"

451.172FALSE
549.1845FALSE
451.1715FALSE
549.1851FALSE
451.1724FALSE
549.1839FALSE
451.1623FALSE
549.1839FALSE
451.1624FALSE
549.184FALSE
451.1624FALSE
451.1624FALSE
549.184FALSE
549.1839FALSE
451.1625FALSE
549.184FALSE
451.1623FALSE
549.184FALSE
451.1623FALSE
549.1839FALSE
451.1624FALSE
549.184FALSE
451.1624FALSE
549.184FALSE
451.1623FALSE
549.1839FALSE
451.1624FALSE
549.184FALSE
451.1624FALSE
549.184FALSE
451.1623FALSE
549.1839FALSE
451.1624FALSE
549.184FALSE
451.1624FALSE
549.184FALSE
451.1623FALSE
549.1839FALSE
451.1624FALSE
549.184FALSE
451.1624FALSE
549.184FALSE
451.1623FALSE
549.1839FALSE
451.1624FALSE
549.184FALSE
451.1624FALSE
451.1623FALSE
549.184FALSE
451.1624FALSE
549.1839FALSE
451.1624FALSE
549.184FALSE
451.1623FALSE
549.184FALSE
451.1624FALSE
549.1839FALSE
451.1624FALSE
549.184FALSE
451.1623FALSE
549.184FALSE
451.1624FALSE
549.1839FALSE
451.1624FALSE
549.184FALSE
451.1623FALSE
549.184FALSE
451.1624FALSE
549.1839FALSE
549.184FALSE
451.1624FALSE
549.184FALSE
451.1623FALSE
549.1839FALSE
451.1624FALSE
549.184FALSE
451.1624FALSE
549.184FALSE
451.1623FALSE
549.1839FALSE
451.1624FALSE
549.184FALSE
451.1624FALSE
549.184FALSE
549.1839FALSE
451.1623FALSE
549.184FALSE
451.1624FALSE
549.184FALSE
451.1624FALSE
$par
time_ind_lag0.bw 
       -1.538717 

$value
[1] 451.1623

$counts
function gradient 
      20       20 

$convergence
[1] 0

$message
[1] "CONVERGENCE: REL_REDUCTION_OF_F <= FACTR*EPSMCH"

549.1839FALSE
549.184FALSE
549.184FALSE
549.1839FALSE
549.184FALSE
549.184FALSE
549.1839FALSE
549.184FALSE
549.184FALSE
549.1839FALSE
549.184FALSE
549.184FALSE
549.1839FALSE
549.184FALSE
549.184FALSE
549.1839FALSE
549.184FALSE
549.184FALSE
549.1839FALSE
549.184FALSE
549.184FALSE
549.1839FALSE
549.184FALSE
549.184FALSE
549.1839FALSE
549.184FALSE
549.184FALSE
549.1839FALSE
549.184FALSE
549.184FALSE
549.1839FALSE
549.184FALSE
549.184FALSE
549.1839FALSE
549.184FALSE
549.184FALSE
549.1839FALSE
549.184FALSE
549.184FALSE
549.1839FALSE
549.184FALSE
549.184FALSE
549.1839FALSE
549.184FALSE
549.184FALSE
549.1839FALSE
549.184FALSE
549.184FALSE
549.1839FALSE
549.184FALSE
549.184FALSE
549.1839FALSE
549.184FALSE
549.184FALSE
549.1839FALSE
549.184FALSE
549.184FALSE
549.1839FALSE
549.184FALSE
549.184FALSE
549.1839FALSE
549.184FALSE
549.184FALSE
549.1839FALSE
549.184FALSE
549.184FALSE
549.1839FALSE
549.184FALSE
549.184FALSE
549.1839FALSE
549.184FALSE
549.184FALSE
549.1839FALSE
549.184FALSE
549.184FALSE
549.1839FALSE
549.184FALSE
549.184FALSE
549.1839FALSE
549.184FALSE
549.184FALSE
549.1839FALSE
549.184FALSE
549.184FALSE
$par
smooth_log_cases_lag0.bw 
               -2.341753 

$value
[1] 549.1839

$counts
function gradient 
      49       49 

$convergence
[1] 52

$message
[1] "ERROR: ABNORMAL_TERMINATION_IN_LNSRCH"

445.1516FALSE
449.1995FALSE
445.1548FALSE
449.194FALSE
445.1487FALSE
449.2051FALSE
445.1825FALSE
449.2327FALSE
445.1215FALSE
449.1664FALSE
441.9487FALSE
444.7738FALSE
441.9494FALSE
444.7846FALSE
441.9481FALSE
444.763FALSE
441.9339FALSE
444.7575FALSE
441.9637FALSE
444.7901FALSE
439.6043FALSE
440.7698FALSE
439.6005FALSE
440.7737FALSE
439.6081FALSE
440.7659FALSE
439.5972FALSE
440.7625FALSE
440.7771FALSE
439.6114FALSE
440.9227FALSE
441.3408FALSE
440.9313FALSE
441.3301FALSE
440.9141FALSE
441.3514FALSE
440.9388FALSE
441.351FALSE
440.9067FALSE
441.3305FALSE
438.5245FALSE
440.3162FALSE
438.5226FALSE
440.3133FALSE
438.5265FALSE
440.3191FALSE
438.5225FALSE
440.3166FALSE
438.5265FALSE
440.3157FALSE
438.8997FALSE
440.2891FALSE
440.2895FALSE
438.906FALSE
438.8934FALSE
440.2886FALSE
440.2868FALSE
438.9032FALSE
440.2914FALSE
438.8962FALSE
440.296FALSE
438.5171FALSE
438.5177FALSE
440.298FALSE
438.5164FALSE
440.2939FALSE
440.2956FALSE
438.5175FALSE
440.2964FALSE
438.5167FALSE
440.2815FALSE
438.5143FALSE
438.5148FALSE
440.2817FALSE
438.5138FALSE
440.2812FALSE
438.5147FALSE
440.2809FALSE
438.514FALSE
440.2821FALSE
438.5476FALSE
440.2804FALSE
438.5455FALSE
440.2808FALSE
438.5496FALSE
440.28FALSE
438.5457FALSE
440.2801FALSE
438.5494FALSE
440.2808FALSE
438.5123FALSE
440.2786FALSE
438.5128FALSE
440.2782FALSE
438.5118FALSE
438.5127FALSE
440.2794FALSE
438.512FALSE
440.2794FALSE
438.5282FALSE
440.2781FALSE
438.5262FALSE
440.2794FALSE
438.5303FALSE
440.2798FALSE
438.5264FALSE
440.2791FALSE
438.5301FALSE
440.2791FALSE
438.5108FALSE
438.5113FALSE
440.2797FALSE
438.5103FALSE
440.2782FALSE
438.5111FALSE
440.2786FALSE
438.5108FALSE
440.2783FALSE
438.702FALSE
440.2783FALSE
438.6994FALSE
440.2785FALSE
438.7046FALSE
440.2803FALSE
438.7005FALSE
440.2795FALSE
438.7035FALSE
440.2811FALSE
438.5103FALSE
440.2811FALSE
438.5102FALSE
440.2795FALSE
438.5109FALSE
440.2782FALSE
438.5096FALSE
440.2785FALSE
438.5113FALSE
438.5102FALSE
440.2784FALSE
438.5103FALSE
440.2785FALSE
438.51FALSE
440.2785FALSE
438.5098FALSE
440.2782FALSE
438.5107FALSE
440.2785FALSE
438.5088FALSE
440.2785FALSE
438.5089FALSE
440.2785FALSE
438.5099FALSE
440.2784FALSE
438.5089FALSE
440.278FALSE
438.5095FALSE
440.2784FALSE
438.5093FALSE
440.2786FALSE
438.5098FALSE
440.2786FALSE
438.5088FALSE
438.5097FALSE
440.2783FALSE
438.5094FALSE
440.2792FALSE
438.5088FALSE
440.2789FALSE
438.5091FALSE
440.2801FALSE
438.5094FALSE
440.2798FALSE
438.509FALSE
440.2791FALSE
438.5093FALSE
438.5088FALSE
440.278FALSE
438.509FALSE
440.2784FALSE
438.5098FALSE
440.2786FALSE
438.5089FALSE
440.2786FALSE
438.5094FALSE
438.5088FALSE
440.2783FALSE
438.5089FALSE
440.278FALSE
438.5098FALSE
440.2784FALSE
438.5089FALSE
440.2786FALSE
438.5095FALSE
440.2786FALSE
438.5088FALSE
440.2783FALSE
438.5089FALSE
440.2784FALSE
438.5099FALSE
440.2784FALSE
438.5089FALSE
440.2793FALSE
438.5095FALSE
440.279FALSE
438.5088FALSE
440.2787FALSE
438.5089FALSE
440.278FALSE
438.5099FALSE
440.2783FALSE
438.5089FALSE
440.2786FALSE
438.5095FALSE
440.2786FALSE
438.5088FALSE
440.2783FALSE
440.278FALSE
438.5089FALSE
438.5099FALSE
440.2783FALSE
438.5089FALSE
440.2786FALSE
438.5095FALSE
440.2786FALSE
438.5088FALSE
440.2783FALSE
438.5089FALSE
440.278FALSE
438.5099FALSE
440.2782FALSE
438.5089FALSE
440.2789FALSE
438.5095FALSE
440.2787FALSE
438.5088FALSE
440.2785FALSE
438.5089FALSE
440.2779FALSE
438.5099FALSE
440.2783FALSE
438.5089FALSE
440.2787FALSE
438.5095FALSE
440.2787FALSE
438.5088FALSE
440.2783FALSE
438.5089FALSE
440.278FALSE
438.5099FALSE
440.2783FALSE
438.5089FALSE
440.2786FALSE
438.5095FALSE
440.2787FALSE
440.2783FALSE
438.5088FALSE
440.278FALSE
438.5089FALSE
440.2783FALSE
438.5099FALSE
440.2787FALSE
438.5089FALSE
440.2786FALSE
438.5095FALSE
440.2784FALSE
438.5088FALSE
440.278FALSE
438.5089FALSE
440.2783FALSE
438.5099FALSE
440.2786FALSE
438.5089FALSE
440.2786FALSE
438.5095FALSE
440.2784FALSE
438.5088FALSE
440.2781FALSE
438.5089FALSE
440.2784FALSE
438.5099FALSE
440.2784FALSE
440.2784FALSE
438.5089FALSE
440.2784FALSE
438.5095FALSE
440.278FALSE
438.5088FALSE
440.2783FALSE
438.5089FALSE
440.2786FALSE
438.5099FALSE
440.2786FALSE
438.5089FALSE
440.2784FALSE
438.5095FALSE
440.278FALSE
438.5088FALSE
440.2783FALSE
438.5089FALSE
440.2786FALSE
438.5099FALSE
440.2786FALSE
438.5089FALSE
440.2784FALSE
438.5095FALSE
440.278FALSE
438.5088FALSE
440.2783FALSE
438.5089FALSE
440.2786FALSE
440.2786FALSE
438.5099FALSE
440.2784FALSE
438.5089FALSE
440.278FALSE
438.5095FALSE
440.2783FALSE
438.5088FALSE
440.2786FALSE
438.5089FALSE
440.2786FALSE
438.5099FALSE
440.2784FALSE
438.5089FALSE
440.278FALSE
438.5095FALSE
440.2783FALSE
440.2786FALSE
438.5088FALSE
440.2786FALSE
438.5089FALSE
440.2784FALSE
438.5099FALSE
440.278FALSE
438.5089FALSE
440.2783FALSE
438.5095FALSE
440.2786FALSE
438.5088FALSE
440.2786FALSE
438.5089FALSE
440.2784FALSE
438.5099FALSE
440.278FALSE
438.5089FALSE
440.2783FALSE
438.5095FALSE
440.2786FALSE
438.5088FALSE
440.2786FALSE
438.5089FALSE
440.2784FALSE
438.5099FALSE
440.278FALSE
438.5089FALSE
440.2783FALSE
438.5095FALSE
440.2786FALSE
445.3748FALSE
440.2786FALSE
445.3827FALSE
440.2784FALSE
445.3669FALSE
445.3935FALSE
440.278FALSE
445.3562FALSE
440.2783FALSE
440.2786FALSE
438.5137FALSE
438.5142FALSE
440.2786FALSE
438.5132FALSE
440.2784FALSE
438.5142FALSE
440.278FALSE
438.5133FALSE
440.2783FALSE
438.5091FALSE
440.2786FALSE
438.5096FALSE
440.2786FALSE
438.5086FALSE
440.2784FALSE
438.5096FALSE
440.278FALSE
438.5091FALSE
440.2783FALSE
438.5088FALSE
440.2786FALSE
438.5091FALSE
440.2786FALSE
438.5095FALSE
440.2784FALSE
438.509FALSE
440.278FALSE
438.5092FALSE
440.2783FALSE
438.5088FALSE
440.2786FALSE
438.5092FALSE
440.2786FALSE
438.5092FALSE
438.5091FALSE
440.2784FALSE
438.5092FALSE
440.278FALSE
438.5087FALSE
440.2783FALSE
438.5092FALSE
440.2786FALSE
438.5092FALSE
440.2786FALSE
438.5092FALSE
440.2784FALSE
438.5092FALSE
440.278FALSE
438.5087FALSE
440.2783FALSE
438.5092FALSE
440.2786FALSE
438.5092FALSE
440.2786FALSE
438.5092FALSE
440.2784FALSE
438.5092FALSE
440.278FALSE
438.5087FALSE
440.2783FALSE
438.5092FALSE
438.5092FALSE
440.2786FALSE
438.5092FALSE
440.2786FALSE
438.5091FALSE
440.2784FALSE
438.5087FALSE
440.278FALSE
438.5092FALSE
440.2783FALSE
438.5092FALSE
440.2786FALSE
438.5092FALSE
440.2786FALSE
438.5092FALSE
440.2784FALSE
438.5087FALSE
440.278FALSE
438.5092FALSE
440.2783FALSE
438.5092FALSE
440.2786FALSE
438.5092FALSE
440.2786FALSE
438.5092FALSE
440.2784FALSE
438.5087FALSE
440.278FALSE
438.5092FALSE
440.2783FALSE
440.2786FALSE
438.5092FALSE
440.2786FALSE
438.5092FALSE
440.2784FALSE
438.5091FALSE
$par
smooth_log_cases_lag0.bw         time_ind_lag0.bw 
               -2.299490                -2.014836 

$value
[1] 438.5087

$counts
function gradient 
      47       47 

$convergence
[1] 0

$message
[1] "CONVERGENCE: REL_REDUCTION_OF_F <= FACTR*EPSMCH"

440.278FALSE
440.2783FALSE
440.2786FALSE
440.2786FALSE
440.2784FALSE
441.1746FALSE
441.1745FALSE
441.1746FALSE
441.1714FALSE
441.1777FALSE
440.2788FALSE
440.2791FALSE
440.2785FALSE
440.2785FALSE
440.2793FALSE
440.278FALSE
440.2784FALSE
440.2785FALSE
440.2785FALSE
440.2784FALSE
440.278FALSE
440.2783FALSE
440.2786FALSE
440.2786FALSE
440.2784FALSE
440.278FALSE
440.2783FALSE
440.2786FALSE
440.2786FALSE
440.2784FALSE
440.278FALSE
440.2783FALSE
440.2786FALSE
440.2786FALSE
440.2784FALSE
440.278FALSE
440.2783FALSE
440.2786FALSE
440.2786FALSE
440.2784FALSE
440.278FALSE
440.2783FALSE
440.2786FALSE
440.2786FALSE
440.2784FALSE
440.278FALSE
440.2783FALSE
440.2786FALSE
440.2786FALSE
440.2784FALSE
440.278FALSE
440.2783FALSE
440.2786FALSE
440.2786FALSE
440.2784FALSE
440.278FALSE
440.2783FALSE
440.2786FALSE
440.2786FALSE
440.2784FALSE
440.278FALSE
440.2783FALSE
440.2786FALSE
440.2786FALSE
440.2784FALSE
440.278FALSE
440.2783FALSE
440.2786FALSE
440.2786FALSE
440.2784FALSE
440.278FALSE
440.2783FALSE
440.2786FALSE
440.2786FALSE
440.2784FALSE
440.278FALSE
440.2783FALSE
440.2786FALSE
440.2786FALSE
440.2784FALSE
440.278FALSE
440.2783FALSE
440.2786FALSE
440.2786FALSE
440.2784FALSE
440.278FALSE
440.2783FALSE
440.2786FALSE
440.2786FALSE
440.2784FALSE
440.278FALSE
440.2783FALSE
440.2786FALSE
440.2786FALSE
440.2784FALSE
440.278FALSE
440.2783FALSE
440.2786FALSE
440.2786FALSE
440.2784FALSE
440.278FALSE
440.2783FALSE
440.2786FALSE
440.2786FALSE
440.2784FALSE
$par
smooth_log_cases_lag1.bw         time_ind_lag0.bw 
               -2.292857                -2.091844 

$value
[1] 440.278

$counts
function gradient 
      67       67 

$convergence
[1] 52

$message
[1] "ERROR: ABNORMAL_TERMINATION_IN_LNSRCH"

452.8261FALSE
442.0387FALSE
452.8216FALSE
442.0348FALSE
452.8306FALSE
442.0427FALSE
465.0556FALSE
442.0299FALSE
465.1332FALSE
442.0476FALSE
464.978FALSE
451.4019FALSE
442.0447FALSE
442.0327FALSE
451.3983FALSE
443.9854FALSE
451.4055FALSE
443.9936FALSE
542.4979FALSE
542.595FALSE
443.9773FALSE
443.9872FALSE
542.4008FALSE
451.3318FALSE
443.9836FALSE
451.3296FALSE
443.9712FALSE
443.9996FALSE
451.3339FALSE
440.3749FALSE
451.2606FALSE
451.2587FALSE
440.3735FALSE
451.2626FALSE
440.3762FALSE
451.1778FALSE
440.3726FALSE
451.1787FALSE
440.3772FALSE
451.177FALSE
440.3699FALSE
451.1657FALSE
440.3799FALSE
451.1654FALSE
451.1661FALSE
439.6706FALSE
451.1626FALSE
439.6702FALSE
451.1627FALSE
439.671FALSE
451.1625FALSE
439.6691FALSE
451.1624FALSE
439.6722FALSE
451.1623FALSE
439.667FALSE
451.1626FALSE
439.6743FALSE
451.1624FALSE
439.5193FALSE
451.1625FALSE
439.521FALSE
451.1623FALSE
439.5176FALSE
451.1649FALSE
439.5185FALSE
451.1646FALSE
439.5201FALSE
451.1653FALSE
439.5255FALSE
451.1623FALSE
451.1624FALSE
439.5132FALSE
451.1624FALSE
439.2484FALSE
451.1623FALSE
439.2496FALSE
451.1624FALSE
439.2472FALSE
451.1625FALSE
439.2474FALSE
451.1623FALSE
439.2495FALSE
451.1624FALSE
439.2492FALSE
451.1624FALSE
451.1623FALSE
439.2477FALSE
451.1624FALSE
439.1391FALSE
451.1624FALSE
439.1399FALSE
451.1623FALSE
439.1383FALSE
451.1624FALSE
439.1382FALSE
451.1624FALSE
439.1401FALSE
451.1623FALSE
439.1403FALSE
451.1624FALSE
439.138FALSE
451.1624FALSE
438.8068FALSE
451.1623FALSE
438.8076FALSE
451.1624FALSE
438.8059FALSE
451.1624FALSE
438.8062FALSE
451.1623FALSE
451.1624FALSE
438.8074FALSE
451.1624FALSE
438.8081FALSE
451.1623FALSE
438.8055FALSE
451.1624FALSE
442.8437FALSE
451.1624FALSE
442.8286FALSE
451.1623FALSE
442.8587FALSE
451.1624FALSE
442.8435FALSE
451.1624FALSE
451.1623FALSE
442.8438FALSE
451.1624FALSE
442.8432FALSE
451.1624FALSE
442.8442FALSE
451.1623FALSE
438.7392FALSE
451.1624FALSE
438.7385FALSE
451.1624FALSE
438.74FALSE
451.1623FALSE
438.7386FALSE
451.1624FALSE
438.7399FALSE
451.1624FALSE
438.7404FALSE
451.1623FALSE
438.7381FALSE
451.1624FALSE
438.6606FALSE
451.1624FALSE
438.6599FALSE
451.1623FALSE
438.6612FALSE
438.6602FALSE
451.1624FALSE
438.6609FALSE
451.1624FALSE
438.6611FALSE
451.1623FALSE
438.66FALSE
451.1624FALSE
438.615FALSE
451.1624FALSE
438.6145FALSE
438.6156FALSE
451.1623FALSE
438.6148FALSE
451.1624FALSE
438.6153FALSE
451.1624FALSE
438.6152FALSE
451.1623FALSE
438.6149FALSE
451.1624FALSE
438.553FALSE
451.1624FALSE
438.5533FALSE
451.1623FALSE
438.5527FALSE
451.1624FALSE
438.553FALSE
451.1624FALSE
$par
time_ind_lag0.bw 
       -1.538584 

$value
[1] 451.1623

$counts
function gradient 
      31       31 

$convergence
[1] 0

$message
[1] "CONVERGENCE: REL_REDUCTION_OF_F <= FACTR*EPSMCH"

438.553FALSE
438.5542FALSE
438.5518FALSE
438.5544FALSE
438.5548FALSE
438.5541FALSE
438.5544FALSE
438.5545FALSE
438.5527FALSE
438.5562FALSE
438.5329FALSE
438.5338FALSE
438.532FALSE
438.5329FALSE
438.5329FALSE
438.5332FALSE
438.5326FALSE
438.5503FALSE
438.5484FALSE
438.5522FALSE
438.5503FALSE
438.5503FALSE
438.5483FALSE
438.5523FALSE
438.5227FALSE
438.5237FALSE
438.5218FALSE
438.5227FALSE
438.5227FALSE
438.5229FALSE
438.523FALSE
438.7134FALSE
438.711FALSE
438.7158FALSE
438.7133FALSE
438.7134FALSE
438.7115FALSE
438.7152FALSE
438.5207FALSE
438.5206FALSE
438.521FALSE
438.5207FALSE
438.5208FALSE
438.5197FALSE
438.5219FALSE
438.5159FALSE
438.5165FALSE
438.5154FALSE
438.5159FALSE
438.516FALSE
438.5165FALSE
438.5155FALSE
438.5158FALSE
438.5149FALSE
438.5168FALSE
438.5158FALSE
438.5159FALSE
438.5159FALSE
438.5162FALSE
438.515FALSE
438.5155FALSE
438.5153FALSE
438.515FALSE
438.515FALSE
438.5156FALSE
438.5145FALSE
438.5181FALSE
438.5164FALSE
438.5199FALSE
438.5181FALSE
438.5181FALSE
438.5167FALSE
438.5196FALSE
438.5145FALSE
438.515FALSE
438.5153FALSE
438.5145FALSE
438.5145FALSE
438.515FALSE
438.5148FALSE
438.5143FALSE
438.5148FALSE
438.5151FALSE
438.5143FALSE
438.5143FALSE
438.5148FALSE
438.5147FALSE
438.5153FALSE
438.5153FALSE
438.5155FALSE
438.5153FALSE
438.5153FALSE
438.5146FALSE
438.5163FALSE
438.5144FALSE
438.5145FALSE
438.5147FALSE
438.5144FALSE
438.5144FALSE
438.5144FALSE
438.5149FALSE
438.5143FALSE
438.5147FALSE
438.515FALSE
438.5143FALSE
438.5143FALSE
438.5147FALSE
438.5147FALSE
438.5143FALSE
438.5148FALSE
438.5151FALSE
438.5143FALSE
438.5143FALSE
438.5148FALSE
438.5147FALSE
438.5143FALSE
438.5148FALSE
438.515FALSE
438.5143FALSE
438.5143FALSE
438.5147FALSE
438.5147FALSE
438.5143FALSE
438.5148FALSE
438.5151FALSE
438.5143FALSE
438.5143FALSE
438.5148FALSE
438.5147FALSE
438.5143FALSE
438.5148FALSE
438.5151FALSE
438.5143FALSE
438.5143FALSE
438.5148FALSE
438.5147FALSE
438.5143FALSE
438.5148FALSE
438.5151FALSE
438.5143FALSE
438.5143FALSE
438.5148FALSE
438.5147FALSE
438.5156FALSE
438.5154FALSE
438.5159FALSE
438.5156FALSE
438.5156FALSE
438.5147FALSE
438.5167FALSE
438.5144FALSE
438.5145FALSE
438.5146FALSE
438.5144FALSE
438.5144FALSE
438.5143FALSE
438.5149FALSE
438.5143FALSE
438.5147FALSE
438.5149FALSE
438.5143FALSE
438.5143FALSE
438.5146FALSE
438.5147FALSE
438.5143FALSE
438.5148FALSE
438.515FALSE
438.5143FALSE
438.5143FALSE
438.5147FALSE
438.5147FALSE
438.5143FALSE
438.5148FALSE
438.5151FALSE
438.5143FALSE
438.5143FALSE
438.5148FALSE
438.5147FALSE
438.5143FALSE
438.5148FALSE
438.5151FALSE
438.5143FALSE
438.5143FALSE
438.5148FALSE
438.5147FALSE
438.5143FALSE
438.5148FALSE
438.5151FALSE
438.5143FALSE
438.5143FALSE
438.5148FALSE
438.5147FALSE
438.5143FALSE
438.5148FALSE
438.5151FALSE
438.5143FALSE
438.5143FALSE
438.5148FALSE
438.5147FALSE
438.5143FALSE
438.5148FALSE
438.5151FALSE
438.5143FALSE
438.5143FALSE
438.5148FALSE
438.5147FALSE
438.5143FALSE
438.5148FALSE
438.5151FALSE
438.5143FALSE
438.5143FALSE
438.5148FALSE
438.5147FALSE
438.5143FALSE
438.5148FALSE
438.5151FALSE
438.5143FALSE
438.5143FALSE
438.5148FALSE
438.5147FALSE
438.5143FALSE
438.5148FALSE
438.5151FALSE
438.5143FALSE
438.5143FALSE
438.5148FALSE
438.5147FALSE
438.5143FALSE
438.5148FALSE
438.5151FALSE
438.5143FALSE
438.5143FALSE
438.5148FALSE
438.5147FALSE
438.5143FALSE
438.5148FALSE
438.5151FALSE
438.5143FALSE
438.5143FALSE
438.5148FALSE
438.5147FALSE
438.5143FALSE
438.5148FALSE
438.5151FALSE
438.5143FALSE
438.5143FALSE
438.5148FALSE
438.5147FALSE
438.5143FALSE
438.5148FALSE
438.5151FALSE
438.5143FALSE
438.5143FALSE
438.5148FALSE
438.5147FALSE
438.5143FALSE
438.5148FALSE
438.5151FALSE
438.5143FALSE
438.5143FALSE
438.5148FALSE
438.5147FALSE
438.5143FALSE
438.5148FALSE
438.5151FALSE
438.5143FALSE
438.5143FALSE
438.5148FALSE
438.5147FALSE
438.5143FALSE
438.5148FALSE
438.5151FALSE
438.5143FALSE
438.5143FALSE
438.5148FALSE
438.5147FALSE
438.5143FALSE
438.5148FALSE
438.5151FALSE
438.5143FALSE
438.5143FALSE
438.5148FALSE
438.5147FALSE
$par
smooth_log_cases_lag0.bw smooth_log_cases_lag1.bw         time_ind_lag0.bw 
              -2.2985174                0.1892366               -2.0137746 

$value
[1] 438.5143

$counts
function gradient 
      53       53 

$convergence
[1] 0

$message
[1] "CONVERGENCE: REL_REDUCTION_OF_F <= FACTR*EPSMCH"

> 
> save(ssr_fit,
+     file=paste0("/home/ngr67a/2015-cdc-flu-competition/fit-competition-ssr-ph", prediction_horizon_limit, "-", data_set, ".Rdata"))
> 
> proc.time()
    user   system  elapsed 
2178.056    1.192 2096.731 
