
R version 3.2.2 (2015-08-14) -- "Fire Safety"
Copyright (C) 2015 The R Foundation for Statistical Computing
Platform: x86_64-pc-linux-gnu (64-bit)

R is free software and comes with ABSOLUTELY NO WARRANTY.
You are welcome to redistribute it under certain conditions.
Type 'license()' or 'licence()' for distribution details.

  Natural language support but running in an English locale

R is a collaborative project with many contributors.
Type 'contributors()' for more information and
'citation()' on how to cite R or R packages in publications.

Type 'demo()' for some demos, 'help()' for on-line help, or
'help.start()' for an HTML browser interface to help.
Type 'q()' to quit R.

> ### get ssr fit -- prediction horizons 1:52
> library(lubridate)
> library(ggplot2)
> library(plyr)

Attaching package: ‘plyr’

The following object is masked from ‘package:lubridate’:

    here

> library(dplyr)

Attaching package: ‘dplyr’

The following objects are masked from ‘package:plyr’:

    arrange, count, desc, failwith, id, mutate, rename, summarise,
    summarize

The following objects are masked from ‘package:lubridate’:

    intersect, setdiff, union

The following objects are masked from ‘package:stats’:

    filter, lag

The following objects are masked from ‘package:base’:

    intersect, setdiff, setequal, union

> library(reshape)

Attaching package: ‘reshape’

The following object is masked from ‘package:dplyr’:

    rename

The following objects are masked from ‘package:plyr’:

    rename, round_any

The following object is masked from ‘package:lubridate’:

    stamp

> library(ssrFlu)
> library(doMC)
Loading required package: foreach
Loading required package: iterators
Loading required package: parallel
> 
> registerDoMC(cores=3)
> 
> args <- commandArgs(trailingOnly=TRUE)
> 
> data_set <- args[1]
> prediction_horizon_limit <- as.integer(args[2])
> 
> ## load dataset
> if(identical(data_set, "ili_national")) {
+     data <- ili_national
+ } 
> if(identical(data_set, "ili_region1")) {
+     data <- ili_region1
+ } 
> if(identical(data_set, "ili_region2")) {
+     data <- ili_region2
+ } 
> if(identical(data_set, "ili_region3")) {
+     data <- ili_region3
+ } 
> if(identical(data_set, "ili_region4")) {
+     data <- ili_region4
+ } 
> if(identical(data_set, "ili_region5")) {
+     data <- ili_region5
+ } 
> if(identical(data_set, "ili_region6")) {
+     data <- ili_region6
+ } 
> if(identical(data_set, "ili_region7")) {
+     data <- ili_region7
+ } 
> if(identical(data_set, "ili_region8")) {
+     data <- ili_region8
+ } 
> if(identical(data_set, "ili_region9")) {
+     data <- ili_region9
+ } 
> if(identical(data_set, "ili_region10")) {
+     data <- ili_region10
+ } 
> 
> 
> 
> ## add log column
> data$log_total_cases <- log(data$total_cases + 1)
> 
> ## add week_start_date
> char_dates <- paste(data$year, data$week, "1")
> data$week_start_date <- as.Date(char_dates, format="%Y %W %w")
> 
> ## remove week 53s
> data <- data[-which(is.na(data$week_start_date)),]
> data <- data[262:nrow(data),]
> 
> ## add smooth log column -- or not, since it is already pretty smooth...
> sm <- loess(log_total_cases ~ as.numeric(week_start_date), data=data, span= 26 / nrow(data))
> data$smooth_log_cases <- sm$fitted
> 
> ## add time column
> data$time_ind <- seq_len(nrow(data))
> 
> ssr_control <- create_ssr_control(X_names=c("smooth_log_cases", "time_ind"),
+     y_names="total_cases",
+     time_name=NULL,
+     max_lag=list(smooth_log_cases=1,
+         time_ind=0),
+     prediction_horizons=as.integer(prediction_horizon_limit),
+     kernel_fns=list(smooth_log_cases="squared_exp_kernel",
+         time_ind="periodic_kernel"),
+     theta_est=list(smooth_log_cases="bw",
+         time_ind="bw"),
+     theta_fixed=list(time_ind=list(period=pi / 52)),
+     theta_transform_fns=list(
+         squared_exp_kernel=list(
+             bw=list(transform="log",
+                 detransform="exp")
+         ),
+         periodic_kernel=list(
+             bw=list(transform="log",
+                 detransform="exp")
+         )
+     ),
+     crossval_buffer=52,
+     loss_fn_name="mae_from_kernel_weights_and_centers",
+     loss_fn_args=list())
> 
> 
> ssr_fit <- ssr(X_names=c("smooth_log_cases", "time_ind"),
+     y_names="total_cases",
+     time_name=NULL,
+     data=data,
+     ssr_control=ssr_control)
285.5481FALSE
358.6915FALSE
285.5417FALSE
358.702FALSE
367.5539FALSE
285.5546FALSE
367.5367FALSE
358.6811FALSE
281.4591FALSE
366.0924FALSE
354.8494FALSE
281.4672FALSE
354.8528FALSE
366.0925FALSE
281.4515FALSE
366.0922FALSE
354.8459FALSE
282.7887FALSE
366.086FALSE
354.1256FALSE
282.7829FALSE
354.1218FALSE
366.0862FALSE
354.1293FALSE
366.0858FALSE
282.7947FALSE
354.1375FALSE
366.0348FALSE
280.9871FALSE
354.1408FALSE
366.0353FALSE
280.9851FALSE
366.0343FALSE
280.9891FALSE
354.1344FALSE
366.2208FALSE
287.017FALSE
353.9219FALSE
287.0607FALSE
366.2163FALSE
353.9216FALSE
286.9734FALSE
366.2252FALSE
365.946FALSE
280.9601FALSE
353.9223FALSE
365.9465FALSE
280.9605FALSE
353.9357FALSE
365.9455FALSE
280.9598FALSE
353.9362FALSE
365.9254FALSE
280.9584FALSE
365.9262FALSE
353.9352FALSE
280.9587FALSE
365.9245FALSE
353.922FALSE
280.9582FALSE
353.9221FALSE
365.9016FALSE
280.9612FALSE
353.9218FALSE
280.9607FALSE
365.9027FALSE
280.9623FALSE
365.9005FALSE
353.9215FALSE
280.9584FALSE
365.9507FALSE
353.9217FALSE
280.9582FALSE
365.9475FALSE
280.9587FALSE
353.9217FALSE
365.9538FALSE
280.9581FALSE
365.8801FALSE
353.9215FALSE
280.9585FALSE
365.881FALSE
280.9585FALSE
365.8791FALSE
353.9217FALSE
365.9053FALSE
280.9581FALSE
353.9217FALSE
280.9585FALSE
365.9034FALSE
353.9215FALSE
365.9082FALSE
280.9585FALSE
365.8801FALSE
353.9217FALSE
280.9581FALSE
365.881FALSE
280.9585FALSE
353.9217FALSE
365.8791FALSE
280.9585FALSE
353.9215FALSE
280.9581FALSE
366.2237FALSE
353.9217FALSE
366.2193FALSE
280.9585FALSE
353.9217FALSE
366.2282FALSE
280.9585FALSE
353.9215FALSE
365.8717FALSE
280.9581FALSE
365.8725FALSE
353.9217FALSE
280.9585FALSE
365.8714FALSE
353.9217FALSE
280.9585FALSE
365.8894FALSE
353.9215FALSE
280.9581FALSE
365.8875FALSE
353.9217FALSE
280.9585FALSE
365.8913FALSE
353.9217FALSE
280.9585FALSE
365.8714FALSE
280.9581FALSE
353.9215FALSE
365.8716FALSE
280.9585FALSE
353.9217FALSE
365.8723FALSE
280.9585FALSE
353.9217FALSE
365.8714FALSE
353.9215FALSE
280.9581FALSE
365.8719FALSE
353.9217FALSE
365.8719FALSE
280.9585FALSE
365.8714FALSE
353.9217FALSE
280.9585FALSE
365.8717FALSE
280.9581FALSE
353.9215FALSE
280.9585FALSE
353.9217FALSE
365.8722FALSE
280.9585FALSE
353.9217FALSE
365.8714FALSE
353.9215FALSE
280.9581FALSE
365.8719FALSE
353.9217FALSE
365.8719FALSE
280.9585FALSE
353.9217FALSE
365.8714FALSE
280.9585FALSE
353.9215FALSE
280.9581FALSE
365.8717FALSE
353.9217FALSE
280.9585FALSE
365.8721FALSE
353.9217FALSE
280.9585FALSE
365.8714FALSE
353.9215FALSE
280.9581FALSE
353.9217FALSE
280.9585FALSE
365.8717FALSE
353.9217FALSE
280.9585FALSE
365.8722FALSE
353.9215FALSE
280.9581FALSE
365.8714FALSE
353.9217FALSE
280.9585FALSE
365.8717FALSE
353.9217FALSE
280.9585FALSE
365.8722FALSE
353.9215FALSE
280.9581FALSE
365.8714FALSE
353.9217FALSE
280.9585FALSE
365.8717FALSE
353.9217FALSE
280.9585FALSE
353.9215FALSE
365.8722FALSE
280.9581FALSE
353.9217FALSE
280.9585FALSE
365.8714FALSE
353.9217FALSE
280.9585FALSE
365.8717FALSE
353.9215FALSE
280.9581FALSE
365.8722FALSE
353.9217FALSE
280.9585FALSE
365.8714FALSE
353.9217FALSE
280.9585FALSE
365.8717FALSE
353.9215FALSE
280.9581FALSE
365.8722FALSE
353.9217FALSE
280.9585FALSE
353.9217FALSE
365.8714FALSE
280.9585FALSE
353.9215FALSE
365.8717FALSE
280.9581FALSE
353.9217FALSE
365.8722FALSE
280.9585FALSE
353.9217FALSE
280.9585FALSE
365.8714FALSE
353.9215FALSE
365.8717FALSE
280.9581FALSE
365.8722FALSE
353.9217FALSE
280.9585FALSE
365.8714FALSE
353.9217FALSE
280.9585FALSE
353.9215FALSE
365.8717FALSE
280.9581FALSE
353.9217FALSE
365.8722FALSE
280.9585FALSE
353.9217FALSE
280.9585FALSE
365.8714FALSE
353.9215FALSE
280.9581FALSE
365.8717FALSE
353.9217FALSE
280.9585FALSE
365.8722FALSE
353.9217FALSE
280.9585FALSE
365.8714FALSE
353.9215FALSE
280.9582FALSE
365.8717FALSE
353.9217FALSE
280.9585FALSE
365.8722FALSE
353.9217FALSE
280.9584FALSE
365.8714FALSE
353.9219FALSE
365.8717FALSE
280.9581FALSE
365.8722FALSE
353.9221FALSE
280.9585FALSE
365.8714FALSE
280.9585FALSE
353.9218FALSE
365.8717FALSE
280.9581FALSE
353.9215FALSE
365.8722FALSE
280.9585FALSE
353.9217FALSE
280.9585FALSE
365.8714FALSE
353.9217FALSE
365.8717FALSE
280.9581FALSE
353.9215FALSE
365.8722FALSE
280.9585FALSE
353.9217FALSE
365.8714FALSE
280.9585FALSE
353.9217FALSE
365.8717FALSE
280.9581FALSE
353.9215FALSE
365.8722FALSE
280.9585FALSE
353.9217FALSE
280.9585FALSE
365.8714FALSE
353.9217FALSE
280.9581FALSE
365.8717FALSE
353.9215FALSE
280.9585FALSE
365.8722FALSE
353.9217FALSE
365.8714FALSE
280.9585FALSE
353.9217FALSE
280.9581FALSE
365.8717FALSE
280.9585FALSE
353.9215FALSE
365.8722FALSE
280.9585FALSE
353.9217FALSE
365.8714FALSE
280.9581FALSE
353.9217FALSE
365.8717FALSE
280.9585FALSE
353.9215FALSE
365.8722FALSE
280.9585FALSE
353.9217FALSE
365.8714FALSE
280.9581FALSE
365.8717FALSE
353.9217FALSE
280.9585FALSE
365.8722FALSE
353.9215FALSE
280.9585FALSE
366.0478FALSE
353.9217FALSE
280.9581FALSE
366.0491FALSE
353.9217FALSE
280.9585FALSE
366.0465FALSE
353.9215FALSE
280.9585FALSE
365.8857FALSE
353.9217FALSE
280.9581FALSE
365.8866FALSE
353.9217FALSE
280.9585FALSE
365.8848FALSE
353.9215FALSE
365.8716FALSE
280.9585FALSE
353.9217FALSE
365.8723FALSE
280.9581FALSE
353.9217FALSE
365.8714FALSE
280.9585FALSE
353.9215FALSE
365.8714FALSE
280.9585FALSE
353.9217FALSE
365.8718FALSE
280.9581FALSE
353.9217FALSE
365.8721FALSE
280.9585FALSE
353.9215FALSE
365.8714FALSE
280.9585FALSE
353.9217FALSE
365.8717FALSE
280.9581FALSE
353.9217FALSE
280.9585FALSE
365.8721FALSE
353.9215FALSE
365.8714FALSE
280.9585FALSE
353.9217FALSE
280.9581FALSE
365.8717FALSE
353.9217FALSE
280.9585FALSE
365.8722FALSE
353.9215FALSE
280.9585FALSE
365.8714FALSE
353.9217FALSE
280.9581FALSE
365.8717FALSE
353.9217FALSE
280.9585FALSE
365.8722FALSE
353.9215FALSE
280.9585FALSE
365.8714FALSE
353.9217FALSE
280.9581FALSE
365.8717FALSE
353.9217FALSE
280.9585FALSE
365.8722FALSE
353.9215FALSE
280.9585FALSE
365.8714FALSE
353.9217FALSE
280.9581FALSE
365.8717FALSE
353.9217FALSE
280.9585FALSE
365.8722FALSE
353.9215FALSE
280.9585FALSE
365.8714FALSE
353.9217FALSE
280.9581FALSE
365.8717FALSE
353.9217FALSE
280.9585FALSE
365.8722FALSE
353.9215FALSE
280.9585FALSE
365.8714FALSE
353.9217FALSE
280.9581FALSE
365.8717FALSE
280.9585FALSE
353.9217FALSE
365.8722FALSE
280.9585FALSE
$par
time_ind_lag0.bw 
       -1.430078 

$value
[1] 280.9581

$counts
function gradient 
      50       50 

$convergence
[1] 0

$message
[1] "CONVERGENCE: REL_REDUCTION_OF_F <= FACTR*EPSMCH"

353.9215FALSE
365.8714FALSE
353.9217FALSE
365.8717FALSE
353.9217FALSE
$par
smooth_log_cases_lag0.bw 
               -3.675767 

$value
[1] 353.9215

$counts
function gradient 
      48       48 

$convergence
[1] 0

$message
[1] "CONVERGENCE: REL_REDUCTION_OF_F <= FACTR*EPSMCH"

365.8722FALSE
365.8714FALSE
365.8717FALSE
365.8722FALSE
365.8714FALSE
365.8717FALSE
365.8722FALSE
365.8714FALSE
365.8717FALSE
365.8722FALSE
365.8714FALSE
365.8717FALSE
365.8722FALSE
365.8714FALSE
365.8717FALSE
365.8722FALSE
365.8714FALSE
365.8717FALSE
365.8722FALSE
365.8714FALSE
365.8717FALSE
365.8722FALSE
365.8714FALSE
365.8717FALSE
365.8722FALSE
$par
smooth_log_cases_lag1.bw 
               -3.591425 

$value
[1] 365.8714

$counts
function gradient 
      58       58 

$convergence
[1] 52

$message
[1] "ERROR: ABNORMAL_TERMINATION_IN_LNSRCH"

293.5588FALSE
296.0779FALSE
293.5527FALSE
296.0725FALSE
296.0834FALSE
293.5648FALSE
296.0697FALSE
293.5523FALSE
296.0862FALSE
293.5653FALSE
316.5242FALSE
308.0603FALSE
316.5259FALSE
308.0629FALSE
316.5224FALSE
308.0576FALSE
316.5928FALSE
308.1224FALSE
316.4554FALSE
307.9981FALSE
294.8703FALSE
292.3193FALSE
294.8657FALSE
292.3156FALSE
294.875FALSE
292.3231FALSE
294.8671FALSE
292.3217FALSE
294.8735FALSE
292.3169FALSE
293.9521FALSE
293.9455FALSE
291.8372FALSE
293.9588FALSE
291.8328FALSE
293.9627FALSE
291.8417FALSE
293.9416FALSE
291.8395FALSE
291.3806FALSE
291.835FALSE
291.3732FALSE
288.3788FALSE
291.3881FALSE
288.3699FALSE
291.4132FALSE
288.3876FALSE
291.3482FALSE
288.3778FALSE
296.9177FALSE
288.3797FALSE
296.9178FALSE
281.4554FALSE
296.9176FALSE
281.455FALSE
296.9862FALSE
281.4557FALSE
296.8492FALSE
281.4514FALSE
289.9978FALSE
281.4593FALSE
289.9966FALSE
281.1603FALSE
289.9991FALSE
281.16FALSE
290.0433FALSE
281.1606FALSE
289.9525FALSE
281.1578FALSE
285.5635FALSE
281.1629FALSE
285.5622FALSE
281.3758FALSE
285.5648FALSE
281.3757FALSE
285.5936FALSE
285.5341FALSE
281.376FALSE
281.8018FALSE
281.3818FALSE
281.8008FALSE
281.3699FALSE
281.8029FALSE
281.0716FALSE
281.8057FALSE
281.0714FALSE
281.798FALSE
281.0719FALSE
281.5071FALSE
281.0718FALSE
281.5062FALSE
281.0715FALSE
281.5079FALSE
281.0344FALSE
281.5088FALSE
281.0343FALSE
281.5053FALSE
281.0346FALSE
281.2832FALSE
281.0348FALSE
281.2827FALSE
281.2837FALSE
281.0341FALSE
281.2804FALSE
280.9924FALSE
281.2859FALSE
280.9924FALSE
281.2299FALSE
280.9925FALSE
281.2294FALSE
280.992FALSE
281.2304FALSE
280.9929FALSE
281.2281FALSE
280.9759FALSE
280.9759FALSE
281.232FALSE
280.9759FALSE
281.0431FALSE
280.9763FALSE
281.043FALSE
280.9756FALSE
281.0433FALSE
280.9658FALSE
281.0432FALSE
281.0431FALSE
280.9657FALSE
281.0101FALSE
280.9658FALSE
281.01FALSE
280.9659FALSE
281.0102FALSE
280.9661FALSE
281.0104FALSE
280.9623FALSE
281.0097FALSE
280.9623FALSE
280.9829FALSE
280.9623FALSE
280.9828FALSE
280.9624FALSE
280.9829FALSE
280.9627FALSE
280.9832FALSE
280.9765FALSE
280.9826FALSE
280.9765FALSE
281.0239FALSE
280.9765FALSE
281.0239FALSE
280.9779FALSE
281.0239FALSE
280.9751FALSE
281.0216FALSE
280.9626FALSE
281.0262FALSE
280.9626FALSE
280.9807FALSE
280.9626FALSE
280.9807FALSE
280.9629FALSE
280.9808FALSE
280.9622FALSE
280.9803FALSE
280.9622FALSE
280.9813FALSE
280.9622FALSE
280.9716FALSE
280.9622FALSE
280.9716FALSE
280.9625FALSE
280.9716FALSE
280.9622FALSE
280.9712FALSE
280.9601FALSE
280.972FALSE
280.96FALSE
280.9652FALSE
280.9601FALSE
280.9652FALSE
280.9604FALSE
280.9652FALSE
280.9604FALSE
280.9655FALSE
280.9591FALSE
280.9648FALSE
280.9591FALSE
280.962FALSE
280.9591FALSE
280.962FALSE
280.9594FALSE
280.962FALSE
280.9595FALSE
280.9624FALSE
280.9586FALSE
280.9617FALSE
280.9586FALSE
280.9607FALSE
280.9586FALSE
280.9607FALSE
280.9607FALSE
280.959FALSE
280.9603FALSE
280.959FALSE
280.9611FALSE
280.9584FALSE
280.9599FALSE
280.9584FALSE
280.9599FALSE
280.9584FALSE
280.9599FALSE
280.9587FALSE
280.9595FALSE
280.9587FALSE
280.9603FALSE
280.9605FALSE
280.9583FALSE
280.9605FALSE
280.9583FALSE
280.9605FALSE
280.9583FALSE
280.9609FALSE
280.9586FALSE
280.9602FALSE
280.9586FALSE
280.9592FALSE
280.9755FALSE
280.9592FALSE
280.9755FALSE
280.9592FALSE
280.9755FALSE
280.9595FALSE
280.9739FALSE
280.9588FALSE
280.9771FALSE
280.9983FALSE
280.9582FALSE
280.9983FALSE
280.9582FALSE
280.9984FALSE
280.9582FALSE
280.9961FALSE
281.0006FALSE
280.9586FALSE
280.959FALSE
280.9586FALSE
280.959FALSE
280.9582FALSE
280.959FALSE
280.9582FALSE
280.9587FALSE
280.9582FALSE
280.9594FALSE
280.9586FALSE
280.9588FALSE
280.9586FALSE
280.9588FALSE
280.9582FALSE
280.9588FALSE
280.9582FALSE
280.9591FALSE
280.9582FALSE
280.959FALSE
280.9585FALSE
280.9586FALSE
280.9585FALSE
280.9586FALSE
280.9582FALSE
280.9586FALSE
280.9582FALSE
280.9589FALSE
280.9582FALSE
280.959FALSE
280.9585FALSE
280.9583FALSE
280.9585FALSE
280.9583FALSE
280.9582FALSE
280.9583FALSE
280.9582FALSE
280.9586FALSE
280.9582FALSE
280.9587FALSE
280.9585FALSE
280.9599FALSE
280.9585FALSE
280.9599FALSE
280.9581FALSE
280.9599FALSE
280.9581FALSE
280.9603FALSE
280.9581FALSE
280.9595FALSE
280.9585FALSE
280.9584FALSE
280.9585FALSE
280.9584FALSE
280.9581FALSE
280.9584FALSE
280.9581FALSE
280.9587FALSE
280.9581FALSE
280.9586FALSE
280.9585FALSE
280.9583FALSE
280.9585FALSE
280.9583FALSE
280.9581FALSE
280.9583FALSE
280.9581FALSE
280.9586FALSE
280.9581FALSE
280.9587FALSE
280.9585FALSE
280.9582FALSE
280.9585FALSE
280.9582FALSE
280.9581FALSE
280.9582FALSE
280.9586FALSE
280.9581FALSE
280.9586FALSE
280.9581FALSE
280.9582FALSE
280.9585FALSE
280.9582FALSE
280.9585FALSE
280.9582FALSE
280.9581FALSE
280.9585FALSE
280.9581FALSE
280.9585FALSE
280.9581FALSE
280.9582FALSE
280.9585FALSE
280.9582FALSE
280.9585FALSE
280.9582FALSE
280.9581FALSE
280.9585FALSE
280.9581FALSE
280.9585FALSE
280.9581FALSE
280.9581FALSE
280.9585FALSE
280.9581FALSE
280.9585FALSE
280.9581FALSE
280.9581FALSE
280.9585FALSE
280.9581FALSE
280.9585FALSE
280.9581FALSE
280.9581FALSE
280.9585FALSE
280.9581FALSE
280.9585FALSE
280.9581FALSE
280.9581FALSE
280.9585FALSE
280.9581FALSE
280.9585FALSE
280.9581FALSE
280.9585FALSE
280.9585FALSE
280.9585FALSE
280.9585FALSE
280.9585FALSE
280.9588FALSE
280.9581FALSE
280.9582FALSE
280.9581FALSE
280.9581FALSE
280.9581FALSE
280.9581FALSE
280.9585FALSE
280.9581FALSE
280.9585FALSE
280.9585FALSE
280.9581FALSE
280.9585FALSE
280.9581FALSE
280.9581FALSE
280.9581FALSE
280.9581FALSE
280.9585FALSE
280.9581FALSE
280.9585FALSE
280.9585FALSE
280.9581FALSE
280.9585FALSE
280.9581FALSE
280.9581FALSE
280.9581FALSE
280.9581FALSE
280.9585FALSE
280.9581FALSE
280.9585FALSE
280.9585FALSE
280.9581FALSE
280.9585FALSE
280.9581FALSE
280.9581FALSE
280.9581FALSE
280.9581FALSE
280.9581FALSE
280.9585FALSE
280.9585FALSE
280.9585FALSE
280.9585FALSE
280.9581FALSE
280.9581FALSE
280.9581FALSE
280.9581FALSE
280.9581FALSE
280.9581FALSE
280.9585FALSE
280.9585FALSE
280.9585FALSE
280.9585FALSE
280.9581FALSE
280.9581FALSE
280.9581FALSE
280.9581FALSE
280.9581FALSE
280.9581FALSE
280.9585FALSE
280.9585FALSE
280.9585FALSE
280.9585FALSE
280.9581FALSE
280.9581FALSE
280.9581FALSE
280.9581FALSE
280.9581FALSE
280.9585FALSE
280.9581FALSE
280.9585FALSE
280.9585FALSE
280.9581FALSE
280.9585FALSE
280.9581FALSE
280.9581FALSE
280.9581FALSE
280.9581FALSE
280.9585FALSE
280.9581FALSE
280.9585FALSE
280.9585FALSE
280.9581FALSE
280.9585FALSE
280.9581FALSE
280.9581FALSE
280.9581FALSE
280.9581FALSE
280.9581FALSE
280.9585FALSE
280.9585FALSE
280.9585FALSE
280.9585FALSE
280.9581FALSE
280.9581FALSE
280.9581FALSE
280.9581FALSE
280.9581FALSE
280.9581FALSE
280.9585FALSE
280.9585FALSE
280.9585FALSE
280.9581FALSE
280.9585FALSE
280.9581FALSE
280.9581FALSE
280.9581FALSE
280.9581FALSE
280.9581FALSE
280.9585FALSE
280.9585FALSE
280.9585FALSE
280.9585FALSE
280.9581FALSE
280.9581FALSE
280.9581FALSE
280.9581FALSE
280.9581FALSE
280.9581FALSE
280.9585FALSE
280.9585FALSE
280.9585FALSE
280.9581FALSE
280.9585FALSE
$par
smooth_log_cases_lag1.bw         time_ind_lag0.bw 
                5.561207                -1.430089 

$value
[1] 280.9581

$counts
function gradient 
      50       50 

$convergence
[1] 0

$message
[1] "CONVERGENCE: REL_REDUCTION_OF_F <= FACTR*EPSMCH"

280.9581FALSE
280.9581FALSE
280.9585FALSE
280.9585FALSE
280.9581FALSE
280.9581FALSE
280.9581FALSE
280.9585FALSE
280.9585FALSE
280.9582FALSE
280.9582FALSE
280.9582FALSE
280.9585FALSE
280.9585FALSE
280.9581FALSE
280.9581FALSE
280.9581FALSE
280.9585FALSE
280.9585FALSE
280.9581FALSE
280.9581FALSE
280.9581FALSE
280.9585FALSE
280.9585FALSE
280.9581FALSE
280.9581FALSE
280.9581FALSE
280.9585FALSE
280.9585FALSE
280.9581FALSE
280.9581FALSE
280.9581FALSE
280.9585FALSE
280.9585FALSE
280.9581FALSE
280.9581FALSE
280.9581FALSE
280.9585FALSE
280.9585FALSE
280.9581FALSE
280.9581FALSE
280.9581FALSE
280.9585FALSE
280.9585FALSE
280.9581FALSE
280.9581FALSE
280.9581FALSE
280.9585FALSE
280.9585FALSE
280.9581FALSE
280.9581FALSE
280.9581FALSE
280.9585FALSE
280.9585FALSE
280.9581FALSE
280.9581FALSE
280.9581FALSE
280.9585FALSE
280.9585FALSE
280.9581FALSE
280.9581FALSE
280.9581FALSE
280.9585FALSE
280.9585FALSE
280.9581FALSE
280.9581FALSE
280.9581FALSE
280.9585FALSE
280.9585FALSE
280.9581FALSE
280.9581FALSE
280.9581FALSE
280.9585FALSE
280.9585FALSE
280.9581FALSE
280.9581FALSE
280.9581FALSE
280.9585FALSE
280.9585FALSE
280.9581FALSE
280.9581FALSE
280.9581FALSE
280.9585FALSE
280.9585FALSE
280.9581FALSE
280.9581FALSE
280.9581FALSE
280.9585FALSE
280.9585FALSE
280.9581FALSE
280.9581FALSE
280.9581FALSE
280.9585FALSE
280.9585FALSE
280.9581FALSE
280.9581FALSE
280.9581FALSE
280.9585FALSE
280.9585FALSE
280.9581FALSE
280.9581FALSE
280.9581FALSE
280.9585FALSE
280.9585FALSE
280.9581FALSE
280.9581FALSE
280.9581FALSE
280.9585FALSE
280.9585FALSE
$par
smooth_log_cases_lag0.bw         time_ind_lag0.bw 
                5.898408                -1.430078 

$value
[1] 280.9581

$counts
function gradient 
      70       70 

$convergence
[1] 52

$message
[1] "ERROR: ABNORMAL_TERMINATION_IN_LNSRCH"

> 
> save(ssr_fit,
+     file=paste0("/home/ngr67a/2015-cdc-flu-competition/fit-competition-ssr-ph", prediction_horizon_limit, "-", data_set, ".Rdata"))
> 
> proc.time()
    user   system  elapsed 
1689.167    1.044 1291.175 
