
R version 3.2.2 (2015-08-14) -- "Fire Safety"
Copyright (C) 2015 The R Foundation for Statistical Computing
Platform: x86_64-pc-linux-gnu (64-bit)

R is free software and comes with ABSOLUTELY NO WARRANTY.
You are welcome to redistribute it under certain conditions.
Type 'license()' or 'licence()' for distribution details.

  Natural language support but running in an English locale

R is a collaborative project with many contributors.
Type 'contributors()' for more information and
'citation()' on how to cite R or R packages in publications.

Type 'demo()' for some demos, 'help()' for on-line help, or
'help.start()' for an HTML browser interface to help.
Type 'q()' to quit R.

> ### get ssr fit -- prediction horizons 1:52
> library(lubridate)
> library(ggplot2)
> library(plyr)

Attaching package: ‘plyr’

The following object is masked from ‘package:lubridate’:

    here

> library(dplyr)

Attaching package: ‘dplyr’

The following objects are masked from ‘package:plyr’:

    arrange, count, desc, failwith, id, mutate, rename, summarise,
    summarize

The following objects are masked from ‘package:lubridate’:

    intersect, setdiff, union

The following objects are masked from ‘package:stats’:

    filter, lag

The following objects are masked from ‘package:base’:

    intersect, setdiff, setequal, union

> library(reshape)

Attaching package: ‘reshape’

The following object is masked from ‘package:dplyr’:

    rename

The following objects are masked from ‘package:plyr’:

    rename, round_any

The following object is masked from ‘package:lubridate’:

    stamp

> library(ssrFlu)
> library(doMC)
Loading required package: foreach
Loading required package: iterators
Loading required package: parallel
> 
> registerDoMC(cores=3)
> 
> args <- commandArgs(trailingOnly=TRUE)
> 
> data_set <- args[1]
> prediction_horizon_limit <- as.integer(args[2])
> 
> ## load dataset
> if(identical(data_set, "ili_national")) {
+     data <- ili_national
+ } 
> if(identical(data_set, "ili_region1")) {
+     data <- ili_region1
+ } 
> if(identical(data_set, "ili_region2")) {
+     data <- ili_region2
+ } 
> if(identical(data_set, "ili_region3")) {
+     data <- ili_region3
+ } 
> if(identical(data_set, "ili_region4")) {
+     data <- ili_region4
+ } 
> if(identical(data_set, "ili_region5")) {
+     data <- ili_region5
+ } 
> if(identical(data_set, "ili_region6")) {
+     data <- ili_region6
+ } 
> if(identical(data_set, "ili_region7")) {
+     data <- ili_region7
+ } 
> if(identical(data_set, "ili_region8")) {
+     data <- ili_region8
+ } 
> if(identical(data_set, "ili_region9")) {
+     data <- ili_region9
+ } 
> if(identical(data_set, "ili_region10")) {
+     data <- ili_region10
+ } 
> 
> 
> 
> ## add log column
> data$log_total_cases <- log(data$total_cases + 1)
> 
> ## add week_start_date
> char_dates <- paste(data$year, data$week, "1")
> data$week_start_date <- as.Date(char_dates, format="%Y %W %w")
> 
> ## remove week 53s
> data <- data[-which(is.na(data$week_start_date)),]
> data <- data[262:nrow(data),]
> 
> ## add smooth log column -- or not, since it is already pretty smooth...
> sm <- loess(log_total_cases ~ as.numeric(week_start_date), data=data, span= 26 / nrow(data))
> data$smooth_log_cases <- sm$fitted
> 
> ## add time column
> data$time_ind <- seq_len(nrow(data))
> 
> ssr_control <- create_ssr_control(X_names=c("smooth_log_cases", "time_ind"),
+     y_names="total_cases",
+     time_name=NULL,
+     max_lag=list(smooth_log_cases=1,
+         time_ind=0),
+     prediction_horizons=as.integer(prediction_horizon_limit),
+     kernel_fns=list(smooth_log_cases="squared_exp_kernel",
+         time_ind="periodic_kernel"),
+     theta_est=list(smooth_log_cases="bw",
+         time_ind="bw"),
+     theta_fixed=list(time_ind=list(period=pi / 52)),
+     theta_transform_fns=list(
+         squared_exp_kernel=list(
+             bw=list(transform="log",
+                 detransform="exp")
+         ),
+         periodic_kernel=list(
+             bw=list(transform="log",
+                 detransform="exp")
+         )
+     ),
+     crossval_buffer=52,
+     loss_fn_name="mae_from_kernel_weights_and_centers",
+     loss_fn_args=list())
> 
> 
> ssr_fit <- ssr(X_names=c("smooth_log_cases", "time_ind"),
+     y_names="total_cases",
+     time_name=NULL,
+     data=data,
+     ssr_control=ssr_control)
552.1706FALSE
532.3859FALSE
467.7664FALSE
552.174FALSE
532.3859FALSE
467.7661FALSE
552.1672FALSE
532.3858FALSE
467.7667FALSE
552.8694FALSE
536.8208FALSE
474.6201FALSE
552.8659FALSE
536.8141FALSE
474.6502FALSE
552.8731FALSE
536.8274FALSE
474.5901FALSE
551.5212FALSE
532.3857FALSE
467.8148FALSE
551.5211FALSE
532.3857FALSE
467.8163FALSE
551.5213FALSE
532.3856FALSE
551.5206FALSE
467.8134FALSE
532.3854FALSE
551.5206FALSE
532.3855FALSE
467.7489FALSE
551.5206FALSE
532.3853FALSE
551.5205FALSE
467.7487FALSE
533.7304FALSE
551.5205FALSE
467.749FALSE
533.7259FALSE
551.5205FALSE
467.7563FALSE
551.5205FALSE
533.7349FALSE
551.5205FALSE
467.7568FALSE
532.3851FALSE
551.5205FALSE
$par
smooth_log_cases_lag1.bw 
               -2.654378 

$value
[1] 551.5205

$counts
function gradient 
       6        6 

$convergence
[1] 0

$message
[1] "CONVERGENCE: REL_REDUCTION_OF_F <= FACTR*EPSMCH"

467.7558FALSE
532.3852FALSE
467.7466FALSE
532.3851FALSE
467.7465FALSE
532.3848FALSE
467.7468FALSE
532.3849FALSE
532.3847FALSE
467.7458FALSE
532.7741FALSE
467.7457FALSE
532.7708FALSE
467.746FALSE
532.7774FALSE
467.7453FALSE
532.3844FALSE
467.7452FALSE
532.3845FALSE
467.7455FALSE
532.3843FALSE
467.7482FALSE
532.3839FALSE
467.7487FALSE
532.384FALSE
467.7477FALSE
532.3839FALSE
532.4694FALSE
467.7449FALSE
467.7448FALSE
532.4678FALSE
532.471FALSE
467.745FALSE
532.3834FALSE
467.7448FALSE
532.3835FALSE
467.7449FALSE
532.3833FALSE
467.7448FALSE
532.383FALSE
467.7455FALSE
532.3831FALSE
532.3829FALSE
467.7454FALSE
532.3931FALSE
467.7456FALSE
532.3919FALSE
467.7448FALSE
532.3943FALSE
467.7449FALSE
532.3815FALSE
467.7449FALSE
532.3815FALSE
467.7448FALSE
532.3814FALSE
467.7449FALSE
532.3846FALSE
467.7449FALSE
532.3843FALSE
467.7448FALSE
532.3849FALSE
467.7449FALSE
532.3811FALSE
467.7449FALSE
532.3812FALSE
467.7448FALSE
532.3811FALSE
467.7449FALSE
532.3826FALSE
467.7449FALSE
532.3823FALSE
467.7448FALSE
467.7449FALSE
532.3829FALSE
467.7449FALSE
532.3809FALSE
467.7448FALSE
532.381FALSE
467.7449FALSE
532.3809FALSE
467.7449FALSE
532.3816FALSE
467.7448FALSE
532.3813FALSE
467.7449FALSE
532.3819FALSE
467.7449FALSE
532.3809FALSE
467.7448FALSE
532.381FALSE
467.7449FALSE
467.7449FALSE
532.3809FALSE
467.7448FALSE
532.4668FALSE
467.7449FALSE
532.4653FALSE
467.7449FALSE
532.4684FALSE
467.7448FALSE
532.3808FALSE
467.7449FALSE
532.3809FALSE
467.7449FALSE
$par
time_ind_lag0.bw 
       -2.196069 

$value
[1] 467.7448

$counts
function gradient 
      22       22 

$convergence
[1] 0

$message
[1] "CONVERGENCE: REL_REDUCTION_OF_F <= FACTR*EPSMCH"

532.3807FALSE
532.4043FALSE
532.4031FALSE
532.4056FALSE
532.3807FALSE
532.3807FALSE
532.3809FALSE
532.3807FALSE
532.3808FALSE
532.3807FALSE
532.3807FALSE
532.3808FALSE
532.3809FALSE
532.3808FALSE
532.3809FALSE
532.3807FALSE
532.3807FALSE
532.3808FALSE
532.3808FALSE
532.3807FALSE
532.3808FALSE
532.3809FALSE
532.3807FALSE
532.3808FALSE
532.3809FALSE
532.3807FALSE
532.3808FALSE
532.3809FALSE
532.3807FALSE
532.3808FALSE
532.3809FALSE
532.3807FALSE
532.3808FALSE
532.3809FALSE
532.3807FALSE
532.3808FALSE
532.3809FALSE
532.3807FALSE
532.3808FALSE
532.3809FALSE
532.3807FALSE
532.3808FALSE
532.3809FALSE
532.3807FALSE
532.3808FALSE
532.3809FALSE
532.3807FALSE
532.3808FALSE
532.3809FALSE
532.3807FALSE
532.3808FALSE
532.3809FALSE
532.3807FALSE
532.3808FALSE
532.3809FALSE
532.3807FALSE
532.3808FALSE
532.3809FALSE
532.3807FALSE
532.3808FALSE
532.3809FALSE
532.3807FALSE
532.3808FALSE
532.3809FALSE
532.3807FALSE
532.3808FALSE
532.3809FALSE
532.3807FALSE
532.3808FALSE
532.3809FALSE
$par
smooth_log_cases_lag0.bw 
               -2.368262 

$value
[1] 532.3807

$counts
function gradient 
      46       46 

$convergence
[1] 0

$message
[1] "CONVERGENCE: REL_REDUCTION_OF_F <= FACTR*EPSMCH"

427.6355FALSE
438.3959FALSE
427.6239FALSE
438.3769FALSE
427.647FALSE
438.4148FALSE
427.6059FALSE
438.371FALSE
427.665FALSE
438.4207FALSE
407.7713FALSE
414.2294FALSE
407.7626FALSE
414.22FALSE
407.7801FALSE
414.2389FALSE
407.7751FALSE
414.2263FALSE
407.7678FALSE
414.2325FALSE
406.3381FALSE
426.5549FALSE
406.3412FALSE
426.5953FALSE
406.335FALSE
426.5144FALSE
406.3445FALSE
426.5695FALSE
406.3316FALSE
426.5403FALSE
405.7257FALSE
413.8679FALSE
405.7223FALSE
413.8681FALSE
405.7291FALSE
413.8677FALSE
405.7275FALSE
413.8661FALSE
405.7238FALSE
413.8696FALSE
406.4438FALSE
413.8307FALSE
406.4546FALSE
413.8316FALSE
406.4329FALSE
413.8298FALSE
406.4413FALSE
413.8303FALSE
406.4462FALSE
413.8312FALSE
405.648FALSE
413.8366FALSE
413.834FALSE
405.6482FALSE
413.8392FALSE
405.648FALSE
413.8382FALSE
405.6486FALSE
405.6474FALSE
413.835FALSE
405.6578FALSE
413.8274FALSE
413.8277FALSE
405.6586FALSE
413.8271FALSE
405.6571FALSE
413.8272FALSE
405.657FALSE
413.8277FALSE
405.6588FALSE
413.8289FALSE
413.8283FALSE
405.6483FALSE
413.8295FALSE
405.6495FALSE
413.8298FALSE
405.6471FALSE
413.828FALSE
405.648FALSE
413.8269FALSE
405.6486FALSE
413.8272FALSE
405.6474FALSE
413.8265FALSE
405.6487FALSE
413.8267FALSE
405.6471FALSE
413.8271FALSE
405.6478FALSE
413.8267FALSE
413.827FALSE
405.6477FALSE
413.8263FALSE
405.6436FALSE
413.8265FALSE
405.644FALSE
413.8269FALSE
413.8275FALSE
405.6438FALSE
413.8268FALSE
405.6442FALSE
413.8281FALSE
405.6432FALSE
413.8284FALSE
405.9544FALSE
413.8266FALSE
405.9477FALSE
413.8265FALSE
405.9611FALSE
413.8269FALSE
405.9502FALSE
413.8266FALSE
405.9593FALSE
413.8266FALSE
413.8267FALSE
405.643FALSE
413.8278FALSE
405.6433FALSE
413.8272FALSE
405.6432FALSE
413.8285FALSE
405.6435FALSE
413.8287FALSE
405.6425FALSE
413.827FALSE
405.725FALSE
413.8265FALSE
405.7201FALSE
413.8268FALSE
405.7299FALSE
413.8266FALSE
405.7226FALSE
413.8267FALSE
405.7274FALSE
413.8267FALSE
405.6426FALSE
413.8264FALSE
405.6429FALSE
413.8267FALSE
405.643FALSE
413.8268FALSE
405.6432FALSE
413.8268FALSE
405.6422FALSE
413.8266FALSE
405.6578FALSE
405.6553FALSE
413.8264FALSE
405.6614FALSE
413.8267FALSE
405.6563FALSE
413.8268FALSE
413.8266FALSE
405.6601FALSE
413.8266FALSE
405.6422FALSE
413.8264FALSE
405.6425FALSE
413.8267FALSE
405.6432FALSE
413.8268FALSE
405.6427FALSE
413.8268FALSE
405.6419FALSE
413.8266FALSE
413.8264FALSE
405.6423FALSE
413.8267FALSE
405.643FALSE
413.8268FALSE
405.6432FALSE
413.8268FALSE
405.6424FALSE
413.8266FALSE
405.6433FALSE
413.8264FALSE
405.6421FALSE
413.8267FALSE
413.8268FALSE
405.6425FALSE
413.8268FALSE
405.6431FALSE
413.8266FALSE
405.6426FALSE
413.8264FALSE
405.6425FALSE
413.8267FALSE
405.6419FALSE
413.8268FALSE
405.6428FALSE
413.8268FALSE
405.6429FALSE
413.8266FALSE
405.6424FALSE
413.8264FALSE
405.6425FALSE
413.8267FALSE
405.6419FALSE
413.8268FALSE
405.6428FALSE
413.8268FALSE
405.6428FALSE
413.8266FALSE
405.6425FALSE
413.8264FALSE
405.6425FALSE
413.8267FALSE
413.8268FALSE
405.6419FALSE
413.8268FALSE
405.6428FALSE
413.8266FALSE
413.8264FALSE
405.6429FALSE
413.8267FALSE
405.6424FALSE
413.8268FALSE
405.6425FALSE
413.8268FALSE
405.6419FALSE
413.8266FALSE
405.6428FALSE
413.8264FALSE
405.6429FALSE
413.8267FALSE
405.6424FALSE
413.8268FALSE
405.6425FALSE
413.8268FALSE
405.6419FALSE
413.8266FALSE
405.6428FALSE
413.8264FALSE
405.6429FALSE
413.8267FALSE
405.6424FALSE
413.8268FALSE
405.6425FALSE
413.8268FALSE
405.6419FALSE
413.8266FALSE
405.6428FALSE
413.8264FALSE
405.6429FALSE
413.8267FALSE
405.6424FALSE
413.8268FALSE
413.8268FALSE
405.6425FALSE
413.8266FALSE
405.6419FALSE
413.8264FALSE
405.6428FALSE
413.8267FALSE
405.6429FALSE
413.8268FALSE
405.6424FALSE
413.8268FALSE
405.6425FALSE
413.8266FALSE
405.6419FALSE
413.8264FALSE
405.6428FALSE
413.8267FALSE
405.6429FALSE
413.8268FALSE
405.6424FALSE
413.8268FALSE
405.6425FALSE
413.8266FALSE
405.6419FALSE
413.8264FALSE
413.8267FALSE
405.6428FALSE
413.8268FALSE
405.6429FALSE
405.6424FALSE
413.8268FALSE
405.6425FALSE
413.8266FALSE
405.6419FALSE
413.8264FALSE
405.6428FALSE
413.8267FALSE
405.6429FALSE
413.8268FALSE
405.6424FALSE
413.8268FALSE
405.6425FALSE
413.8266FALSE
405.6419FALSE
413.8264FALSE
405.6428FALSE
413.8267FALSE
405.6429FALSE
413.8268FALSE
405.6424FALSE
413.8268FALSE
405.6425FALSE
413.8266FALSE
405.6419FALSE
413.8264FALSE
405.6428FALSE
413.8267FALSE
405.6429FALSE
413.8268FALSE
405.6424FALSE
413.8268FALSE
405.6425FALSE
413.8266FALSE
405.6419FALSE
413.8264FALSE
405.6428FALSE
413.8267FALSE
405.6429FALSE
413.8268FALSE
405.6424FALSE
413.8268FALSE
405.6425FALSE
413.8266FALSE
405.6419FALSE
413.8264FALSE
405.6428FALSE
413.8267FALSE
405.6429FALSE
413.8268FALSE
405.6424FALSE
413.8268FALSE
405.6425FALSE
413.8266FALSE
405.6419FALSE
413.8264FALSE
405.6428FALSE
413.8267FALSE
405.6429FALSE
413.8268FALSE
405.6424FALSE
405.6425FALSE
413.8268FALSE
405.6419FALSE
413.8266FALSE
405.6428FALSE
414.0207FALSE
405.6429FALSE
414.0256FALSE
405.6424FALSE
414.0158FALSE
405.6425FALSE
414.0199FALSE
405.6419FALSE
414.0216FALSE
405.6428FALSE
413.8272FALSE
405.6429FALSE
413.8275FALSE
405.6424FALSE
413.8269FALSE
405.6425FALSE
413.827FALSE
405.6419FALSE
413.8274FALSE
405.6428FALSE
413.8264FALSE
405.6429FALSE
413.8268FALSE
405.6424FALSE
413.8267FALSE
405.6425FALSE
413.8266FALSE
405.6419FALSE
413.8266FALSE
405.6428FALSE
413.8264FALSE
405.6429FALSE
413.8267FALSE
405.6424FALSE
413.8268FALSE
405.6425FALSE
413.8268FALSE
413.8266FALSE
405.6419FALSE
413.8264FALSE
405.6428FALSE
413.8267FALSE
405.6429FALSE
413.8268FALSE
405.6424FALSE
413.8268FALSE
405.6425FALSE
413.8266FALSE
405.6419FALSE
413.8264FALSE
405.6428FALSE
413.8267FALSE
413.8268FALSE
405.6429FALSE
413.8268FALSE
405.6424FALSE
405.6425FALSE
413.8266FALSE
413.8264FALSE
405.82FALSE
413.8267FALSE
405.8286FALSE
413.8268FALSE
405.8113FALSE
413.8268FALSE
405.8202FALSE
413.8266FALSE
405.8197FALSE
413.8264FALSE
405.6425FALSE
413.8267FALSE
405.6435FALSE
413.8268FALSE
405.6423FALSE
413.8268FALSE
405.6426FALSE
413.8266FALSE
405.6429FALSE
413.8264FALSE
413.8267FALSE
405.6419FALSE
413.8268FALSE
405.6428FALSE
413.8268FALSE
405.6428FALSE
413.8266FALSE
405.6424FALSE
413.8264FALSE
405.6425FALSE
413.8267FALSE
405.6419FALSE
413.8268FALSE
405.6428FALSE
413.8268FALSE
405.6429FALSE
413.8266FALSE
405.6424FALSE
413.8264FALSE
405.6425FALSE
413.8267FALSE
413.8268FALSE
405.6419FALSE
413.8268FALSE
405.6428FALSE
413.8266FALSE
405.6429FALSE
413.8264FALSE
405.6424FALSE
413.8267FALSE
405.6425FALSE
413.8268FALSE
405.6419FALSE
413.8268FALSE
405.6428FALSE
413.8266FALSE
405.6429FALSE
413.8264FALSE
405.6424FALSE
413.8267FALSE
405.6425FALSE
413.8268FALSE
405.6419FALSE
413.8268FALSE
405.6428FALSE
413.8266FALSE
405.6429FALSE
413.8264FALSE
405.6424FALSE
413.8267FALSE
405.6425FALSE
413.8268FALSE
405.6419FALSE
413.8268FALSE
405.6428FALSE
413.8266FALSE
405.6429FALSE
413.8264FALSE
405.6424FALSE
413.8267FALSE
405.6425FALSE
413.8268FALSE
405.6419FALSE
413.8268FALSE
405.6428FALSE
413.8266FALSE
405.6429FALSE
413.8264FALSE
405.6424FALSE
413.8267FALSE
405.6425FALSE
413.8268FALSE
405.6419FALSE
413.8268FALSE
405.6428FALSE
413.8266FALSE
405.6429FALSE
413.8264FALSE
405.6424FALSE
413.8267FALSE
405.6425FALSE
413.8268FALSE
405.6419FALSE
413.8268FALSE
405.6428FALSE
413.8266FALSE
405.6429FALSE
405.6424FALSE
413.8264FALSE
413.8267FALSE
405.6425FALSE
413.8268FALSE
405.6419FALSE
413.8268FALSE
405.6428FALSE
413.8266FALSE
405.6429FALSE
413.8264FALSE
405.6424FALSE
413.8267FALSE
405.6425FALSE
413.8268FALSE
405.6419FALSE
413.8268FALSE
405.6428FALSE
413.8266FALSE
405.6429FALSE
405.6424FALSE
413.8264FALSE
405.6425FALSE
413.8267FALSE
405.6419FALSE
413.8268FALSE
405.6428FALSE
413.8268FALSE
413.8266FALSE
$par
smooth_log_cases_lag1.bw         time_ind_lag0.bw 
               -1.647195                -1.340488 

$value
[1] 413.8264

$counts
function gradient 
      55       55 

$convergence
[1] 52

$message
[1] "ERROR: ABNORMAL_TERMINATION_IN_LNSRCH"

405.6429FALSE
405.6424FALSE
405.6425FALSE
405.6419FALSE
405.6428FALSE
405.6429FALSE
405.6424FALSE
405.6425FALSE
405.6419FALSE
405.6428FALSE
405.6429FALSE
405.6424FALSE
405.6425FALSE
405.6419FALSE
405.6428FALSE
405.6429FALSE
405.6424FALSE
405.6425FALSE
405.6419FALSE
405.6428FALSE
405.6429FALSE
405.6424FALSE
405.6425FALSE
405.6419FALSE
405.6428FALSE
405.6429FALSE
405.6424FALSE
405.6425FALSE
$par
smooth_log_cases_lag0.bw         time_ind_lag0.bw 
               -1.655011                -1.533357 

$value
[1] 405.6419

$counts
function gradient 
      58       58 

$convergence
[1] 0

$message
[1] "CONVERGENCE: REL_REDUCTION_OF_F <= FACTR*EPSMCH"

470.3457FALSE
418.3624FALSE
470.3563FALSE
418.3675FALSE
470.3354FALSE
418.3573FALSE
467.9611FALSE
418.3508FALSE
467.9592FALSE
467.963FALSE
418.3742FALSE
467.787FALSE
418.3555FALSE
467.7867FALSE
418.3703FALSE
467.7872FALSE
412.4326FALSE
467.7808FALSE
412.4323FALSE
467.7805FALSE
412.4329FALSE
467.7811FALSE
412.4314FALSE
467.7531FALSE
467.7528FALSE
412.4339FALSE
467.7534FALSE
412.4621FALSE
468.3537FALSE
412.4032FALSE
468.3568FALSE
468.3506FALSE
412.0065FALSE
467.7495FALSE
412.0095FALSE
467.7494FALSE
412.0035FALSE
467.7496FALSE
467.8362FALSE
411.9993FALSE
467.8378FALSE
412.0137FALSE
467.8347FALSE
412.0039FALSE
467.7474FALSE
412.0091FALSE
467.7473FALSE
410.259FALSE
467.7476FALSE
410.253FALSE
467.7459FALSE
410.265FALSE
467.7458FALSE
410.258FALSE
467.746FALSE
467.769FALSE
410.26FALSE
467.7695FALSE
410.2694FALSE
467.7684FALSE
410.2486FALSE
467.7453FALSE
409.2138FALSE
467.7451FALSE
409.207FALSE
467.7454FALSE
409.2207FALSE
467.7448FALSE
409.2122FALSE
467.7448FALSE
409.2154FALSE
467.7449FALSE
467.7551FALSE
409.2124FALSE
467.7556FALSE
409.2152FALSE
467.7546FALSE
408.2699FALSE
467.7448FALSE
408.2649FALSE
467.7449FALSE
408.2749FALSE
467.7448FALSE
467.7448FALSE
408.2676FALSE
467.7448FALSE
408.2722FALSE
467.7449FALSE
408.2671FALSE
467.7448FALSE
408.2727FALSE
467.7449FALSE
467.7449FALSE
416.0152FALSE
467.7448FALSE
416.0528FALSE
467.7448FALSE
415.9776FALSE
467.7449FALSE
467.7448FALSE
416.0183FALSE
467.7448FALSE
467.7449FALSE
416.0121FALSE
467.7448FALSE
416.0186FALSE
467.7449FALSE
467.7449FALSE
416.0118FALSE
467.7448FALSE
407.0189FALSE
467.7448FALSE
407.0146FALSE
467.7449FALSE
467.7448FALSE
407.0233FALSE
467.7448FALSE
407.0167FALSE
467.7449FALSE
467.7448FALSE
407.0212FALSE
467.7449FALSE
407.0161FALSE
467.7449FALSE
407.0217FALSE
467.7448FALSE
406.5053FALSE
467.7449FALSE
467.7449FALSE
406.5016FALSE
467.7448FALSE
406.509FALSE
467.7449FALSE
406.5032FALSE
467.7449FALSE
406.5075FALSE
467.7448FALSE
406.5055FALSE
467.7449FALSE
406.5051FALSE
467.7449FALSE
406.4264FALSE
467.7448FALSE
406.4285FALSE
467.7449FALSE
406.4243FALSE
467.7449FALSE
467.7448FALSE
406.4251FALSE
467.7449FALSE
406.4277FALSE
467.7449FALSE
406.4262FALSE
467.7448FALSE
406.4266FALSE
467.7449FALSE
406.2006FALSE
467.7449FALSE
406.2016FALSE
467.7448FALSE
467.7449FALSE
406.2001FALSE
406.1996FALSE
467.7449FALSE
467.7448FALSE
406.2017FALSE
467.7449FALSE
406.2003FALSE
467.7449FALSE
406.2009FALSE
467.7448FALSE
405.9452FALSE
467.7449FALSE
405.9436FALSE
467.7449FALSE
467.7448FALSE
405.9467FALSE
467.7449FALSE
405.9448FALSE
467.7449FALSE
467.7448FALSE
405.9456FALSE
467.7449FALSE
405.9404FALSE
467.7449FALSE
$par
time_ind_lag0.bw 
       -2.196163 

$value
[1] 467.7448

$counts
function gradient 
      34       34 

$convergence
[1] 0

$message
[1] "CONVERGENCE: REL_REDUCTION_OF_F <= FACTR*EPSMCH"

405.95FALSE
405.8384FALSE
405.8407FALSE
405.8367FALSE
405.8381FALSE
405.8387FALSE
405.8376FALSE
405.8392FALSE
405.8766FALSE
405.8707FALSE
405.8824FALSE
405.8762FALSE
405.8769FALSE
405.8772FALSE
405.876FALSE
405.7927FALSE
405.7922FALSE
405.7932FALSE
405.7924FALSE
405.793FALSE
405.7929FALSE
405.7925FALSE
405.7367FALSE
405.7362FALSE
405.7373FALSE
405.7365FALSE
405.7368FALSE
405.737FALSE
405.7363FALSE
405.6987FALSE
405.6994FALSE
405.698FALSE
405.6987FALSE
405.6988FALSE
405.6977FALSE
405.6997FALSE
405.6664FALSE
405.6676FALSE
405.6653FALSE
405.6664FALSE
405.6665FALSE
405.6655FALSE
405.6674FALSE
406.0906FALSE
406.0845FALSE
406.0966FALSE
406.0906FALSE
406.0906FALSE
406.0904FALSE
406.0907FALSE
405.6664FALSE
405.6656FALSE
405.6672FALSE
405.6664FALSE
405.6664FALSE
405.6666FALSE
405.6662FALSE
405.6627FALSE
405.6618FALSE
405.6637FALSE
405.6627FALSE
405.6628FALSE
405.6632FALSE
405.6623FALSE
405.6578FALSE
405.6568FALSE
405.6588FALSE
405.6578FALSE
405.6578FALSE
405.6583FALSE
405.6573FALSE
405.6819FALSE
405.6838FALSE
405.6801FALSE
405.6819FALSE
405.682FALSE
405.682FALSE
405.6819FALSE
405.656FALSE
405.6572FALSE
405.6555FALSE
405.656FALSE
405.656FALSE
405.656FALSE
405.6563FALSE
405.6509FALSE
405.6519FALSE
405.6504FALSE
405.6509FALSE
405.6509FALSE
405.6499FALSE
405.6521FALSE
405.6471FALSE
405.6469FALSE
405.6476FALSE
405.6471FALSE
405.6472FALSE
405.6477FALSE
405.6466FALSE
405.6452FALSE
405.6445FALSE
405.6462FALSE
405.6452FALSE
405.6452FALSE
405.6457FALSE
405.6448FALSE
405.6441FALSE
405.6451FALSE
405.6432FALSE
405.644FALSE
405.6441FALSE
405.6432FALSE
405.645FALSE
405.6428FALSE
405.6438FALSE
405.6432FALSE
405.6428FALSE
405.6428FALSE
405.6432FALSE
405.6434FALSE
405.6425FALSE
405.6431FALSE
405.6435FALSE
405.6425FALSE
405.6425FALSE
405.643FALSE
405.6427FALSE
405.6423FALSE
405.6428FALSE
405.6433FALSE
405.6423FALSE
405.6423FALSE
405.6428FALSE
405.6427FALSE
405.6421FALSE
405.643FALSE
405.6429FALSE
405.6421FALSE
405.6421FALSE
405.6427FALSE
405.6425FALSE
405.642FALSE
405.6429FALSE
405.6429FALSE
405.642FALSE
405.642FALSE
405.6426FALSE
405.6426FALSE
405.642FALSE
405.6428FALSE
405.6429FALSE
405.642FALSE
405.642FALSE
405.6425FALSE
405.6425FALSE
405.642FALSE
405.6428FALSE
405.6429FALSE
405.642FALSE
405.642FALSE
405.6425FALSE
405.6424FALSE
405.642FALSE
405.6428FALSE
405.6429FALSE
405.642FALSE
405.642FALSE
405.6425FALSE
405.6425FALSE
405.642FALSE
405.6428FALSE
405.6429FALSE
405.642FALSE
405.642FALSE
405.6425FALSE
405.6425FALSE
405.642FALSE
405.6428FALSE
405.6429FALSE
405.642FALSE
405.642FALSE
405.6425FALSE
405.6425FALSE
405.642FALSE
405.6428FALSE
405.6429FALSE
405.642FALSE
405.642FALSE
405.6425FALSE
405.6425FALSE
405.642FALSE
405.6428FALSE
405.6429FALSE
405.642FALSE
405.642FALSE
405.6425FALSE
405.6425FALSE
405.642FALSE
405.6428FALSE
405.6429FALSE
405.642FALSE
405.642FALSE
405.6425FALSE
405.6425FALSE
405.642FALSE
405.6428FALSE
405.6429FALSE
405.642FALSE
405.642FALSE
405.6425FALSE
405.6425FALSE
405.642FALSE
405.6428FALSE
405.6429FALSE
405.642FALSE
405.642FALSE
405.6425FALSE
405.6425FALSE
405.642FALSE
405.6428FALSE
405.6429FALSE
405.642FALSE
405.642FALSE
405.6425FALSE
405.6425FALSE
405.642FALSE
405.6428FALSE
405.6429FALSE
405.642FALSE
405.642FALSE
405.6425FALSE
405.6425FALSE
405.642FALSE
405.6428FALSE
405.6429FALSE
405.642FALSE
405.642FALSE
405.6425FALSE
405.6425FALSE
405.642FALSE
405.6428FALSE
405.6429FALSE
405.642FALSE
405.642FALSE
405.6425FALSE
405.6425FALSE
405.642FALSE
405.6428FALSE
405.6429FALSE
405.642FALSE
405.642FALSE
405.6425FALSE
405.6425FALSE
405.642FALSE
405.6428FALSE
405.6429FALSE
405.642FALSE
405.642FALSE
405.6425FALSE
405.6425FALSE
405.642FALSE
405.6428FALSE
405.6429FALSE
405.642FALSE
405.642FALSE
405.6425FALSE
405.6425FALSE
405.642FALSE
405.6428FALSE
405.6429FALSE
405.642FALSE
405.642FALSE
405.6425FALSE
405.6425FALSE
405.642FALSE
405.6428FALSE
405.6429FALSE
405.642FALSE
405.642FALSE
405.6425FALSE
405.6425FALSE
$par
smooth_log_cases_lag0.bw smooth_log_cases_lag1.bw         time_ind_lag0.bw 
               -1.654907                 4.411596                -1.533226 

$value
[1] 405.642

$counts
function gradient 
      52       52 

$convergence
[1] 0

$message
[1] "CONVERGENCE: REL_REDUCTION_OF_F <= FACTR*EPSMCH"

> 
> save(ssr_fit,
+     file=paste0("/home/ngr67a/2015-cdc-flu-competition/fit-competition-ssr-ph", prediction_horizon_limit, "-", data_set, ".Rdata"))
> 
> proc.time()
    user   system  elapsed 
2322.343    1.243 2227.313 
