
R version 3.2.2 (2015-08-14) -- "Fire Safety"
Copyright (C) 2015 The R Foundation for Statistical Computing
Platform: x86_64-pc-linux-gnu (64-bit)

R is free software and comes with ABSOLUTELY NO WARRANTY.
You are welcome to redistribute it under certain conditions.
Type 'license()' or 'licence()' for distribution details.

  Natural language support but running in an English locale

R is a collaborative project with many contributors.
Type 'contributors()' for more information and
'citation()' on how to cite R or R packages in publications.

Type 'demo()' for some demos, 'help()' for on-line help, or
'help.start()' for an HTML browser interface to help.
Type 'q()' to quit R.

> ### get ssr fit -- prediction horizons 1:52
> library(lubridate)
> library(ggplot2)
> library(plyr)

Attaching package: ‘plyr’

The following object is masked from ‘package:lubridate’:

    here

> library(dplyr)

Attaching package: ‘dplyr’

The following objects are masked from ‘package:plyr’:

    arrange, count, desc, failwith, id, mutate, rename, summarise,
    summarize

The following objects are masked from ‘package:lubridate’:

    intersect, setdiff, union

The following objects are masked from ‘package:stats’:

    filter, lag

The following objects are masked from ‘package:base’:

    intersect, setdiff, setequal, union

> library(reshape)

Attaching package: ‘reshape’

The following object is masked from ‘package:dplyr’:

    rename

The following objects are masked from ‘package:plyr’:

    rename, round_any

The following object is masked from ‘package:lubridate’:

    stamp

> library(ssrFlu)
> library(doMC)
Loading required package: foreach
Loading required package: iterators
Loading required package: parallel
> 
> registerDoMC(cores=3)
> 
> args <- commandArgs(trailingOnly=TRUE)
> 
> data_set <- args[1]
> prediction_horizon_limit <- as.integer(args[2])
> 
> ## load dataset
> if(identical(data_set, "ili_national")) {
+     data <- ili_national
+ } 
> if(identical(data_set, "ili_region1")) {
+     data <- ili_region1
+ } 
> if(identical(data_set, "ili_region2")) {
+     data <- ili_region2
+ } 
> if(identical(data_set, "ili_region3")) {
+     data <- ili_region3
+ } 
> if(identical(data_set, "ili_region4")) {
+     data <- ili_region4
+ } 
> if(identical(data_set, "ili_region5")) {
+     data <- ili_region5
+ } 
> if(identical(data_set, "ili_region6")) {
+     data <- ili_region6
+ } 
> if(identical(data_set, "ili_region7")) {
+     data <- ili_region7
+ } 
> if(identical(data_set, "ili_region8")) {
+     data <- ili_region8
+ } 
> if(identical(data_set, "ili_region9")) {
+     data <- ili_region9
+ } 
> if(identical(data_set, "ili_region10")) {
+     data <- ili_region10
+ } 
> 
> 
> 
> ## add log column
> data$log_total_cases <- log(data$total_cases + 1)
> 
> ## add week_start_date
> char_dates <- paste(data$year, data$week, "1")
> data$week_start_date <- as.Date(char_dates, format="%Y %W %w")
> 
> ## remove week 53s
> data <- data[-which(is.na(data$week_start_date)),]
> data <- data[262:nrow(data),]
> 
> ## add smooth log column -- or not, since it is already pretty smooth...
> sm <- loess(log_total_cases ~ as.numeric(week_start_date), data=data, span= 26 / nrow(data))
> data$smooth_log_cases <- sm$fitted
> 
> ## add time column
> data$time_ind <- seq_len(nrow(data))
> 
> ssr_control <- create_ssr_control(X_names=c("smooth_log_cases", "time_ind"),
+     y_names="total_cases",
+     time_name=NULL,
+     max_lag=list(smooth_log_cases=1,
+         time_ind=0),
+     prediction_horizons=as.integer(prediction_horizon_limit),
+     kernel_fns=list(smooth_log_cases="squared_exp_kernel",
+         time_ind="periodic_kernel"),
+     theta_est=list(smooth_log_cases="bw",
+         time_ind="bw"),
+     theta_fixed=list(time_ind=list(period=pi / 52)),
+     theta_transform_fns=list(
+         squared_exp_kernel=list(
+             bw=list(transform="log",
+                 detransform="exp")
+         ),
+         periodic_kernel=list(
+             bw=list(transform="log",
+                 detransform="exp")
+         )
+     ),
+     crossval_buffer=52,
+     loss_fn_name="mae_from_kernel_weights_and_centers",
+     loss_fn_args=list())
> 
> 
> ssr_fit <- ssr(X_names=c("smooth_log_cases", "time_ind"),
+     y_names="total_cases",
+     time_name=NULL,
+     data=data,
+     ssr_control=ssr_control)
567.5753FALSE
581.9FALSE
467.0168FALSE
567.5826FALSE
581.9068FALSE
467.0168FALSE
567.568FALSE
581.8932FALSE
467.0167FALSE
568.7788FALSE
583.5959FALSE
468.2848FALSE
568.7711FALSE
583.5864FALSE
468.2836FALSE
568.7865FALSE
583.6054FALSE
566.1818FALSE
468.2861FALSE
580.3824FALSE
566.1822FALSE
467.0164FALSE
580.3831FALSE
566.1815FALSE
467.0164FALSE
580.3817FALSE
566.1766FALSE
467.0163FALSE
566.1768FALSE
580.3828FALSE
566.1765FALSE
467.0158FALSE
580.3823FALSE
566.1757FALSE
467.0158FALSE
580.3833FALSE
566.1757FALSE
467.0157FALSE
566.1757FALSE
580.3754FALSE
467.6557FALSE
566.1757FALSE
580.3753FALSE
566.1757FALSE
467.6542FALSE
580.3755FALSE
566.1757FALSE
$par
smooth_log_cases_lag0.bw 
               -2.726438 

$value
[1] 566.1757

$counts
function gradient 
       6        6 

$convergence
[1] 0

$message
[1] "CONVERGENCE: REL_REDUCTION_OF_F <= FACTR*EPSMCH"

467.6571FALSE
580.3751FALSE
467.0154FALSE
580.375FALSE
467.0155FALSE
580.3752FALSE
467.0153FALSE
580.3759FALSE
467.0149FALSE
580.3764FALSE
467.015FALSE
580.3756FALSE
467.0149FALSE
580.375FALSE
467.2643FALSE
580.3751FALSE
467.2627FALSE
580.375FALSE
467.2658FALSE
580.375FALSE
467.0146FALSE
580.375FALSE
467.0146FALSE
580.3751FALSE
467.0145FALSE
580.375FALSE
467.0142FALSE
580.3751FALSE
467.0142FALSE
580.375FALSE
467.0141FALSE
580.375FALSE
467.0822FALSE
580.3751FALSE
580.375FALSE
467.0809FALSE
467.0836FALSE
580.375FALSE
467.0135FALSE
580.3751FALSE
467.0136FALSE
467.0134FALSE
580.375FALSE
467.0129FALSE
580.375FALSE
467.013FALSE
580.3751FALSE
467.0129FALSE
580.375FALSE
467.028FALSE
580.375FALSE
467.0273FALSE
580.3751FALSE
467.0286FALSE
467.0125FALSE
580.375FALSE
467.0126FALSE
580.375FALSE
467.0124FALSE
580.3751FALSE
580.375FALSE
467.0121FALSE
580.375FALSE
467.0122FALSE
580.3751FALSE
467.012FALSE
580.375FALSE
467.0153FALSE
580.375FALSE
580.3751FALSE
467.0146FALSE
580.375FALSE
467.0159FALSE
467.0115FALSE
580.375FALSE
467.0116FALSE
580.3751FALSE
467.0114FALSE
580.375FALSE
467.0113FALSE
580.375FALSE
467.0114FALSE
580.3751FALSE
467.0111FALSE
580.375FALSE
467.0111FALSE
580.375FALSE
467.0112FALSE
580.3751FALSE
467.011FALSE
580.375FALSE
467.0117FALSE
580.375FALSE
467.0111FALSE
580.3751FALSE
467.0123FALSE
$par
time_ind_lag0.bw 
       -2.302585 

$value
[1] 467.0168

$counts
function gradient 
      21       21 

$convergence
[1] 52

$message
[1] "ERROR: ABNORMAL_TERMINATION_IN_LNSRCH"

580.375FALSE
$par
smooth_log_cases_lag1.bw 
               -2.705496 

$value
[1] 580.375

$counts
function gradient 
      21       21 

$convergence
[1] 0

$message
[1] "CONVERGENCE: REL_REDUCTION_OF_F <= FACTR*EPSMCH"

457.3262FALSE
449.6046FALSE
457.2915FALSE
449.5829FALSE
457.3608FALSE
449.6263FALSE
457.3083FALSE
449.5792FALSE
457.3439FALSE
449.63FALSE
426.6086FALSE
418.866FALSE
426.6155FALSE
418.8558FALSE
426.6018FALSE
418.8762FALSE
426.6001FALSE
418.8541FALSE
426.617FALSE
418.8778FALSE
424.0696FALSE
424.0732FALSE
454.5003FALSE
424.0661FALSE
454.5463FALSE
424.0589FALSE
454.4543FALSE
424.0806FALSE
454.5953FALSE
447.8888FALSE
454.4053FALSE
447.8938FALSE
417.8922FALSE
447.8839FALSE
417.901FALSE
448.0096FALSE
417.8833FALSE
447.7694FALSE
417.8847FALSE
421.5189FALSE
417.8997FALSE
421.5231FALSE
417.3547FALSE
421.5148FALSE
417.3653FALSE
421.51FALSE
417.3441FALSE
421.528FALSE
417.3525FALSE
421.2915FALSE
417.357FALSE
421.2851FALSE
417.3326FALSE
421.2979FALSE
417.3287FALSE
421.3052FALSE
417.3366FALSE
421.2778FALSE
417.3345FALSE
420.7908FALSE
417.3308FALSE
420.7896FALSE
417.1822FALSE
420.792FALSE
417.1778FALSE
420.7859FALSE
417.1868FALSE
420.7958FALSE
417.1816FALSE
446.012FALSE
417.183FALSE
446.021FALSE
417.602FALSE
446.0029FALSE
446.1308FALSE
417.6154FALSE
417.5887FALSE
445.8932FALSE
417.599FALSE
420.6801FALSE
417.6051FALSE
420.6795FALSE
417.1459FALSE
420.6807FALSE
420.6761FALSE
417.1452FALSE
420.6841FALSE
417.1466FALSE
422.0307FALSE
417.1463FALSE
422.0258FALSE
417.1455FALSE
422.0356FALSE
417.1447FALSE
422.0507FALSE
417.1476FALSE
422.0107FALSE
417.1419FALSE
420.6325FALSE
417.1462FALSE
420.6312FALSE
420.6337FALSE
417.1436FALSE
420.6319FALSE
417.1416FALSE
420.6331FALSE
417.1435FALSE
420.6575FALSE
417.142FALSE
420.6598FALSE
417.1435FALSE
420.6553FALSE
417.1409FALSE
420.6586FALSE
417.4476FALSE
420.6565FALSE
417.4591FALSE
420.6288FALSE
417.4361FALSE
420.6276FALSE
417.4433FALSE
420.63FALSE
420.6284FALSE
417.452FALSE
420.6293FALSE
417.1418FALSE
420.6457FALSE
417.1445FALSE
420.6479FALSE
417.1405FALSE
420.6436FALSE
417.1431FALSE
420.6466FALSE
417.1411FALSE
420.6449FALSE
417.1406FALSE
420.6273FALSE
417.1435FALSE
420.6293FALSE
417.1405FALSE
420.6285FALSE
417.1423FALSE
420.6279FALSE
417.1399FALSE
420.6278FALSE
417.14FALSE
420.6285FALSE
417.1409FALSE
420.6273FALSE
417.1399FALSE
420.6297FALSE
420.6281FALSE
417.14FALSE
420.6289FALSE
417.1405FALSE
420.6274FALSE
417.1398FALSE
420.6291FALSE
417.1402FALSE
420.6286FALSE
417.1407FALSE
420.6278FALSE
417.1401FALSE
420.6279FALSE
417.1399FALSE
420.6274FALSE
417.1399FALSE
417.1404FALSE
420.6293FALSE
417.1404FALSE
420.6285FALSE
417.1398FALSE
420.6279FALSE
417.1401FALSE
420.6278FALSE
417.1398FALSE
420.6273FALSE
417.1402FALSE
417.1406FALSE
420.6293FALSE
417.14FALSE
420.6285FALSE
417.1399FALSE
420.6279FALSE
417.1398FALSE
420.6278FALSE
417.1402FALSE
420.6273FALSE
417.1407FALSE
420.6293FALSE
417.1401FALSE
420.6285FALSE
417.1399FALSE
420.6279FALSE
417.1398FALSE
420.6278FALSE
417.1402FALSE
420.6273FALSE
417.1407FALSE
420.6293FALSE
417.1401FALSE
420.6285FALSE
417.1399FALSE
420.6279FALSE
417.1398FALSE
420.6278FALSE
417.1402FALSE
420.6273FALSE
417.1407FALSE
417.1401FALSE
420.6293FALSE
417.1399FALSE
420.6285FALSE
417.1398FALSE
420.6279FALSE
417.1402FALSE
420.6278FALSE
417.1407FALSE
420.6273FALSE
417.1401FALSE
420.6293FALSE
417.1399FALSE
420.6285FALSE
417.1399FALSE
420.6279FALSE
417.1405FALSE
420.6278FALSE
417.1405FALSE
420.6273FALSE
417.1399FALSE
417.14FALSE
420.6293FALSE
417.1398FALSE
420.6285FALSE
417.1402FALSE
420.6279FALSE
417.1406FALSE
420.6278FALSE
417.14FALSE
420.6273FALSE
420.6293FALSE
417.1399FALSE
420.6285FALSE
417.1398FALSE
420.6279FALSE
417.1402FALSE
420.6278FALSE
417.1407FALSE
420.6273FALSE
420.6293FALSE
417.1401FALSE
420.6285FALSE
417.1399FALSE
420.6279FALSE
420.6278FALSE
417.1398FALSE
420.6273FALSE
417.1402FALSE
420.6293FALSE
417.1407FALSE
420.6285FALSE
420.6279FALSE
417.1401FALSE
420.6278FALSE
417.1399FALSE
420.6273FALSE
417.1398FALSE
420.6293FALSE
417.1402FALSE
420.6285FALSE
417.1407FALSE
420.6279FALSE
417.1401FALSE
420.6278FALSE
417.1399FALSE
420.6273FALSE
420.6293FALSE
417.1398FALSE
420.6285FALSE
420.6279FALSE
417.1402FALSE
420.6278FALSE
420.6273FALSE
417.1407FALSE
420.6293FALSE
417.1401FALSE
420.6285FALSE
420.6279FALSE
417.1399FALSE
420.6278FALSE
417.1398FALSE
420.6273FALSE
417.1402FALSE
420.6293FALSE
417.1407FALSE
420.6285FALSE
417.1401FALSE
420.6279FALSE
420.6278FALSE
417.1399FALSE
420.6273FALSE
417.1398FALSE
420.6293FALSE
417.1402FALSE
420.6285FALSE
417.1407FALSE
420.6279FALSE
420.6278FALSE
417.1401FALSE
420.6273FALSE
417.1399FALSE
420.6293FALSE
420.6285FALSE
417.1398FALSE
420.6279FALSE
420.6278FALSE
417.1402FALSE
420.6273FALSE
417.1407FALSE
420.6293FALSE
417.1401FALSE
420.6285FALSE
420.6279FALSE
417.1399FALSE
420.6278FALSE
417.1398FALSE
420.6273FALSE
417.1402FALSE
420.6293FALSE
417.1407FALSE
420.6285FALSE
417.1401FALSE
420.6279FALSE
417.1399FALSE
420.6278FALSE
$par
smooth_log_cases_lag1.bw         time_ind_lag0.bw 
               -1.664902                -1.294312 

$value
[1] 420.6273

$counts
function gradient 
      35       35 

$convergence
[1] 0

$message
[1] "CONVERGENCE: REL_REDUCTION_OF_F <= FACTR*EPSMCH"

417.1398FALSE
417.1402FALSE
417.1407FALSE
417.1401FALSE
417.1399FALSE
417.1398FALSE
417.1402FALSE
417.1407FALSE
417.1401FALSE
417.1399FALSE
417.1398FALSE
417.1402FALSE
417.1407FALSE
417.1401FALSE
417.1399FALSE
417.1398FALSE
417.1402FALSE
417.1407FALSE
417.1401FALSE
417.1399FALSE
417.1398FALSE
417.1402FALSE
417.1407FALSE
417.1401FALSE
417.1399FALSE
417.1398FALSE
417.1402FALSE
417.1407FALSE
417.1401FALSE
417.1399FALSE
417.1398FALSE
417.1402FALSE
417.1407FALSE
417.1401FALSE
417.1399FALSE
417.1398FALSE
417.1402FALSE
417.1407FALSE
417.1401FALSE
417.1399FALSE
417.1398FALSE
417.1402FALSE
417.1407FALSE
417.1401FALSE
417.1399FALSE
417.1398FALSE
417.1402FALSE
417.1407FALSE
417.1401FALSE
417.1399FALSE
$par
smooth_log_cases_lag0.bw         time_ind_lag0.bw 
               -1.627078                -1.335035 

$value
[1] 417.1398

$counts
function gradient 
      42       42 

$convergence
[1] 0

$message
[1] "CONVERGENCE: REL_REDUCTION_OF_F <= FACTR*EPSMCH"

473.0875FALSE
430.4475FALSE
430.449FALSE
473.1132FALSE
473.0618FALSE
430.4459FALSE
467.0148FALSE
430.4362FALSE
467.0149FALSE
430.4588FALSE
467.0148FALSE
430.4257FALSE
467.0146FALSE
430.4705FALSE
467.0147FALSE
487.7471FALSE
467.0145FALSE
487.7605FALSE
467.0137FALSE
487.7337FALSE
467.0137FALSE
487.7508FALSE
467.0136FALSE
487.7435FALSE
467.0207FALSE
487.8766FALSE
467.0201FALSE
487.6175FALSE
467.0213FALSE
427.8981FALSE
467.0126FALSE
427.8994FALSE
467.0127FALSE
427.8968FALSE
467.0125FALSE
467.012FALSE
427.8873FALSE
467.0121FALSE
427.9089FALSE
467.0119FALSE
427.8876FALSE
427.9086FALSE
467.0117FALSE
426.5514FALSE
467.0118FALSE
467.0116FALSE
426.5524FALSE
467.0128FALSE
426.5504FALSE
426.5432FALSE
467.0121FALSE
426.5595FALSE
467.0134FALSE
426.5707FALSE
467.0111FALSE
426.5322FALSE
467.0113FALSE
425.35FALSE
467.011FALSE
425.3499FALSE
467.011FALSE
425.3501FALSE
467.0111FALSE
425.341FALSE
467.0108FALSE
425.3589FALSE
467.0109FALSE
425.3607FALSE
467.011FALSE
425.3393FALSE
467.0108FALSE
420.1594FALSE
467.0111FALSE
420.1511FALSE
467.0107FALSE
467.0117FALSE
420.1677FALSE
467.0109FALSE
420.1547FALSE
467.011FALSE
420.1641FALSE
467.0108FALSE
420.15FALSE
467.0121FALSE
420.1688FALSE
467.0115FALSE
418.4644FALSE
467.0127FALSE
467.0108FALSE
418.4564FALSE
467.0109FALSE
418.4723FALSE
467.0107FALSE
418.4615FALSE
467.0108FALSE
418.4673FALSE
467.0109FALSE
418.4577FALSE
467.0107FALSE
467.011FALSE
418.471FALSE
467.0107FALSE
430.6645FALSE
467.0117FALSE
430.6977FALSE
467.0107FALSE
430.6312FALSE
467.0108FALSE
430.6686FALSE
467.0108FALSE
430.6604FALSE
467.0107FALSE
430.6699FALSE
467.0108FALSE
430.659FALSE
467.0109FALSE
417.7608FALSE
467.0107FALSE
417.754FALSE
467.0108FALSE
417.7675FALSE
467.0108FALSE
$par
time_ind_lag0.bw 
       -2.378942 

$value
[1] 467.0107

$counts
function gradient 
      21       21 

$convergence
[1] 0

$message
[1] "CONVERGENCE: REL_REDUCTION_OF_F <= FACTR*EPSMCH"

417.7584FALSE
417.7632FALSE
417.7566FALSE
417.7649FALSE
434.1745FALSE
434.2115FALSE
434.1375FALSE
434.1779FALSE
434.1711FALSE
434.1792FALSE
434.1698FALSE
417.5856FALSE
417.5907FALSE
417.5805FALSE
417.5857FALSE
417.5855FALSE
417.5817FALSE
417.5895FALSE
417.5068FALSE
417.5042FALSE
417.5095FALSE
417.5055FALSE
417.5082FALSE
417.5045FALSE
417.5092FALSE
417.4692FALSE
417.4692FALSE
417.4692FALSE
417.4685FALSE
417.4699FALSE
417.4679FALSE
417.4706FALSE
417.4175FALSE
417.4176FALSE
417.4174FALSE
417.4169FALSE
417.418FALSE
417.4164FALSE
417.4186FALSE
417.2582FALSE
417.2576FALSE
417.259FALSE
417.2579FALSE
417.2585FALSE
417.2584FALSE
417.2585FALSE
417.3687FALSE
417.3605FALSE
417.3769FALSE
417.3683FALSE
417.3692FALSE
417.3646FALSE
417.3729FALSE
417.2538FALSE
417.2527FALSE
417.255FALSE
417.2535FALSE
417.254FALSE
417.253FALSE
417.2545FALSE
417.2488FALSE
417.2448FALSE
417.2529FALSE
417.2485FALSE
417.2492FALSE
417.2478FALSE
417.2503FALSE
417.2301FALSE
417.2266FALSE
417.2337FALSE
417.2298FALSE
417.2304FALSE
417.2298FALSE
417.2305FALSE
417.2012FALSE
417.2035FALSE
417.2009FALSE
417.2012FALSE
417.2012FALSE
417.2037FALSE
417.1997FALSE
417.1878FALSE
417.1871FALSE
417.1885FALSE
417.1877FALSE
417.1879FALSE
417.1881FALSE
417.1876FALSE
417.173FALSE
417.1718FALSE
417.1741FALSE
417.1729FALSE
417.173FALSE
417.1724FALSE
417.1736FALSE
417.17FALSE
417.1697FALSE
417.1702FALSE
417.1699FALSE
417.17FALSE
417.1691FALSE
417.1709FALSE
417.1626FALSE
417.1624FALSE
417.1634FALSE
417.1626FALSE
417.1627FALSE
417.1617FALSE
417.1636FALSE
417.1495FALSE
417.1484FALSE
417.1505FALSE
417.1494FALSE
417.1495FALSE
417.1493FALSE
417.1498FALSE
417.1628FALSE
417.1658FALSE
417.1597FALSE
417.1628FALSE
417.1628FALSE
417.1646FALSE
417.161FALSE
417.1478FALSE
417.1474FALSE
417.1487FALSE
417.1478FALSE
417.1479FALSE
417.1481FALSE
417.1476FALSE
417.1444FALSE
417.1468FALSE
417.1443FALSE
417.1444FALSE
417.1444FALSE
417.1454FALSE
417.1444FALSE
417.1419FALSE
417.1411FALSE
417.143FALSE
417.1419FALSE
417.1419FALSE
417.1421FALSE
417.1423FALSE
417.1413FALSE
417.1408FALSE
417.1424FALSE
417.1413FALSE
417.1413FALSE
417.1415FALSE
417.1416FALSE
417.1412FALSE
417.1432FALSE
417.1412FALSE
417.1412FALSE
417.1412FALSE
417.1418FALSE
417.1417FALSE
417.1409FALSE
417.141FALSE
417.1412FALSE
417.1409FALSE
417.1409FALSE
417.1408FALSE
417.1415FALSE
417.1407FALSE
417.1418FALSE
417.1408FALSE
417.1407FALSE
417.1407FALSE
417.1407FALSE
417.1409FALSE
417.1405FALSE
417.1426FALSE
417.1413FALSE
417.1405FALSE
417.1405FALSE
417.1418FALSE
417.1403FALSE
417.1405FALSE
417.1405FALSE
417.1413FALSE
417.1405FALSE
417.1405FALSE
417.1408FALSE
417.1403FALSE
417.1402FALSE
417.1404FALSE
417.1408FALSE
417.1402FALSE
417.1402FALSE
417.1402FALSE
417.1405FALSE
417.1402FALSE
417.1404FALSE
417.1408FALSE
417.1402FALSE
417.1402FALSE
417.1402FALSE
417.1403FALSE
417.1401FALSE
417.1411FALSE
417.1407FALSE
417.1401FALSE
417.1401FALSE
417.1401FALSE
417.1401FALSE
417.14FALSE
417.1419FALSE
417.1408FALSE
417.14FALSE
417.14FALSE
417.1409FALSE
417.1399FALSE
417.14FALSE
417.1412FALSE
417.1408FALSE
417.14FALSE
417.14FALSE
417.1402FALSE
417.14FALSE
417.14FALSE
417.1408FALSE
417.1409FALSE
417.14FALSE
417.14FALSE
417.1403FALSE
417.1399FALSE
417.14FALSE
417.1411FALSE
417.1408FALSE
417.14FALSE
417.14FALSE
417.1402FALSE
417.14FALSE
417.14FALSE
417.1411FALSE
417.1408FALSE
417.14FALSE
417.14FALSE
417.1402FALSE
417.14FALSE
417.14FALSE
417.1412FALSE
417.1408FALSE
417.14FALSE
417.14FALSE
417.1402FALSE
417.14FALSE
417.14FALSE
417.1412FALSE
417.1408FALSE
417.14FALSE
417.14FALSE
417.1402FALSE
417.14FALSE
417.14FALSE
417.1412FALSE
417.1408FALSE
417.14FALSE
417.14FALSE
417.1402FALSE
417.14FALSE
417.14FALSE
417.1412FALSE
417.1408FALSE
417.14FALSE
417.14FALSE
417.1402FALSE
417.14FALSE
417.14FALSE
417.1412FALSE
417.1408FALSE
417.14FALSE
417.14FALSE
417.1402FALSE
417.14FALSE
417.14FALSE
417.1412FALSE
417.1408FALSE
417.14FALSE
417.14FALSE
417.1402FALSE
417.14FALSE
417.14FALSE
417.1412FALSE
417.1408FALSE
417.14FALSE
417.14FALSE
417.1402FALSE
417.14FALSE
417.14FALSE
417.1412FALSE
417.1408FALSE
417.14FALSE
417.14FALSE
417.1402FALSE
417.14FALSE
417.14FALSE
417.1412FALSE
417.1408FALSE
417.14FALSE
417.14FALSE
417.1402FALSE
417.14FALSE
417.14FALSE
417.1412FALSE
417.1408FALSE
417.14FALSE
417.14FALSE
417.1402FALSE
417.14FALSE
417.14FALSE
417.1412FALSE
417.1408FALSE
417.14FALSE
417.14FALSE
417.1402FALSE
417.14FALSE
417.14FALSE
417.1412FALSE
417.1408FALSE
417.14FALSE
417.14FALSE
417.1402FALSE
417.14FALSE
417.14FALSE
417.1412FALSE
417.1408FALSE
417.14FALSE
417.14FALSE
417.1402FALSE
417.14FALSE
417.14FALSE
417.1412FALSE
417.1408FALSE
417.14FALSE
417.14FALSE
417.1402FALSE
417.14FALSE
417.14FALSE
417.1412FALSE
417.1408FALSE
417.14FALSE
417.14FALSE
417.1402FALSE
417.14FALSE
417.14FALSE
417.1412FALSE
417.1408FALSE
417.14FALSE
417.14FALSE
417.1402FALSE
417.14FALSE
$par
smooth_log_cases_lag0.bw smooth_log_cases_lag1.bw         time_ind_lag0.bw 
               -1.626991                 3.229308                -1.334549 

$value
[1] 417.14

$counts
function gradient 
      59       59 

$convergence
[1] 0

$message
[1] "CONVERGENCE: REL_REDUCTION_OF_F <= FACTR*EPSMCH"

> 
> save(ssr_fit,
+     file=paste0("/home/ngr67a/2015-cdc-flu-competition/fit-competition-ssr-ph", prediction_horizon_limit, "-", data_set, ".Rdata"))
> 
> proc.time()
    user   system  elapsed 
1455.872    1.014 1646.735 
