
R version 3.2.2 (2015-08-14) -- "Fire Safety"
Copyright (C) 2015 The R Foundation for Statistical Computing
Platform: x86_64-pc-linux-gnu (64-bit)

R is free software and comes with ABSOLUTELY NO WARRANTY.
You are welcome to redistribute it under certain conditions.
Type 'license()' or 'licence()' for distribution details.

  Natural language support but running in an English locale

R is a collaborative project with many contributors.
Type 'contributors()' for more information and
'citation()' on how to cite R or R packages in publications.

Type 'demo()' for some demos, 'help()' for on-line help, or
'help.start()' for an HTML browser interface to help.
Type 'q()' to quit R.

> ### get ssr fit -- prediction horizons 1:52
> library(lubridate)
> library(ggplot2)
> library(plyr)

Attaching package: ‘plyr’

The following object is masked from ‘package:lubridate’:

    here

> library(dplyr)

Attaching package: ‘dplyr’

The following objects are masked from ‘package:plyr’:

    arrange, count, desc, failwith, id, mutate, rename, summarise,
    summarize

The following objects are masked from ‘package:lubridate’:

    intersect, setdiff, union

The following objects are masked from ‘package:stats’:

    filter, lag

The following objects are masked from ‘package:base’:

    intersect, setdiff, setequal, union

> library(reshape)

Attaching package: ‘reshape’

The following object is masked from ‘package:dplyr’:

    rename

The following objects are masked from ‘package:plyr’:

    rename, round_any

The following object is masked from ‘package:lubridate’:

    stamp

> library(ssrFlu)
> library(doMC)
Loading required package: foreach
Loading required package: iterators
Loading required package: parallel
> 
> registerDoMC(cores=3)
> 
> args <- commandArgs(trailingOnly=TRUE)
> 
> data_set <- args[1]
> prediction_horizon_limit <- as.integer(args[2])
> 
> ## load dataset
> if(identical(data_set, "ili_national")) {
+     data <- ili_national
+ } 
> if(identical(data_set, "ili_region1")) {
+     data <- ili_region1
+ } 
> if(identical(data_set, "ili_region2")) {
+     data <- ili_region2
+ } 
> if(identical(data_set, "ili_region3")) {
+     data <- ili_region3
+ } 
> if(identical(data_set, "ili_region4")) {
+     data <- ili_region4
+ } 
> if(identical(data_set, "ili_region5")) {
+     data <- ili_region5
+ } 
> if(identical(data_set, "ili_region6")) {
+     data <- ili_region6
+ } 
> if(identical(data_set, "ili_region7")) {
+     data <- ili_region7
+ } 
> if(identical(data_set, "ili_region8")) {
+     data <- ili_region8
+ } 
> if(identical(data_set, "ili_region9")) {
+     data <- ili_region9
+ } 
> if(identical(data_set, "ili_region10")) {
+     data <- ili_region10
+ } 
> 
> 
> 
> ## add log column
> data$log_total_cases <- log(data$total_cases + 1)
> 
> ## add week_start_date
> char_dates <- paste(data$year, data$week, "1")
> data$week_start_date <- as.Date(char_dates, format="%Y %W %w")
> 
> ## remove week 53s
> data <- data[-which(is.na(data$week_start_date)),]
> data <- data[262:nrow(data),]
> 
> ## add smooth log column -- or not, since it is already pretty smooth...
> sm <- loess(log_total_cases ~ as.numeric(week_start_date), data=data, span= 26 / nrow(data))
> data$smooth_log_cases <- sm$fitted
> 
> ## add time column
> data$time_ind <- seq_len(nrow(data))
> 
> ssr_control <- create_ssr_control(X_names=c("smooth_log_cases", "time_ind"),
+     y_names="total_cases",
+     time_name=NULL,
+     max_lag=list(smooth_log_cases=1,
+         time_ind=0),
+     prediction_horizons=as.integer(prediction_horizon_limit),
+     kernel_fns=list(smooth_log_cases="squared_exp_kernel",
+         time_ind="periodic_kernel"),
+     theta_est=list(smooth_log_cases="bw",
+         time_ind="bw"),
+     theta_fixed=list(time_ind=list(period=pi / 52)),
+     theta_transform_fns=list(
+         squared_exp_kernel=list(
+             bw=list(transform="log",
+                 detransform="exp")
+         ),
+         periodic_kernel=list(
+             bw=list(transform="log",
+                 detransform="exp")
+         )
+     ),
+     crossval_buffer=52,
+     loss_fn_name="mae_from_kernel_weights_and_centers",
+     loss_fn_args=list())
> 
> 
> ssr_fit <- ssr(X_names=c("smooth_log_cases", "time_ind"),
+     y_names="total_cases",
+     time_name=NULL,
+     data=data,
+     ssr_control=ssr_control)
393.4134FALSE
387.2304FALSE
346.3342FALSE
393.4007FALSE
387.2238FALSE
346.3296FALSE
393.4262FALSE
387.2371FALSE
346.3389FALSE
390.579FALSE
339.1016FALSE
389.9104FALSE
390.5959FALSE
389.9314FALSE
339.1028FALSE
389.8894FALSE
339.1005FALSE
390.562FALSE
385.2688FALSE
340.1657FALSE
388.5745FALSE
340.1565FALSE
385.2679FALSE
388.566FALSE
340.1749FALSE
385.2697FALSE
388.583FALSE
339.0876FALSE
385.2468FALSE
397.4683FALSE
339.0885FALSE
385.2481FALSE
397.4961FALSE
339.0867FALSE
385.2456FALSE
397.4405FALSE
339.1617FALSE
385.2443FALSE
387.5808FALSE
339.1583FALSE
385.2435FALSE
339.1651FALSE
387.5795FALSE
339.0867FALSE
385.245FALSE
387.582FALSE
339.086FALSE
385.3931FALSE
387.5618FALSE
339.0873FALSE
385.3956FALSE
387.5623FALSE
339.0857FALSE
385.3907FALSE
339.0858FALSE
387.5616FALSE
385.2353FALSE
339.0857FALSE
387.5625FALSE
385.2349FALSE
339.0857FALSE
387.5622FALSE
385.2357FALSE
339.0857FALSE
385.2416FALSE
387.5628FALSE
339.0857FALSE
385.2426FALSE
387.5614FALSE
385.2407FALSE
339.0857FALSE
387.5616FALSE
385.2347FALSE
387.5614FALSE
339.0857FALSE
385.2348FALSE
339.0858FALSE
387.5613FALSE
385.2346FALSE
339.0857FALSE
387.5615FALSE
339.0857FALSE
385.2347FALSE
387.5616FALSE
339.0857FALSE
385.2347FALSE
387.5614FALSE
339.0857FALSE
385.2346FALSE
339.0857FALSE
387.5615FALSE
385.2352FALSE
339.0857FALSE
387.5615FALSE
385.2348FALSE
387.5613FALSE
339.0857FALSE
385.2356FALSE
387.5615FALSE
339.0857FALSE
385.2346FALSE
387.5616FALSE
339.0857FALSE
385.2347FALSE
387.5613FALSE
339.0857FALSE
385.2345FALSE
387.5615FALSE
339.0857FALSE
387.5616FALSE
385.2381FALSE
339.0857FALSE
387.5613FALSE
385.2376FALSE
339.0857FALSE
387.5615FALSE
385.2388FALSE
339.0857FALSE
385.2346FALSE
387.5616FALSE
339.0857FALSE
385.2346FALSE
387.5613FALSE
339.0857FALSE
387.5615FALSE
385.2347FALSE
339.0857FALSE
385.2346FALSE
387.5616FALSE
339.0857FALSE
385.2347FALSE
387.5613FALSE
339.0857FALSE
385.2346FALSE
387.5615FALSE
339.0857FALSE
387.5616FALSE
385.2346FALSE
339.0857FALSE
387.5613FALSE
385.2346FALSE
339.0857FALSE
387.5615FALSE
385.2347FALSE
339.0857FALSE
387.5616FALSE
385.2346FALSE
339.0857FALSE
387.5613FALSE
385.2346FALSE
339.0857FALSE
387.5615FALSE
385.2347FALSE
339.0857FALSE
387.5616FALSE
385.2346FALSE
339.0857FALSE
387.5613FALSE
385.2346FALSE
339.0857FALSE
387.5615FALSE
385.2347FALSE
339.0857FALSE
387.5616FALSE
385.2346FALSE
339.0857FALSE
387.5613FALSE
385.2346FALSE
339.0857FALSE
387.5615FALSE
385.2347FALSE
339.0857FALSE
387.5616FALSE
385.2346FALSE
339.0857FALSE
387.5613FALSE
385.2346FALSE
339.0857FALSE
387.5615FALSE
385.2347FALSE
387.5616FALSE
385.2346FALSE
339.0857FALSE
385.2346FALSE
387.5613FALSE
339.0857FALSE
385.2347FALSE
387.5615FALSE
339.0857FALSE
385.2346FALSE
387.5616FALSE
339.0857FALSE
387.5613FALSE
385.2346FALSE
339.0857FALSE
387.5615FALSE
339.0857FALSE
385.2347FALSE
387.5616FALSE
339.0857FALSE
385.2346FALSE
387.5613FALSE
339.0857FALSE
385.2346FALSE
387.5615FALSE
387.5616FALSE
385.2347FALSE
339.0857FALSE
387.5613FALSE
385.2346FALSE
339.0857FALSE
387.5615FALSE
385.2346FALSE
387.5616FALSE
385.2347FALSE
339.0857FALSE
385.2346FALSE
387.5613FALSE
339.0857FALSE
385.2346FALSE
387.5615FALSE
339.0857FALSE
385.2347FALSE
387.5616FALSE
385.2346FALSE
339.0857FALSE
387.5613FALSE
385.2346FALSE
339.0857FALSE
387.5615FALSE
385.2347FALSE
339.0857FALSE
387.5616FALSE
385.2346FALSE
339.0857FALSE
387.5613FALSE
385.2346FALSE
339.0857FALSE
385.2347FALSE
387.5615FALSE
339.0857FALSE
385.2346FALSE
387.5616FALSE
$par
smooth_log_cases_lag1.bw 
               -1.660712 

$value
[1] 387.5613

$counts
function gradient 
      27       27 

$convergence
[1] 0

$message
[1] "CONVERGENCE: REL_REDUCTION_OF_F <= FACTR*EPSMCH"

339.0857FALSE
385.2346FALSE
339.0857FALSE
385.2347FALSE
339.0857FALSE
385.2346FALSE
339.0857FALSE
385.2346FALSE
385.2347FALSE
$par
smooth_log_cases_lag0.bw 
               -1.835331 

$value
[1] 385.2346

$counts
function gradient 
      29       29 

$convergence
[1] 0

$message
[1] "CONVERGENCE: REL_REDUCTION_OF_F <= FACTR*EPSMCH"

339.0857FALSE
339.0857FALSE
339.0857FALSE
339.0857FALSE
339.0857FALSE
339.0857FALSE
339.0857FALSE
339.0857FALSE
339.0857FALSE
339.0857FALSE
339.0857FALSE
339.0857FALSE
339.0857FALSE
339.0857FALSE
339.0857FALSE
339.0857FALSE
339.0857FALSE
339.0857FALSE
339.0857FALSE
339.0857FALSE
339.0857FALSE
339.0857FALSE
339.0857FALSE
339.0857FALSE
339.0857FALSE
339.0857FALSE
339.0857FALSE
339.0857FALSE
339.0857FALSE
339.0857FALSE
339.0857FALSE
339.0857FALSE
339.0857FALSE
339.0857FALSE
339.0857FALSE
339.0857FALSE
339.0857FALSE
339.0857FALSE
339.0857FALSE
339.0857FALSE
339.0857FALSE
339.0857FALSE
339.0857FALSE
339.0857FALSE
339.0857FALSE
339.0857FALSE
339.0857FALSE
339.0857FALSE
339.0857FALSE
339.0857FALSE
339.0857FALSE
339.0857FALSE
339.0857FALSE
339.0857FALSE
339.0857FALSE
339.0857FALSE
339.0857FALSE
339.0857FALSE
339.0857FALSE
339.0857FALSE
339.0857FALSE
339.0857FALSE
339.0857FALSE
339.0857FALSE
339.0857FALSE
339.0857FALSE
$par
time_ind_lag0.bw 
        -1.31991 

$value
[1] 339.0857

$counts
function gradient 
      50       50 

$convergence
[1] 52

$message
[1] "ERROR: ABNORMAL_TERMINATION_IN_LNSRCH"

355.6866FALSE
349.5446FALSE
355.6759FALSE
349.5438FALSE
355.6973FALSE
349.5453FALSE
355.7037FALSE
349.5656FALSE
355.6695FALSE
349.5243FALSE
356.2753FALSE
354.0298FALSE
356.2673FALSE
354.0384FALSE
354.0212FALSE
356.2832FALSE
354.0146FALSE
356.2644FALSE
356.2862FALSE
354.0449FALSE
353.6144FALSE
346.758FALSE
353.6099FALSE
346.7652FALSE
353.6188FALSE
346.7508FALSE
353.6085FALSE
346.7597FALSE
353.6203FALSE
346.7564FALSE
352.9117FALSE
345.7498FALSE
352.9048FALSE
345.7597FALSE
352.9185FALSE
345.74FALSE
352.9068FALSE
345.7505FALSE
352.9165FALSE
345.7492FALSE
350.3647FALSE
344.941FALSE
350.3523FALSE
344.9396FALSE
350.3771FALSE
344.9423FALSE
350.3685FALSE
344.9315FALSE
350.3609FALSE
344.9504FALSE
374.5024FALSE
344.0694FALSE
374.5126FALSE
344.0748FALSE
374.4923FALSE
344.0647FALSE
374.5496FALSE
344.0683FALSE
374.4552FALSE
344.0708FALSE
349.5361FALSE
343.8172FALSE
343.8176FALSE
349.5226FALSE
343.8169FALSE
349.5496FALSE
343.8168FALSE
349.548FALSE
343.8177FALSE
349.5242FALSE
343.8132FALSE
393.1277FALSE
343.8137FALSE
393.1406FALSE
343.8128FALSE
393.1147FALSE
343.8134FALSE
393.188FALSE
343.8131FALSE
393.0673FALSE
343.8037FALSE
348.7767FALSE
343.8033FALSE
348.7645FALSE
343.8043FALSE
348.7888FALSE
343.8041FALSE
343.8034FALSE
348.7934FALSE
348.7599FALSE
343.8081FALSE
345.7684FALSE
343.8086FALSE
345.7598FALSE
343.8075FALSE
345.777FALSE
343.8083FALSE
345.7816FALSE
343.8079FALSE
345.7552FALSE
340.6476FALSE
343.8014FALSE
340.6448FALSE
343.8013FALSE
340.6505FALSE
343.8019FALSE
340.6565FALSE
343.8017FALSE
340.6387FALSE
343.8011FALSE
343.8024FALSE
339.5156FALSE
339.5142FALSE
343.803FALSE
339.517FALSE
343.8017FALSE
339.5139FALSE
343.8026FALSE
343.8022FALSE
339.5173FALSE
339.2726FALSE
343.8011FALSE
339.2722FALSE
343.8016FALSE
339.2729FALSE
343.8016FALSE
339.272FALSE
343.8014FALSE
343.8008FALSE
339.2733FALSE
339.2394FALSE
343.8018FALSE
343.8025FALSE
339.239FALSE
339.2397FALSE
343.8012FALSE
343.8021FALSE
339.2396FALSE
343.8016FALSE
339.2391FALSE
343.8011FALSE
339.1395FALSE
343.8018FALSE
339.1394FALSE
343.8012FALSE
339.1395FALSE
343.8013FALSE
339.1407FALSE
343.8009FALSE
339.1382FALSE
343.8035FALSE
339.1148FALSE
343.8024FALSE
343.8046FALSE
339.1147FALSE
339.1149FALSE
343.803FALSE
339.1156FALSE
343.8041FALSE
339.1143FALSE
343.7996FALSE
343.7996FALSE
339.1381FALSE
343.8FALSE
339.1381FALSE
343.8FALSE
339.1382FALSE
339.1356FALSE
343.7993FALSE
339.1407FALSE
344.9136FALSE
339.1117FALSE
344.9122FALSE
344.915FALSE
339.1117FALSE
344.9041FALSE
339.1118FALSE
344.9231FALSE
339.1106FALSE
339.1129FALSE
343.8002FALSE
339.1047FALSE
343.7997FALSE
343.8007FALSE
339.1047FALSE
343.8FALSE
339.1048FALSE
343.8004FALSE
339.1037FALSE
343.7993FALSE
339.1059FALSE
343.799FALSE
339.1051FALSE
343.7997FALSE
339.105FALSE
343.7996FALSE
343.7993FALSE
339.1051FALSE
343.7992FALSE
339.1062FALSE
343.799FALSE
339.1039FALSE
343.7997FALSE
339.0981FALSE
343.7993FALSE
339.0981FALSE
343.7995FALSE
339.0981FALSE
343.7991FALSE
343.7991FALSE
339.0991FALSE
343.7995FALSE
339.0972FALSE
343.7993FALSE
339.0932FALSE
343.7993FALSE
343.7989FALSE
339.0932FALSE
343.7993FALSE
339.0932FALSE
343.7993FALSE
339.0935FALSE
343.7992FALSE
339.0932FALSE
343.7991FALSE
339.0899FALSE
343.7989FALSE
339.0899FALSE
343.7993FALSE
339.0899FALSE
343.7993FALSE
339.0896FALSE
343.7991FALSE
339.0906FALSE
343.7991FALSE
339.088FALSE
343.7989FALSE
339.088FALSE
343.7993FALSE
339.088FALSE
343.7993FALSE
339.0879FALSE
343.7992FALSE
343.7991FALSE
339.0886FALSE
339.0868FALSE
343.7989FALSE
339.0868FALSE
343.7993FALSE
343.7993FALSE
339.0868FALSE
343.7992FALSE
339.0868FALSE
343.7991FALSE
339.087FALSE
343.7989FALSE
339.0863FALSE
343.7993FALSE
339.0863FALSE
343.7993FALSE
339.0863FALSE
343.7992FALSE
339.0864FALSE
343.7991FALSE
339.0864FALSE
343.7989FALSE
339.086FALSE
343.7993FALSE
339.086FALSE
343.7993FALSE
339.086FALSE
343.7992FALSE
339.086FALSE
343.7991FALSE
339.0862FALSE
343.7989FALSE
343.7993FALSE
339.0859FALSE
343.7993FALSE
339.0859FALSE
343.7992FALSE
339.0859FALSE
343.7991FALSE
339.0862FALSE
343.7989FALSE
339.0858FALSE
343.7993FALSE
339.0858FALSE
343.7993FALSE
339.0858FALSE
343.7992FALSE
339.0858FALSE
343.7991FALSE
339.0859FALSE
343.7989FALSE
339.0858FALSE
339.0858FALSE
343.7993FALSE
339.0858FALSE
339.0858FALSE
343.7993FALSE
339.0858FALSE
343.7992FALSE
339.0857FALSE
343.7991FALSE
339.0858FALSE
343.7989FALSE
339.0858FALSE
343.7993FALSE
339.0858FALSE
343.7993FALSE
339.0857FALSE
343.7992FALSE
339.0865FALSE
343.7991FALSE
339.0857FALSE
343.7989FALSE
339.0857FALSE
343.7993FALSE
339.0857FALSE
343.7993FALSE
339.0858FALSE
343.7992FALSE
339.086FALSE
343.7991FALSE
339.0857FALSE
343.7989FALSE
343.7993FALSE
339.0857FALSE
343.7993FALSE
339.0857FALSE
343.7992FALSE
339.0858FALSE
343.7991FALSE
339.0858FALSE
343.7989FALSE
339.0857FALSE
343.7993FALSE
343.7993FALSE
339.0857FALSE
343.7992FALSE
339.0857FALSE
343.7991FALSE
339.0858FALSE
343.7989FALSE
339.0858FALSE
339.0857FALSE
343.7993FALSE
339.0857FALSE
343.7993FALSE
339.0857FALSE
343.7992FALSE
339.0858FALSE
343.7991FALSE
339.0858FALSE
343.7989FALSE
339.0857FALSE
339.0857FALSE
343.7993FALSE
339.0857FALSE
343.7993FALSE
343.7992FALSE
339.0857FALSE
343.7991FALSE
339.0858FALSE
343.7989FALSE
339.0879FALSE
343.7993FALSE
339.0879FALSE
343.7993FALSE
339.0879FALSE
343.7992FALSE
339.0888FALSE
343.7991FALSE
$par
smooth_log_cases_lag0.bw         time_ind_lag0.bw 
               -2.788065                -1.769417 

$value
[1] 343.7989

$counts
function gradient 
      38       38 

$convergence
[1] 0

$message
[1] "CONVERGENCE: REL_REDUCTION_OF_F <= FACTR*EPSMCH"

339.087FALSE
339.0857FALSE
339.0857FALSE
339.0857FALSE
339.0857FALSE
339.0857FALSE
339.0857FALSE
339.0857FALSE
339.0857FALSE
339.0857FALSE
339.0858FALSE
339.0857FALSE
339.0857FALSE
339.0857FALSE
339.0857FALSE
339.0858FALSE
339.0857FALSE
339.0857FALSE
339.0857FALSE
339.0857FALSE
339.0858FALSE
339.0857FALSE
339.0857FALSE
339.0857FALSE
339.0857FALSE
339.0858FALSE
339.0857FALSE
339.0857FALSE
339.0857FALSE
339.0857FALSE
339.0858FALSE
339.0857FALSE
339.0857FALSE
339.0857FALSE
339.0857FALSE
339.0858FALSE
339.0857FALSE
339.0857FALSE
339.0857FALSE
339.0857FALSE
339.0858FALSE
339.0857FALSE
339.0857FALSE
339.0857FALSE
339.0857FALSE
339.0858FALSE
339.0857FALSE
339.0857FALSE
339.0857FALSE
339.0857FALSE
339.0858FALSE
339.0857FALSE
339.0857FALSE
339.0857FALSE
339.0857FALSE
339.0858FALSE
339.0857FALSE
339.0857FALSE
339.0857FALSE
339.0857FALSE
339.0858FALSE
339.0857FALSE
339.0857FALSE
339.0857FALSE
339.0857FALSE
339.0858FALSE
339.0857FALSE
339.0857FALSE
339.0857FALSE
339.0857FALSE
339.0858FALSE
339.0857FALSE
339.0857FALSE
339.0857FALSE
339.0857FALSE
339.0858FALSE
339.0857FALSE
339.0857FALSE
339.0857FALSE
339.0857FALSE
339.0858FALSE
339.0857FALSE
339.0857FALSE
339.0857FALSE
339.0857FALSE
339.0858FALSE
339.0857FALSE
339.0857FALSE
339.0857FALSE
339.0857FALSE
339.0858FALSE
339.0857FALSE
339.0857FALSE
339.0857FALSE
339.0857FALSE
339.0858FALSE
339.0858FALSE
339.0858FALSE
339.0858FALSE
339.0865FALSE
339.0857FALSE
339.0857FALSE
339.0857FALSE
339.0857FALSE
339.0858FALSE
339.0857FALSE
339.0857FALSE
339.0857FALSE
339.0857FALSE
339.0857FALSE
339.0857FALSE
339.0857FALSE
339.0857FALSE
339.0857FALSE
339.0857FALSE
339.0858FALSE
339.0857FALSE
339.0857FALSE
339.0857FALSE
339.0857FALSE
339.0858FALSE
339.0857FALSE
339.0857FALSE
339.0857FALSE
339.0857FALSE
339.0858FALSE
339.0857FALSE
339.0857FALSE
339.0857FALSE
339.0857FALSE
339.0858FALSE
339.0857FALSE
339.0857FALSE
339.0857FALSE
339.0857FALSE
339.0858FALSE
339.0857FALSE
339.0857FALSE
339.0857FALSE
339.0857FALSE
339.0858FALSE
339.0857FALSE
339.0857FALSE
339.0857FALSE
339.0857FALSE
339.0858FALSE
339.0857FALSE
339.0857FALSE
339.0857FALSE
339.0857FALSE
339.0858FALSE
339.0857FALSE
339.0857FALSE
339.0857FALSE
339.0857FALSE
339.0858FALSE
339.0857FALSE
339.0857FALSE
339.0857FALSE
339.0857FALSE
339.0858FALSE
339.0857FALSE
339.0857FALSE
339.0857FALSE
339.0857FALSE
339.0858FALSE
339.0857FALSE
339.0857FALSE
339.0857FALSE
339.0857FALSE
339.0858FALSE
339.0857FALSE
339.0857FALSE
339.0857FALSE
339.0857FALSE
339.0858FALSE
$par
smooth_log_cases_lag1.bw         time_ind_lag0.bw 
                4.975448                -1.319913 

$value
[1] 339.0857

$counts
function gradient 
      72       72 

$convergence
[1] 0

$message
[1] "CONVERGENCE: REL_REDUCTION_OF_F <= FACTR*EPSMCH"

> 
> save(ssr_fit,
+     file=paste0("/home/ngr67a/2015-cdc-flu-competition/fit-competition-ssr-ph", prediction_horizon_limit, "-", data_set, ".Rdata"))
> 
> proc.time()
    user   system  elapsed 
1351.505    0.681 1363.631 
