
R version 3.2.2 (2015-08-14) -- "Fire Safety"
Copyright (C) 2015 The R Foundation for Statistical Computing
Platform: x86_64-pc-linux-gnu (64-bit)

R is free software and comes with ABSOLUTELY NO WARRANTY.
You are welcome to redistribute it under certain conditions.
Type 'license()' or 'licence()' for distribution details.

  Natural language support but running in an English locale

R is a collaborative project with many contributors.
Type 'contributors()' for more information and
'citation()' on how to cite R or R packages in publications.

Type 'demo()' for some demos, 'help()' for on-line help, or
'help.start()' for an HTML browser interface to help.
Type 'q()' to quit R.

> ### get ssr fit -- prediction horizons 1:52
> library(lubridate)
> library(ggplot2)
> library(plyr)

Attaching package: ‘plyr’

The following object is masked from ‘package:lubridate’:

    here

> library(dplyr)

Attaching package: ‘dplyr’

The following objects are masked from ‘package:plyr’:

    arrange, count, desc, failwith, id, mutate, rename, summarise,
    summarize

The following objects are masked from ‘package:lubridate’:

    intersect, setdiff, union

The following objects are masked from ‘package:stats’:

    filter, lag

The following objects are masked from ‘package:base’:

    intersect, setdiff, setequal, union

> library(reshape)

Attaching package: ‘reshape’

The following object is masked from ‘package:dplyr’:

    rename

The following objects are masked from ‘package:plyr’:

    rename, round_any

The following object is masked from ‘package:lubridate’:

    stamp

> library(ssrFlu)
> library(doMC)
Loading required package: foreach
Loading required package: iterators
Loading required package: parallel
> 
> registerDoMC(cores=3)
> 
> args <- commandArgs(trailingOnly=TRUE)
> 
> data_set <- args[1]
> prediction_horizon_limit <- as.integer(args[2])
> 
> ## load dataset
> if(identical(data_set, "ili_national")) {
+     data <- ili_national
+ } 
> if(identical(data_set, "ili_region1")) {
+     data <- ili_region1
+ } 
> if(identical(data_set, "ili_region2")) {
+     data <- ili_region2
+ } 
> if(identical(data_set, "ili_region3")) {
+     data <- ili_region3
+ } 
> if(identical(data_set, "ili_region4")) {
+     data <- ili_region4
+ } 
> if(identical(data_set, "ili_region5")) {
+     data <- ili_region5
+ } 
> if(identical(data_set, "ili_region6")) {
+     data <- ili_region6
+ } 
> if(identical(data_set, "ili_region7")) {
+     data <- ili_region7
+ } 
> if(identical(data_set, "ili_region8")) {
+     data <- ili_region8
+ } 
> if(identical(data_set, "ili_region9")) {
+     data <- ili_region9
+ } 
> if(identical(data_set, "ili_region10")) {
+     data <- ili_region10
+ } 
> 
> 
> 
> ## add log column
> data$log_total_cases <- log(data$total_cases + 1)
> 
> ## add week_start_date
> char_dates <- paste(data$year, data$week, "1")
> data$week_start_date <- as.Date(char_dates, format="%Y %W %w")
> 
> ## remove week 53s
> data <- data[-which(is.na(data$week_start_date)),]
> data <- data[262:nrow(data),]
> 
> ## add smooth log column -- or not, since it is already pretty smooth...
> sm <- loess(log_total_cases ~ as.numeric(week_start_date), data=data, span= 26 / nrow(data))
> data$smooth_log_cases <- sm$fitted
> 
> ## add time column
> data$time_ind <- seq_len(nrow(data))
> 
> ssr_control <- create_ssr_control(X_names=c("smooth_log_cases", "time_ind"),
+     y_names="total_cases",
+     time_name=NULL,
+     max_lag=list(smooth_log_cases=1,
+         time_ind=0),
+     prediction_horizons=as.integer(prediction_horizon_limit),
+     kernel_fns=list(smooth_log_cases="squared_exp_kernel",
+         time_ind="periodic_kernel"),
+     theta_est=list(smooth_log_cases="bw",
+         time_ind="bw"),
+     theta_fixed=list(time_ind=list(period=pi / 52)),
+     theta_transform_fns=list(
+         squared_exp_kernel=list(
+             bw=list(transform="log",
+                 detransform="exp")
+         ),
+         periodic_kernel=list(
+             bw=list(transform="log",
+                 detransform="exp")
+         )
+     ),
+     crossval_buffer=52,
+     loss_fn_name="mae_from_kernel_weights_and_centers",
+     loss_fn_args=list())
> 
> 
> ssr_fit <- ssr(X_names=c("smooth_log_cases", "time_ind"),
+     y_names="total_cases",
+     time_name=NULL,
+     data=data,
+     ssr_control=ssr_control)
528.7234FALSE
363.589FALSE
533.6135FALSE
533.6292FALSE
363.5817FALSE
528.7355FALSE
528.7114FALSE
533.5978FALSE
363.5964FALSE
528.3271FALSE
524.32FALSE
365.679FALSE
528.3218FALSE
524.3178FALSE
365.7155FALSE
528.3323FALSE
524.3222FALSE
365.6425FALSE
527.5464FALSE
524.0709FALSE
360.4939FALSE
524.0706FALSE
527.5464FALSE
360.4895FALSE
524.0713FALSE
527.5465FALSE
524.0805FALSE
360.4984FALSE
527.5464FALSE
524.0812FALSE
379.975FALSE
527.5464FALSE
524.0798FALSE
380.0688FALSE
527.5464FALSE
379.8814FALSE
524.0702FALSE
527.5471FALSE
524.0704FALSE
360.1163FALSE
527.5474FALSE
524.07FALSE
360.1152FALSE
527.5467FALSE
524.0701FALSE
360.1174FALSE
527.5463FALSE
524.07FALSE
360.174FALSE
527.5463FALSE
524.0702FALSE
360.1772FALSE
527.5463FALSE
524.07FALSE
360.1707FALSE
527.547FALSE
524.0702FALSE
360.1068FALSE
527.5474FALSE
524.0701FALSE
360.1061FALSE
527.5467FALSE
524.07FALSE
360.1074FALSE
527.5463FALSE
524.0701FALSE
360.118FALSE
527.5463FALSE
524.0701FALSE
360.1193FALSE
527.5463FALSE
524.07FALSE
360.1167FALSE
527.547FALSE
524.0701FALSE
360.1055FALSE
527.5473FALSE
524.0701FALSE
$par
smooth_log_cases_lag0.bw 
               -3.143314 

$value
[1] 524.07

$counts
function gradient 
       9        9 

$convergence
[1] 0

$message
[1] "CONVERGENCE: REL_REDUCTION_OF_F <= FACTR*EPSMCH"

360.1056FALSE
527.5466FALSE
360.106FALSE
527.5463FALSE
360.1056FALSE
527.5463FALSE
360.1063FALSE
527.5463FALSE
360.1055FALSE
527.547FALSE
360.1054FALSE
527.5473FALSE
360.1057FALSE
527.5466FALSE
360.1059FALSE
527.5463FALSE
360.1054FALSE
527.5463FALSE
360.1059FALSE
527.5463FALSE
360.1058FALSE
527.5464FALSE
360.1054FALSE
527.5467FALSE
360.1057FALSE
527.5463FALSE
360.1059FALSE
527.5463FALSE
360.1054FALSE
527.5463FALSE
360.1057FALSE
527.5463FALSE
360.1059FALSE
527.5469FALSE
360.1054FALSE
527.5473FALSE
527.5466FALSE
360.1057FALSE
527.5463FALSE
360.1059FALSE
527.5463FALSE
360.1054FALSE
527.5463FALSE
360.1057FALSE
527.5463FALSE
360.1059FALSE
527.5465FALSE
360.1054FALSE
527.5463FALSE
360.1057FALSE
527.5463FALSE
360.1059FALSE
527.5463FALSE
360.1054FALSE
527.5463FALSE
360.1057FALSE
527.5463FALSE
360.1059FALSE
527.5464FALSE
360.1054FALSE
527.5463FALSE
360.1057FALSE
527.5463FALSE
360.1059FALSE
527.5465FALSE
360.1054FALSE
527.5463FALSE
360.1057FALSE
527.5463FALSE
527.5465FALSE
360.1059FALSE
527.5463FALSE
360.1054FALSE
527.5463FALSE
360.1057FALSE
360.1059FALSE
527.5463FALSE
360.1054FALSE
527.5463FALSE
360.1057FALSE
527.5463FALSE
360.1059FALSE
527.5464FALSE
360.1054FALSE
527.5463FALSE
360.1057FALSE
527.5463FALSE
360.1059FALSE
527.5465FALSE
360.1054FALSE
527.5463FALSE
360.1057FALSE
527.5463FALSE
360.1059FALSE
527.5465FALSE
360.1054FALSE
527.5463FALSE
360.1057FALSE
527.5463FALSE
360.1059FALSE
527.5465FALSE
360.1054FALSE
527.5463FALSE
360.1057FALSE
527.5463FALSE
527.5465FALSE
360.1059FALSE
527.5463FALSE
360.1054FALSE
527.5463FALSE
360.1057FALSE
527.5465FALSE
360.1059FALSE
527.5463FALSE
360.1054FALSE
527.5463FALSE
360.1057FALSE
527.5465FALSE
360.1059FALSE
527.5463FALSE
360.1054FALSE
527.5463FALSE
360.1057FALSE
527.5465FALSE
360.1059FALSE
527.5463FALSE
360.1054FALSE
527.5463FALSE
360.1057FALSE
527.5465FALSE
360.1059FALSE
527.5463FALSE
360.1054FALSE
360.1057FALSE
527.5463FALSE
360.1059FALSE
527.5465FALSE
527.5463FALSE
360.4671FALSE
360.4731FALSE
527.5463FALSE
360.4611FALSE
527.5465FALSE
360.1057FALSE
527.5463FALSE
360.1065FALSE
527.5463FALSE
360.1054FALSE
527.5465FALSE
360.1054FALSE
527.5463FALSE
360.1058FALSE
527.5463FALSE
360.1058FALSE
527.5465FALSE
360.1054FALSE
527.5463FALSE
360.1057FALSE
527.5463FALSE
360.1059FALSE
527.5465FALSE
360.1054FALSE
527.5463FALSE
360.1057FALSE
527.5463FALSE
360.1059FALSE
527.5465FALSE
360.1054FALSE
527.5463FALSE
360.1057FALSE
527.5463FALSE
360.1059FALSE
527.5465FALSE
360.1054FALSE
527.5463FALSE
360.1057FALSE
527.5463FALSE
360.1059FALSE
527.5465FALSE
527.5463FALSE
360.1054FALSE
527.5463FALSE
360.1057FALSE
527.5465FALSE
360.1059FALSE
527.5463FALSE
360.1054FALSE
527.5463FALSE
360.1057FALSE
527.5465FALSE
527.5463FALSE
$par
smooth_log_cases_lag1.bw 
               -3.043937 

$value
[1] 527.5463

$counts
function gradient 
      41       41 

$convergence
[1] 0

$message
[1] "CONVERGENCE: REL_REDUCTION_OF_F <= FACTR*EPSMCH"

360.1059FALSE
360.1054FALSE
360.1057FALSE
360.1059FALSE
360.1054FALSE
360.1057FALSE
360.1059FALSE
360.1054FALSE
360.1057FALSE
360.1059FALSE
360.1054FALSE
360.1057FALSE
360.1059FALSE
360.1054FALSE
360.1057FALSE
360.1059FALSE
360.1054FALSE
360.1057FALSE
360.1059FALSE
360.1054FALSE
360.1057FALSE
360.1059FALSE
360.1054FALSE
360.1057FALSE
360.1059FALSE
360.1054FALSE
360.1057FALSE
360.1059FALSE
360.1054FALSE
360.1057FALSE
360.1059FALSE
360.1054FALSE
360.1057FALSE
360.1059FALSE
$par
time_ind_lag0.bw 
        -1.67223 

$value
[1] 360.1054

$counts
function gradient 
      51       51 

$convergence
[1] 52

$message
[1] "ERROR: ABNORMAL_TERMINATION_IN_LNSRCH"

341.1947FALSE
346.4652FALSE
341.1988FALSE
346.4738FALSE
341.1906FALSE
346.4566FALSE
341.2163FALSE
346.4845FALSE
341.1732FALSE
346.4463FALSE
341.4976FALSE
348.5516FALSE
341.4909FALSE
348.532FALSE
341.5044FALSE
348.5711FALSE
341.4838FALSE
348.5457FALSE
341.5114FALSE
348.5574FALSE
335.5532FALSE
342.9091FALSE
335.5535FALSE
342.9103FALSE
335.5529FALSE
342.9078FALSE
335.552FALSE
342.9063FALSE
335.5543FALSE
342.9119FALSE
335.532FALSE
342.7877FALSE
335.5321FALSE
342.788FALSE
335.532FALSE
342.7875FALSE
342.7854FALSE
335.531FALSE
335.5331FALSE
342.79FALSE
337.3132FALSE
343.8122FALSE
337.3124FALSE
343.8079FALSE
337.3141FALSE
343.8166FALSE
337.329FALSE
343.8265FALSE
337.2975FALSE
343.7978FALSE
335.5212FALSE
342.7351FALSE
335.5215FALSE
342.7352FALSE
335.5209FALSE
342.7353FALSE
335.5204FALSE
342.7334FALSE
335.522FALSE
342.7368FALSE
335.6241FALSE
342.8672FALSE
335.6247FALSE
342.8618FALSE
335.6234FALSE
342.8726FALSE
335.6277FALSE
342.8769FALSE
335.6205FALSE
342.8575FALSE
335.5208FALSE
342.715FALSE
335.5212FALSE
342.7149FALSE
335.5204FALSE
342.7152FALSE
335.522FALSE
342.715FALSE
335.5196FALSE
342.7151FALSE
335.5181FALSE
342.7146FALSE
335.5184FALSE
342.7144FALSE
335.5177FALSE
342.7147FALSE
335.518FALSE
342.7145FALSE
335.5189FALSE
342.7147FALSE
335.521FALSE
335.5214FALSE
342.7128FALSE
335.5206FALSE
342.7127FALSE
335.5222FALSE
342.7129FALSE
335.5199FALSE
342.7127FALSE
335.5173FALSE
342.7129FALSE
335.5179FALSE
342.7761FALSE
335.517FALSE
342.7783FALSE
335.5186FALSE
342.7739FALSE
335.5175FALSE
342.7803FALSE
335.5171FALSE
342.7719FALSE
335.517FALSE
342.7122FALSE
335.5171FALSE
335.5167FALSE
342.7121FALSE
335.5174FALSE
342.7123FALSE
335.5169FALSE
342.7121FALSE
335.5169FALSE
335.517FALSE
342.7123FALSE
335.517FALSE
342.7116FALSE
335.5173FALSE
342.7115FALSE
335.5168FALSE
335.5168FALSE
342.7117FALSE
335.5169FALSE
342.7115FALSE
335.5176FALSE
342.7118FALSE
335.5172FALSE
335.5168FALSE
342.7131FALSE
335.5172FALSE
342.714FALSE
335.5169FALSE
342.7125FALSE
335.518FALSE
342.7149FALSE
335.5171FALSE
342.713FALSE
335.5168FALSE
342.7101FALSE
335.517FALSE
342.71FALSE
335.5169FALSE
342.7102FALSE
335.5178FALSE
342.7099FALSE
335.5172FALSE
342.7102FALSE
335.5169FALSE
342.7095FALSE
335.5168FALSE
342.7097FALSE
335.517FALSE
335.5175FALSE
342.7096FALSE
335.5172FALSE
342.7096FALSE
335.5168FALSE
342.7096FALSE
335.517FALSE
342.7103FALSE
335.5169FALSE
342.7102FALSE
335.5178FALSE
342.7104FALSE
335.5172FALSE
342.7102FALSE
335.5168FALSE
342.7104FALSE
335.517FALSE
342.7095FALSE
335.5169FALSE
342.7096FALSE
335.5178FALSE
342.7096FALSE
335.5172FALSE
342.7096FALSE
335.5168FALSE
335.517FALSE
342.7097FALSE
335.5169FALSE
342.7095FALSE
335.5178FALSE
342.7097FALSE
335.5172FALSE
342.7096FALSE
335.5168FALSE
342.7096FALSE
335.517FALSE
342.7096FALSE
335.5169FALSE
342.7095FALSE
335.5178FALSE
342.7097FALSE
335.5172FALSE
335.5168FALSE
342.7096FALSE
335.517FALSE
342.7096FALSE
335.5169FALSE
342.7096FALSE
335.5178FALSE
342.7095FALSE
335.5172FALSE
342.7097FALSE
335.5168FALSE
342.7096FALSE
335.517FALSE
342.7096FALSE
335.5169FALSE
342.7096FALSE
335.5178FALSE
342.7095FALSE
335.5172FALSE
342.7097FALSE
335.5168FALSE
335.517FALSE
342.7096FALSE
335.5169FALSE
342.7096FALSE
335.5178FALSE
342.7096FALSE
335.5172FALSE
342.7095FALSE
335.5168FALSE
342.7097FALSE
335.517FALSE
342.7096FALSE
335.5169FALSE
342.7096FALSE
335.5178FALSE
342.7096FALSE
335.5172FALSE
342.7095FALSE
335.5168FALSE
342.7097FALSE
335.517FALSE
342.7096FALSE
335.5169FALSE
342.7096FALSE
335.5178FALSE
342.7096FALSE
335.5172FALSE
342.7095FALSE
335.5168FALSE
342.7097FALSE
335.517FALSE
342.7096FALSE
335.5169FALSE
342.7096FALSE
335.5178FALSE
342.7096FALSE
335.5172FALSE
335.5168FALSE
342.7095FALSE
335.517FALSE
342.7097FALSE
335.5169FALSE
342.7096FALSE
335.5178FALSE
342.7096FALSE
335.5172FALSE
342.7096FALSE
335.5168FALSE
342.7095FALSE
335.517FALSE
342.7097FALSE
335.5169FALSE
335.5178FALSE
342.7096FALSE
335.5172FALSE
342.7096FALSE
335.5168FALSE
342.7096FALSE
335.517FALSE
342.7095FALSE
342.7097FALSE
335.5169FALSE
335.5178FALSE
342.7096FALSE
335.5172FALSE
342.7096FALSE
335.5168FALSE
342.7096FALSE
335.517FALSE
342.7095FALSE
335.5169FALSE
342.7097FALSE
335.5178FALSE
342.7096FALSE
335.5172FALSE
342.7096FALSE
335.5168FALSE
342.7096FALSE
335.517FALSE
342.7095FALSE
335.5169FALSE
342.7097FALSE
335.5178FALSE
342.7096FALSE
335.5172FALSE
335.5168FALSE
342.7096FALSE
335.517FALSE
342.7096FALSE
335.5169FALSE
342.7095FALSE
335.5178FALSE
342.7097FALSE
335.5172FALSE
342.7096FALSE
335.5168FALSE
342.7096FALSE
335.517FALSE
342.7096FALSE
335.5169FALSE
342.7095FALSE
335.5178FALSE
342.7097FALSE
335.5172FALSE
342.7096FALSE
335.5168FALSE
335.517FALSE
342.7096FALSE
335.5169FALSE
342.7096FALSE
335.5178FALSE
342.7095FALSE
335.5172FALSE
342.7097FALSE
335.5168FALSE
342.7096FALSE
335.517FALSE
342.7096FALSE
342.7096FALSE
335.5169FALSE
342.7095FALSE
335.5178FALSE
342.7097FALSE
335.5172FALSE
342.7096FALSE
338.0882FALSE
342.7096FALSE
338.0768FALSE
342.7096FALSE
338.0996FALSE
342.7095FALSE
338.0814FALSE
338.095FALSE
342.7097FALSE
335.5183FALSE
342.7096FALSE
335.5181FALSE
342.7096FALSE
342.7096FALSE
335.5186FALSE
342.7095FALSE
335.5179FALSE
342.7097FALSE
335.519FALSE
342.7096FALSE
335.517FALSE
342.7096FALSE
335.517FALSE
342.7096FALSE
335.5171FALSE
342.9986FALSE
335.517FALSE
342.9924FALSE
335.5174FALSE
343.0048FALSE
335.5168FALSE
343.0076FALSE
335.5169FALSE
342.9899FALSE
335.5169FALSE
342.7095FALSE
335.5177FALSE
342.7095FALSE
335.5172FALSE
335.5168FALSE
342.7096FALSE
335.517FALSE
342.7096FALSE
335.5169FALSE
342.7096FALSE
335.5178FALSE
342.7095FALSE
335.5172FALSE
342.7097FALSE
335.5168FALSE
342.7096FALSE
335.517FALSE
342.7096FALSE
335.5169FALSE
342.7096FALSE
335.5178FALSE
342.7095FALSE
335.5172FALSE
342.7097FALSE
335.5168FALSE
342.7096FALSE
335.517FALSE
342.7096FALSE
335.5169FALSE
342.7096FALSE
335.5178FALSE
342.7095FALSE
335.5172FALSE
342.7097FALSE
335.5168FALSE
342.7096FALSE
335.517FALSE
342.7096FALSE
335.5169FALSE
342.7096FALSE
335.5178FALSE
342.7095FALSE
335.5172FALSE
342.7097FALSE
335.5168FALSE
342.7096FALSE
335.517FALSE
342.7096FALSE
335.5169FALSE
342.7096FALSE
335.5178FALSE
335.5172FALSE
342.7095FALSE
335.5168FALSE
342.7097FALSE
335.517FALSE
342.7096FALSE
335.5169FALSE
342.7096FALSE
335.5178FALSE
342.7096FALSE
335.5172FALSE
342.7095FALSE
335.5168FALSE
342.7097FALSE
335.517FALSE
342.7096FALSE
335.5169FALSE
342.7096FALSE
335.5178FALSE
342.7096FALSE
335.5172FALSE
342.7095FALSE
335.5168FALSE
342.7097FALSE
335.517FALSE
342.7096FALSE
335.5169FALSE
335.5178FALSE
342.7096FALSE
335.5172FALSE
342.7096FALSE
335.5168FALSE
342.7095FALSE
335.517FALSE
342.7097FALSE
335.5169FALSE
342.7096FALSE
335.5178FALSE
342.7096FALSE
335.5172FALSE
342.7096FALSE
335.5168FALSE
342.7095FALSE
335.517FALSE
342.7097FALSE
335.5169FALSE
342.7096FALSE
335.5178FALSE
342.7096FALSE
335.5172FALSE
342.7096FALSE
335.5168FALSE
342.7095FALSE
335.517FALSE
342.7097FALSE
335.5169FALSE
342.7096FALSE
335.5178FALSE
342.7096FALSE
335.5172FALSE
342.7096FALSE
335.5168FALSE
342.7095FALSE
335.517FALSE
342.7097FALSE
335.5169FALSE
335.5178FALSE
342.7096FALSE
335.5172FALSE
342.7096FALSE
335.5168FALSE
342.7096FALSE
335.517FALSE
342.7095FALSE
335.5169FALSE
342.7097FALSE
335.5178FALSE
342.7096FALSE
335.5172FALSE
342.7096FALSE
335.5168FALSE
342.7096FALSE
335.517FALSE
342.7095FALSE
335.5169FALSE
342.7097FALSE
335.5178FALSE
335.5172FALSE
342.7096FALSE
335.5168FALSE
342.7096FALSE
335.517FALSE
342.7096FALSE
335.5169FALSE
342.7095FALSE
335.5178FALSE
342.7097FALSE
335.5172FALSE
342.7096FALSE
335.5168FALSE
342.7096FALSE
335.517FALSE
342.7096FALSE
335.5169FALSE
342.7095FALSE
335.5178FALSE
342.7097FALSE
335.5172FALSE
$par
smooth_log_cases_lag0.bw         time_ind_lag0.bw 
               -2.397415                -2.067655 

$value
[1] 335.5168

$counts
function gradient 
      56       56 

$convergence
[1] 52

$message
[1] "ERROR: ABNORMAL_TERMINATION_IN_LNSRCH"

342.7096FALSE
342.7096FALSE
342.7096FALSE
342.7095FALSE
342.7097FALSE
342.7096FALSE
342.7096FALSE
342.7096FALSE
342.7095FALSE
342.7097FALSE
342.7096FALSE
342.7096FALSE
342.7096FALSE
342.7095FALSE
342.7097FALSE
342.7096FALSE
342.7096FALSE
342.7096FALSE
$par
smooth_log_cases_lag1.bw         time_ind_lag0.bw 
               -2.443407                -1.899087 

$value
[1] 342.7095

$counts
function gradient 
      56       56 

$convergence
[1] 52

$message
[1] "ERROR: ABNORMAL_TERMINATION_IN_LNSRCH"

361.9736FALSE
340.1477FALSE
361.9667FALSE
340.146FALSE
361.9805FALSE
340.1494FALSE
379.2534FALSE
340.1388FALSE
379.3452FALSE
340.1566FALSE
379.1617FALSE
340.1456FALSE
360.3343FALSE
360.3311FALSE
340.1498FALSE
360.3375FALSE
338.5403FALSE
360.9512FALSE
338.5481FALSE
360.9613FALSE
338.5324FALSE
360.9411FALSE
338.5399FALSE
360.1214FALSE
338.5406FALSE
360.1202FALSE
360.1225FALSE
338.5544FALSE
360.1619FALSE
338.5261FALSE
360.1651FALSE
336.085FALSE
360.1587FALSE
336.0846FALSE
360.107FALSE
336.0853FALSE
360.1063FALSE
360.1077FALSE
336.084FALSE
360.1268FALSE
336.086FALSE
360.1287FALSE
336.0822FALSE
360.125FALSE
336.0877FALSE
360.1054FALSE
335.9995FALSE
360.1059FALSE
336.0013FALSE
360.1058FALSE
335.9978FALSE
360.1054FALSE
335.9987FALSE
360.1057FALSE
360.1059FALSE
336.0004FALSE
360.1054FALSE
335.9999FALSE
360.1058FALSE
335.9991FALSE
360.1058FALSE
335.8115FALSE
360.1054FALSE
335.8121FALSE
360.1058FALSE
335.8109FALSE
360.1058FALSE
360.1054FALSE
335.811FALSE
360.1058FALSE
335.8121FALSE
360.1058FALSE
335.8125FALSE
360.1054FALSE
335.8105FALSE
360.1058FALSE
335.647FALSE
360.1058FALSE
335.649FALSE
360.1054FALSE
360.1058FALSE
335.645FALSE
360.1058FALSE
335.6469FALSE
360.1054FALSE
335.6471FALSE
360.1058FALSE
335.6454FALSE
360.1058FALSE
335.6488FALSE
360.1054FALSE
335.5607FALSE
360.1058FALSE
335.5612FALSE
360.1058FALSE
360.1054FALSE
335.5603FALSE
360.1058FALSE
335.5607FALSE
360.1058FALSE
335.5608FALSE
360.1054FALSE
335.5619FALSE
360.1058FALSE
335.5596FALSE
360.1058FALSE
360.1054FALSE
335.544FALSE
360.1058FALSE
335.5432FALSE
360.1058FALSE
335.5448FALSE
360.1054FALSE
335.5439FALSE
360.1058FALSE
335.544FALSE
360.1058FALSE
360.1054FALSE
335.5434FALSE
360.1058FALSE
335.5446FALSE
360.1058FALSE
335.5355FALSE
360.1054FALSE
335.5353FALSE
360.1058FALSE
335.5358FALSE
360.1058FALSE
335.5355FALSE
360.1054FALSE
360.1058FALSE
335.5356FALSE
360.1058FALSE
335.5349FALSE
360.1054FALSE
335.5363FALSE
360.1058FALSE
335.533FALSE
360.1058FALSE
335.5329FALSE
360.1054FALSE
360.1058FALSE
335.5331FALSE
360.1058FALSE
335.533FALSE
360.1054FALSE
335.533FALSE
360.1058FALSE
335.5342FALSE
360.1058FALSE
335.5318FALSE
360.1054FALSE
360.1058FALSE
335.5269FALSE
360.1058FALSE
335.5268FALSE
360.1054FALSE
335.5271FALSE
360.1058FALSE
335.5269FALSE
360.1058FALSE
335.5269FALSE
360.1054FALSE
335.5281FALSE
360.1058FALSE
335.5257FALSE
360.1058FALSE
360.1054FALSE
335.5321FALSE
360.1058FALSE
335.5322FALSE
360.1058FALSE
335.5321FALSE
360.1071FALSE
335.5321FALSE
360.1079FALSE
335.5322FALSE
360.1063FALSE
335.531FALSE
360.1054FALSE
360.1058FALSE
335.5333FALSE
360.1058FALSE
335.5211FALSE
360.1054FALSE
335.521FALSE
360.1058FALSE
335.5211FALSE
360.1058FALSE
335.5211FALSE
360.1054FALSE
335.5211FALSE
360.1058FALSE
360.1058FALSE
335.5207FALSE
360.1054FALSE
335.5214FALSE
360.1058FALSE
335.5204FALSE
360.1058FALSE
335.5206FALSE
360.1054FALSE
335.5206FALSE
360.1058FALSE
335.5204FALSE
360.1058FALSE
360.1054FALSE
335.5204FALSE
360.1058FALSE
335.5216FALSE
360.1058FALSE
335.5196FALSE
360.1054FALSE
335.5187FALSE
360.1058FALSE
335.5186FALSE
360.1058FALSE
335.5192FALSE
360.1054FALSE
335.5187FALSE
360.1058FALSE
360.1058FALSE
335.5187FALSE
360.1054FALSE
335.5188FALSE
360.1058FALSE
335.5191FALSE
360.1058FALSE
335.5179FALSE
360.1054FALSE
335.5178FALSE
360.1058FALSE
335.518FALSE
360.1058FALSE
360.1054FALSE
335.5179FALSE
360.1058FALSE
335.5179FALSE
360.1058FALSE
335.5181FALSE
360.1054FALSE
335.5183FALSE
360.1058FALSE
335.5172FALSE
360.1058FALSE
335.517FALSE
360.1054FALSE
360.1058FALSE
335.5178FALSE
360.1058FALSE
335.5172FALSE
360.1054FALSE
335.5172FALSE
360.1058FALSE
335.5178FALSE
360.1058FALSE
335.5175FALSE
360.1054FALSE
335.517FALSE
360.1058FALSE
335.5169FALSE
360.1058FALSE
360.1054FALSE
335.517FALSE
360.1058FALSE
335.517FALSE
360.1058FALSE
335.517FALSE
360.1054FALSE
335.5174FALSE
360.1058FALSE
335.5173FALSE
360.1058FALSE
335.5169FALSE
360.1054FALSE
360.1058FALSE
335.5169FALSE
360.1058FALSE
335.517FALSE
360.1054FALSE
335.5169FALSE
360.1058FALSE
335.5169FALSE
360.1058FALSE
$par
time_ind_lag0.bw 
       -1.672098 

$value
[1] 360.1054

$counts
function gradient 
      51       51 

$convergence
[1] 52

$message
[1] "ERROR: ABNORMAL_TERMINATION_IN_LNSRCH"

335.5174FALSE
335.5173FALSE
335.5177FALSE
335.5176FALSE
335.5178FALSE
335.5177FALSE
335.5177FALSE
335.5174FALSE
335.5181FALSE
335.517FALSE
335.5169FALSE
335.517FALSE
335.517FALSE
335.517FALSE
335.5171FALSE
335.5174FALSE
335.5169FALSE
335.5169FALSE
335.517FALSE
335.5169FALSE
335.5169FALSE
335.5174FALSE
335.5173FALSE
335.5169FALSE
335.5169FALSE
335.517FALSE
335.5169FALSE
335.5169FALSE
335.5174FALSE
335.5173FALSE
335.5169FALSE
335.5169FALSE
335.517FALSE
335.5169FALSE
335.5169FALSE
335.5174FALSE
335.5173FALSE
335.5169FALSE
335.5169FALSE
335.517FALSE
335.5169FALSE
335.5169FALSE
335.5174FALSE
335.5173FALSE
335.5169FALSE
335.5169FALSE
335.517FALSE
335.5169FALSE
335.5169FALSE
335.5174FALSE
335.5173FALSE
335.5169FALSE
335.5169FALSE
335.517FALSE
335.5169FALSE
335.5169FALSE
335.5174FALSE
335.5173FALSE
335.5169FALSE
335.5169FALSE
335.517FALSE
335.5169FALSE
335.5169FALSE
335.5174FALSE
335.5173FALSE
335.5169FALSE
335.5169FALSE
335.517FALSE
335.5169FALSE
335.5169FALSE
335.5174FALSE
335.5173FALSE
335.5169FALSE
335.5169FALSE
335.517FALSE
335.5169FALSE
335.5169FALSE
335.5174FALSE
335.5173FALSE
335.5169FALSE
335.5169FALSE
335.517FALSE
335.5169FALSE
335.5169FALSE
335.5174FALSE
335.5173FALSE
335.5169FALSE
335.5169FALSE
335.517FALSE
335.5169FALSE
335.5169FALSE
335.5174FALSE
335.5173FALSE
335.5169FALSE
335.5169FALSE
335.517FALSE
335.5169FALSE
335.5169FALSE
335.5174FALSE
335.5173FALSE
335.5169FALSE
335.5169FALSE
335.517FALSE
335.5169FALSE
335.5169FALSE
335.5174FALSE
335.5173FALSE
335.5169FALSE
335.5169FALSE
335.517FALSE
335.5169FALSE
335.5169FALSE
335.5174FALSE
335.5173FALSE
335.5169FALSE
335.5169FALSE
335.517FALSE
335.5169FALSE
335.5169FALSE
335.5174FALSE
335.5173FALSE
335.5169FALSE
335.5169FALSE
335.517FALSE
335.5169FALSE
335.5169FALSE
335.5174FALSE
335.5173FALSE
335.5169FALSE
335.5169FALSE
335.517FALSE
335.5169FALSE
335.5169FALSE
335.5174FALSE
335.5173FALSE
335.5169FALSE
335.5169FALSE
335.517FALSE
335.5169FALSE
335.5169FALSE
335.5174FALSE
335.5173FALSE
335.623FALSE
335.6251FALSE
335.6209FALSE
335.623FALSE
335.623FALSE
335.6211FALSE
335.6249FALSE
335.5171FALSE
335.5171FALSE
335.5172FALSE
335.5171FALSE
335.5171FALSE
335.5169FALSE
335.5175FALSE
335.5169FALSE
335.5169FALSE
335.517FALSE
335.5169FALSE
335.5169FALSE
335.5173FALSE
335.5173FALSE
335.5169FALSE
335.5169FALSE
335.517FALSE
335.5169FALSE
335.5169FALSE
335.5174FALSE
335.5173FALSE
335.5169FALSE
335.5169FALSE
335.517FALSE
335.5169FALSE
335.5169FALSE
335.5174FALSE
335.5173FALSE
335.5169FALSE
335.5169FALSE
335.517FALSE
335.5169FALSE
335.5169FALSE
335.5174FALSE
335.5173FALSE
335.5169FALSE
335.5169FALSE
335.517FALSE
335.5169FALSE
335.5169FALSE
335.5174FALSE
335.5173FALSE
335.5169FALSE
335.5169FALSE
335.517FALSE
335.5169FALSE
335.5169FALSE
335.5174FALSE
335.5173FALSE
335.5169FALSE
335.5169FALSE
335.517FALSE
335.5169FALSE
335.5169FALSE
335.5174FALSE
335.5173FALSE
335.5169FALSE
335.5169FALSE
335.517FALSE
335.5169FALSE
335.5169FALSE
335.5174FALSE
335.5173FALSE
335.5169FALSE
335.5169FALSE
335.517FALSE
335.5169FALSE
335.5169FALSE
335.5174FALSE
335.5173FALSE
335.5169FALSE
335.5169FALSE
335.517FALSE
335.5169FALSE
335.5169FALSE
335.5174FALSE
335.5173FALSE
335.5169FALSE
335.5169FALSE
335.517FALSE
335.5169FALSE
335.5169FALSE
335.5174FALSE
335.5173FALSE
335.5169FALSE
335.5169FALSE
335.517FALSE
335.5169FALSE
335.5169FALSE
335.5174FALSE
335.5173FALSE
335.5169FALSE
335.5169FALSE
335.517FALSE
335.5169FALSE
335.5169FALSE
335.5174FALSE
335.5173FALSE
335.5169FALSE
335.5169FALSE
335.517FALSE
335.5169FALSE
335.5169FALSE
335.5174FALSE
335.5173FALSE
335.5169FALSE
335.5169FALSE
335.517FALSE
335.5169FALSE
335.5169FALSE
335.5174FALSE
335.5173FALSE
335.5169FALSE
335.5169FALSE
335.517FALSE
335.5169FALSE
335.5169FALSE
335.5174FALSE
335.5173FALSE
$par
smooth_log_cases_lag0.bw smooth_log_cases_lag1.bw         time_ind_lag0.bw 
               -2.400582                 3.002147                -2.067099 

$value
[1] 335.5169

$counts
function gradient 
      57       57 

$convergence
[1] 0

$message
[1] "CONVERGENCE: REL_REDUCTION_OF_F <= FACTR*EPSMCH"

> 
> save(ssr_fit,
+     file=paste0("/home/ngr67a/2015-cdc-flu-competition/fit-competition-ssr-ph", prediction_horizon_limit, "-", data_set, ".Rdata"))
> 
> proc.time()
    user   system  elapsed 
2616.476    1.731 2220.000 
