
R version 3.2.2 (2015-08-14) -- "Fire Safety"
Copyright (C) 2015 The R Foundation for Statistical Computing
Platform: x86_64-pc-linux-gnu (64-bit)

R is free software and comes with ABSOLUTELY NO WARRANTY.
You are welcome to redistribute it under certain conditions.
Type 'license()' or 'licence()' for distribution details.

  Natural language support but running in an English locale

R is a collaborative project with many contributors.
Type 'contributors()' for more information and
'citation()' on how to cite R or R packages in publications.

Type 'demo()' for some demos, 'help()' for on-line help, or
'help.start()' for an HTML browser interface to help.
Type 'q()' to quit R.

> ### get ssr fit -- prediction horizons 1:52
> library(lubridate)
> library(ggplot2)
> library(plyr)

Attaching package: ‘plyr’

The following object is masked from ‘package:lubridate’:

    here

> library(dplyr)

Attaching package: ‘dplyr’

The following objects are masked from ‘package:plyr’:

    arrange, count, desc, failwith, id, mutate, rename, summarise,
    summarize

The following objects are masked from ‘package:lubridate’:

    intersect, setdiff, union

The following objects are masked from ‘package:stats’:

    filter, lag

The following objects are masked from ‘package:base’:

    intersect, setdiff, setequal, union

> library(reshape)

Attaching package: ‘reshape’

The following object is masked from ‘package:dplyr’:

    rename

The following objects are masked from ‘package:plyr’:

    rename, round_any

The following object is masked from ‘package:lubridate’:

    stamp

> library(ssrFlu)
> library(doMC)
Loading required package: foreach
Loading required package: iterators
Loading required package: parallel
> 
> registerDoMC(cores=3)
> 
> args <- commandArgs(trailingOnly=TRUE)
> 
> data_set <- args[1]
> prediction_horizon_limit <- as.integer(args[2])
> 
> ## load dataset
> if(identical(data_set, "ili_national")) {
+     data <- ili_national
+ } 
> if(identical(data_set, "ili_region1")) {
+     data <- ili_region1
+ } 
> if(identical(data_set, "ili_region2")) {
+     data <- ili_region2
+ } 
> if(identical(data_set, "ili_region3")) {
+     data <- ili_region3
+ } 
> if(identical(data_set, "ili_region4")) {
+     data <- ili_region4
+ } 
> if(identical(data_set, "ili_region5")) {
+     data <- ili_region5
+ } 
> if(identical(data_set, "ili_region6")) {
+     data <- ili_region6
+ } 
> if(identical(data_set, "ili_region7")) {
+     data <- ili_region7
+ } 
> if(identical(data_set, "ili_region8")) {
+     data <- ili_region8
+ } 
> if(identical(data_set, "ili_region9")) {
+     data <- ili_region9
+ } 
> if(identical(data_set, "ili_region10")) {
+     data <- ili_region10
+ } 
> 
> 
> 
> ## add log column
> data$log_total_cases <- log(data$total_cases + 1)
> 
> ## add week_start_date
> char_dates <- paste(data$year, data$week, "1")
> data$week_start_date <- as.Date(char_dates, format="%Y %W %w")
> 
> ## remove week 53s
> data <- data[-which(is.na(data$week_start_date)),]
> data <- data[262:nrow(data),]
> 
> ## add smooth log column -- or not, since it is already pretty smooth...
> sm <- loess(log_total_cases ~ as.numeric(week_start_date), data=data, span= 26 / nrow(data))
> data$smooth_log_cases <- sm$fitted
> 
> ## add time column
> data$time_ind <- seq_len(nrow(data))
> 
> ssr_control <- create_ssr_control(X_names=c("smooth_log_cases", "time_ind"),
+     y_names="total_cases",
+     time_name=NULL,
+     max_lag=list(smooth_log_cases=1,
+         time_ind=0),
+     prediction_horizons=as.integer(prediction_horizon_limit),
+     kernel_fns=list(smooth_log_cases="squared_exp_kernel",
+         time_ind="periodic_kernel"),
+     theta_est=list(smooth_log_cases="bw",
+         time_ind="bw"),
+     theta_fixed=list(time_ind=list(period=pi / 52)),
+     theta_transform_fns=list(
+         squared_exp_kernel=list(
+             bw=list(transform="log",
+                 detransform="exp")
+         ),
+         periodic_kernel=list(
+             bw=list(transform="log",
+                 detransform="exp")
+         )
+     ),
+     crossval_buffer=52,
+     loss_fn_name="mae_from_kernel_weights_and_centers",
+     loss_fn_args=list())
> 
> 
> ssr_fit <- ssr(X_names=c("smooth_log_cases", "time_ind"),
+     y_names="total_cases",
+     time_name=NULL,
+     data=data,
+     ssr_control=ssr_control)
434.5199FALSE
447.0082FALSE
358.8434FALSE
434.5188FALSE
447.0083FALSE
358.8339FALSE
434.521FALSE
447.0082FALSE
449.7776FALSE
450.358FALSE
358.8529FALSE
449.8198FALSE
450.3534FALSE
449.7355FALSE
357.1337FALSE
450.3626FALSE
434.4922FALSE
357.1623FALSE
434.4928FALSE
447.0082FALSE
357.1051FALSE
434.4916FALSE
447.0082FALSE
356.683FALSE
434.4933FALSE
447.0082FALSE
434.493FALSE
356.674FALSE
447.0082FALSE
434.4937FALSE
356.6919FALSE
447.0082FALSE
434.4897FALSE
353.7165FALSE
434.4899FALSE
447.0082FALSE
434.4897FALSE
353.7158FALSE
447.0082FALSE
434.4897FALSE
353.7172FALSE
447.0082FALSE
434.4897FALSE
447.0082FALSE
$par
smooth_log_cases_lag0.bw 
               -2.306646 

$value
[1] 447.0082

$counts
function gradient 
       5        5 

$convergence
[1] 0

$message
[1] "CONVERGENCE: REL_REDUCTION_OF_F <= FACTR*EPSMCH"

434.49FALSE
353.7712FALSE
434.4897FALSE
353.774FALSE
434.4898FALSE
353.7684FALSE
434.4899FALSE
353.7078FALSE
434.4897FALSE
434.4898FALSE
353.7076FALSE
434.4898FALSE
353.7083FALSE
434.4897FALSE
353.7073FALSE
434.4898FALSE
353.7073FALSE
434.4899FALSE
353.7073FALSE
434.4897FALSE
434.4898FALSE
353.7073FALSE
434.4899FALSE
353.7073FALSE
434.4897FALSE
434.4898FALSE
353.7073FALSE
434.4899FALSE
353.71FALSE
434.4897FALSE
353.711FALSE
434.4898FALSE
353.7089FALSE
434.4899FALSE
353.7073FALSE
434.4897FALSE
353.7073FALSE
434.4898FALSE
434.4899FALSE
353.7073FALSE
434.4897FALSE
353.7074FALSE
434.4898FALSE
353.7084FALSE
434.4899FALSE
434.4897FALSE
353.7073FALSE
434.4898FALSE
353.7073FALSE
434.4899FALSE
353.7074FALSE
434.4897FALSE
353.7073FALSE
434.4898FALSE
353.7073FALSE
434.4899FALSE
353.7073FALSE
434.4897FALSE
353.7073FALSE
434.4898FALSE
353.7073FALSE
434.4899FALSE
353.7074FALSE
434.4897FALSE
434.4898FALSE
353.7073FALSE
434.4899FALSE
353.7073FALSE
434.4897FALSE
353.7074FALSE
434.4898FALSE
353.7073FALSE
434.4899FALSE
$par
smooth_log_cases_lag1.bw 
                -2.25488 

$value
[1] 434.4897

$counts
function gradient 
      19       19 

$convergence
[1] 0

$message
[1] "CONVERGENCE: REL_REDUCTION_OF_F <= FACTR*EPSMCH"

353.7073FALSE
353.7073FALSE
353.7073FALSE
353.7073FALSE
353.7072FALSE
353.7073FALSE
353.7073FALSE
353.7074FALSE
353.7073FALSE
353.7073FALSE
353.7074FALSE
353.7073FALSE
353.7073FALSE
353.7074FALSE
353.7073FALSE
353.7073FALSE
353.7074FALSE
353.7073FALSE
353.7073FALSE
353.7074FALSE
353.7073FALSE
353.7073FALSE
353.7074FALSE
353.7073FALSE
353.7073FALSE
353.7074FALSE
353.7073FALSE
353.7073FALSE
353.7074FALSE
353.7073FALSE
353.7073FALSE
353.7074FALSE
353.7073FALSE
353.7073FALSE
353.7074FALSE
353.7073FALSE
353.7073FALSE
353.7074FALSE
353.7073FALSE
353.7073FALSE
353.7074FALSE
353.7073FALSE
353.7073FALSE
353.7074FALSE
353.7073FALSE
353.7073FALSE
353.7074FALSE
353.7073FALSE
353.7073FALSE
353.7074FALSE
353.7073FALSE
353.7073FALSE
353.7074FALSE
353.7073FALSE
353.7073FALSE
353.7074FALSE
353.7073FALSE
353.7073FALSE
353.7074FALSE
353.7073FALSE
$par
time_ind_lag0.bw 
       -1.583053 

$value
[1] 353.7073

$counts
function gradient 
      35       35 

$convergence
[1] 0

$message
[1] "CONVERGENCE: REL_REDUCTION_OF_F <= FACTR*EPSMCH"

346.7641FALSE
348.2777FALSE
346.7533FALSE
348.2691FALSE
346.7749FALSE
348.2865FALSE
346.792FALSE
348.3015FALSE
346.7366FALSE
348.254FALSE
336.8616FALSE
339.2286FALSE
336.8734FALSE
339.2351FALSE
336.8497FALSE
339.2221FALSE
336.8553FALSE
339.2251FALSE
336.8679FALSE
339.2321FALSE
336.4264FALSE
338.7455FALSE
336.4225FALSE
338.7482FALSE
336.4303FALSE
338.7427FALSE
336.4285FALSE
338.7434FALSE
336.4243FALSE
338.7476FALSE
335.9016FALSE
338.8945FALSE
335.8935FALSE
335.9096FALSE
338.8972FALSE
338.8917FALSE
335.9095FALSE
335.8937FALSE
338.8946FALSE
338.895FALSE
337.5894FALSE
338.5604FALSE
337.6031FALSE
337.5757FALSE
338.5656FALSE
337.5802FALSE
338.5553FALSE
337.5987FALSE
338.557FALSE
335.8412FALSE
338.5639FALSE
335.8403FALSE
338.6531FALSE
335.8421FALSE
338.6489FALSE
335.8424FALSE
338.6573FALSE
335.84FALSE
338.6588FALSE
335.933FALSE
338.6474FALSE
335.9426FALSE
338.5213FALSE
335.9234FALSE
338.5263FALSE
335.9277FALSE
338.5162FALSE
335.9384FALSE
338.5179FALSE
335.725FALSE
338.5247FALSE
335.7221FALSE
338.5985FALSE
335.7279FALSE
338.5937FALSE
335.7289FALSE
338.6032FALSE
335.7211FALSE
338.6047FALSE
335.6693FALSE
338.5921FALSE
335.6662FALSE
338.5075FALSE
335.6726FALSE
338.5126FALSE
335.6737FALSE
338.5035FALSE
335.6648FALSE
338.5052FALSE
335.6383FALSE
338.5108FALSE
335.639FALSE
338.5186FALSE
335.6414FALSE
338.5132FALSE
335.6429FALSE
338.5239FALSE
335.6373FALSE
338.5256FALSE
335.7766FALSE
338.5116FALSE
335.786FALSE
338.5075FALSE
335.7672FALSE
338.5126FALSE
335.7715FALSE
338.5035FALSE
335.7817FALSE
338.5052FALSE
335.6415FALSE
338.5108FALSE
335.6475FALSE
340.2735FALSE
335.6358FALSE
340.2687FALSE
335.6376FALSE
340.2782FALSE
335.6455FALSE
340.2812FALSE
335.6383FALSE
340.2657FALSE
335.639FALSE
338.787FALSE
335.6414FALSE
338.7842FALSE
335.6429FALSE
338.7902FALSE
335.6373FALSE
338.7909FALSE
337.5606FALSE
338.7831FALSE
337.5754FALSE
338.54FALSE
337.5456FALSE
338.5348FALSE
337.5499FALSE
338.5452FALSE
337.5712FALSE
338.5468FALSE
335.7304FALSE
338.5331FALSE
335.7397FALSE
338.5037FALSE
335.7211FALSE
338.5088FALSE
335.7254FALSE
338.5091FALSE
335.7354FALSE
338.5107FALSE
335.6399FALSE
338.507FALSE
335.6456FALSE
338.4899FALSE
335.6351FALSE
338.4948FALSE
335.6367FALSE
338.4959FALSE
335.6439FALSE
338.4965FALSE
335.6363FALSE
335.6412FALSE
338.494FALSE
335.6394FALSE
338.4851FALSE
335.6409FALSE
338.4901FALSE
335.6394FALSE
338.4892FALSE
335.6149FALSE
338.4899FALSE
335.6163FALSE
338.4892FALSE
335.6191FALSE
338.4885FALSE
335.6199FALSE
338.4931FALSE
335.6152FALSE
338.486FALSE
335.6012FALSE
338.4859FALSE
335.6053FALSE
338.4931FALSE
335.6054FALSE
338.4853FALSE
335.6047FALSE
338.4898FALSE
335.6057FALSE
338.4903FALSE
335.5977FALSE
338.4901FALSE
335.6023FALSE
338.4898FALSE
335.602FALSE
338.482FALSE
335.6022FALSE
338.4844FALSE
335.6019FALSE
338.4894FALSE
335.5976FALSE
338.4888FALSE
335.6018FALSE
335.6022FALSE
338.4848FALSE
335.6019FALSE
338.5334FALSE
338.528FALSE
335.6018FALSE
338.5387FALSE
335.5975FALSE
338.5402FALSE
335.6017FALSE
338.5265FALSE
335.6019FALSE
338.4807FALSE
335.6016FALSE
335.6017FALSE
338.4821FALSE
335.5989FALSE
338.488FALSE
335.6034FALSE
338.4874FALSE
335.6021FALSE
338.4821FALSE
335.6022FALSE
335.603FALSE
338.4831FALSE
335.5975FALSE
338.4835FALSE
335.6017FALSE
338.4894FALSE
335.6018FALSE
338.4898FALSE
335.6015FALSE
338.4829FALSE
335.6017FALSE
338.4806FALSE
335.5982FALSE
338.4821FALSE
335.6027FALSE
335.6017FALSE
338.4879FALSE
335.6019FALSE
338.4873FALSE
335.6023FALSE
338.4819FALSE
335.5975FALSE
338.6197FALSE
335.6018FALSE
335.6017FALSE
338.6146FALSE
335.6015FALSE
338.6249FALSE
335.6017FALSE
338.6265FALSE
335.6006FALSE
338.613FALSE
335.6005FALSE
338.4813FALSE
335.6056FALSE
338.4827FALSE
335.6057FALSE
338.4876FALSE
335.6002FALSE
338.4881FALSE
335.5974FALSE
338.482FALSE
335.6018FALSE
338.4807FALSE
335.6018FALSE
338.4821FALSE
335.6015FALSE
338.4878FALSE
335.6016FALSE
338.4873FALSE
335.5975FALSE
338.4819FALSE
335.602FALSE
335.6016FALSE
338.4806FALSE
335.6013FALSE
338.4821FALSE
335.6017FALSE
338.4879FALSE
335.5974FALSE
338.4873FALSE
335.6018FALSE
338.4819FALSE
335.6018FALSE
338.4806FALSE
335.6015FALSE
338.4821FALSE
335.6016FALSE
335.5974FALSE
338.4879FALSE
335.6018FALSE
338.4873FALSE
335.6018FALSE
338.4819FALSE
338.4806FALSE
335.6015FALSE
338.4821FALSE
335.6016FALSE
338.4879FALSE
335.5974FALSE
338.4873FALSE
335.6018FALSE
338.4819FALSE
335.6018FALSE
338.4806FALSE
335.6015FALSE
338.4821FALSE
335.6016FALSE
338.4879FALSE
335.5974FALSE
338.4873FALSE
335.6018FALSE
338.4819FALSE
335.6018FALSE
338.4806FALSE
335.6015FALSE
338.4821FALSE
335.6016FALSE
338.4879FALSE
335.5974FALSE
338.4873FALSE
335.6018FALSE
338.4819FALSE
335.6018FALSE
338.4806FALSE
338.4821FALSE
335.6015FALSE
338.4879FALSE
335.6016FALSE
338.4873FALSE
335.5974FALSE
338.4819FALSE
335.6018FALSE
338.4806FALSE
335.6018FALSE
338.4821FALSE
335.6015FALSE
338.4879FALSE
335.6016FALSE
338.4873FALSE
335.5974FALSE
338.4819FALSE
338.4806FALSE
335.6018FALSE
338.4821FALSE
335.6018FALSE
338.4879FALSE
335.6015FALSE
338.4873FALSE
335.6016FALSE
338.4819FALSE
335.5974FALSE
338.4806FALSE
335.6018FALSE
338.4821FALSE
335.6018FALSE
338.4879FALSE
335.6015FALSE
338.4873FALSE
335.6016FALSE
338.4819FALSE
335.5974FALSE
338.4806FALSE
335.6018FALSE
338.4821FALSE
335.6018FALSE
338.4879FALSE
335.6015FALSE
338.4873FALSE
338.4819FALSE
335.6016FALSE
338.4806FALSE
335.5974FALSE
338.4821FALSE
335.6018FALSE
338.4879FALSE
335.6018FALSE
338.4873FALSE
335.6015FALSE
338.4819FALSE
335.6016FALSE
338.4806FALSE
335.5974FALSE
338.4821FALSE
335.6018FALSE
338.4879FALSE
335.6018FALSE
338.4873FALSE
335.6015FALSE
338.4819FALSE
335.6016FALSE
338.4806FALSE
335.5974FALSE
338.4821FALSE
335.6018FALSE
338.4879FALSE
335.6018FALSE
338.4873FALSE
335.6015FALSE
338.4819FALSE
335.6016FALSE
338.4806FALSE
335.5974FALSE
338.4821FALSE
335.6018FALSE
338.4879FALSE
335.6018FALSE
338.4873FALSE
335.6015FALSE
338.4819FALSE
335.6016FALSE
338.4806FALSE
335.5974FALSE
338.4821FALSE
335.6018FALSE
338.4879FALSE
335.6018FALSE
338.4873FALSE
335.6015FALSE
338.4819FALSE
335.6016FALSE
338.4806FALSE
335.5974FALSE
338.4821FALSE
335.6018FALSE
338.4879FALSE
335.6018FALSE
338.4873FALSE
335.6015FALSE
338.4819FALSE
335.6016FALSE
338.4806FALSE
335.5974FALSE
338.4821FALSE
335.6018FALSE
338.4879FALSE
335.6018FALSE
338.4873FALSE
335.6015FALSE
338.4819FALSE
335.6016FALSE
368.9238FALSE
335.5974FALSE
368.924FALSE
335.6018FALSE
368.9236FALSE
335.6018FALSE
368.9238FALSE
335.6015FALSE
368.9238FALSE
335.6016FALSE
339.2466FALSE
335.5974FALSE
339.251FALSE
335.6018FALSE
339.2422FALSE
335.6018FALSE
339.2439FALSE
335.6015FALSE
339.2494FALSE
335.6016FALSE
338.7786FALSE
335.5974FALSE
338.7802FALSE
335.6018FALSE
338.7768FALSE
335.6018FALSE
338.7763FALSE
335.6015FALSE
338.7808FALSE
335.6016FALSE
338.5109FALSE
335.6489FALSE
338.5157FALSE
335.654FALSE
338.5063FALSE
335.6438FALSE
338.5064FALSE
335.6448FALSE
338.5155FALSE
335.653FALSE
338.4813FALSE
335.5976FALSE
338.4858FALSE
335.602FALSE
338.482FALSE
335.6016FALSE
338.4817FALSE
335.6013FALSE
338.4857FALSE
335.6017FALSE
338.479FALSE
335.5974FALSE
338.4831FALSE
335.6018FALSE
338.4862FALSE
338.4857FALSE
335.6018FALSE
338.483FALSE
335.6015FALSE
338.4797FALSE
335.6016FALSE
338.4843FALSE
335.5974FALSE
338.4844FALSE
335.6018FALSE
338.484FALSE
335.6018FALSE
338.4841FALSE
335.6015FALSE
338.4789FALSE
335.6016FALSE
338.4832FALSE
335.5974FALSE
338.4861FALSE
335.6018FALSE
338.4856FALSE
335.6018FALSE
338.483FALSE
335.6015FALSE
338.4789FALSE
335.6016FALSE
338.4832FALSE
335.5974FALSE
338.4861FALSE
335.6018FALSE
338.4856FALSE
335.6018FALSE
338.483FALSE
335.6015FALSE
338.4792FALSE
338.4838FALSE
335.6016FALSE
338.4853FALSE
335.5974FALSE
338.4848FALSE
335.6018FALSE
338.4836FALSE
335.6018FALSE
338.4788FALSE
335.6015FALSE
338.4833FALSE
335.6016FALSE
338.486FALSE
335.5974FALSE
338.4855FALSE
335.6018FALSE
338.4831FALSE
335.6018FALSE
338.4797FALSE
335.6015FALSE
338.4843FALSE
335.6016FALSE
338.4844FALSE
335.5974FALSE
338.484FALSE
335.6018FALSE
338.4841FALSE
335.6018FALSE
338.4788FALSE
335.6015FALSE
338.4833FALSE
335.6016FALSE
338.4859FALSE
335.5974FALSE
338.4854FALSE
335.6018FALSE
338.4831FALSE
335.6018FALSE
338.4788FALSE
335.6015FALSE
338.4833FALSE
335.6016FALSE
338.4859FALSE
335.5974FALSE
338.4854FALSE
335.6018FALSE
338.4831FALSE
335.6018FALSE
338.4792FALSE
335.6015FALSE
338.4838FALSE
335.6016FALSE
338.4852FALSE
338.4847FALSE
335.5974FALSE
338.4836FALSE
335.6018FALSE
338.4787FALSE
335.6018FALSE
338.4833FALSE
335.6015FALSE
338.4859FALSE
335.6016FALSE
338.4854FALSE
335.5974FALSE
338.4832FALSE
335.6018FALSE
338.4788FALSE
335.6018FALSE
338.4833FALSE
335.6015FALSE
338.4859FALSE
335.6016FALSE
338.4854FALSE
335.5974FALSE
338.4832FALSE
335.6018FALSE
338.4787FALSE
335.6018FALSE
338.4833FALSE
335.6015FALSE
338.4859FALSE
335.6016FALSE
338.4854FALSE
335.5974FALSE
335.6018FALSE
338.4832FALSE
338.4797FALSE
335.6018FALSE
335.6015FALSE
338.4843FALSE
335.6016FALSE
338.4844FALSE
335.5974FALSE
338.484FALSE
335.6018FALSE
338.4841FALSE
335.6018FALSE
338.4788FALSE
335.6015FALSE
338.4834FALSE
335.6016FALSE
338.4859FALSE
335.5974FALSE
338.4853FALSE
335.6018FALSE
338.4832FALSE
335.6018FALSE
338.4788FALSE
335.6015FALSE
338.4833FALSE
335.6016FALSE
338.4859FALSE
335.5974FALSE
338.4854FALSE
335.6018FALSE
338.4832FALSE
335.6018FALSE
335.6015FALSE
338.4787FALSE
335.6016FALSE
338.4833FALSE
335.5974FALSE
338.4859FALSE
335.6018FALSE
338.4854FALSE
338.4832FALSE
335.6018FALSE
338.4787FALSE
335.6015FALSE
338.4833FALSE
335.6016FALSE
338.4859FALSE
335.5974FALSE
338.4854FALSE
335.6018FALSE
338.4832FALSE
335.6018FALSE
335.6015FALSE
338.4787FALSE
335.6016FALSE
$par
smooth_log_cases_lag0.bw         time_ind_lag0.bw 
               -2.071839                -2.532276 

$value
[1] 335.5974

$counts
function gradient 
      68       68 

$convergence
[1] 52

$message
[1] "ERROR: ABNORMAL_TERMINATION_IN_LNSRCH"

338.4833FALSE
338.4859FALSE
338.4854FALSE
338.4832FALSE
338.4787FALSE
338.4833FALSE
338.4859FALSE
338.4854FALSE
338.4832FALSE
338.4787FALSE
338.4833FALSE
338.4859FALSE
338.4854FALSE
338.4832FALSE
338.4787FALSE
338.4833FALSE
338.4859FALSE
338.4854FALSE
338.4832FALSE
338.4787FALSE
338.4833FALSE
338.4859FALSE
338.4854FALSE
338.4832FALSE
338.4787FALSE
338.4833FALSE
338.4859FALSE
338.4854FALSE
338.4832FALSE
338.4787FALSE
338.4833FALSE
338.4859FALSE
338.4854FALSE
338.4832FALSE
338.4787FALSE
338.4833FALSE
338.4859FALSE
338.4854FALSE
338.4832FALSE
338.4787FALSE
338.4833FALSE
338.4859FALSE
338.4854FALSE
338.4832FALSE
338.4787FALSE
338.4833FALSE
338.4859FALSE
338.4854FALSE
338.4832FALSE
338.4787FALSE
338.4833FALSE
338.4859FALSE
338.4854FALSE
338.4832FALSE
338.4787FALSE
338.4833FALSE
338.4859FALSE
338.4854FALSE
338.4832FALSE
$par
smooth_log_cases_lag1.bw         time_ind_lag0.bw 
               -2.195336                -2.413867 

$value
[1] 338.4787

$counts
function gradient 
      79       79 

$convergence
[1] 0

$message
[1] "CONVERGENCE: REL_REDUCTION_OF_F <= FACTR*EPSMCH"

360.9027FALSE
339.7966FALSE
360.8941FALSE
339.7943FALSE
360.9112FALSE
339.7989FALSE
353.8312FALSE
339.7909FALSE
353.8348FALSE
353.8275FALSE
339.8024FALSE
354.8451FALSE
339.7972FALSE
354.8381FALSE
339.7961FALSE
354.8521FALSE
338.9079FALSE
353.7075FALSE
338.9137FALSE
353.7074FALSE
338.9021FALSE
353.7075FALSE
338.9093FALSE
353.7075FALSE
338.9065FALSE
353.7074FALSE
353.7075FALSE
338.9038FALSE
353.7074FALSE
338.9121FALSE
353.7074FALSE
336.5984FALSE
353.7074FALSE
353.7109FALSE
336.5982FALSE
353.7123FALSE
336.5986FALSE
353.7099FALSE
336.597FALSE
353.7074FALSE
336.5999FALSE
353.7073FALSE
353.7074FALSE
336.6003FALSE
353.7081FALSE
336.5965FALSE
353.7091FALSE
336.2699FALSE
353.7073FALSE
336.2668FALSE
353.7073FALSE
353.7073FALSE
336.2729FALSE
353.7074FALSE
336.2683FALSE
353.7526FALSE
336.2715FALSE
353.755FALSE
336.2757FALSE
353.7502FALSE
353.7073FALSE
336.264FALSE
353.7073FALSE
336.9554FALSE
353.7073FALSE
336.9633FALSE
353.7087FALSE
353.7097FALSE
336.9473FALSE
353.7076FALSE
336.9558FALSE
353.7073FALSE
336.9549FALSE
353.7073FALSE
336.9515FALSE
353.7073FALSE
353.7074FALSE
336.9591FALSE
353.7084FALSE
336.1115FALSE
353.7073FALSE
336.1166FALSE
353.7073FALSE
336.1064FALSE
353.7073FALSE
336.1114FALSE
353.7073FALSE
353.7073FALSE
353.7079FALSE
336.1076FALSE
353.7073FALSE
336.1154FALSE
353.7073FALSE
336.1418FALSE
353.7073FALSE
336.1395FALSE
353.7073FALSE
353.7073FALSE
336.144FALSE
353.7077FALSE
336.1411FALSE
353.7073FALSE
336.1425FALSE
353.7073FALSE
336.143FALSE
353.7079FALSE
353.7073FALSE
336.1405FALSE
353.7073FALSE
335.9747FALSE
353.7073FALSE
335.97FALSE
353.7073FALSE
335.9795FALSE
353.7073FALSE
335.9736FALSE
353.7072FALSE
335.9758FALSE
353.7073FALSE
353.7073FALSE
335.9809FALSE
353.7077FALSE
335.9685FALSE
353.7073FALSE
335.8213FALSE
353.7073FALSE
335.8146FALSE
353.7079FALSE
353.7073FALSE
335.828FALSE
353.7073FALSE
335.8206FALSE
353.7079FALSE
335.822FALSE
353.7073FALSE
335.8273FALSE
353.7073FALSE
353.7079FALSE
335.8153FALSE
353.7073FALSE
335.8206FALSE
353.7073FALSE
335.8246FALSE
353.7079FALSE
335.8166FALSE
353.7073FALSE
335.8204FALSE
353.7073FALSE
353.7079FALSE
335.8207FALSE
353.7073FALSE
335.8158FALSE
353.7073FALSE
335.8254FALSE
353.7079FALSE
335.7791FALSE
353.7073FALSE
335.7828FALSE
353.7073FALSE
353.7079FALSE
335.7753FALSE
353.7073FALSE
335.7789FALSE
353.7073FALSE
335.7792FALSE
353.7079FALSE
335.7742FALSE
353.7073FALSE
353.7073FALSE
335.7839FALSE
353.7079FALSE
336.0379FALSE
353.7073FALSE
336.0359FALSE
353.7073FALSE
336.0398FALSE
353.7079FALSE
336.0378FALSE
353.7073FALSE
353.7073FALSE
336.0379FALSE
353.7079FALSE
336.036FALSE
353.7073FALSE
336.0397FALSE
353.7073FALSE
335.738FALSE
353.7079FALSE
353.7073FALSE
335.7312FALSE
353.7073FALSE
335.7449FALSE
353.7079FALSE
335.7377FALSE
353.7073FALSE
335.7384FALSE
353.7073FALSE
335.7437FALSE
353.7079FALSE
353.7073FALSE
335.7324FALSE
353.7073FALSE
335.6859FALSE
353.7079FALSE
335.6902FALSE
353.7073FALSE
335.6817FALSE
353.7073FALSE
353.7079FALSE
335.6859FALSE
353.7073FALSE
335.686FALSE
353.7073FALSE
335.6817FALSE
353.7079FALSE
335.6902FALSE
353.7073FALSE
355.4096FALSE
335.6723FALSE
355.4015FALSE
335.6667FALSE
355.4176FALSE
335.678FALSE
353.7075FALSE
335.6721FALSE
353.7074FALSE
335.6725FALSE
353.7075FALSE
353.7073FALSE
335.6777FALSE
353.7073FALSE
335.6669FALSE
353.7073FALSE
335.6551FALSE
353.7073FALSE
335.6496FALSE
353.7073FALSE
353.7073FALSE
335.6607FALSE
353.7073FALSE
335.655FALSE
353.7078FALSE
335.6553FALSE
353.7073FALSE
335.6603FALSE
353.7073FALSE
335.6499FALSE
353.7079FALSE
353.7073FALSE
337.7441FALSE
353.7073FALSE
337.7593FALSE
353.7079FALSE
337.7289FALSE
353.7073FALSE
337.7441FALSE
353.7073FALSE
337.7441FALSE
353.7079FALSE
337.7395FALSE
353.7073FALSE
353.7073FALSE
337.7487FALSE
353.7079FALSE
335.6527FALSE
353.7073FALSE
335.6574FALSE
353.7073FALSE
335.6512FALSE
353.7079FALSE
335.6527FALSE
353.7073FALSE
353.7073FALSE
335.6527FALSE
353.7079FALSE
335.6519FALSE
353.7073FALSE
335.6566FALSE
353.7073FALSE
335.6401FALSE
353.7079FALSE
335.6385FALSE
353.7073FALSE
335.6447FALSE
353.7073FALSE
335.64FALSE
353.7079FALSE
335.6402FALSE
353.7073FALSE
353.7073FALSE
335.6454FALSE
353.7079FALSE
335.6376FALSE
353.7073FALSE
335.7184FALSE
353.7073FALSE
335.7111FALSE
353.7079FALSE
353.7073FALSE
335.7256FALSE
353.7073FALSE
335.7184FALSE
353.7079FALSE
353.7073FALSE
335.7184FALSE
353.7073FALSE
335.7239FALSE
353.7079FALSE
335.7129FALSE
353.7073FALSE
353.7073FALSE
335.6327FALSE
353.7079FALSE
335.6271FALSE
353.7073FALSE
335.6383FALSE
353.7073FALSE
335.6326FALSE
353.7079FALSE
335.6328FALSE
353.7073FALSE
335.6378FALSE
353.7073FALSE
335.6276FALSE
353.7079FALSE
335.629FALSE
353.7073FALSE
$par
time_ind_lag0.bw 
       -1.582569 

$value
[1] 353.7073

$counts
function gradient 
      60       60 

$convergence
[1] 52

$message
[1] "ERROR: ABNORMAL_TERMINATION_IN_LNSRCH"

335.624FALSE
335.6339FALSE
335.6289FALSE
335.6291FALSE
335.6342FALSE
335.6237FALSE
335.6633FALSE
335.6681FALSE
335.6585FALSE
335.6632FALSE
335.6633FALSE
335.6592FALSE
335.6674FALSE
335.6242FALSE
335.6254FALSE
335.6292FALSE
335.6242FALSE
335.6243FALSE
335.6295FALSE
335.625FALSE
335.6198FALSE
335.6244FALSE
335.6182FALSE
335.6198FALSE
335.6198FALSE
335.6184FALSE
335.6239FALSE
335.6134FALSE
335.615FALSE
335.6184FALSE
335.6133FALSE
335.6134FALSE
335.6186FALSE
335.6145FALSE
335.6289FALSE
335.6233FALSE
335.6346FALSE
335.6289FALSE
335.629FALSE
335.6339FALSE
335.6239FALSE
335.6132FALSE
335.6078FALSE
335.6186FALSE
335.6131FALSE
335.6132FALSE
335.6183FALSE
335.6079FALSE
335.6108FALSE
335.6086FALSE
335.616FALSE
335.6108FALSE
335.6109FALSE
335.6161FALSE
335.6081FALSE
335.6058FALSE
335.6103FALSE
335.6083FALSE
335.6058FALSE
335.6058FALSE
335.6084FALSE
335.6099FALSE
335.6044FALSE
335.6089FALSE
335.6082FALSE
335.6044FALSE
335.6044FALSE
335.6084FALSE
335.6085FALSE
335.6026FALSE
335.6052FALSE
335.608FALSE
335.6025FALSE
335.6026FALSE
335.6078FALSE
335.6049FALSE
335.6098FALSE
335.6042FALSE
335.6155FALSE
335.6098FALSE
335.6098FALSE
335.615FALSE
335.6048FALSE
335.6031FALSE
335.6029FALSE
335.6086FALSE
335.6031FALSE
335.6032FALSE
335.6083FALSE
335.6029FALSE
335.6056FALSE
335.6FALSE
335.6111FALSE
335.6056FALSE
335.6056FALSE
335.6108FALSE
335.6003FALSE
335.6032FALSE
335.6016FALSE
335.6087FALSE
335.6032FALSE
335.6032FALSE
335.6084FALSE
335.6016FALSE
335.6031FALSE
335.6026FALSE
335.6086FALSE
335.6031FALSE
335.6031FALSE
335.6083FALSE
335.6026FALSE
335.6011FALSE
335.6022FALSE
335.6066FALSE
335.6011FALSE
335.6011FALSE
335.6064FALSE
335.6022FALSE
335.5988FALSE
335.6027FALSE
335.6046FALSE
335.5988FALSE
335.5988FALSE
335.6041FALSE
335.6031FALSE
335.5987FALSE
335.6028FALSE
335.6037FALSE
335.5987FALSE
335.5987FALSE
335.6035FALSE
335.603FALSE
335.5993FALSE
335.6034FALSE
335.6029FALSE
335.5993FALSE
335.5993FALSE
335.6027FALSE
335.6034FALSE
335.5987FALSE
335.6029FALSE
335.6037FALSE
335.5987FALSE
335.5987FALSE
335.6034FALSE
335.603FALSE
335.5987FALSE
335.6028FALSE
335.6037FALSE
335.5987FALSE
335.5987FALSE
335.6035FALSE
335.603FALSE
335.5987FALSE
335.6028FALSE
335.6037FALSE
335.5987FALSE
335.5987FALSE
335.6035FALSE
335.603FALSE
335.5987FALSE
335.6028FALSE
335.6037FALSE
335.5987FALSE
335.5987FALSE
335.6035FALSE
335.603FALSE
335.5987FALSE
335.6028FALSE
335.6037FALSE
335.5987FALSE
335.5987FALSE
335.6035FALSE
335.603FALSE
335.5987FALSE
335.6028FALSE
335.6037FALSE
335.5987FALSE
335.5987FALSE
335.6035FALSE
335.603FALSE
335.5987FALSE
335.6028FALSE
335.6037FALSE
335.5987FALSE
335.5987FALSE
335.6035FALSE
335.603FALSE
335.5987FALSE
335.6028FALSE
335.6037FALSE
335.5987FALSE
335.5987FALSE
335.6035FALSE
335.603FALSE
335.5987FALSE
335.6028FALSE
335.6037FALSE
335.5987FALSE
335.5987FALSE
335.6035FALSE
335.603FALSE
335.5987FALSE
335.6028FALSE
335.6037FALSE
335.5987FALSE
335.5987FALSE
335.6035FALSE
335.603FALSE
335.5987FALSE
335.6028FALSE
335.6037FALSE
335.5987FALSE
335.5987FALSE
335.6035FALSE
335.603FALSE
335.5987FALSE
335.6028FALSE
335.6037FALSE
335.5987FALSE
335.5987FALSE
335.6035FALSE
335.603FALSE
335.5987FALSE
335.6028FALSE
335.6037FALSE
335.5987FALSE
335.5987FALSE
335.6035FALSE
335.603FALSE
$par
smooth_log_cases_lag0.bw smooth_log_cases_lag1.bw         time_ind_lag0.bw 
               -2.076779                 1.672038                -2.537417 

$value
[1] 335.5987

$counts
function gradient 
      54       54 

$convergence
[1] 0

$message
[1] "CONVERGENCE: REL_REDUCTION_OF_F <= FACTR*EPSMCH"

> 
> save(ssr_fit,
+     file=paste0("/home/ngr67a/2015-cdc-flu-competition/fit-competition-ssr-ph", prediction_horizon_limit, "-", data_set, ".Rdata"))
> 
> proc.time()
    user   system  elapsed 
2766.430    2.219 2337.369 
