
R version 3.2.2 (2015-08-14) -- "Fire Safety"
Copyright (C) 2015 The R Foundation for Statistical Computing
Platform: x86_64-pc-linux-gnu (64-bit)

R is free software and comes with ABSOLUTELY NO WARRANTY.
You are welcome to redistribute it under certain conditions.
Type 'license()' or 'licence()' for distribution details.

  Natural language support but running in an English locale

R is a collaborative project with many contributors.
Type 'contributors()' for more information and
'citation()' on how to cite R or R packages in publications.

Type 'demo()' for some demos, 'help()' for on-line help, or
'help.start()' for an HTML browser interface to help.
Type 'q()' to quit R.

> ### get ssr fit -- prediction horizons 1:52
> library(lubridate)
> library(ggplot2)
> library(plyr)

Attaching package: ‘plyr’

The following object is masked from ‘package:lubridate’:

    here

> library(dplyr)

Attaching package: ‘dplyr’

The following objects are masked from ‘package:plyr’:

    arrange, count, desc, failwith, id, mutate, rename, summarise,
    summarize

The following objects are masked from ‘package:lubridate’:

    intersect, setdiff, union

The following objects are masked from ‘package:stats’:

    filter, lag

The following objects are masked from ‘package:base’:

    intersect, setdiff, setequal, union

> library(reshape)

Attaching package: ‘reshape’

The following object is masked from ‘package:dplyr’:

    rename

The following objects are masked from ‘package:plyr’:

    rename, round_any

The following object is masked from ‘package:lubridate’:

    stamp

> library(ssrFlu)
> library(doMC)
Loading required package: foreach
Loading required package: iterators
Loading required package: parallel
> 
> registerDoMC(cores=3)
> 
> args <- commandArgs(trailingOnly=TRUE)
> 
> data_set <- args[1]
> prediction_horizon_limit <- as.integer(args[2])
> 
> ## load dataset
> if(identical(data_set, "ili_national")) {
+     data <- ili_national
+ } 
> if(identical(data_set, "ili_region1")) {
+     data <- ili_region1
+ } 
> if(identical(data_set, "ili_region2")) {
+     data <- ili_region2
+ } 
> if(identical(data_set, "ili_region3")) {
+     data <- ili_region3
+ } 
> if(identical(data_set, "ili_region4")) {
+     data <- ili_region4
+ } 
> if(identical(data_set, "ili_region5")) {
+     data <- ili_region5
+ } 
> if(identical(data_set, "ili_region6")) {
+     data <- ili_region6
+ } 
> if(identical(data_set, "ili_region7")) {
+     data <- ili_region7
+ } 
> if(identical(data_set, "ili_region8")) {
+     data <- ili_region8
+ } 
> if(identical(data_set, "ili_region9")) {
+     data <- ili_region9
+ } 
> if(identical(data_set, "ili_region10")) {
+     data <- ili_region10
+ } 
> 
> 
> 
> ## add log column
> data$log_total_cases <- log(data$total_cases + 1)
> 
> ## add week_start_date
> char_dates <- paste(data$year, data$week, "1")
> data$week_start_date <- as.Date(char_dates, format="%Y %W %w")
> 
> ## remove week 53s
> data <- data[-which(is.na(data$week_start_date)),]
> data <- data[262:nrow(data),]
> 
> ## add smooth log column -- or not, since it is already pretty smooth...
> sm <- loess(log_total_cases ~ as.numeric(week_start_date), data=data, span= 26 / nrow(data))
> data$smooth_log_cases <- sm$fitted
> 
> ## add time column
> data$time_ind <- seq_len(nrow(data))
> 
> ssr_control <- create_ssr_control(X_names=c("smooth_log_cases", "time_ind"),
+     y_names="total_cases",
+     time_name=NULL,
+     max_lag=list(smooth_log_cases=1,
+         time_ind=0),
+     prediction_horizons=as.integer(prediction_horizon_limit),
+     kernel_fns=list(smooth_log_cases="squared_exp_kernel",
+         time_ind="periodic_kernel"),
+     theta_est=list(smooth_log_cases="bw",
+         time_ind="bw"),
+     theta_fixed=list(time_ind=list(period=pi / 52)),
+     theta_transform_fns=list(
+         squared_exp_kernel=list(
+             bw=list(transform="log",
+                 detransform="exp")
+         ),
+         periodic_kernel=list(
+             bw=list(transform="log",
+                 detransform="exp")
+         )
+     ),
+     crossval_buffer=52,
+     loss_fn_name="mae_from_kernel_weights_and_centers",
+     loss_fn_args=list())
> 
> 
> ssr_fit <- ssr(X_names=c("smooth_log_cases", "time_ind"),
+     y_names="total_cases",
+     time_name=NULL,
+     data=data,
+     ssr_control=ssr_control)
372.6379FALSE
367.209FALSE
290.9176FALSE
372.645FALSE
367.2161FALSE
290.9117FALSE
372.6308FALSE
367.2019FALSE
290.9234FALSE
372.1526FALSE
364.6976FALSE
372.1402FALSE
288.1685FALSE
364.6897FALSE
372.165FALSE
288.1806FALSE
364.7055FALSE
370.404FALSE
288.1565FALSE
364.1432FALSE
370.409FALSE
289.1921FALSE
370.3989FALSE
364.1483FALSE
289.1871FALSE
375.6361FALSE
364.1382FALSE
289.197FALSE
375.6215FALSE
370.5353FALSE
360.5361FALSE
375.6507FALSE
370.5239FALSE
360.591FALSE
369.7631FALSE
370.5467FALSE
360.481FALSE
369.7647FALSE
363.6276FALSE
288.8869FALSE
363.6276FALSE
369.7617FALSE
288.8818FALSE
363.6277FALSE
369.6961FALSE
363.6275FALSE
288.892FALSE
369.6964FALSE
363.6274FALSE
369.6959FALSE
363.6275FALSE
288.6148FALSE
369.6945FALSE
363.6274FALSE
288.6102FALSE
369.6945FALSE
363.6274FALSE
288.6193FALSE
369.6945FALSE
363.6274FALSE
369.6945FALSE
297.0544FALSE
363.6274FALSE
297.1082FALSE
369.6945FALSE
297.0007FALSE
363.6274FALSE
369.6945FALSE
$par
smooth_log_cases_lag0.bw 
               -2.944153 

$value
[1] 369.6945

$counts
function gradient 
       8        8 

$convergence
[1] 0

$message
[1] "CONVERGENCE: REL_REDUCTION_OF_F <= FACTR*EPSMCH"

287.7049FALSE
363.6274FALSE
$par
smooth_log_cases_lag1.bw 
               -2.976106 

$value
[1] 363.6274

$counts
function gradient 
       8        8 

$convergence
[1] 0

$message
[1] "CONVERGENCE: REL_REDUCTION_OF_F <= FACTR*EPSMCH"

287.7024FALSE
287.7075FALSE
289.6541FALSE
289.6759FALSE
289.6325FALSE
287.482FALSE
287.4803FALSE
287.4837FALSE
288.272FALSE
288.2847FALSE
288.2594FALSE
287.4557FALSE
287.4553FALSE
287.456FALSE
287.4581FALSE
287.4588FALSE
287.4575FALSE
287.4549FALSE
287.4546FALSE
287.4552FALSE
287.4567FALSE
287.4572FALSE
287.4561FALSE
287.4547FALSE
287.4549FALSE
287.455FALSE
287.4547FALSE
287.4551FALSE
287.4549FALSE
287.4546FALSE
287.455FALSE
287.455FALSE
287.4546FALSE
287.455FALSE
287.455FALSE
287.4546FALSE
287.455FALSE
287.455FALSE
287.4546FALSE
287.455FALSE
287.455FALSE
287.4546FALSE
287.455FALSE
287.455FALSE
287.4546FALSE
287.455FALSE
287.455FALSE
287.4546FALSE
287.455FALSE
287.455FALSE
287.4546FALSE
287.455FALSE
287.455FALSE
287.4546FALSE
287.455FALSE
287.455FALSE
287.4546FALSE
287.455FALSE
287.455FALSE
287.4546FALSE
287.455FALSE
287.455FALSE
287.4546FALSE
287.455FALSE
287.455FALSE
287.4546FALSE
287.455FALSE
287.455FALSE
287.4546FALSE
287.455FALSE
287.455FALSE
287.4546FALSE
287.455FALSE
287.455FALSE
287.4546FALSE
287.455FALSE
287.455FALSE
287.4546FALSE
287.455FALSE
287.455FALSE
287.4546FALSE
287.455FALSE
287.455FALSE
287.4546FALSE
287.455FALSE
287.455FALSE
287.4546FALSE
287.455FALSE
287.455FALSE
287.4546FALSE
287.455FALSE
287.455FALSE
287.4546FALSE
287.455FALSE
287.455FALSE
287.4546FALSE
287.455FALSE
287.455FALSE
287.4546FALSE
287.455FALSE
287.455FALSE
287.4546FALSE
287.455FALSE
287.455FALSE
287.4546FALSE
287.455FALSE
287.455FALSE
287.4546FALSE
287.455FALSE
287.455FALSE
287.4546FALSE
287.455FALSE
287.455FALSE
287.4546FALSE
287.455FALSE
287.455FALSE
287.4546FALSE
287.455FALSE
287.455FALSE
287.4546FALSE
287.455FALSE
287.455FALSE
287.4546FALSE
287.455FALSE
287.455FALSE
$par
time_ind_lag0.bw 
       -1.456216 

$value
[1] 287.4546

$counts
function gradient 
      49       49 

$convergence
[1] 0

$message
[1] "CONVERGENCE: REL_REDUCTION_OF_F <= FACTR*EPSMCH"

276.756FALSE
279.1145FALSE
276.7559FALSE
279.1136FALSE
276.7562FALSE
279.1155FALSE
276.7851FALSE
279.1428FALSE
276.727FALSE
279.0863FALSE
269.48FALSE
272.9739FALSE
269.4862FALSE
272.9785FALSE
272.9692FALSE
269.4738FALSE
272.9686FALSE
269.4746FALSE
272.9791FALSE
269.4855FALSE
270.759FALSE
267.7828FALSE
270.7691FALSE
267.7774FALSE
270.7489FALSE
267.7882FALSE
267.7849FALSE
270.7515FALSE
267.7807FALSE
270.7665FALSE
268.1436FALSE
276.0429FALSE
268.1541FALSE
276.0289FALSE
268.1332FALSE
276.0569FALSE
268.1373FALSE
276.055FALSE
268.15FALSE
276.0309FALSE
267.702FALSE
270.6528FALSE
267.6985FALSE
270.6529FALSE
267.7054FALSE
270.6527FALSE
267.7048FALSE
270.6537FALSE
267.6991FALSE
270.6519FALSE
269.4003FALSE
270.6544FALSE
269.4063FALSE
270.6531FALSE
269.3943FALSE
270.6557FALSE
269.3941FALSE
270.6542FALSE
269.4065FALSE
270.6546FALSE
267.6493FALSE
270.6508FALSE
267.6464FALSE
270.65FALSE
270.6516FALSE
267.6521FALSE
270.6508FALSE
267.6518FALSE
270.6509FALSE
267.6466FALSE
270.6312FALSE
268.8886FALSE
270.6301FALSE
268.8965FALSE
270.6323FALSE
268.8806FALSE
270.6313FALSE
268.8805FALSE
270.6311FALSE
270.4294FALSE
268.8967FALSE
270.4269FALSE
267.6869FALSE
270.4329FALSE
267.6956FALSE
270.4321FALSE
267.6782FALSE
267.6798FALSE
270.4267FALSE
267.694FALSE
275.5448FALSE
267.6456FALSE
275.5509FALSE
267.6427FALSE
275.5385FALSE
267.6485FALSE
267.6483FALSE
275.5406FALSE
267.643FALSE
275.5489FALSE
267.6433FALSE
270.6812FALSE
267.6434FALSE
270.6911FALSE
267.6462FALSE
270.6714FALSE
267.6459FALSE
270.6747FALSE
267.6413FALSE
270.6877FALSE
267.8567FALSE
270.4366FALSE
267.8656FALSE
270.4447FALSE
267.8478FALSE
270.4293FALSE
270.4316FALSE
267.8482FALSE
270.4417FALSE
267.8652FALSE
270.4294FALSE
267.6483FALSE
270.4269FALSE
267.6569FALSE
267.6406FALSE
270.4329FALSE
267.6418FALSE
270.4321FALSE
267.6553FALSE
270.4267FALSE
267.6419FALSE
273.0727FALSE
273.0767FALSE
267.6466FALSE
273.0687FALSE
267.6448FALSE
273.0688FALSE
267.6446FALSE
273.0767FALSE
267.6445FALSE
270.5475FALSE
267.642FALSE
270.5568FALSE
267.6453FALSE
270.5382FALSE
267.6449FALSE
270.5416FALSE
267.6447FALSE
270.5534FALSE
267.6433FALSE
270.4295FALSE
267.6419FALSE
270.437FALSE
267.6464FALSE
270.4279FALSE
270.4271FALSE
267.6448FALSE
270.4344FALSE
267.6446FALSE
270.4268FALSE
267.6443FALSE
270.4319FALSE
267.6419FALSE
270.4303FALSE
270.4295FALSE
267.6466FALSE
270.4297FALSE
267.6448FALSE
270.4267FALSE
267.6446FALSE
270.4305FALSE
267.6445FALSE
270.4302FALSE
267.6419FALSE
270.4294FALSE
267.6466FALSE
267.6448FALSE
270.4284FALSE
267.6446FALSE
270.4287FALSE
267.6445FALSE
267.6419FALSE
270.4282FALSE
267.6466FALSE
270.4324FALSE
267.6448FALSE
270.431FALSE
267.6446FALSE
270.4266FALSE
267.6445FALSE
270.4267FALSE
267.6419FALSE
270.4299FALSE
267.6466FALSE
270.4302FALSE
267.6448FALSE
270.4293FALSE
267.6446FALSE
270.4278FALSE
267.6445FALSE
270.4267FALSE
267.6419FALSE
270.4304FALSE
267.6466FALSE
270.4302FALSE
267.6448FALSE
267.6446FALSE
270.4294FALSE
267.6445FALSE
270.4283FALSE
267.6419FALSE
270.4267FALSE
267.6466FALSE
270.4303FALSE
267.6448FALSE
270.4302FALSE
267.6446FALSE
270.4294FALSE
267.6445FALSE
270.4282FALSE
267.6419FALSE
270.4267FALSE
267.6466FALSE
270.4304FALSE
267.6448FALSE
270.4302FALSE
267.6446FALSE
267.6445FALSE
270.4294FALSE
267.6419FALSE
270.4283FALSE
267.6466FALSE
270.4263FALSE
267.6448FALSE
270.4303FALSE
267.6446FALSE
270.4298FALSE
267.6445FALSE
270.4289FALSE
267.6419FALSE
270.4283FALSE
267.6466FALSE
270.4313FALSE
270.4357FALSE
267.6448FALSE
270.4351FALSE
267.6446FALSE
267.6445FALSE
270.4336FALSE
267.6419FALSE
270.4342FALSE
270.4262FALSE
267.6448FALSE
270.4302FALSE
267.6446FALSE
270.4297FALSE
267.6445FALSE
270.4287FALSE
267.6419FALSE
270.4283FALSE
267.6466FALSE
270.4277FALSE
267.6448FALSE
270.4314FALSE
270.4315FALSE
267.6446FALSE
270.4301FALSE
267.6445FALSE
270.4299FALSE
270.4263FALSE
267.6419FALSE
270.4302FALSE
267.6466FALSE
270.4298FALSE
267.6448FALSE
270.4287FALSE
267.6446FALSE
270.4284FALSE
267.6445FALSE
270.4262FALSE
267.6419FALSE
270.4302FALSE
267.6466FALSE
270.4297FALSE
267.6448FALSE
270.4287FALSE
267.6446FALSE
270.4283FALSE
267.6445FALSE
270.4262FALSE
270.4302FALSE
267.6419FALSE
267.6466FALSE
270.4297FALSE
267.6448FALSE
270.4287FALSE
270.4283FALSE
267.6446FALSE
270.4262FALSE
267.6445FALSE
270.4302FALSE
267.6419FALSE
270.4297FALSE
267.6466FALSE
270.4287FALSE
267.6448FALSE
270.4283FALSE
267.6446FALSE
270.4262FALSE
267.6445FALSE
270.4302FALSE
267.6419FALSE
270.4297FALSE
267.6466FALSE
270.4287FALSE
267.6448FALSE
270.4283FALSE
267.6446FALSE
270.4262FALSE
267.6445FALSE
270.4302FALSE
267.6419FALSE
270.4297FALSE
267.6466FALSE
270.4287FALSE
267.6448FALSE
267.6446FALSE
270.4283FALSE
267.6445FALSE
270.4262FALSE
267.6419FALSE
270.4302FALSE
270.4297FALSE
267.6466FALSE
267.6448FALSE
270.4287FALSE
267.6446FALSE
270.4283FALSE
267.6445FALSE
270.4262FALSE
289.3399FALSE
270.4302FALSE
289.2951FALSE
270.4297FALSE
289.3847FALSE
289.3324FALSE
270.4287FALSE
289.3475FALSE
270.4283FALSE
267.6839FALSE
270.4262FALSE
267.68FALSE
270.4302FALSE
267.6878FALSE
270.4297FALSE
267.6864FALSE
270.4287FALSE
267.6813FALSE
270.4283FALSE
267.6446FALSE
270.4262FALSE
267.6417FALSE
270.4302FALSE
267.6475FALSE
270.4297FALSE
267.6472FALSE
270.4287FALSE
267.6419FALSE
270.4283FALSE
267.6421FALSE
270.4262FALSE
267.6461FALSE
270.4302FALSE
267.645FALSE
270.4297FALSE
270.4287FALSE
267.6448FALSE
270.4283FALSE
267.644FALSE
270.4262FALSE
267.6419FALSE
270.4302FALSE
267.6466FALSE
270.4297FALSE
267.6448FALSE
270.4287FALSE
267.6446FALSE
270.4283FALSE
267.6445FALSE
270.4262FALSE
267.6419FALSE
270.4302FALSE
267.6466FALSE
270.4297FALSE
267.6448FALSE
270.4287FALSE
267.6446FALSE
267.6445FALSE
270.4283FALSE
267.6419FALSE
270.4262FALSE
267.6466FALSE
270.4302FALSE
267.6448FALSE
270.4297FALSE
267.6446FALSE
270.4287FALSE
267.6445FALSE
270.4283FALSE
267.6419FALSE
270.4262FALSE
267.6466FALSE
270.4302FALSE
267.6448FALSE
270.4297FALSE
267.6446FALSE
270.4287FALSE
267.6445FALSE
270.4283FALSE
267.6419FALSE
270.4262FALSE
267.6466FALSE
270.4302FALSE
267.6448FALSE
270.4297FALSE
267.6446FALSE
270.4287FALSE
267.6445FALSE
270.4283FALSE
267.6419FALSE
270.4262FALSE
267.6466FALSE
270.4302FALSE
267.6448FALSE
270.4297FALSE
267.6446FALSE
270.4287FALSE
267.6445FALSE
270.4283FALSE
267.6419FALSE
270.4262FALSE
267.6466FALSE
270.4302FALSE
270.4297FALSE
267.6448FALSE
270.4287FALSE
267.6446FALSE
270.4283FALSE
267.6445FALSE
270.4262FALSE
267.6419FALSE
270.4302FALSE
270.4297FALSE
267.6466FALSE
270.4287FALSE
267.6448FALSE
270.4283FALSE
267.6446FALSE
271.6164FALSE
267.6445FALSE
271.6057FALSE
267.6419FALSE
271.6271FALSE
267.6466FALSE
271.6133FALSE
271.6195FALSE
267.6448FALSE
270.4446FALSE
267.6446FALSE
270.4409FALSE
267.6445FALSE
270.4483FALSE
267.6419FALSE
270.4468FALSE
267.6466FALSE
270.4423FALSE
267.6448FALSE
270.4269FALSE
270.4289FALSE
267.6446FALSE
270.4304FALSE
267.6445FALSE
270.4293FALSE
267.6419FALSE
270.4271FALSE
267.6466FALSE
270.4262FALSE
267.6448FALSE
270.4301FALSE
267.6446FALSE
270.4297FALSE
267.6445FALSE
270.4287FALSE
267.6419FALSE
270.4283FALSE
267.6466FALSE
267.6448FALSE
270.4262FALSE
267.6446FALSE
270.4302FALSE
267.6445FALSE
270.4297FALSE
267.6419FALSE
270.4287FALSE
267.6466FALSE
270.4283FALSE
267.6448FALSE
270.4262FALSE
267.6446FALSE
270.4302FALSE
267.6445FALSE
270.4297FALSE
267.6419FALSE
270.4287FALSE
267.6466FALSE
270.4283FALSE
267.6448FALSE
270.4262FALSE
267.6446FALSE
270.4302FALSE
267.6445FALSE
270.4297FALSE
267.6419FALSE
270.4287FALSE
267.6466FALSE
270.4283FALSE
267.6448FALSE
270.4262FALSE
267.6446FALSE
270.4302FALSE
267.6445FALSE
270.4297FALSE
267.6419FALSE
270.4287FALSE
267.6466FALSE
270.4283FALSE
267.6448FALSE
270.4262FALSE
270.4302FALSE
267.6446FALSE
270.4297FALSE
267.6445FALSE
$par
smooth_log_cases_lag1.bw         time_ind_lag0.bw 
               -2.418995                -2.344795 

$value
[1] 267.6419

$counts
function gradient 
      54       54 

$convergence
[1] 52

$message
[1] "ERROR: ABNORMAL_TERMINATION_IN_LNSRCH"

270.4287FALSE
270.4283FALSE
270.4262FALSE
270.4302FALSE
270.4297FALSE
270.4287FALSE
270.4283FALSE
270.4262FALSE
270.4302FALSE
270.4297FALSE
270.4287FALSE
270.4283FALSE
270.4262FALSE
270.4302FALSE
270.4297FALSE
270.4287FALSE
270.4283FALSE
270.4262FALSE
270.4302FALSE
270.4297FALSE
270.4287FALSE
270.4283FALSE
270.4262FALSE
270.4302FALSE
270.4297FALSE
270.4287FALSE
270.4283FALSE
270.4262FALSE
270.4302FALSE
270.4297FALSE
270.4287FALSE
270.4283FALSE
270.4262FALSE
270.4302FALSE
270.4297FALSE
270.4287FALSE
270.4283FALSE
270.4262FALSE
270.4302FALSE
270.4297FALSE
270.4287FALSE
270.4283FALSE
270.4262FALSE
270.4302FALSE
270.4297FALSE
270.4287FALSE
270.4283FALSE
270.4262FALSE
270.4302FALSE
270.4297FALSE
270.4287FALSE
270.4283FALSE
270.4262FALSE
270.4302FALSE
270.4297FALSE
270.4287FALSE
270.4283FALSE
$par
smooth_log_cases_lag0.bw         time_ind_lag0.bw 
               -2.400906                -2.285637 

$value
[1] 270.4262

$counts
function gradient 
      66       66 

$convergence
[1] 0

$message
[1] "CONVERGENCE: REL_REDUCTION_OF_F <= FACTR*EPSMCH"

291.1662FALSE
270.1612FALSE
291.16FALSE
270.1498FALSE
291.1723FALSE
270.1726FALSE
287.84FALSE
270.1511FALSE
287.8458FALSE
270.1713FALSE
287.8342FALSE
270.1635FALSE
288.4967FALSE
270.1589FALSE
288.4931FALSE
273.5036FALSE
288.5004FALSE
273.5086FALSE
295.0586FALSE
295.1061FALSE
273.4986FALSE
295.0112FALSE
273.514FALSE
287.6776FALSE
273.4932FALSE
287.675FALSE
273.4927FALSE
273.5145FALSE
287.6802FALSE
269.1328FALSE
295.9775FALSE
269.1323FALSE
296.0264FALSE
269.1333FALSE
295.9288FALSE
269.1348FALSE
287.5125FALSE
269.1307FALSE
287.5108FALSE
287.5141FALSE
269.1279FALSE
287.6611FALSE
269.1377FALSE
287.6659FALSE
268.7804FALSE
287.6562FALSE
268.7802FALSE
287.4598FALSE
287.4594FALSE
268.7806FALSE
287.4602FALSE
268.7818FALSE
287.4551FALSE
268.7789FALSE
287.4548FALSE
268.7765FALSE
287.4555FALSE
268.7843FALSE
287.7187FALSE
287.7238FALSE
268.709FALSE
287.7137FALSE
268.7086FALSE
287.4554FALSE
268.7094FALSE
287.456FALSE
268.7088FALSE
287.4549FALSE
268.7092FALSE
287.4547FALSE
287.4549FALSE
268.7127FALSE
287.455FALSE
268.7053FALSE
287.4546FALSE
268.4231FALSE
287.4551FALSE
268.4235FALSE
287.4549FALSE
268.4227FALSE
287.4546FALSE
287.455FALSE
268.4238FALSE
287.455FALSE
268.4224FALSE
287.4546FALSE
268.423FALSE
287.455FALSE
268.4232FALSE
287.455FALSE
268.4078FALSE
287.4546FALSE
287.455FALSE
268.4081FALSE
287.455FALSE
268.4075FALSE
287.4546FALSE
268.4084FALSE
287.455FALSE
268.4072FALSE
287.455FALSE
268.408FALSE
287.4546FALSE
287.455FALSE
268.4077FALSE
287.455FALSE
287.4546FALSE
269.3395FALSE
287.455FALSE
269.3312FALSE
287.455FALSE
287.4546FALSE
287.455FALSE
269.3279FALSE
287.455FALSE
269.351FALSE
287.4546FALSE
269.343FALSE
287.455FALSE
269.3359FALSE
287.455FALSE
268.3889FALSE
287.4546FALSE
268.3889FALSE
287.455FALSE
287.455FALSE
268.389FALSE
287.4546FALSE
268.3885FALSE
287.455FALSE
268.3893FALSE
287.455FALSE
268.3893FALSE
287.4546FALSE
268.3886FALSE
287.455FALSE
268.3909FALSE
287.455FALSE
$par
time_ind_lag0.bw 
       -1.456216 

$value
[1] 287.4546

$counts
function gradient 
      25       25 

$convergence
[1] 0

$message
[1] "CONVERGENCE: REL_REDUCTION_OF_F <= FACTR*EPSMCH"

268.3911FALSE
268.3907FALSE
268.3915FALSE
268.3904FALSE
268.3911FALSE
268.3908FALSE
268.3884FALSE
268.3884FALSE
268.3885FALSE
268.3886FALSE
268.3883FALSE
268.3886FALSE
268.3882FALSE
268.3868FALSE
268.3868FALSE
268.3869FALSE
268.3871FALSE
268.3867FALSE
268.387FALSE
268.3867FALSE
268.4104FALSE
268.4102FALSE
268.4106FALSE
268.4098FALSE
268.411FALSE
268.4092FALSE
268.4116FALSE
268.3867FALSE
268.3867FALSE
268.3867FALSE
268.387FALSE
268.3866FALSE
268.3869FALSE
268.3871FALSE
268.3866FALSE
268.3866FALSE
268.3866FALSE
268.3868FALSE
268.387FALSE
268.3868FALSE
268.387FALSE
268.3867FALSE
268.3867FALSE
268.3867FALSE
268.3869FALSE
268.387FALSE
268.3868FALSE
268.3867FALSE
268.3866FALSE
268.3866FALSE
268.3866FALSE
268.3868FALSE
268.387FALSE
268.3868FALSE
268.387FALSE
268.3866FALSE
268.3866FALSE
268.3866FALSE
268.3868FALSE
268.387FALSE
268.3868FALSE
268.387FALSE
268.3866FALSE
268.3866FALSE
268.3866FALSE
268.3868FALSE
268.387FALSE
268.3868FALSE
268.387FALSE
268.3866FALSE
268.3866FALSE
268.3866FALSE
268.3868FALSE
268.387FALSE
268.3868FALSE
268.387FALSE
268.3866FALSE
268.3866FALSE
268.3866FALSE
268.3868FALSE
268.387FALSE
268.3868FALSE
268.387FALSE
268.3866FALSE
268.3866FALSE
268.3866FALSE
268.3868FALSE
268.387FALSE
268.3868FALSE
268.387FALSE
268.3866FALSE
268.3866FALSE
268.3866FALSE
268.3868FALSE
268.387FALSE
268.3868FALSE
268.387FALSE
268.3866FALSE
268.3866FALSE
268.3866FALSE
268.3868FALSE
268.387FALSE
268.3868FALSE
268.387FALSE
268.3866FALSE
268.3866FALSE
268.3866FALSE
268.3868FALSE
268.387FALSE
268.3868FALSE
268.387FALSE
268.3866FALSE
268.3866FALSE
268.3866FALSE
268.3868FALSE
268.387FALSE
268.3868FALSE
268.387FALSE
268.3866FALSE
268.3866FALSE
268.3866FALSE
268.3868FALSE
268.387FALSE
268.3868FALSE
268.387FALSE
268.3866FALSE
268.3866FALSE
268.3866FALSE
268.3868FALSE
268.387FALSE
268.3868FALSE
268.387FALSE
268.3866FALSE
268.3866FALSE
268.3866FALSE
268.3868FALSE
268.387FALSE
268.3868FALSE
268.387FALSE
268.3866FALSE
268.3866FALSE
268.3866FALSE
268.3868FALSE
268.387FALSE
268.3868FALSE
268.387FALSE
268.3866FALSE
268.3866FALSE
268.3866FALSE
268.3868FALSE
268.387FALSE
268.3868FALSE
268.387FALSE
268.3866FALSE
268.3866FALSE
268.3866FALSE
268.3868FALSE
268.387FALSE
268.3868FALSE
268.387FALSE
268.3866FALSE
268.3866FALSE
268.3866FALSE
268.3868FALSE
268.387FALSE
268.3868FALSE
268.387FALSE
268.3866FALSE
268.3866FALSE
268.3866FALSE
268.3868FALSE
268.387FALSE
268.3868FALSE
268.387FALSE
$par
smooth_log_cases_lag0.bw smooth_log_cases_lag1.bw         time_ind_lag0.bw 
               -2.047825                -2.290148                -2.180814 

$value
[1] 268.3866

$counts
function gradient 
      34       34 

$convergence
[1] 0

$message
[1] "CONVERGENCE: REL_REDUCTION_OF_F <= FACTR*EPSMCH"

> 
> save(ssr_fit,
+     file=paste0("/home/ngr67a/2015-cdc-flu-competition/fit-competition-ssr-ph", prediction_horizon_limit, "-", data_set, ".Rdata"))
> 
> proc.time()
    user   system  elapsed 
2324.348    1.225 1958.114 
