
R version 3.2.2 (2015-08-14) -- "Fire Safety"
Copyright (C) 2015 The R Foundation for Statistical Computing
Platform: x86_64-pc-linux-gnu (64-bit)

R is free software and comes with ABSOLUTELY NO WARRANTY.
You are welcome to redistribute it under certain conditions.
Type 'license()' or 'licence()' for distribution details.

  Natural language support but running in an English locale

R is a collaborative project with many contributors.
Type 'contributors()' for more information and
'citation()' on how to cite R or R packages in publications.

Type 'demo()' for some demos, 'help()' for on-line help, or
'help.start()' for an HTML browser interface to help.
Type 'q()' to quit R.

> ### get ssr fit -- prediction horizons 1:52
> library(lubridate)
> library(ggplot2)
> library(plyr)

Attaching package: ‘plyr’

The following object is masked from ‘package:lubridate’:

    here

> library(dplyr)

Attaching package: ‘dplyr’

The following objects are masked from ‘package:plyr’:

    arrange, count, desc, failwith, id, mutate, rename, summarise,
    summarize

The following objects are masked from ‘package:lubridate’:

    intersect, setdiff, union

The following objects are masked from ‘package:stats’:

    filter, lag

The following objects are masked from ‘package:base’:

    intersect, setdiff, setequal, union

> library(reshape)

Attaching package: ‘reshape’

The following object is masked from ‘package:dplyr’:

    rename

The following objects are masked from ‘package:plyr’:

    rename, round_any

The following object is masked from ‘package:lubridate’:

    stamp

> library(ssrFlu)
> library(doMC)
Loading required package: foreach
Loading required package: iterators
Loading required package: parallel
> 
> registerDoMC(cores=3)
> 
> args <- commandArgs(trailingOnly=TRUE)
> 
> data_set <- args[1]
> prediction_horizon_limit <- as.integer(args[2])
> 
> ## load dataset
> if(identical(data_set, "ili_national")) {
+     data <- ili_national
+ } 
> if(identical(data_set, "ili_region1")) {
+     data <- ili_region1
+ } 
> if(identical(data_set, "ili_region2")) {
+     data <- ili_region2
+ } 
> if(identical(data_set, "ili_region3")) {
+     data <- ili_region3
+ } 
> if(identical(data_set, "ili_region4")) {
+     data <- ili_region4
+ } 
> if(identical(data_set, "ili_region5")) {
+     data <- ili_region5
+ } 
> if(identical(data_set, "ili_region6")) {
+     data <- ili_region6
+ } 
> if(identical(data_set, "ili_region7")) {
+     data <- ili_region7
+ } 
> if(identical(data_set, "ili_region8")) {
+     data <- ili_region8
+ } 
> if(identical(data_set, "ili_region9")) {
+     data <- ili_region9
+ } 
> if(identical(data_set, "ili_region10")) {
+     data <- ili_region10
+ } 
> 
> 
> 
> ## add log column
> data$log_total_cases <- log(data$total_cases + 1)
> 
> ## add week_start_date
> char_dates <- paste(data$year, data$week, "1")
> data$week_start_date <- as.Date(char_dates, format="%Y %W %w")
> 
> ## remove week 53s
> data <- data[-which(is.na(data$week_start_date)),]
> data <- data[262:nrow(data),]
> 
> ## add smooth log column -- or not, since it is already pretty smooth...
> sm <- loess(log_total_cases ~ as.numeric(week_start_date), data=data, span= 26 / nrow(data))
> data$smooth_log_cases <- sm$fitted
> 
> ## add time column
> data$time_ind <- seq_len(nrow(data))
> 
> ssr_control <- create_ssr_control(X_names=c("smooth_log_cases", "time_ind"),
+     y_names="total_cases",
+     time_name=NULL,
+     max_lag=list(smooth_log_cases=1,
+         time_ind=0),
+     prediction_horizons=as.integer(prediction_horizon_limit),
+     kernel_fns=list(smooth_log_cases="squared_exp_kernel",
+         time_ind="periodic_kernel"),
+     theta_est=list(smooth_log_cases="bw",
+         time_ind="bw"),
+     theta_fixed=list(time_ind=list(period=pi / 52)),
+     theta_transform_fns=list(
+         squared_exp_kernel=list(
+             bw=list(transform="log",
+                 detransform="exp")
+         ),
+         periodic_kernel=list(
+             bw=list(transform="log",
+                 detransform="exp")
+         )
+     ),
+     crossval_buffer=52,
+     loss_fn_name="mae_from_kernel_weights_and_centers",
+     loss_fn_args=list())
> 
> 
> ssr_fit <- ssr(X_names=c("smooth_log_cases", "time_ind"),
+     y_names="total_cases",
+     time_name=NULL,
+     data=data,
+     ssr_control=ssr_control)
532.4228FALSE
392.409FALSE
534.3719FALSE
532.4226FALSE
392.4082FALSE
534.3785FALSE
392.41FALSE
534.3652FALSE
532.4229FALSE
401.5317FALSE
544.1607FALSE
538.5332FALSE
401.5635FALSE
538.5221FALSE
544.1843FALSE
401.5FALSE
538.5443FALSE
544.1376FALSE
532.4211FALSE
392.3937FALSE
533.5198FALSE
532.4209FALSE
392.3944FALSE
533.5208FALSE
392.3929FALSE
533.5188FALSE
532.4214FALSE
533.4776FALSE
392.3694FALSE
532.4183FALSE
533.4782FALSE
392.3689FALSE
532.418FALSE
533.4769FALSE
392.3699FALSE
532.4187FALSE
533.6245FALSE
392.3708FALSE
534.8527FALSE
533.621FALSE
392.3714FALSE
533.628FALSE
534.866FALSE
392.3702FALSE
533.4777FALSE
534.8395FALSE
392.3638FALSE
533.4772FALSE
532.4086FALSE
392.3633FALSE
532.4081FALSE
533.4781FALSE
392.3643FALSE
532.4091FALSE
533.4756FALSE
392.3637FALSE
532.42FALSE
533.476FALSE
392.3643FALSE
532.4203FALSE
533.4761FALSE
532.4196FALSE
392.3633FALSE
533.4755FALSE
532.4079FALSE
392.3633FALSE
532.4084FALSE
533.4761FALSE
392.3637FALSE
532.4078FALSE
533.476FALSE
392.3638FALSE
532.4078FALSE
533.4756FALSE
392.3643FALSE
532.4078FALSE
533.476FALSE
392.3649FALSE
532.4077FALSE
533.476FALSE
392.3637FALSE
532.4098FALSE
533.4756FALSE
392.3633FALSE
532.4093FALSE
392.3637FALSE
533.476FALSE
532.4103FALSE
392.3638FALSE
533.476FALSE
392.3632FALSE
532.4078FALSE
533.4756FALSE
392.3637FALSE
532.4078FALSE
392.3637FALSE
533.476FALSE
532.4077FALSE
392.3632FALSE
533.476FALSE
532.4078FALSE
392.3637FALSE
533.4756FALSE
532.4078FALSE
392.3637FALSE
$par
time_ind_lag0.bw 
       -2.210842 

$value
[1] 392.3632

$counts
function gradient 
      12       12 

$convergence
[1] 0

$message
[1] "CONVERGENCE: NORM OF PROJECTED GRADIENT <= PGTOL"

533.476FALSE
532.4077FALSE
533.476FALSE
532.4084FALSE
532.4079FALSE
533.4756FALSE
533.476FALSE
532.4089FALSE
533.476FALSE
532.4078FALSE
532.4078FALSE
533.4756FALSE
532.4077FALSE
533.476FALSE
532.4078FALSE
533.476FALSE
532.4078FALSE
533.4756FALSE
532.4077FALSE
533.476FALSE
532.4078FALSE
532.4078FALSE
533.476FALSE
532.4083FALSE
533.4756FALSE
532.4077FALSE
533.476FALSE
532.4078FALSE
533.476FALSE
532.4079FALSE
532.4078FALSE
533.4756FALSE
532.4078FALSE
533.476FALSE
532.4078FALSE
533.476FALSE
532.4077FALSE
533.4756FALSE
532.4078FALSE
533.476FALSE
532.4081FALSE
533.476FALSE
532.4078FALSE
532.4078FALSE
533.4756FALSE
532.4078FALSE
533.476FALSE
532.4078FALSE
533.476FALSE
532.4078FALSE
533.4756FALSE
532.4078FALSE
$par
smooth_log_cases_lag1.bw 
               -2.259356 

$value
[1] 532.4078

$counts
function gradient 
      21       21 

$convergence
[1] 0

$message
[1] "CONVERGENCE: REL_REDUCTION_OF_F <= FACTR*EPSMCH"

533.476FALSE
533.476FALSE
533.4756FALSE
533.476FALSE
533.476FALSE
533.4756FALSE
533.476FALSE
533.476FALSE
533.4756FALSE
533.476FALSE
533.476FALSE
533.4756FALSE
533.476FALSE
533.476FALSE
533.4756FALSE
533.476FALSE
533.476FALSE
533.4756FALSE
533.476FALSE
533.476FALSE
533.4756FALSE
533.476FALSE
533.476FALSE
533.4756FALSE
533.476FALSE
533.476FALSE
533.4756FALSE
533.476FALSE
533.476FALSE
533.4756FALSE
533.476FALSE
533.476FALSE
533.4756FALSE
533.476FALSE
533.476FALSE
533.4756FALSE
533.476FALSE
533.476FALSE
533.4756FALSE
533.476FALSE
533.476FALSE
533.4756FALSE
533.476FALSE
533.476FALSE
533.4756FALSE
533.476FALSE
533.476FALSE
533.4756FALSE
533.476FALSE
533.476FALSE
533.4756FALSE
533.476FALSE
533.476FALSE
533.4756FALSE
533.476FALSE
533.476FALSE
533.4756FALSE
533.476FALSE
533.476FALSE
533.4756FALSE
533.476FALSE
533.476FALSE
533.4756FALSE
533.476FALSE
533.476FALSE
533.4756FALSE
533.476FALSE
533.476FALSE
533.4756FALSE
533.476FALSE
533.476FALSE
533.4756FALSE
533.476FALSE
533.476FALSE
533.4756FALSE
533.476FALSE
533.476FALSE
533.4756FALSE
533.476FALSE
533.476FALSE
533.4756FALSE
533.476FALSE
533.476FALSE
533.4756FALSE
533.476FALSE
533.476FALSE
533.4756FALSE
533.476FALSE
533.476FALSE
$par
smooth_log_cases_lag0.bw 
               -2.601294 

$value
[1] 533.4756

$counts
function gradient 
      49       49 

$convergence
[1] 52

$message
[1] "ERROR: ABNORMAL_TERMINATION_IN_LNSRCH"

391.304FALSE
396.468FALSE
391.3237FALSE
396.4903FALSE
391.284FALSE
396.4484FALSE
391.2738FALSE
396.4362FALSE
391.334FALSE
396.4998FALSE
401.4719FALSE
406.0189FALSE
401.4643FALSE
406.0128FALSE
401.4795FALSE
406.0249FALSE
401.5111FALSE
406.0629FALSE
401.4328FALSE
405.9749FALSE
390.5742FALSE
390.5693FALSE
394.4368FALSE
390.5789FALSE
394.4396FALSE
390.5807FALSE
394.4338FALSE
390.5676FALSE
394.4353FALSE
389.9428FALSE
394.4382FALSE
389.932FALSE
394.4249FALSE
389.9535FALSE
394.421FALSE
389.952FALSE
394.4286FALSE
389.9336FALSE
394.4286FALSE
390.5443FALSE
394.4211FALSE
394.3843FALSE
390.5189FALSE
394.3887FALSE
390.5694FALSE
394.3798FALSE
390.5599FALSE
394.3823FALSE
390.5284FALSE
394.3863FALSE
389.5437FALSE
394.4011FALSE
389.5398FALSE
394.3994FALSE
389.5474FALSE
394.4026FALSE
389.5486FALSE
394.4033FALSE
389.5387FALSE
394.3988FALSE
392.2371FALSE
394.3785FALSE
392.2347FALSE
394.383FALSE
392.2393FALSE
394.3739FALSE
392.229FALSE
394.3764FALSE
392.2454FALSE
394.3806FALSE
389.3025FALSE
394.3906FALSE
389.2948FALSE
394.3886FALSE
389.3102FALSE
394.3925FALSE
389.3104FALSE
394.393FALSE
389.2947FALSE
394.3882FALSE
389.5614FALSE
394.3752FALSE
389.5775FALSE
394.3771FALSE
389.5452FALSE
394.3776FALSE
389.5446FALSE
394.3778FALSE
389.5783FALSE
394.3746FALSE
389.2056FALSE
394.4101FALSE
389.1961FALSE
394.414FALSE
389.215FALSE
394.4062FALSE
389.2146FALSE
394.4082FALSE
389.1965FALSE
394.412FALSE
389.1579FALSE
394.3773FALSE
389.1478FALSE
394.3818FALSE
389.1679FALSE
394.3726FALSE
389.1675FALSE
394.3751FALSE
389.1483FALSE
394.3794FALSE
389.148FALSE
394.3739FALSE
389.1605FALSE
394.3782FALSE
389.1355FALSE
394.3763FALSE
389.1352FALSE
394.3765FALSE
389.1608FALSE
389.148FALSE
394.3757FALSE
389.1605FALSE
394.3728FALSE
389.1355FALSE
394.3706FALSE
389.1352FALSE
394.375FALSE
389.1608FALSE
389.4653FALSE
394.3753FALSE
389.4604FALSE
394.3703FALSE
389.4709FALSE
394.3681FALSE
389.4716FALSE
394.366FALSE
389.459FALSE
394.3701FALSE
389.2FALSE
394.3705FALSE
389.1905FALSE
394.3657FALSE
389.2095FALSE
394.3504FALSE
389.2091FALSE
394.3486FALSE
389.1909FALSE
394.3521FALSE
389.1407FALSE
389.1406FALSE
394.3524FALSE
389.1509FALSE
394.3484FALSE
389.1504FALSE
394.4794FALSE
389.1409FALSE
394.4728FALSE
389.1362FALSE
394.486FALSE
389.1461FALSE
394.48FALSE
389.1465FALSE
394.4789FALSE
389.1459FALSE
394.3231FALSE
389.1464FALSE
394.3224FALSE
389.1361FALSE
394.3238FALSE
389.1462FALSE
394.3246FALSE
389.1463FALSE
389.1458FALSE
394.3216FALSE
389.1465FALSE
394.3139FALSE
389.1354FALSE
394.3128FALSE
389.1464FALSE
394.3149FALSE
389.1457FALSE
394.315FALSE
389.1452FALSE
394.3127FALSE
389.1467FALSE
394.3644FALSE
389.1347FALSE
394.3578FALSE
389.1469FALSE
394.3709FALSE
389.1432FALSE
394.3655FALSE
389.1427FALSE
394.3633FALSE
389.1473FALSE
389.164FALSE
394.3103FALSE
389.1774FALSE
394.3095FALSE
389.1506FALSE
394.311FALSE
389.1502FALSE
394.3113FALSE
389.178FALSE
394.3093FALSE
389.1353FALSE
394.3077FALSE
389.151FALSE
394.3071FALSE
389.1411FALSE
394.3082FALSE
389.1406FALSE
394.3086FALSE
389.15FALSE
394.3068FALSE
389.1348FALSE
394.3245FALSE
389.1474FALSE
394.3225FALSE
389.1426FALSE
394.3282FALSE
389.1422FALSE
394.3244FALSE
389.1472FALSE
394.3249FALSE
389.1346FALSE
389.147FALSE
394.3065FALSE
389.1431FALSE
394.3059FALSE
389.1426FALSE
394.3069FALSE
389.1473FALSE
394.3074FALSE
389.1347FALSE
394.3056FALSE
389.1471FALSE
394.3057FALSE
389.1427FALSE
394.3052FALSE
389.1424FALSE
394.3073FALSE
389.1473FALSE
394.3066FALSE
389.1346FALSE
394.3055FALSE
389.147FALSE
394.3094FALSE
389.143FALSE
394.3086FALSE
389.1426FALSE
394.3101FALSE
389.1473FALSE
389.1339FALSE
394.3104FALSE
389.1469FALSE
394.3084FALSE
389.1431FALSE
394.3061FALSE
389.1427FALSE
394.3056FALSE
389.1463FALSE
394.3067FALSE
389.1336FALSE
394.307FALSE
389.1455FALSE
394.3052FALSE
389.1439FALSE
394.3057FALSE
389.1436FALSE
394.3052FALSE
389.1453FALSE
389.1347FALSE
394.3072FALSE
389.144FALSE
394.3066FALSE
389.145FALSE
394.3055FALSE
389.1446FALSE
394.3057FALSE
389.1439FALSE
394.3052FALSE
389.1336FALSE
394.3073FALSE
389.1455FALSE
394.3066FALSE
389.1439FALSE
394.3055FALSE
389.1436FALSE
394.3057FALSE
389.1453FALSE
394.3052FALSE
389.1336FALSE
394.3073FALSE
389.1455FALSE
394.3066FALSE
389.1439FALSE
394.3055FALSE
389.1436FALSE
394.3057FALSE
389.1453FALSE
394.3052FALSE
389.1336FALSE
394.3073FALSE
389.1455FALSE
394.3066FALSE
389.1439FALSE
394.3055FALSE
389.1436FALSE
394.3057FALSE
389.1453FALSE
394.3052FALSE
389.1336FALSE
394.3073FALSE
389.1455FALSE
394.3066FALSE
389.1439FALSE
394.3055FALSE
389.1436FALSE
394.3057FALSE
394.3052FALSE
389.1453FALSE
394.3073FALSE
389.1336FALSE
389.1455FALSE
394.3066FALSE
389.1439FALSE
394.3055FALSE
389.1436FALSE
394.3057FALSE
389.1453FALSE
394.3052FALSE
389.1336FALSE
394.3073FALSE
394.3066FALSE
389.1455FALSE
394.3055FALSE
389.1439FALSE
394.3057FALSE
389.1436FALSE
394.3052FALSE
389.1453FALSE
394.3073FALSE
394.3066FALSE
389.1336FALSE
394.3055FALSE
394.3057FALSE
389.1455FALSE
394.3052FALSE
394.3073FALSE
389.1439FALSE
394.3066FALSE
389.1436FALSE
394.3055FALSE
394.3057FALSE
389.1453FALSE
394.3052FALSE
394.3073FALSE
389.1336FALSE
394.3066FALSE
389.1455FALSE
394.3055FALSE
389.1439FALSE
394.3057FALSE
389.1436FALSE
394.3052FALSE
394.3073FALSE
389.1453FALSE
394.3066FALSE
389.1336FALSE
394.3055FALSE
389.1455FALSE
394.3057FALSE
389.1439FALSE
394.3052FALSE
389.1436FALSE
394.3073FALSE
389.1453FALSE
394.3066FALSE
394.3055FALSE
389.1336FALSE
394.3057FALSE
394.3052FALSE
389.1455FALSE
394.3073FALSE
394.3066FALSE
389.1439FALSE
394.3055FALSE
394.3057FALSE
389.1436FALSE
394.3052FALSE
394.3073FALSE
389.1453FALSE
394.3066FALSE
394.3055FALSE
389.1336FALSE
394.3057FALSE
394.3052FALSE
389.1455FALSE
394.3073FALSE
394.3066FALSE
389.1439FALSE
394.3055FALSE
389.1436FALSE
394.3057FALSE
389.1453FALSE
394.3052FALSE
389.1336FALSE
394.3073FALSE
389.1455FALSE
394.3066FALSE
389.1439FALSE
394.3055FALSE
389.1436FALSE
394.3057FALSE
389.1453FALSE
394.3052FALSE
389.1336FALSE
394.3073FALSE
389.1455FALSE
394.3066FALSE
389.1439FALSE
394.3055FALSE
389.1436FALSE
394.3057FALSE
389.1453FALSE
394.3052FALSE
389.1336FALSE
394.3073FALSE
389.1455FALSE
394.3066FALSE
389.1439FALSE
394.3055FALSE
$par
smooth_log_cases_lag1.bw         time_ind_lag0.bw 
               -2.577348                -2.020839 

$value
[1] 394.3057

$counts
function gradient 
      44       44 

$convergence
[1] 0

$message
[1] "CONVERGENCE: REL_REDUCTION_OF_F <= FACTR*EPSMCH"

389.1436FALSE
389.1453FALSE
389.1336FALSE
389.1455FALSE
389.1439FALSE
389.1436FALSE
389.1453FALSE
$par
smooth_log_cases_lag0.bw         time_ind_lag0.bw 
               -2.395008                -2.042173 

$value
[1] 389.1336

$counts
function gradient 
      44       44 

$convergence
[1] 0

$message
[1] "CONVERGENCE: REL_REDUCTION_OF_F <= FACTR*EPSMCH"

392.5559FALSE
392.5294FALSE
392.5579FALSE
392.5342FALSE
392.5538FALSE
394.1707FALSE
392.5246FALSE
394.1672FALSE
392.5296FALSE
394.1743FALSE
392.3845FALSE
392.5292FALSE
392.384FALSE
392.5268FALSE
392.385FALSE
392.3659FALSE
392.532FALSE
392.3654FALSE
398.8095FALSE
392.3664FALSE
398.7976FALSE
392.5166FALSE
398.8215FALSE
392.5188FALSE
392.5145FALSE
398.8092FALSE
392.3733FALSE
398.8098FALSE
392.3739FALSE
398.8448FALSE
392.3728FALSE
392.3636FALSE
392.3633FALSE
398.7742FALSE
392.3641FALSE
392.365FALSE
390.1163FALSE
392.3656FALSE
392.3644FALSE
390.1265FALSE
392.3636FALSE
392.3633FALSE
390.1061FALSE
392.3641FALSE
395.3518FALSE
395.3643FALSE
390.1184FALSE
395.3394FALSE
392.3796FALSE
390.1142FALSE
392.3802FALSE
390.121FALSE
392.3791FALSE
390.1117FALSE
392.3648FALSE
392.3654FALSE
389.5218FALSE
392.3642FALSE
392.3633FALSE
392.3637FALSE
389.5323FALSE
392.3638FALSE
389.5113FALSE
392.3632FALSE
392.3637FALSE
389.5237FALSE
392.3637FALSE
389.5199FALSE
392.3632FALSE
389.5327FALSE
392.3637FALSE
392.3637FALSE
$par
time_ind_lag0.bw 
       -2.210842 

$value
[1] 392.3632

$counts
function gradient 
      15       15 

$convergence
[1] 0

$message
[1] "CONVERGENCE: REL_REDUCTION_OF_F <= FACTR*EPSMCH"

389.511FALSE
452.2664FALSE
452.2369FALSE
452.296FALSE
452.2851FALSE
452.2477FALSE
452.343FALSE
452.1898FALSE
390.933FALSE
390.931FALSE
390.935FALSE
390.932FALSE
390.9339FALSE
390.9652FALSE
390.901FALSE
389.2248FALSE
389.2348FALSE
389.215FALSE
389.226FALSE
389.2235FALSE
389.2396FALSE
389.2106FALSE
388.955FALSE
388.9558FALSE
388.9542FALSE
388.9541FALSE
388.9559FALSE
388.9821FALSE
388.9278FALSE
386.6737FALSE
386.6735FALSE
386.6739FALSE
386.6723FALSE
386.6751FALSE
386.6959FALSE
386.6514FALSE
382.1791FALSE
382.1791FALSE
382.1791FALSE
382.1762FALSE
382.182FALSE
382.1755FALSE
382.1828FALSE
382.0301FALSE
382.0299FALSE
382.0303FALSE
382.0273FALSE
382.0329FALSE
382.0312FALSE
382.029FALSE
381.854FALSE
381.8533FALSE
381.8547FALSE
381.8514FALSE
381.8566FALSE
381.8556FALSE
381.8524FALSE
381.15FALSE
381.1473FALSE
381.1529FALSE
381.1493FALSE
381.1508FALSE
381.154FALSE
381.1461FALSE
382.5153FALSE
382.5349FALSE
382.4958FALSE
382.5152FALSE
382.5154FALSE
382.5105FALSE
382.5203FALSE
381.0327FALSE
381.0343FALSE
381.0311FALSE
381.0321FALSE
381.0332FALSE
381.0359FALSE
381.0294FALSE
380.8574FALSE
380.8579FALSE
380.8572FALSE
380.857FALSE
380.8579FALSE
380.8602FALSE
380.855FALSE
380.8839FALSE
380.8839FALSE
380.8839FALSE
380.8837FALSE
380.8841FALSE
380.8795FALSE
380.8883FALSE
380.8117FALSE
380.8112FALSE
380.8122FALSE
380.8114FALSE
380.812FALSE
380.8099FALSE
380.8136FALSE
380.7505FALSE
380.7501FALSE
380.7509FALSE
380.7503FALSE
380.7507FALSE
380.7486FALSE
380.7524FALSE
380.7268FALSE
380.7244FALSE
380.7291FALSE
380.7267FALSE
380.7268FALSE
380.7297FALSE
380.7239FALSE
380.681FALSE
380.6832FALSE
380.6789FALSE
380.681FALSE
380.6811FALSE
380.683FALSE
380.6791FALSE
380.6546FALSE
380.654FALSE
380.6553FALSE
380.6546FALSE
380.6547FALSE
380.6543FALSE
380.655FALSE
380.6457FALSE
380.6466FALSE
380.6464FALSE
380.6457FALSE
380.6458FALSE
380.6464FALSE
380.6461FALSE
380.634FALSE
380.6349FALSE
380.6344FALSE
380.634FALSE
380.634FALSE
380.6347FALSE
380.6341FALSE
380.6356FALSE
380.6351FALSE
380.6362FALSE
380.6356FALSE
380.6356FALSE
380.6339FALSE
380.6373FALSE
380.6329FALSE
380.6328FALSE
380.6335FALSE
380.6329FALSE
380.633FALSE
380.6325FALSE
380.6344FALSE
380.6287FALSE
380.6289FALSE
380.6293FALSE
380.6287FALSE
380.6287FALSE
380.6286FALSE
380.6296FALSE
380.6273FALSE
380.6277FALSE
380.6279FALSE
380.6273FALSE
380.6273FALSE
380.6274FALSE
380.6277FALSE
380.6263FALSE
380.6272FALSE
380.6268FALSE
380.6263FALSE
380.6263FALSE
380.627FALSE
380.6266FALSE
380.6261FALSE
380.6264FALSE
380.6267FALSE
380.6261FALSE
380.6261FALSE
380.6262FALSE
380.6265FALSE
380.6259FALSE
380.6262FALSE
380.6265FALSE
380.6259FALSE
380.6259FALSE
380.626FALSE
380.6263FALSE
380.6264FALSE
380.6274FALSE
380.6256FALSE
380.6264FALSE
380.6264FALSE
380.627FALSE
380.626FALSE
380.6257FALSE
380.6264FALSE
380.6263FALSE
380.6257FALSE
380.6257FALSE
380.6262FALSE
380.6261FALSE
380.6256FALSE
380.6263FALSE
380.6263FALSE
380.6256FALSE
380.6256FALSE
380.6261FALSE
380.626FALSE
380.6256FALSE
380.6263FALSE
380.6262FALSE
380.6256FALSE
380.6256FALSE
380.626FALSE
380.6261FALSE
380.6257FALSE
380.6261FALSE
380.6263FALSE
380.6257FALSE
380.6257FALSE
380.6259FALSE
380.6261FALSE
380.6256FALSE
380.6262FALSE
380.6262FALSE
380.6256FALSE
380.6256FALSE
380.626FALSE
380.6261FALSE
380.6256FALSE
380.6263FALSE
380.6262FALSE
380.6256FALSE
380.6256FALSE
380.626FALSE
380.6261FALSE
380.6256FALSE
380.6263FALSE
380.6262FALSE
380.6256FALSE
380.6256FALSE
380.626FALSE
380.6261FALSE
380.6256FALSE
380.6263FALSE
380.6262FALSE
380.6256FALSE
380.6256FALSE
380.626FALSE
380.6261FALSE
380.6256FALSE
380.6263FALSE
380.6262FALSE
380.6256FALSE
380.6256FALSE
380.626FALSE
380.6261FALSE
380.6256FALSE
380.6263FALSE
380.6262FALSE
380.6256FALSE
380.6256FALSE
380.626FALSE
380.6261FALSE
380.6256FALSE
380.6263FALSE
380.6262FALSE
380.6256FALSE
380.6256FALSE
380.626FALSE
380.6261FALSE
380.6256FALSE
380.6263FALSE
380.6262FALSE
380.6256FALSE
380.6256FALSE
380.626FALSE
380.6261FALSE
380.6256FALSE
380.6263FALSE
380.6262FALSE
380.6256FALSE
380.6256FALSE
380.626FALSE
380.6261FALSE
380.6256FALSE
380.6263FALSE
380.6262FALSE
380.6256FALSE
380.6256FALSE
380.626FALSE
380.6261FALSE
380.6256FALSE
380.6263FALSE
380.6262FALSE
380.6256FALSE
380.6256FALSE
380.626FALSE
380.6261FALSE
380.6256FALSE
380.6263FALSE
380.6262FALSE
380.6256FALSE
380.6256FALSE
380.626FALSE
380.6261FALSE
380.6256FALSE
380.6263FALSE
380.6262FALSE
380.6256FALSE
380.6256FALSE
380.626FALSE
380.6261FALSE
380.6256FALSE
380.6263FALSE
380.6262FALSE
380.6256FALSE
380.6256FALSE
380.626FALSE
380.6261FALSE
380.6256FALSE
380.6263FALSE
380.6262FALSE
380.6256FALSE
380.6256FALSE
380.626FALSE
380.6261FALSE
380.6256FALSE
380.6263FALSE
380.6262FALSE
380.6256FALSE
380.6256FALSE
380.626FALSE
380.6261FALSE
380.6256FALSE
380.6263FALSE
380.6262FALSE
380.6256FALSE
380.6256FALSE
380.626FALSE
380.6261FALSE
380.6256FALSE
380.6263FALSE
380.6262FALSE
380.6256FALSE
380.6256FALSE
380.626FALSE
380.6261FALSE
380.6256FALSE
380.6263FALSE
380.6262FALSE
380.6256FALSE
380.6256FALSE
380.626FALSE
380.6261FALSE
$par
smooth_log_cases_lag0.bw smooth_log_cases_lag1.bw         time_ind_lag0.bw 
               -3.331985                 2.992478                -2.233340 

$value
[1] 380.6256

$counts
function gradient 
      55       55 

$convergence
[1] 0

$message
[1] "CONVERGENCE: REL_REDUCTION_OF_F <= FACTR*EPSMCH"

579.8649FALSE
392.3782FALSE
579.8651FALSE
392.3782FALSE
579.8647FALSE
392.3782FALSE
579.217FALSE
392.3777FALSE
579.2185FALSE
392.3787FALSE
579.2155FALSE
404.0746FALSE
392.6287FALSE
404.0746FALSE
392.6309FALSE
392.6264FALSE
404.0746FALSE
399.1173FALSE
404.1167FALSE
399.1173FALSE
404.0325FALSE
399.1173FALSE
$par
time_ind_lag0.bw 
       -18.00752 

$value
[1] 399.1173

$counts
function gradient 
       4        4 

$convergence
[1] 0

$message
[1] "CONVERGENCE: NORM OF PROJECTED GRADIENT <= PGTOL"

392.4614FALSE
392.4614FALSE
392.4614FALSE
392.4627FALSE
392.4601FALSE
392.3681FALSE
392.3681FALSE
392.3681FALSE
392.3687FALSE
392.3675FALSE
392.3729FALSE
392.3729FALSE
392.3729FALSE
392.3724FALSE
392.3734FALSE
392.3674FALSE
392.3673FALSE
392.3674FALSE
392.367FALSE
392.3679FALSE
392.5384FALSE
392.5384FALSE
392.5384FALSE
392.5405FALSE
392.5363FALSE
392.377FALSE
392.377FALSE
392.377FALSE
392.3776FALSE
392.3764FALSE
392.3677FALSE
392.3677FALSE
392.3677FALSE
392.3683FALSE
392.3671FALSE
392.367FALSE
392.367FALSE
392.367FALSE
392.3674FALSE
392.3675FALSE
392.367FALSE
392.367FALSE
392.367FALSE
392.3675FALSE
392.3675FALSE
392.367FALSE
392.367FALSE
392.367FALSE
392.3675FALSE
392.3675FALSE
392.367FALSE
392.367FALSE
392.367FALSE
392.3675FALSE
392.3675FALSE
392.3669FALSE
392.3669FALSE
392.3669FALSE
392.3675FALSE
392.3674FALSE
392.367FALSE
392.3669FALSE
392.367FALSE
392.3676FALSE
392.3674FALSE
392.3669FALSE
392.3669FALSE
392.3669FALSE
392.3675FALSE
392.3674FALSE
$par
smooth_log_cases_lag1.bw         time_ind_lag0.bw 
                2.994135                -2.210531 

$value
[1] 392.3669

$counts
function gradient 
      16       16 

$convergence
[1] 0

$message
[1] "CONVERGENCE: REL_REDUCTION_OF_F <= FACTR*EPSMCH"

> 
> save(ssr_fit,
+     file=paste0("/home/ngr67a/2015-cdc-flu-competition/fit-competition-ssr-ph", prediction_horizon_limit, "-", data_set, ".Rdata"))
> 
> proc.time()
    user   system  elapsed 
2681.518    1.009 1968.910 
