
R version 3.2.2 (2015-08-14) -- "Fire Safety"
Copyright (C) 2015 The R Foundation for Statistical Computing
Platform: x86_64-pc-linux-gnu (64-bit)

R is free software and comes with ABSOLUTELY NO WARRANTY.
You are welcome to redistribute it under certain conditions.
Type 'license()' or 'licence()' for distribution details.

  Natural language support but running in an English locale

R is a collaborative project with many contributors.
Type 'contributors()' for more information and
'citation()' on how to cite R or R packages in publications.

Type 'demo()' for some demos, 'help()' for on-line help, or
'help.start()' for an HTML browser interface to help.
Type 'q()' to quit R.

> ### get ssr fit -- prediction horizons 1:52
> library(lubridate)
> library(ggplot2)
> library(plyr)

Attaching package: ‘plyr’

The following object is masked from ‘package:lubridate’:

    here

> library(dplyr)

Attaching package: ‘dplyr’

The following objects are masked from ‘package:plyr’:

    arrange, count, desc, failwith, id, mutate, rename, summarise,
    summarize

The following objects are masked from ‘package:lubridate’:

    intersect, setdiff, union

The following objects are masked from ‘package:stats’:

    filter, lag

The following objects are masked from ‘package:base’:

    intersect, setdiff, setequal, union

> library(reshape)

Attaching package: ‘reshape’

The following object is masked from ‘package:dplyr’:

    rename

The following objects are masked from ‘package:plyr’:

    rename, round_any

The following object is masked from ‘package:lubridate’:

    stamp

> library(ssrFlu)
> library(doMC)
Loading required package: foreach
Loading required package: iterators
Loading required package: parallel
> 
> registerDoMC(cores=3)
> 
> args <- commandArgs(trailingOnly=TRUE)
> 
> data_set <- args[1]
> prediction_horizon_limit <- as.integer(args[2])
> 
> ## load dataset
> if(identical(data_set, "ili_national")) {
+     data <- ili_national
+ } 
> if(identical(data_set, "ili_region1")) {
+     data <- ili_region1
+ } 
> if(identical(data_set, "ili_region2")) {
+     data <- ili_region2
+ } 
> if(identical(data_set, "ili_region3")) {
+     data <- ili_region3
+ } 
> if(identical(data_set, "ili_region4")) {
+     data <- ili_region4
+ } 
> if(identical(data_set, "ili_region5")) {
+     data <- ili_region5
+ } 
> if(identical(data_set, "ili_region6")) {
+     data <- ili_region6
+ } 
> if(identical(data_set, "ili_region7")) {
+     data <- ili_region7
+ } 
> if(identical(data_set, "ili_region8")) {
+     data <- ili_region8
+ } 
> if(identical(data_set, "ili_region9")) {
+     data <- ili_region9
+ } 
> if(identical(data_set, "ili_region10")) {
+     data <- ili_region10
+ } 
> 
> 
> 
> ## add log column
> data$log_total_cases <- log(data$total_cases + 1)
> 
> ## add week_start_date
> char_dates <- paste(data$year, data$week, "1")
> data$week_start_date <- as.Date(char_dates, format="%Y %W %w")
> 
> ## remove week 53s
> data <- data[-which(is.na(data$week_start_date)),]
> data <- data[262:nrow(data),]
> 
> ## add smooth log column -- or not, since it is already pretty smooth...
> sm <- loess(log_total_cases ~ as.numeric(week_start_date), data=data, span= 26 / nrow(data))
> data$smooth_log_cases <- sm$fitted
> 
> ## add time column
> data$time_ind <- seq_len(nrow(data))
> 
> ssr_control <- create_ssr_control(X_names=c("smooth_log_cases", "time_ind"),
+     y_names="total_cases",
+     time_name=NULL,
+     max_lag=list(smooth_log_cases=1,
+         time_ind=0),
+     prediction_horizons=as.integer(prediction_horizon_limit),
+     kernel_fns=list(smooth_log_cases="squared_exp_kernel",
+         time_ind="periodic_kernel"),
+     theta_est=list(smooth_log_cases="bw",
+         time_ind="bw"),
+     theta_fixed=list(time_ind=list(period=pi / 52)),
+     theta_transform_fns=list(
+         squared_exp_kernel=list(
+             bw=list(transform="log",
+                 detransform="exp")
+         ),
+         periodic_kernel=list(
+             bw=list(transform="log",
+                 detransform="exp")
+         )
+     ),
+     crossval_buffer=52,
+     loss_fn_name="mae_from_kernel_weights_and_centers",
+     loss_fn_args=list())
> 
> 
> ssr_fit <- ssr(X_names=c("smooth_log_cases", "time_ind"),
+     y_names="total_cases",
+     time_name=NULL,
+     data=data,
+     ssr_control=ssr_control)
517.8812FALSE
626.1496FALSE
628.1328FALSE
517.871FALSE
626.1514FALSE
628.1395FALSE
517.8914FALSE
626.1478FALSE
628.1261FALSE
511.0393FALSE
621.6977FALSE
620.5659FALSE
511.0502FALSE
621.7012FALSE
620.5663FALSE
511.0285FALSE
621.6942FALSE
620.5656FALSE
512.829FALSE
744.6072FALSE
620.5746FALSE
512.819FALSE
744.5471FALSE
620.574FALSE
744.6674FALSE
512.839FALSE
620.5753FALSE
621.5137FALSE
620.5628FALSE
510.3347FALSE
621.5117FALSE
510.3328FALSE
620.5628FALSE
621.5158FALSE
510.3367FALSE
620.5628FALSE
621.4106FALSE
511.7389FALSE
620.5628FALSE
621.4094FALSE
511.7566FALSE
620.5628FALSE
621.4118FALSE
511.7212FALSE
620.5628FALSE
623.1428FALSE
510.2968FALSE
620.5627FALSE
623.1465FALSE
510.2964FALSE
620.5628FALSE
623.139FALSE
510.2981FALSE
621.4311FALSE
510.3049FALSE
620.5627FALSE
621.4336FALSE
620.5652FALSE
510.3063FALSE
621.4286FALSE
620.5649FALSE
510.3035FALSE
621.4021FALSE
620.5655FALSE
510.2966FALSE
621.4009FALSE
620.5627FALSE
621.4032FALSE
510.2967FALSE
620.5627FALSE
621.4155FALSE
510.2965FALSE
620.5627FALSE
621.4179FALSE
510.2965FALSE
620.5627FALSE
621.4131FALSE
510.2966FALSE
620.5627FALSE
621.3992FALSE
510.2964FALSE
620.5627FALSE
621.3981FALSE
510.2964FALSE
620.5633FALSE
621.4003FALSE
510.2964FALSE
620.563FALSE
621.4079FALSE
510.2964FALSE
621.41FALSE
510.2964FALSE
620.5635FALSE
621.4057FALSE
510.2964FALSE
620.5627FALSE
510.2964FALSE
$par
time_ind_lag0.bw 
       -1.426774 

$value
[1] 510.2964

$counts
function gradient 
      11       11 

$convergence
[1] 0

$message
[1] "CONVERGENCE: REL_REDUCTION_OF_F <= FACTR*EPSMCH"

621.3981FALSE
620.5627FALSE
621.3984FALSE
620.5627FALSE
621.3992FALSE
620.5627FALSE
621.4085FALSE
620.5627FALSE
621.4106FALSE
620.5626FALSE
621.4064FALSE
620.5626FALSE
621.3977FALSE
620.5626FALSE
621.399FALSE
620.5628FALSE
621.3989FALSE
620.5627FALSE
621.3978FALSE
620.5627FALSE
621.3989FALSE
621.3989FALSE
620.5626FALSE
621.3977FALSE
620.5626FALSE
621.399FALSE
620.5626FALSE
621.3989FALSE
620.5627FALSE
621.3977FALSE
620.5626FALSE
620.5626FALSE
621.399FALSE
620.5628FALSE
621.3989FALSE
620.5628FALSE
621.3977FALSE
620.5628FALSE
621.399FALSE
620.5628FALSE
621.3989FALSE
620.5627FALSE
621.3977FALSE
621.399FALSE
620.5627FALSE
621.3989FALSE
620.5626FALSE
620.5626FALSE
621.3977FALSE
620.5626FALSE
621.399FALSE
620.5627FALSE
621.3989FALSE
620.5626FALSE
621.3977FALSE
620.5626FALSE
621.399FALSE
620.5628FALSE
621.3989FALSE
620.5626FALSE
621.3977FALSE
620.5626FALSE
621.399FALSE
620.5628FALSE
621.3989FALSE
620.5626FALSE
621.3977FALSE
620.5626FALSE
621.399FALSE
620.5628FALSE
621.3989FALSE
621.3977FALSE
620.5626FALSE
620.5626FALSE
621.399FALSE
620.5628FALSE
621.3989FALSE
620.5626FALSE
621.3977FALSE
620.5626FALSE
621.399FALSE
620.5628FALSE
621.3989FALSE
620.5626FALSE
621.3977FALSE
620.5626FALSE
621.399FALSE
620.5628FALSE
621.3989FALSE
620.5626FALSE
621.3977FALSE
620.5626FALSE
621.399FALSE
620.5628FALSE
621.3989FALSE
620.5626FALSE
621.3977FALSE
620.5626FALSE
621.399FALSE
620.5628FALSE
621.3989FALSE
620.5626FALSE
621.3977FALSE
620.5626FALSE
621.399FALSE
620.5628FALSE
621.3989FALSE
620.5626FALSE
621.3977FALSE
620.5626FALSE
621.399FALSE
620.5628FALSE
621.3989FALSE
620.5626FALSE
621.3977FALSE
621.399FALSE
620.5626FALSE
621.3989FALSE
620.5628FALSE
621.3977FALSE
620.5626FALSE
621.399FALSE
620.5626FALSE
621.3989FALSE
620.5628FALSE
621.3977FALSE
621.399FALSE
620.5626FALSE
621.3989FALSE
620.5626FALSE
621.3977FALSE
620.5628FALSE
621.399FALSE
620.5626FALSE
621.3989FALSE
620.5626FALSE
621.5194FALSE
620.5628FALSE
621.5174FALSE
620.5626FALSE
621.5215FALSE
620.5626FALSE
621.3991FALSE
620.5628FALSE
621.398FALSE
620.5626FALSE
621.4003FALSE
620.5626FALSE
621.3977FALSE
621.399FALSE
620.5628FALSE
621.3989FALSE
620.5626FALSE
621.3977FALSE
620.5626FALSE
621.399FALSE
620.5628FALSE
621.3989FALSE
620.8811FALSE
621.3977FALSE
620.887FALSE
621.399FALSE
620.8753FALSE
621.3989FALSE
620.5626FALSE
621.3977FALSE
620.5627FALSE
621.399FALSE
620.5626FALSE
621.3989FALSE
620.5626FALSE
621.3977FALSE
620.5626FALSE
621.399FALSE
620.5627FALSE
621.3989FALSE
620.5626FALSE
621.3977FALSE
620.5626FALSE
621.399FALSE
620.5628FALSE
621.3989FALSE
620.5626FALSE
621.3977FALSE
620.5626FALSE
621.399FALSE
620.5628FALSE
621.3989FALSE
620.5626FALSE
621.3977FALSE
620.5626FALSE
620.5628FALSE
621.399FALSE
620.5626FALSE
621.3989FALSE
620.5626FALSE
621.3977FALSE
620.5628FALSE
621.399FALSE
620.5626FALSE
621.3989FALSE
620.5626FALSE
621.3977FALSE
620.5628FALSE
621.399FALSE
620.5626FALSE
621.3989FALSE
620.5626FALSE
621.3977FALSE
620.5628FALSE
621.399FALSE
620.5626FALSE
621.3989FALSE
620.5626FALSE
621.3977FALSE
620.5628FALSE
621.399FALSE
620.5626FALSE
621.3989FALSE
620.5626FALSE
621.3977FALSE
620.5628FALSE
621.399FALSE
620.5626FALSE
621.3989FALSE
620.5626FALSE
621.3977FALSE
620.5628FALSE
621.399FALSE
620.5626FALSE
621.3989FALSE
620.5626FALSE
621.3977FALSE
620.5628FALSE
621.399FALSE
620.5626FALSE
621.3989FALSE
620.5626FALSE
621.3977FALSE
620.5628FALSE
621.399FALSE
620.5626FALSE
621.3989FALSE
620.5626FALSE
621.3977FALSE
620.5628FALSE
621.399FALSE
621.3989FALSE
620.5626FALSE
620.5626FALSE
621.3977FALSE
620.5628FALSE
621.399FALSE
620.5626FALSE
621.3989FALSE
$par
smooth_log_cases_lag0.bw 
               -3.405228 

$value
[1] 621.3977

$counts
function gradient 
      54       54 

$convergence
[1] 52

$message
[1] "ERROR: ABNORMAL_TERMINATION_IN_LNSRCH"

620.5626FALSE
620.5628FALSE
620.5626FALSE
620.5626FALSE
620.5628FALSE
620.5626FALSE
620.5626FALSE
620.5628FALSE
620.5626FALSE
620.5626FALSE
620.5628FALSE
$par
smooth_log_cases_lag1.bw 
               -3.333551 

$value
[1] 620.5626

$counts
function gradient 
      56       56 

$convergence
[1] 52

$message
[1] "ERROR: ABNORMAL_TERMINATION_IN_LNSRCH"

509.0702FALSE
512.8088FALSE
509.0704FALSE
512.8101FALSE
509.07FALSE
512.8073FALSE
509.1048FALSE
512.8306FALSE
509.0357FALSE
512.7875FALSE
505.5895FALSE
511.3263FALSE
505.5943FALSE
511.3262FALSE
511.3265FALSE
505.5845FALSE
511.3069FALSE
505.5674FALSE
511.3458FALSE
505.6115FALSE
505.6329FALSE
499.2258FALSE
505.6272FALSE
499.2262FALSE
505.6385FALSE
499.2254FALSE
505.6336FALSE
499.2213FALSE
499.2304FALSE
505.6321FALSE
499.0566FALSE
505.3996FALSE
505.4011FALSE
499.0562FALSE
499.0568FALSE
505.398FALSE
499.0582FALSE
505.4013FALSE
499.0551FALSE
505.3979FALSE
499.0335FALSE
505.3673FALSE
499.033FALSE
505.3664FALSE
499.034FALSE
505.3681FALSE
499.0336FALSE
505.3636FALSE
499.0335FALSE
505.3709FALSE
499.0272FALSE
505.3558FALSE
499.0262FALSE
505.3576FALSE
499.0282FALSE
505.3542FALSE
499.0268FALSE
499.0286FALSE
505.3572FALSE
498.9829FALSE
505.3548FALSE
498.9803FALSE
506.0452FALSE
498.9853FALSE
506.0384FALSE
498.9811FALSE
506.0525FALSE
498.9846FALSE
506.0395FALSE
500.6901FALSE
506.051FALSE
500.7054FALSE
505.3499FALSE
500.6749FALSE
505.3475FALSE
500.679FALSE
505.3524FALSE
500.7012FALSE
505.3494FALSE
498.9733FALSE
505.3505FALSE
498.9736FALSE
505.3421FALSE
498.9731FALSE
505.3428FALSE
498.9732FALSE
505.3413FALSE
498.9735FALSE
505.3426FALSE
499.0005FALSE
505.3416FALSE
498.9985FALSE
505.3424FALSE
499.0024FALSE
505.3414FALSE
498.9989FALSE
505.3447FALSE
499.0021FALSE
505.3416FALSE
498.973FALSE
505.3435FALSE
498.9733FALSE
505.3377FALSE
498.9729FALSE
505.3386FALSE
498.9729FALSE
505.3375FALSE
505.3382FALSE
498.9733FALSE
505.3376FALSE
498.9728FALSE
505.3578FALSE
498.9731FALSE
505.3555FALSE
498.9737FALSE
505.3601FALSE
498.9727FALSE
505.3573FALSE
498.9732FALSE
505.3583FALSE
498.9723FALSE
505.3376FALSE
498.9726FALSE
505.3378FALSE
498.972FALSE
505.3386FALSE
498.9722FALSE
505.3374FALSE
498.9724FALSE
505.3387FALSE
498.9761FALSE
505.3373FALSE
498.9766FALSE
498.9756FALSE
505.3382FALSE
498.9784FALSE
505.3381FALSE
498.9739FALSE
505.3378FALSE
498.9719FALSE
505.3381FALSE
498.9722FALSE
505.337FALSE
498.9716FALSE
505.3378FALSE
498.9719FALSE
505.338FALSE
498.972FALSE
505.3374FALSE
498.9967FALSE
505.3381FALSE
505.3437FALSE
498.9972FALSE
505.3412FALSE
498.9962FALSE
505.3462FALSE
498.9991FALSE
505.3432FALSE
498.9944FALSE
505.3441FALSE
498.9719FALSE
505.337FALSE
498.9721FALSE
505.3377FALSE
498.9715FALSE
505.338FALSE
498.9718FALSE
505.3373FALSE
498.9719FALSE
498.9849FALSE
505.3381FALSE
498.9854FALSE
505.337FALSE
505.3377FALSE
498.9843FALSE
505.3381FALSE
498.9872FALSE
505.3373FALSE
498.9825FALSE
498.9718FALSE
505.3381FALSE
505.3979FALSE
498.9721FALSE
498.9715FALSE
505.3959FALSE
498.9718FALSE
505.3999FALSE
498.9719FALSE
505.3989FALSE
498.9775FALSE
505.3969FALSE
498.978FALSE
505.3369FALSE
498.9769FALSE
505.3375FALSE
498.9798FALSE
505.3393FALSE
498.9752FALSE
505.3373FALSE
498.9717FALSE
505.338FALSE
498.972FALSE
505.337FALSE
498.9714FALSE
505.3376FALSE
498.9717FALSE
505.3384FALSE
498.9718FALSE
505.3372FALSE
498.9737FALSE
505.3381FALSE
498.9741FALSE
505.3368FALSE
498.9731FALSE
505.3377FALSE
498.9753FALSE
505.3385FALSE
498.9727FALSE
498.9717FALSE
505.3373FALSE
498.972FALSE
505.3379FALSE
498.9714FALSE
505.337FALSE
505.338FALSE
498.9717FALSE
505.338FALSE
498.9717FALSE
505.3376FALSE
498.9957FALSE
505.3374FALSE
498.9962FALSE
505.3368FALSE
498.9951FALSE
505.3377FALSE
498.9981FALSE
505.3384FALSE
498.9933FALSE
505.3373FALSE
498.9717FALSE
505.3378FALSE
498.9719FALSE
505.3368FALSE
498.9713FALSE
505.3377FALSE
498.9719FALSE
505.3384FALSE
498.9717FALSE
505.3373FALSE
498.9715FALSE
505.3378FALSE
498.9718FALSE
505.337FALSE
498.9712FALSE
505.338FALSE
498.9717FALSE
505.3379FALSE
498.9716FALSE
505.3376FALSE
498.9709FALSE
498.9713FALSE
505.3375FALSE
498.9705FALSE
505.3368FALSE
498.9709FALSE
505.3377FALSE
498.9709FALSE
505.3384FALSE
498.9817FALSE
505.3373FALSE
498.9794FALSE
505.3378FALSE
498.984FALSE
505.3368FALSE
498.9801FALSE
505.3377FALSE
498.9833FALSE
505.3384FALSE
498.9708FALSE
505.3373FALSE
498.9712FALSE
505.3378FALSE
498.9703FALSE
505.3368FALSE
498.9708FALSE
505.3377FALSE
498.9708FALSE
505.3384FALSE
498.9706FALSE
505.3373FALSE
498.971FALSE
505.3378FALSE
498.9704FALSE
505.3368FALSE
498.9706FALSE
505.3377FALSE
498.9706FALSE
505.3384FALSE
498.975FALSE
505.3373FALSE
498.9727FALSE
505.3378FALSE
498.9772FALSE
505.3368FALSE
498.9736FALSE
505.3377FALSE
498.9764FALSE
505.3384FALSE
498.9705FALSE
505.3373FALSE
498.971FALSE
505.3378FALSE
498.9708FALSE
505.3368FALSE
498.9705FALSE
505.3377FALSE
498.9705FALSE
505.3384FALSE
498.9713FALSE
505.3373FALSE
498.9704FALSE
505.3378FALSE
498.9736FALSE
505.3368FALSE
498.97FALSE
505.3377FALSE
498.9728FALSE
505.3384FALSE
498.9705FALSE
505.3373FALSE
498.9709FALSE
505.3378FALSE
498.971FALSE
505.3368FALSE
498.9705FALSE
505.3377FALSE
498.9705FALSE
505.3384FALSE
498.9705FALSE
505.3373FALSE
498.9709FALSE
505.3378FALSE
498.971FALSE
505.3368FALSE
498.9705FALSE
505.3377FALSE
498.9705FALSE
505.3384FALSE
498.9705FALSE
505.3373FALSE
498.9709FALSE
505.3378FALSE
498.971FALSE
505.3368FALSE
498.9705FALSE
505.3377FALSE
498.9705FALSE
505.3384FALSE
498.9705FALSE
505.3373FALSE
498.9709FALSE
505.3378FALSE
498.971FALSE
505.3368FALSE
498.9705FALSE
505.3377FALSE
498.9705FALSE
505.3384FALSE
498.9705FALSE
505.3373FALSE
498.9709FALSE
505.3378FALSE
498.971FALSE
505.3368FALSE
498.9705FALSE
498.9705FALSE
505.3377FALSE
498.9705FALSE
505.3384FALSE
498.9709FALSE
505.3373FALSE
498.971FALSE
505.3378FALSE
498.9705FALSE
505.3368FALSE
498.9705FALSE
505.3377FALSE
498.9705FALSE
505.3384FALSE
498.9709FALSE
505.3373FALSE
498.971FALSE
505.3378FALSE
498.9705FALSE
505.3368FALSE
498.9705FALSE
505.3377FALSE
498.9705FALSE
505.3384FALSE
498.9709FALSE
505.3373FALSE
498.971FALSE
498.9705FALSE
505.3378FALSE
498.9705FALSE
505.3368FALSE
498.9705FALSE
505.3377FALSE
498.9709FALSE
505.3384FALSE
498.971FALSE
505.3373FALSE
498.9705FALSE
505.3378FALSE
498.9705FALSE
505.3368FALSE
498.9705FALSE
498.9709FALSE
505.3377FALSE
498.971FALSE
505.3384FALSE
498.9705FALSE
505.3373FALSE
498.9705FALSE
505.3378FALSE
498.9705FALSE
505.3368FALSE
498.9709FALSE
505.3377FALSE
498.971FALSE
505.3384FALSE
498.9705FALSE
505.3373FALSE
498.9705FALSE
505.3378FALSE
$par
smooth_log_cases_lag1.bw         time_ind_lag0.bw 
               -2.256110                -1.955209 

$value
[1] 505.3368

$counts
function gradient 
      43       43 

$convergence
[1] 0

$message
[1] "CONVERGENCE: REL_REDUCTION_OF_F <= FACTR*EPSMCH"

498.9705FALSE
498.9709FALSE
498.971FALSE
498.9705FALSE
498.9705FALSE
$par
smooth_log_cases_lag0.bw         time_ind_lag0.bw 
               -2.309170                -1.971992 

$value
[1] 498.9705

$counts
function gradient 
      45       45 

$convergence
[1] 0

$message
[1] "CONVERGENCE: REL_REDUCTION_OF_F <= FACTR*EPSMCH"

514.3982FALSE
504.9722FALSE
514.3877FALSE
504.9727FALSE
514.4086FALSE
504.9716FALSE
522.141FALSE
504.9642FALSE
522.2093FALSE
504.9801FALSE
522.0728FALSE
504.9734FALSE
510.7755FALSE
504.9711FALSE
510.7698FALSE
500.7643FALSE
510.7812FALSE
500.7629FALSE
516.9105FALSE
500.7656FALSE
516.9521FALSE
500.7624FALSE
516.8689FALSE
510.3578FALSE
500.7661FALSE
510.3555FALSE
500.7585FALSE
510.36FALSE
500.7701FALSE
510.3345FALSE
503.1344FALSE
510.3385FALSE
503.1354FALSE
510.3306FALSE
503.1334FALSE
510.313FALSE
503.1336FALSE
510.3114FALSE
503.1353FALSE
510.3146FALSE
510.4135FALSE
503.1548FALSE
503.1141FALSE
510.4195FALSE
499.7544FALSE
510.408FALSE
499.7548FALSE
510.2965FALSE
499.754FALSE
510.2966FALSE
499.7531FALSE
510.2964FALSE
499.7557FALSE
510.2964FALSE
499.7538FALSE
510.2965FALSE
510.2964FALSE
499.755FALSE
510.2964FALSE
499.5159FALSE
510.2964FALSE
499.5161FALSE
510.2964FALSE
499.5158FALSE
510.2964FALSE
499.5151FALSE
510.2964FALSE
499.5168FALSE
510.2964FALSE
$par
time_ind_lag0.bw 
       -1.426775 

$value
[1] 510.2964

$counts
function gradient 
      12       12 

$convergence
[1] 0

$message
[1] "CONVERGENCE: REL_REDUCTION_OF_F <= FACTR*EPSMCH"

499.5207FALSE
499.5112FALSE
499.2915FALSE
499.288FALSE
499.295FALSE
499.2912FALSE
499.2918FALSE
499.2909FALSE
499.2922FALSE
499.1526FALSE
499.152FALSE
499.1532FALSE
499.1525FALSE
499.1528FALSE
499.1517FALSE
499.1535FALSE
499.1109FALSE
499.1095FALSE
499.1123FALSE
499.1108FALSE
499.111FALSE
499.1112FALSE
499.1107FALSE
501.6814FALSE
501.7058FALSE
501.657FALSE
501.6814FALSE
501.6814FALSE
501.6813FALSE
501.6815FALSE
499.0472FALSE
499.0461FALSE
499.0483FALSE
499.0472FALSE
499.0473FALSE
499.0485FALSE
499.0459FALSE
499.0248FALSE
499.0244FALSE
499.0252FALSE
499.0248FALSE
499.0248FALSE
499.0273FALSE
499.0224FALSE
499.0616FALSE
499.0662FALSE
499.057FALSE
499.0616FALSE
499.0616FALSE
499.06FALSE
499.0633FALSE
499.0017FALSE
499.0007FALSE
499.0025FALSE
499.0016FALSE
499.0017FALSE
499.0039FALSE
498.9995FALSE
498.994FALSE
498.9929FALSE
498.995FALSE
498.994FALSE
498.994FALSE
498.9961FALSE
498.9919FALSE
498.9891FALSE
498.988FALSE
498.9902FALSE
498.9891FALSE
498.9891FALSE
498.9912FALSE
498.9871FALSE
499.0205FALSE
499.0251FALSE
499.0159FALSE
499.0205FALSE
499.0205FALSE
499.0192FALSE
499.0217FALSE
498.9871FALSE
498.99FALSE
498.9882FALSE
498.987FALSE
498.9871FALSE
498.9891FALSE
498.9863FALSE
498.9757FALSE
498.9752FALSE
498.9761FALSE
498.9757FALSE
498.9757FALSE
498.9763FALSE
498.9751FALSE
499.0063FALSE
499.0116FALSE
499.0011FALSE
499.0063FALSE
499.0063FALSE
499.0027FALSE
499.01FALSE
498.9746FALSE
498.9741FALSE
498.9751FALSE
498.9746FALSE
498.9746FALSE
498.9752FALSE
498.974FALSE
498.9877FALSE
498.9929FALSE
498.9826FALSE
498.9877FALSE
498.9877FALSE
498.9842FALSE
498.9913FALSE
498.9736FALSE
498.9731FALSE
498.9741FALSE
498.9736FALSE
498.9736FALSE
498.9742FALSE
498.9731FALSE
498.9777FALSE
498.9828FALSE
498.9727FALSE
498.9777FALSE
498.9777FALSE
498.9742FALSE
498.9813FALSE
498.9727FALSE
498.9721FALSE
498.9731FALSE
498.9727FALSE
498.9727FALSE
498.9732FALSE
498.9724FALSE
499.0684FALSE
499.0736FALSE
499.0631FALSE
499.0684FALSE
499.0684FALSE
499.0636FALSE
499.0732FALSE
498.9721FALSE
498.9735FALSE
498.9726FALSE
498.9721FALSE
498.9722FALSE
498.9727FALSE
498.9722FALSE
498.98FALSE
498.9853FALSE
498.9748FALSE
498.98FALSE
498.98FALSE
498.9765FALSE
498.9835FALSE
498.972FALSE
498.974FALSE
498.9726FALSE
498.972FALSE
498.972FALSE
498.9725FALSE
498.9724FALSE
498.9732FALSE
498.9754FALSE
498.9738FALSE
498.9732FALSE
498.9732FALSE
498.9728FALSE
498.9738FALSE
498.972FALSE
498.974FALSE
498.9727FALSE
498.972FALSE
498.9721FALSE
498.9725FALSE
498.9725FALSE
498.972FALSE
498.974FALSE
498.9727FALSE
498.972FALSE
498.972FALSE
498.9725FALSE
498.9724FALSE
498.972FALSE
498.974FALSE
498.9727FALSE
498.972FALSE
498.972FALSE
498.9725FALSE
498.9724FALSE
498.972FALSE
498.974FALSE
498.9727FALSE
498.972FALSE
498.972FALSE
498.9725FALSE
498.9724FALSE
498.972FALSE
498.974FALSE
498.9727FALSE
498.972FALSE
498.972FALSE
498.9725FALSE
498.9724FALSE
498.972FALSE
498.974FALSE
498.9727FALSE
498.972FALSE
498.972FALSE
498.9725FALSE
498.9724FALSE
498.972FALSE
498.974FALSE
498.9727FALSE
498.972FALSE
498.972FALSE
498.9725FALSE
498.9724FALSE
498.972FALSE
498.974FALSE
498.9727FALSE
498.972FALSE
498.972FALSE
498.9725FALSE
498.9724FALSE
498.972FALSE
498.974FALSE
498.9727FALSE
498.972FALSE
498.972FALSE
498.9725FALSE
498.9724FALSE
498.972FALSE
498.974FALSE
498.9727FALSE
498.972FALSE
498.972FALSE
498.9725FALSE
498.9724FALSE
498.972FALSE
498.974FALSE
498.9727FALSE
498.972FALSE
498.972FALSE
498.9725FALSE
498.9724FALSE
498.972FALSE
498.974FALSE
498.9727FALSE
498.972FALSE
498.972FALSE
498.9725FALSE
498.9724FALSE
498.972FALSE
498.974FALSE
498.9727FALSE
498.972FALSE
498.972FALSE
498.9725FALSE
498.9724FALSE
498.972FALSE
498.974FALSE
498.9727FALSE
498.972FALSE
498.972FALSE
498.9725FALSE
498.9724FALSE
498.972FALSE
498.974FALSE
498.9727FALSE
498.972FALSE
498.972FALSE
498.9725FALSE
498.9724FALSE
498.972FALSE
498.974FALSE
498.9727FALSE
498.972FALSE
498.972FALSE
498.9725FALSE
498.9724FALSE
498.972FALSE
498.974FALSE
498.9727FALSE
498.972FALSE
498.972FALSE
498.9725FALSE
498.9724FALSE
498.9724FALSE
498.9737FALSE
498.9731FALSE
498.9724FALSE
498.9724FALSE
498.9724FALSE
498.9728FALSE
498.972FALSE
498.9739FALSE
498.9727FALSE
498.972FALSE
498.972FALSE
498.9725FALSE
498.9724FALSE
498.972FALSE
498.974FALSE
498.9727FALSE
498.972FALSE
498.972FALSE
498.9725FALSE
498.9724FALSE
498.972FALSE
498.974FALSE
498.9727FALSE
498.972FALSE
498.972FALSE
498.9725FALSE
498.9724FALSE
498.972FALSE
498.974FALSE
498.9727FALSE
498.972FALSE
498.972FALSE
498.9725FALSE
498.9724FALSE
498.972FALSE
498.974FALSE
498.9727FALSE
498.972FALSE
498.972FALSE
498.9725FALSE
498.9724FALSE
498.972FALSE
498.974FALSE
498.9727FALSE
498.972FALSE
498.972FALSE
498.9725FALSE
498.9724FALSE
498.972FALSE
498.974FALSE
498.9727FALSE
498.972FALSE
498.972FALSE
498.9725FALSE
498.9724FALSE
498.972FALSE
498.974FALSE
498.9727FALSE
498.972FALSE
498.972FALSE
498.9725FALSE
498.9724FALSE
498.972FALSE
498.974FALSE
498.9727FALSE
498.972FALSE
498.972FALSE
498.9725FALSE
498.9724FALSE
498.972FALSE
498.974FALSE
498.9727FALSE
498.972FALSE
498.972FALSE
498.9725FALSE
498.9724FALSE
$par
smooth_log_cases_lag0.bw smooth_log_cases_lag1.bw         time_ind_lag0.bw 
               -2.285550                 1.530992                -1.976013 

$value
[1] 498.972

$counts
function gradient 
      57       57 

$convergence
[1] 0

$message
[1] "CONVERGENCE: REL_REDUCTION_OF_F <= FACTR*EPSMCH"

> 
> save(ssr_fit,
+     file=paste0("/home/ngr67a/2015-cdc-flu-competition/fit-competition-ssr-ph", prediction_horizon_limit, "-", data_set, ".Rdata"))
> 
> proc.time()
    user   system  elapsed 
1992.473    1.233 1999.365 
