
R version 3.2.2 (2015-08-14) -- "Fire Safety"
Copyright (C) 2015 The R Foundation for Statistical Computing
Platform: x86_64-pc-linux-gnu (64-bit)

R is free software and comes with ABSOLUTELY NO WARRANTY.
You are welcome to redistribute it under certain conditions.
Type 'license()' or 'licence()' for distribution details.

  Natural language support but running in an English locale

R is a collaborative project with many contributors.
Type 'contributors()' for more information and
'citation()' on how to cite R or R packages in publications.

Type 'demo()' for some demos, 'help()' for on-line help, or
'help.start()' for an HTML browser interface to help.
Type 'q()' to quit R.

> ### get ssr fit -- prediction horizons 1:52
> library(lubridate)
> library(ggplot2)
> library(plyr)

Attaching package: ‘plyr’

The following object is masked from ‘package:lubridate’:

    here

> library(dplyr)

Attaching package: ‘dplyr’

The following objects are masked from ‘package:plyr’:

    arrange, count, desc, failwith, id, mutate, rename, summarise,
    summarize

The following objects are masked from ‘package:lubridate’:

    intersect, setdiff, union

The following objects are masked from ‘package:stats’:

    filter, lag

The following objects are masked from ‘package:base’:

    intersect, setdiff, setequal, union

> library(reshape)

Attaching package: ‘reshape’

The following object is masked from ‘package:dplyr’:

    rename

The following objects are masked from ‘package:plyr’:

    rename, round_any

The following object is masked from ‘package:lubridate’:

    stamp

> library(ssrFlu)
> library(doMC)
Loading required package: foreach
Loading required package: iterators
Loading required package: parallel
> 
> registerDoMC(cores=3)
> 
> args <- commandArgs(trailingOnly=TRUE)
> 
> data_set <- args[1]
> prediction_horizon_limit <- as.integer(args[2])
> 
> ## load dataset
> if(identical(data_set, "ili_national")) {
+     data <- ili_national
+ } 
> if(identical(data_set, "ili_region1")) {
+     data <- ili_region1
+ } 
> if(identical(data_set, "ili_region2")) {
+     data <- ili_region2
+ } 
> if(identical(data_set, "ili_region3")) {
+     data <- ili_region3
+ } 
> if(identical(data_set, "ili_region4")) {
+     data <- ili_region4
+ } 
> if(identical(data_set, "ili_region5")) {
+     data <- ili_region5
+ } 
> if(identical(data_set, "ili_region6")) {
+     data <- ili_region6
+ } 
> if(identical(data_set, "ili_region7")) {
+     data <- ili_region7
+ } 
> if(identical(data_set, "ili_region8")) {
+     data <- ili_region8
+ } 
> if(identical(data_set, "ili_region9")) {
+     data <- ili_region9
+ } 
> if(identical(data_set, "ili_region10")) {
+     data <- ili_region10
+ } 
> 
> 
> 
> ## add log column
> data$log_total_cases <- log(data$total_cases + 1)
> 
> ## add week_start_date
> char_dates <- paste(data$year, data$week, "1")
> data$week_start_date <- as.Date(char_dates, format="%Y %W %w")
> 
> ## remove week 53s
> data <- data[-which(is.na(data$week_start_date)),]
> data <- data[262:nrow(data),]
> 
> ## add smooth log column -- or not, since it is already pretty smooth...
> sm <- loess(log_total_cases ~ as.numeric(week_start_date), data=data, span= 26 / nrow(data))
> data$smooth_log_cases <- sm$fitted
> 
> ## add time column
> data$time_ind <- seq_len(nrow(data))
> 
> ssr_control <- create_ssr_control(X_names=c("smooth_log_cases", "time_ind"),
+     y_names="total_cases",
+     time_name=NULL,
+     max_lag=list(smooth_log_cases=1,
+         time_ind=0),
+     prediction_horizons=as.integer(prediction_horizon_limit),
+     kernel_fns=list(smooth_log_cases="squared_exp_kernel",
+         time_ind="periodic_kernel"),
+     theta_est=list(smooth_log_cases="bw",
+         time_ind="bw"),
+     theta_fixed=list(time_ind=list(period=pi / 52)),
+     theta_transform_fns=list(
+         squared_exp_kernel=list(
+             bw=list(transform="log",
+                 detransform="exp")
+         ),
+         periodic_kernel=list(
+             bw=list(transform="log",
+                 detransform="exp")
+         )
+     ),
+     crossval_buffer=52,
+     loss_fn_name="mae_from_kernel_weights_and_centers",
+     loss_fn_args=list())
> 
> 
> ssr_fit <- ssr(X_names=c("smooth_log_cases", "time_ind"),
+     y_names="total_cases",
+     time_name=NULL,
+     data=data,
+     ssr_control=ssr_control)
637.1269FALSE
626.8547FALSE
472.1653FALSE
637.121FALSE
472.1643FALSE
626.8502FALSE
637.1328FALSE
472.1663FALSE
626.8593FALSE
646.3567FALSE
476.4655FALSE
638.0188FALSE
646.3787FALSE
638.0437FALSE
476.4978FALSE
637.9938FALSE
646.3347FALSE
476.4333FALSE
471.5164FALSE
626.394FALSE
636.6491FALSE
471.515FALSE
626.3909FALSE
636.6481FALSE
471.5179FALSE
626.3972FALSE
636.6504FALSE
471.6395FALSE
626.8216FALSE
636.6259FALSE
471.6415FALSE
626.831FALSE
636.6258FALSE
626.8128FALSE
471.6376FALSE
636.6261FALSE
626.1732FALSE
471.4352FALSE
636.6251FALSE
626.1717FALSE
471.4347FALSE
636.625FALSE
626.1746FALSE
471.4357FALSE
636.6252FALSE
626.3133FALSE
472.5689FALSE
636.6247FALSE
626.3169FALSE
472.5788FALSE
636.6247FALSE
626.3097FALSE
472.5591FALSE
636.6247FALSE
626.1582FALSE
471.4367FALSE
636.6247FALSE
471.4369FALSE
626.1578FALSE
471.4365FALSE
636.6247FALSE
626.1587FALSE
636.6247FALSE
$par
smooth_log_cases_lag1.bw 
               -2.071765 

$value
[1] 636.6247

$counts
function gradient 
       7        7 

$convergence
[1] 0

$message
[1] "CONVERGENCE: REL_REDUCTION_OF_F <= FACTR*EPSMCH"

626.1544FALSE
471.4344FALSE
471.4345FALSE
626.154FALSE
471.4343FALSE
626.1548FALSE
471.434FALSE
626.3069FALSE
471.4341FALSE
626.3105FALSE
471.4338FALSE
626.3033FALSE
471.4356FALSE
626.1533FALSE
471.4351FALSE
626.1529FALSE
471.4361FALSE
626.1536FALSE
471.4341FALSE
626.2333FALSE
471.4339FALSE
626.2367FALSE
471.4342FALSE
626.2299FALSE
471.4338FALSE
626.1524FALSE
471.4339FALSE
626.152FALSE
471.4339FALSE
626.1528FALSE
471.4339FALSE
626.1905FALSE
471.4338FALSE
626.1936FALSE
471.434FALSE
626.1875FALSE
471.4338FALSE
626.1517FALSE
626.1513FALSE
471.4339FALSE
626.152FALSE
471.4339FALSE
626.3FALSE
471.4338FALSE
626.3036FALSE
471.4339FALSE
626.2965FALSE
471.4339FALSE
626.151FALSE
471.4338FALSE
626.1507FALSE
471.4339FALSE
626.1514FALSE
471.4339FALSE
626.2364FALSE
626.2398FALSE
471.4338FALSE
626.233FALSE
471.4339FALSE
626.1506FALSE
471.4339FALSE
626.1503FALSE
471.4338FALSE
626.1509FALSE
471.4339FALSE
626.1979FALSE
471.4339FALSE
626.2009FALSE
471.4338FALSE
626.1948FALSE
471.4339FALSE
626.1503FALSE
471.4339FALSE
626.15FALSE
471.4338FALSE
626.1506FALSE
626.1757FALSE
471.4339FALSE
626.1787FALSE
471.4339FALSE
626.1727FALSE
471.4338FALSE
626.15FALSE
471.4339FALSE
626.1497FALSE
471.4339FALSE
626.1504FALSE
471.4338FALSE
626.162FALSE
471.4339FALSE
626.165FALSE
471.4339FALSE
626.159FALSE
471.4338FALSE
626.1498FALSE
471.4339FALSE
626.1495FALSE
471.4339FALSE
626.1501FALSE
471.4338FALSE
626.2956FALSE
471.4339FALSE
626.2992FALSE
471.4339FALSE
626.292FALSE
471.4338FALSE
626.1494FALSE
471.4339FALSE
626.1491FALSE
471.4339FALSE
626.1497FALSE
471.4338FALSE
626.2395FALSE
626.243FALSE
471.4339FALSE
626.2361FALSE
471.4339FALSE
626.1492FALSE
471.4338FALSE
626.1497FALSE
471.4339FALSE
626.1495FALSE
471.4339FALSE
626.1494FALSE
471.4338FALSE
626.1493FALSE
471.4339FALSE
626.1497FALSE
471.4339FALSE
626.1492FALSE
471.4338FALSE
471.4339FALSE
626.1497FALSE
471.4339FALSE
626.1495FALSE
626.1492FALSE
471.4338FALSE
626.1497FALSE
471.4339FALSE
626.1495FALSE
471.4339FALSE
$par
time_ind_lag0.bw 
        -1.88474 

$value
[1] 471.4338

$counts
function gradient 
      30       30 

$convergence
[1] 0

$message
[1] "CONVERGENCE: REL_REDUCTION_OF_F <= FACTR*EPSMCH"

626.1492FALSE
626.1497FALSE
626.1495FALSE
626.1492FALSE
626.1497FALSE
626.1495FALSE
626.1492FALSE
626.1497FALSE
626.1495FALSE
626.1492FALSE
626.1497FALSE
626.1495FALSE
626.1492FALSE
626.1497FALSE
626.1495FALSE
626.1492FALSE
626.1497FALSE
626.1495FALSE
626.1492FALSE
626.1497FALSE
626.1495FALSE
626.1492FALSE
626.1497FALSE
626.1495FALSE
626.1492FALSE
626.1497FALSE
626.1495FALSE
626.1492FALSE
626.1497FALSE
626.1495FALSE
626.1492FALSE
626.1497FALSE
626.1495FALSE
626.1492FALSE
626.1497FALSE
626.1495FALSE
626.1492FALSE
626.1497FALSE
626.1495FALSE
626.1492FALSE
626.1497FALSE
626.1495FALSE
626.1492FALSE
626.1497FALSE
626.1495FALSE
$par
smooth_log_cases_lag0.bw 
               -2.010028 

$value
[1] 626.1492

$counts
function gradient 
      46       46 

$convergence
[1] 0

$message
[1] "CONVERGENCE: REL_REDUCTION_OF_F <= FACTR*EPSMCH"

464.8109FALSE
453.4014FALSE
464.7784FALSE
453.3766FALSE
464.8434FALSE
453.4265FALSE
464.8026FALSE
453.3935FALSE
464.8192FALSE
453.4094FALSE
442.4198FALSE
437.3946FALSE
437.3928FALSE
442.4133FALSE
437.3966FALSE
442.4264FALSE
437.4073FALSE
442.4321FALSE
437.3826FALSE
442.4076FALSE
437.5124FALSE
447.8914FALSE
437.5394FALSE
447.9156FALSE
437.4855FALSE
447.8672FALSE
437.5104FALSE
447.8899FALSE
437.5145FALSE
447.8929FALSE
435.9858FALSE
441.7451FALSE
435.9915FALSE
441.7527FALSE
435.9801FALSE
435.993FALSE
441.7375FALSE
435.9786FALSE
441.7501FALSE
434.3227FALSE
441.7401FALSE
434.3223FALSE
440.9068FALSE
434.3232FALSE
434.3216FALSE
440.9094FALSE
434.3239FALSE
440.9042FALSE
440.9075FALSE
434.2698FALSE
440.906FALSE
434.2693FALSE
434.2703FALSE
440.8335FALSE
434.2699FALSE
440.8352FALSE
434.2697FALSE
440.8317FALSE
434.2753FALSE
440.8331FALSE
434.2764FALSE
440.8338FALSE
434.2742FALSE
440.8518FALSE
434.2751FALSE
440.8448FALSE
434.2754FALSE
434.2692FALSE
440.8589FALSE
440.8553FALSE
434.2689FALSE
440.8484FALSE
434.2697FALSE
440.8137FALSE
434.2694FALSE
440.8154FALSE
434.2691FALSE
440.812FALSE
434.274FALSE
440.8132FALSE
434.275FALSE
440.8142FALSE
434.2729FALSE
442.0039FALSE
434.2739FALSE
441.9838FALSE
434.2741FALSE
442.0241FALSE
434.2689FALSE
442.0097FALSE
434.2695FALSE
441.9982FALSE
434.2693FALSE
440.8279FALSE
434.269FALSE
434.269FALSE
440.8225FALSE
434.2689FALSE
440.8334FALSE
434.2693FALSE
440.8314FALSE
434.2694FALSE
440.8245FALSE
434.269FALSE
440.8098FALSE
434.2692FALSE
440.8115FALSE
434.2689FALSE
440.8081FALSE
434.2694FALSE
440.8092FALSE
434.2693FALSE
440.8103FALSE
434.269FALSE
440.8176FALSE
434.2691FALSE
440.8122FALSE
434.2689FALSE
434.2694FALSE
440.8229FALSE
434.2693FALSE
440.821FALSE
434.269FALSE
440.8141FALSE
434.269FALSE
440.8084FALSE
434.2689FALSE
440.8098FALSE
434.2695FALSE
440.8074FALSE
434.2693FALSE
440.8075FALSE
434.269FALSE
440.8092FALSE
434.269FALSE
440.9008FALSE
434.2689FALSE
440.8939FALSE
434.2695FALSE
440.9076FALSE
434.2693FALSE
440.9041FALSE
434.269FALSE
440.8975FALSE
434.269FALSE
440.8073FALSE
434.2689FALSE
440.8084FALSE
434.2695FALSE
440.8126FALSE
434.2693FALSE
440.8108FALSE
434.269FALSE
440.8081FALSE
434.269FALSE
440.808FALSE
434.2689FALSE
440.8093FALSE
434.2695FALSE
440.8093FALSE
434.2693FALSE
440.8075FALSE
434.269FALSE
440.8088FALSE
434.269FALSE
440.8187FALSE
434.2689FALSE
440.8142FALSE
434.2695FALSE
440.8233FALSE
434.2693FALSE
440.8225FALSE
434.269FALSE
440.815FALSE
440.8077FALSE
434.269FALSE
440.8092FALSE
434.2689FALSE
440.8103FALSE
434.2695FALSE
440.8085FALSE
434.2693FALSE
440.8086FALSE
434.269FALSE
440.8077FALSE
434.269FALSE
440.8094FALSE
440.8101FALSE
434.2689FALSE
440.8085FALSE
434.2695FALSE
440.8086FALSE
434.2693FALSE
440.808FALSE
434.269FALSE
440.8098FALSE
434.269FALSE
440.8098FALSE
434.2689FALSE
440.8086FALSE
434.2695FALSE
440.8086FALSE
434.2693FALSE
440.8077FALSE
440.8094FALSE
434.269FALSE
440.8101FALSE
434.269FALSE
440.8085FALSE
434.2689FALSE
440.8086FALSE
434.2695FALSE
440.8077FALSE
434.2693FALSE
440.8094FALSE
434.269FALSE
440.8101FALSE
434.269FALSE
440.8085FALSE
434.2689FALSE
440.8086FALSE
434.2695FALSE
440.8077FALSE
434.2693FALSE
440.8094FALSE
434.269FALSE
440.8101FALSE
434.269FALSE
440.8085FALSE
434.2689FALSE
440.8086FALSE
434.2695FALSE
440.8077FALSE
434.2693FALSE
440.8094FALSE
440.8101FALSE
434.269FALSE
434.269FALSE
440.8085FALSE
440.8086FALSE
434.2689FALSE
440.8077FALSE
434.2695FALSE
440.8094FALSE
434.2693FALSE
440.8101FALSE
434.269FALSE
440.8085FALSE
434.269FALSE
440.8086FALSE
434.2689FALSE
440.8077FALSE
434.2695FALSE
440.8094FALSE
434.2693FALSE
440.8101FALSE
434.269FALSE
440.8085FALSE
434.269FALSE
440.8086FALSE
434.2689FALSE
440.8077FALSE
434.2695FALSE
440.8094FALSE
434.2693FALSE
440.8101FALSE
440.8085FALSE
434.269FALSE
434.269FALSE
440.8086FALSE
434.2689FALSE
440.8077FALSE
434.2695FALSE
440.8094FALSE
434.2693FALSE
440.8101FALSE
434.269FALSE
440.8085FALSE
434.269FALSE
440.8086FALSE
434.2689FALSE
440.8077FALSE
434.2695FALSE
440.8094FALSE
434.2693FALSE
440.8101FALSE
434.269FALSE
434.269FALSE
440.8085FALSE
440.8086FALSE
434.2689FALSE
440.8077FALSE
434.2695FALSE
440.8094FALSE
434.2693FALSE
434.269FALSE
440.8101FALSE
434.269FALSE
440.8085FALSE
434.3517FALSE
440.8086FALSE
434.3489FALSE
440.8077FALSE
440.8094FALSE
434.3546FALSE
440.8101FALSE
434.3512FALSE
440.8085FALSE
434.3523FALSE
440.8086FALSE
440.8077FALSE
434.2694FALSE
440.8094FALSE
434.269FALSE
440.8101FALSE
440.8085FALSE
434.2699FALSE
440.8086FALSE
434.2696FALSE
440.8077FALSE
434.2693FALSE
440.8094FALSE
434.2689FALSE
440.8101FALSE
434.2694FALSE
440.8085FALSE
434.2694FALSE
440.8086FALSE
434.269FALSE
440.8077FALSE
434.269FALSE
440.8094FALSE
434.2689FALSE
440.8101FALSE
434.2695FALSE
440.8085FALSE
434.2693FALSE
440.8086FALSE
440.8077FALSE
434.269FALSE
440.8094FALSE
434.269FALSE
440.8101FALSE
434.2689FALSE
440.8085FALSE
434.2695FALSE
440.8086FALSE
$par
smooth_log_cases_lag1.bw         time_ind_lag0.bw 
               -1.411365                -1.908586 

$value
[1] 440.8077

$counts
function gradient 
      35       35 

$convergence
[1] 0

$message
[1] "CONVERGENCE: REL_REDUCTION_OF_F <= FACTR*EPSMCH"

434.2693FALSE
434.269FALSE
434.269FALSE
434.2689FALSE
434.2695FALSE
434.2693FALSE
434.269FALSE
434.269FALSE
434.2689FALSE
434.2695FALSE
434.2693FALSE
434.269FALSE
434.269FALSE
434.2689FALSE
434.2695FALSE
434.2693FALSE
434.269FALSE
434.269FALSE
434.2689FALSE
434.2695FALSE
434.2693FALSE
434.269FALSE
434.269FALSE
434.2689FALSE
434.2695FALSE
434.2693FALSE
434.269FALSE
434.269FALSE
434.2689FALSE
434.2695FALSE
434.2693FALSE
434.269FALSE
434.269FALSE
434.2689FALSE
434.2695FALSE
434.2693FALSE
434.269FALSE
434.269FALSE
434.2689FALSE
434.2695FALSE
434.2693FALSE
434.269FALSE
434.269FALSE
434.2689FALSE
434.2695FALSE
434.2693FALSE
434.269FALSE
434.269FALSE
434.2689FALSE
434.2695FALSE
434.2693FALSE
434.269FALSE
434.269FALSE
434.2689FALSE
434.2695FALSE
434.2693FALSE
434.269FALSE
434.269FALSE
434.2689FALSE
434.2695FALSE
434.2693FALSE
434.269FALSE
434.269FALSE
434.2689FALSE
434.2695FALSE
434.2693FALSE
434.269FALSE
434.269FALSE
434.2689FALSE
434.2695FALSE
434.2693FALSE
434.269FALSE
434.269FALSE
434.2689FALSE
434.2695FALSE
434.2693FALSE
434.269FALSE
434.269FALSE
$par
smooth_log_cases_lag0.bw         time_ind_lag0.bw 
               -1.415423                -2.060902 

$value
[1] 434.2689

$counts
function gradient 
      50       50 

$convergence
[1] 52

$message
[1] "ERROR: ABNORMAL_TERMINATION_IN_LNSRCH"

471.6772FALSE
467.7201FALSE
471.6749FALSE
467.7177FALSE
471.6795FALSE
489.8559FALSE
467.7224FALSE
489.9361FALSE
467.6871FALSE
489.7757FALSE
467.753FALSE
471.446FALSE
471.4472FALSE
467.7078FALSE
471.4448FALSE
467.7323FALSE
471.4435FALSE
443.9858FALSE
471.4432FALSE
471.4438FALSE
443.9793FALSE
471.4381FALSE
443.9922FALSE
471.4376FALSE
471.4385FALSE
443.9711FALSE
471.4443FALSE
444.0005FALSE
471.4455FALSE
443.9923FALSE
471.4431FALSE
443.9793FALSE
471.4351FALSE
439.6043FALSE
471.4352FALSE
439.6253FALSE
471.435FALSE
439.5832FALSE
471.4342FALSE
471.4343FALSE
439.6081FALSE
471.4341FALSE
439.6005FALSE
471.4433FALSE
439.6024FALSE
471.443FALSE
439.6061FALSE
471.4436FALSE
471.4338FALSE
435.3958FALSE
471.4339FALSE
435.3918FALSE
471.4339FALSE
435.3998FALSE
471.4343FALSE
435.3933FALSE
471.4344FALSE
435.3982FALSE
471.4341FALSE
471.4338FALSE
435.403FALSE
471.4339FALSE
435.3885FALSE
471.4339FALSE
435.0929FALSE
471.4338FALSE
471.4339FALSE
435.0942FALSE
471.4339FALSE
435.0917FALSE
471.4338FALSE
435.0915FALSE
471.4339FALSE
435.0944FALSE
471.4339FALSE
435.0928FALSE
471.4338FALSE
435.093FALSE
471.4339FALSE
434.9547FALSE
471.4339FALSE
434.9553FALSE
471.4338FALSE
434.9542FALSE
471.4339FALSE
434.9534FALSE
471.4339FALSE
434.9561FALSE
471.4338FALSE
434.9544FALSE
471.4339FALSE
434.9551FALSE
471.4339FALSE
471.4338FALSE
434.6595FALSE
471.4339FALSE
434.6577FALSE
471.4339FALSE
434.6614FALSE
471.4338FALSE
434.6588FALSE
471.4339FALSE
434.6601FALSE
471.4339FALSE
434.6588FALSE
471.4338FALSE
434.6601FALSE
471.4339FALSE
434.5048FALSE
471.4339FALSE
434.5044FALSE
471.4338FALSE
434.5052FALSE
471.4339FALSE
434.5044FALSE
471.4339FALSE
471.4338FALSE
434.5052FALSE
471.4339FALSE
434.5038FALSE
471.4339FALSE
434.5058FALSE
471.4338FALSE
434.3663FALSE
471.4339FALSE
434.3675FALSE
471.4339FALSE
434.3652FALSE
471.4338FALSE
434.3661FALSE
471.4339FALSE
434.3665FALSE
471.4339FALSE
434.3661FALSE
471.4338FALSE
471.4339FALSE
434.3665FALSE
471.4339FALSE
434.3192FALSE
434.3186FALSE
471.4338FALSE
471.4339FALSE
434.3197FALSE
471.4339FALSE
434.3191FALSE
471.4338FALSE
434.3193FALSE
471.4339FALSE
434.3191FALSE
471.4339FALSE
434.3193FALSE
471.4338FALSE
434.2969FALSE
471.4339FALSE
434.2965FALSE
471.4339FALSE
471.4338FALSE
434.2973FALSE
471.4339FALSE
434.2968FALSE
471.4339FALSE
434.297FALSE
471.4338FALSE
434.2966FALSE
471.4339FALSE
434.2972FALSE
471.4339FALSE
435.5128FALSE
471.4338FALSE
435.5064FALSE
471.4339FALSE
471.4339FALSE
435.5193FALSE
471.4338FALSE
435.5128FALSE
471.4339FALSE
435.5128FALSE
471.4339FALSE
435.5202FALSE
471.4338FALSE
435.5054FALSE
471.4339FALSE
434.2924FALSE
471.4339FALSE
471.4338FALSE
434.292FALSE
471.4339FALSE
434.2928FALSE
471.4339FALSE
434.2924FALSE
471.4338FALSE
434.2925FALSE
471.4339FALSE
434.2921FALSE
471.4339FALSE
434.2927FALSE
471.4338FALSE
434.2889FALSE
471.4339FALSE
471.4339FALSE
434.2891FALSE
471.4338FALSE
434.2891FALSE
471.4339FALSE
434.2889FALSE
471.4339FALSE
434.2889FALSE
471.4338FALSE
434.289FALSE
471.4339FALSE
434.2888FALSE
471.4339FALSE
434.2827FALSE
471.4338FALSE
434.2821FALSE
471.4339FALSE
434.2853FALSE
471.4339FALSE
434.2827FALSE
471.4338FALSE
434.2827FALSE
471.4339FALSE
471.4339FALSE
434.2834FALSE
471.4338FALSE
434.2828FALSE
471.4339FALSE
434.2731FALSE
471.4339FALSE
434.2733FALSE
471.4338FALSE
434.2729FALSE
471.4339FALSE
434.2731FALSE
471.4339FALSE
434.2731FALSE
471.4338FALSE
471.4339FALSE
434.2731FALSE
471.4339FALSE
434.273FALSE
471.4338FALSE
434.2713FALSE
471.4339FALSE
434.2715FALSE
471.4339FALSE
434.2711FALSE
471.4338FALSE
434.2713FALSE
471.4339FALSE
434.2713FALSE
471.4339FALSE
471.4338FALSE
434.2714FALSE
471.4339FALSE
434.2713FALSE
471.4339FALSE
434.2715FALSE
471.4338FALSE
471.4339FALSE
434.2711FALSE
471.4339FALSE
434.2719FALSE
471.4338FALSE
434.2715FALSE
471.4339FALSE
434.2715FALSE
471.4339FALSE
434.2712FALSE
471.4338FALSE
434.2718FALSE
471.4339FALSE
434.27FALSE
471.4339FALSE
434.2704FALSE
471.4338FALSE
471.4339FALSE
434.2697FALSE
471.4339FALSE
434.27FALSE
471.4338FALSE
434.27FALSE
471.4339FALSE
434.2698FALSE
471.4339FALSE
434.2702FALSE
471.4338FALSE
434.2689FALSE
471.4339FALSE
471.4339FALSE
$par
time_ind_lag0.bw 
       -1.884789 

$value
[1] 471.4338

$counts
function gradient 
      52       52 

$convergence
[1] 0

$message
[1] "CONVERGENCE: REL_REDUCTION_OF_F <= FACTR*EPSMCH"

434.2691FALSE
434.2687FALSE
434.2689FALSE
434.2689FALSE
434.2689FALSE
434.2688FALSE
434.268FALSE
434.2681FALSE
434.2678FALSE
434.268FALSE
434.268FALSE
434.268FALSE
434.2679FALSE
434.3302FALSE
434.3235FALSE
434.3378FALSE
434.3302FALSE
434.3302FALSE
434.3345FALSE
434.3263FALSE
434.2678FALSE
434.2679FALSE
434.2684FALSE
434.2678FALSE
434.2678FALSE
434.2678FALSE
434.2679FALSE
434.2679FALSE
434.268FALSE
434.268FALSE
434.2678FALSE
434.2679FALSE
434.2679FALSE
434.2678FALSE
434.2674FALSE
434.2674FALSE
434.268FALSE
434.2674FALSE
434.2674FALSE
434.2674FALSE
434.2675FALSE
434.2672FALSE
434.2675FALSE
434.2673FALSE
434.2672FALSE
434.2672FALSE
434.2673FALSE
434.2674FALSE
434.2672FALSE
434.2674FALSE
434.2673FALSE
434.2672FALSE
434.2672FALSE
434.2673FALSE
434.2672FALSE
434.2672FALSE
434.2674FALSE
434.2673FALSE
434.2672FALSE
434.2672FALSE
434.2673FALSE
434.2673FALSE
434.2672FALSE
434.2675FALSE
434.2673FALSE
434.2672FALSE
434.2672FALSE
434.2673FALSE
434.2674FALSE
434.2672FALSE
434.2675FALSE
434.2673FALSE
434.2672FALSE
434.2672FALSE
434.2673FALSE
434.2674FALSE
434.2672FALSE
434.2675FALSE
434.2673FALSE
434.2672FALSE
434.2672FALSE
434.2673FALSE
434.2674FALSE
434.2672FALSE
434.2675FALSE
434.2673FALSE
434.2672FALSE
434.2672FALSE
434.2673FALSE
434.2674FALSE
434.2672FALSE
434.2675FALSE
434.2673FALSE
434.2672FALSE
434.2672FALSE
434.2673FALSE
434.2674FALSE
434.2672FALSE
434.2675FALSE
434.2673FALSE
434.2672FALSE
434.2672FALSE
434.2673FALSE
434.2674FALSE
434.2672FALSE
434.2675FALSE
434.2673FALSE
434.2672FALSE
434.2672FALSE
434.2673FALSE
434.2674FALSE
434.2672FALSE
434.2675FALSE
434.2673FALSE
434.2672FALSE
434.2672FALSE
434.2673FALSE
434.2674FALSE
434.2672FALSE
434.2675FALSE
434.2673FALSE
434.2672FALSE
434.2672FALSE
434.2673FALSE
434.2674FALSE
434.2672FALSE
434.2675FALSE
434.2673FALSE
434.2672FALSE
434.2672FALSE
434.2673FALSE
434.2674FALSE
434.2672FALSE
434.2675FALSE
434.2673FALSE
434.2672FALSE
434.2672FALSE
434.2673FALSE
434.2674FALSE
434.2672FALSE
434.2675FALSE
434.2673FALSE
434.2672FALSE
434.2672FALSE
434.2673FALSE
434.2674FALSE
434.2672FALSE
434.2675FALSE
434.2673FALSE
434.2672FALSE
434.2672FALSE
434.2673FALSE
434.2674FALSE
434.2672FALSE
434.2675FALSE
434.2673FALSE
434.2672FALSE
434.2672FALSE
434.2673FALSE
434.2674FALSE
434.2672FALSE
434.2675FALSE
434.2673FALSE
434.2672FALSE
434.2672FALSE
434.2673FALSE
434.2674FALSE
434.2672FALSE
434.2675FALSE
434.2673FALSE
434.2672FALSE
434.2672FALSE
434.2673FALSE
434.2674FALSE
434.2672FALSE
434.2675FALSE
434.2673FALSE
434.2672FALSE
434.2672FALSE
434.2673FALSE
434.2674FALSE
434.2672FALSE
434.2675FALSE
434.2673FALSE
434.2672FALSE
434.2672FALSE
434.2673FALSE
434.2674FALSE
434.905FALSE
434.8934FALSE
434.9166FALSE
434.905FALSE
434.905FALSE
434.9099FALSE
434.9001FALSE
434.2672FALSE
434.2674FALSE
434.2674FALSE
434.2672FALSE
434.2672FALSE
434.2673FALSE
434.2673FALSE
434.2672FALSE
434.2674FALSE
434.2674FALSE
434.2672FALSE
434.2672FALSE
434.2673FALSE
434.2673FALSE
434.2672FALSE
434.2674FALSE
434.2674FALSE
434.2672FALSE
434.2672FALSE
434.2673FALSE
434.2673FALSE
434.2672FALSE
434.2674FALSE
434.2674FALSE
434.2672FALSE
434.2672FALSE
434.2673FALSE
434.2673FALSE
434.2672FALSE
434.2674FALSE
434.2674FALSE
434.2672FALSE
434.2672FALSE
434.2673FALSE
434.2673FALSE
434.2672FALSE
434.2674FALSE
434.2674FALSE
434.2672FALSE
434.2672FALSE
434.2673FALSE
434.2673FALSE
434.2672FALSE
434.2674FALSE
434.2674FALSE
434.2672FALSE
434.2672FALSE
434.2673FALSE
434.2673FALSE
434.2672FALSE
434.2674FALSE
434.2674FALSE
434.2672FALSE
434.2672FALSE
434.2673FALSE
434.2673FALSE
434.2672FALSE
434.2674FALSE
434.2674FALSE
434.2672FALSE
434.2672FALSE
434.2673FALSE
434.2673FALSE
434.2672FALSE
434.2674FALSE
434.2674FALSE
434.2672FALSE
434.2672FALSE
434.2673FALSE
434.2673FALSE
434.2672FALSE
434.2674FALSE
434.2674FALSE
434.2672FALSE
434.2672FALSE
434.2673FALSE
434.2673FALSE
434.2672FALSE
434.2674FALSE
434.2674FALSE
434.2672FALSE
434.2672FALSE
434.2673FALSE
434.2673FALSE
434.2672FALSE
434.2674FALSE
434.2674FALSE
434.2672FALSE
434.2672FALSE
434.2673FALSE
434.2673FALSE
434.2672FALSE
434.2674FALSE
434.2674FALSE
434.2672FALSE
434.2672FALSE
434.2673FALSE
434.2673FALSE
434.2672FALSE
434.2674FALSE
434.2674FALSE
434.2672FALSE
434.2672FALSE
434.2673FALSE
434.2673FALSE
434.2672FALSE
434.2674FALSE
434.2674FALSE
434.2672FALSE
434.2672FALSE
434.2673FALSE
434.2673FALSE
434.2672FALSE
434.2674FALSE
434.2674FALSE
434.2672FALSE
434.2672FALSE
434.2673FALSE
434.2673FALSE
434.2672FALSE
434.2674FALSE
434.2674FALSE
434.2672FALSE
434.2672FALSE
434.2673FALSE
434.2673FALSE
434.2672FALSE
434.2674FALSE
434.2674FALSE
434.2672FALSE
434.2672FALSE
434.2673FALSE
434.2673FALSE
434.2672FALSE
434.2674FALSE
434.2674FALSE
434.2672FALSE
434.2672FALSE
434.2673FALSE
434.2673FALSE
434.2672FALSE
434.2674FALSE
434.2674FALSE
434.2672FALSE
434.2672FALSE
434.2673FALSE
434.2673FALSE
$par
smooth_log_cases_lag0.bw smooth_log_cases_lag1.bw         time_ind_lag0.bw 
               -1.423654                 3.959044                -2.015573 

$value
[1] 434.2672

$counts
function gradient 
      68       68 

$convergence
[1] 0

$message
[1] "CONVERGENCE: REL_REDUCTION_OF_F <= FACTR*EPSMCH"

471.5724FALSE
657.9388FALSE
471.5724FALSE
657.9389FALSE
471.5724FALSE
657.9388FALSE
471.5702FALSE
471.5745FALSE
657.8439FALSE
493.8578FALSE
657.8441FALSE
657.8437FALSE
493.8578FALSE
491.5409FALSE
493.8578FALSE
491.6274FALSE
493.9528FALSE
491.4545FALSE
493.7629FALSE
477.6286FALSE
471.4849FALSE
477.6286FALSE
477.6286FALSE
$par
time_ind_lag0.bw 
       -17.04096 

$value
[1] 477.6286

$counts
function gradient 
       4        4 

$convergence
[1] 0

$message
[1] "CONVERGENCE: NORM OF PROJECTED GRADIENT <= PGTOL"

471.4849FALSE
471.4849FALSE
471.4862FALSE
471.4836FALSE
471.4316FALSE
471.4316FALSE
471.4316FALSE
471.4315FALSE
471.4317FALSE
471.4323FALSE
471.4323FALSE
471.4323FALSE
471.4324FALSE
471.4322FALSE
471.4315FALSE
471.4315FALSE
471.4315FALSE
471.4317FALSE
471.4316FALSE
471.4315FALSE
471.4315FALSE
471.4315FALSE
471.4316FALSE
471.4316FALSE
471.4315FALSE
471.4315FALSE
471.4315FALSE
471.4316FALSE
471.4316FALSE
471.4315FALSE
471.4315FALSE
471.4315FALSE
471.4316FALSE
471.4316FALSE
471.4315FALSE
471.4315FALSE
471.4315FALSE
471.4316FALSE
471.4316FALSE
471.4315FALSE
471.4315FALSE
471.4315FALSE
471.4316FALSE
471.4316FALSE
471.4315FALSE
471.4315FALSE
471.4315FALSE
471.4316FALSE
471.4316FALSE
471.4315FALSE
471.4315FALSE
471.4315FALSE
471.4316FALSE
471.4316FALSE
471.4315FALSE
471.4315FALSE
471.4315FALSE
471.4316FALSE
471.4316FALSE
471.4315FALSE
471.4315FALSE
471.4315FALSE
471.4316FALSE
471.4316FALSE
471.4315FALSE
471.4315FALSE
471.4315FALSE
471.4316FALSE
471.4316FALSE
471.4315FALSE
471.4315FALSE
471.4315FALSE
471.4316FALSE
471.4316FALSE
471.4315FALSE
471.4315FALSE
471.4315FALSE
471.4316FALSE
471.4316FALSE
471.4315FALSE
471.4315FALSE
471.4315FALSE
471.4316FALSE
471.4316FALSE
471.4315FALSE
471.4315FALSE
471.4315FALSE
471.4316FALSE
471.4316FALSE
471.4315FALSE
471.4315FALSE
471.4315FALSE
471.4316FALSE
471.4316FALSE
471.4315FALSE
471.4315FALSE
471.4315FALSE
471.4316FALSE
471.4316FALSE
471.4315FALSE
471.4315FALSE
471.4315FALSE
471.4316FALSE
471.4316FALSE
471.4315FALSE
471.4315FALSE
471.4315FALSE
471.4316FALSE
471.4316FALSE
$par
smooth_log_cases_lag1.bw         time_ind_lag0.bw 
                3.958447                -1.884809 

$value
[1] 471.4315

$counts
function gradient 
      24       24 

$convergence
[1] 0

$message
[1] "CONVERGENCE: REL_REDUCTION_OF_F <= FACTR*EPSMCH"

> 
> save(ssr_fit,
+     file=paste0("/home/ngr67a/2015-cdc-flu-competition/fit-competition-ssr-ph", prediction_horizon_limit, "-", data_set, ".Rdata"))
> 
> proc.time()
    user   system  elapsed 
3994.501    1.796 3033.224 
