
R version 3.2.2 (2015-08-14) -- "Fire Safety"
Copyright (C) 2015 The R Foundation for Statistical Computing
Platform: x86_64-pc-linux-gnu (64-bit)

R is free software and comes with ABSOLUTELY NO WARRANTY.
You are welcome to redistribute it under certain conditions.
Type 'license()' or 'licence()' for distribution details.

  Natural language support but running in an English locale

R is a collaborative project with many contributors.
Type 'contributors()' for more information and
'citation()' on how to cite R or R packages in publications.

Type 'demo()' for some demos, 'help()' for on-line help, or
'help.start()' for an HTML browser interface to help.
Type 'q()' to quit R.

> ### get ssr fit -- prediction horizons 1:52
> library(lubridate)
> library(ggplot2)
> library(plyr)

Attaching package: ‘plyr’

The following object is masked from ‘package:lubridate’:

    here

> library(dplyr)

Attaching package: ‘dplyr’

The following objects are masked from ‘package:plyr’:

    arrange, count, desc, failwith, id, mutate, rename, summarise,
    summarize

The following objects are masked from ‘package:lubridate’:

    intersect, setdiff, union

The following objects are masked from ‘package:stats’:

    filter, lag

The following objects are masked from ‘package:base’:

    intersect, setdiff, setequal, union

> library(reshape)

Attaching package: ‘reshape’

The following object is masked from ‘package:dplyr’:

    rename

The following objects are masked from ‘package:plyr’:

    rename, round_any

The following object is masked from ‘package:lubridate’:

    stamp

> library(ssrFlu)
> library(doMC)
Loading required package: foreach
Loading required package: iterators
Loading required package: parallel
> 
> registerDoMC(cores=3)
> 
> args <- commandArgs(trailingOnly=TRUE)
> 
> data_set <- args[1]
> prediction_horizon_limit <- as.integer(args[2])
> 
> ## load dataset
> if(identical(data_set, "ili_national")) {
+     data <- ili_national
+ } 
> if(identical(data_set, "ili_region1")) {
+     data <- ili_region1
+ } 
> if(identical(data_set, "ili_region2")) {
+     data <- ili_region2
+ } 
> if(identical(data_set, "ili_region3")) {
+     data <- ili_region3
+ } 
> if(identical(data_set, "ili_region4")) {
+     data <- ili_region4
+ } 
> if(identical(data_set, "ili_region5")) {
+     data <- ili_region5
+ } 
> if(identical(data_set, "ili_region6")) {
+     data <- ili_region6
+ } 
> if(identical(data_set, "ili_region7")) {
+     data <- ili_region7
+ } 
> if(identical(data_set, "ili_region8")) {
+     data <- ili_region8
+ } 
> if(identical(data_set, "ili_region9")) {
+     data <- ili_region9
+ } 
> if(identical(data_set, "ili_region10")) {
+     data <- ili_region10
+ } 
> 
> 
> 
> ## add log column
> data$log_total_cases <- log(data$total_cases + 1)
> 
> ## add week_start_date
> char_dates <- paste(data$year, data$week, "1")
> data$week_start_date <- as.Date(char_dates, format="%Y %W %w")
> 
> ## remove week 53s
> data <- data[-which(is.na(data$week_start_date)),]
> data <- data[262:nrow(data),]
> 
> ## add smooth log column -- or not, since it is already pretty smooth...
> sm <- loess(log_total_cases ~ as.numeric(week_start_date), data=data, span= 26 / nrow(data))
> data$smooth_log_cases <- sm$fitted
> 
> ## add time column
> data$time_ind <- seq_len(nrow(data))
> 
> ssr_control <- create_ssr_control(X_names=c("smooth_log_cases", "time_ind"),
+     y_names="total_cases",
+     time_name=NULL,
+     max_lag=list(smooth_log_cases=1,
+         time_ind=0),
+     prediction_horizons=as.integer(prediction_horizon_limit),
+     kernel_fns=list(smooth_log_cases="squared_exp_kernel",
+         time_ind="periodic_kernel"),
+     theta_est=list(smooth_log_cases="bw",
+         time_ind="bw"),
+     theta_fixed=list(time_ind=list(period=pi / 52)),
+     theta_transform_fns=list(
+         squared_exp_kernel=list(
+             bw=list(transform="log",
+                 detransform="exp")
+         ),
+         periodic_kernel=list(
+             bw=list(transform="log",
+                 detransform="exp")
+         )
+     ),
+     crossval_buffer=52,
+     loss_fn_name="mae_from_kernel_weights_and_centers",
+     loss_fn_args=list())
> 
> 
> ssr_fit <- ssr(X_names=c("smooth_log_cases", "time_ind"),
+     y_names="total_cases",
+     time_name=NULL,
+     data=data,
+     ssr_control=ssr_control)
720.2742FALSE
984.191FALSE
1004.278FALSE
720.2622FALSE
984.1953FALSE
1004.288FALSE
720.2862FALSE
984.1867FALSE
1004.268FALSE
717.2586FALSE
992.5288FALSE
1006.637FALSE
717.2956FALSE
992.526FALSE
992.5317FALSE
1006.631FALSE
717.2224FALSE
983.9983FALSE
1006.643FALSE
983.9991FALSE
716.9689FALSE
983.9975FALSE
716.9554FALSE
1002.932FALSE
983.9921FALSE
716.9823FALSE
1002.932FALSE
983.9921FALSE
712.6812FALSE
983.9921FALSE
712.6813FALSE
1002.932FALSE
983.9921FALSE
712.6811FALSE
1002.932FALSE
983.9921FALSE
712.6805FALSE
983.9921FALSE
$par
smooth_log_cases_lag1.bw 
               -2.393865 

$value
[1] 983.9921

$counts
function gradient 
       5        5 

$convergence
[1] 0

$message
[1] "CONVERGENCE: REL_REDUCTION_OF_F <= FACTR*EPSMCH"

1002.932FALSE
712.6806FALSE
1002.932FALSE
$par
smooth_log_cases_lag0.bw 
               -2.594254 

$value
[1] 1002.932

$counts
function gradient 
       4        4 

$convergence
[1] 0

$message
[1] "CONVERGENCE: REL_REDUCTION_OF_F <= FACTR*EPSMCH"

712.6804FALSE
712.699FALSE
712.697FALSE
712.7013FALSE
712.6803FALSE
712.6804FALSE
712.6802FALSE
712.6843FALSE
712.6823FALSE
712.6862FALSE
712.6798FALSE
712.6799FALSE
712.6797FALSE
712.6792FALSE
712.6793FALSE
712.6797FALSE
712.6796FALSE
712.6797FALSE
712.6795FALSE
712.6793FALSE
712.6794FALSE
712.6792FALSE
712.6792FALSE
712.6793FALSE
712.6797FALSE
712.6805FALSE
712.6806FALSE
712.6804FALSE
712.6794FALSE
712.6795FALSE
712.6793FALSE
712.6792FALSE
712.6793FALSE
712.6791FALSE
712.6792FALSE
712.6793FALSE
712.6795FALSE
712.6792FALSE
712.6793FALSE
712.6797FALSE
712.6792FALSE
712.6793FALSE
712.6797FALSE
712.6792FALSE
712.6793FALSE
712.6797FALSE
712.6792FALSE
712.6793FALSE
712.6797FALSE
712.6792FALSE
712.6793FALSE
712.6797FALSE
712.6792FALSE
712.6793FALSE
712.6797FALSE
712.6792FALSE
712.6793FALSE
712.6797FALSE
712.6792FALSE
712.6793FALSE
712.6797FALSE
712.6792FALSE
712.6793FALSE
712.6797FALSE
712.6792FALSE
712.6793FALSE
712.6797FALSE
712.6792FALSE
712.6793FALSE
712.6797FALSE
712.6792FALSE
712.6793FALSE
712.6797FALSE
712.6792FALSE
712.6793FALSE
712.6797FALSE
712.6792FALSE
712.6793FALSE
712.6797FALSE
712.6792FALSE
712.6793FALSE
712.6797FALSE
712.6792FALSE
712.6793FALSE
712.6797FALSE
714.2671FALSE
714.2859FALSE
714.2484FALSE
712.6797FALSE
712.6798FALSE
712.6796FALSE
712.6793FALSE
712.6794FALSE
712.6792FALSE
712.6792FALSE
712.6793FALSE
712.6793FALSE
712.6792FALSE
712.6793FALSE
712.6796FALSE
712.6792FALSE
712.6793FALSE
712.6797FALSE
712.6792FALSE
712.6793FALSE
712.6797FALSE
712.6792FALSE
712.6793FALSE
712.6797FALSE
712.6792FALSE
712.6793FALSE
712.6797FALSE
712.6792FALSE
712.6793FALSE
712.6797FALSE
712.6792FALSE
712.6793FALSE
712.6797FALSE
712.6792FALSE
712.6793FALSE
712.6797FALSE
712.6792FALSE
712.6793FALSE
712.6797FALSE
712.6792FALSE
712.6793FALSE
712.6797FALSE
712.6792FALSE
712.6793FALSE
712.6797FALSE
712.6792FALSE
712.6793FALSE
712.6797FALSE
712.6792FALSE
712.6793FALSE
712.6797FALSE
712.6792FALSE
712.6793FALSE
712.6797FALSE
712.6792FALSE
712.6793FALSE
712.6797FALSE
712.6792FALSE
712.6793FALSE
712.6797FALSE
$par
time_ind_lag0.bw 
       -1.628833 

$value
[1] 712.6792

$counts
function gradient 
      53       53 

$convergence
[1] 0

$message
[1] "CONVERGENCE: REL_REDUCTION_OF_F <= FACTR*EPSMCH"

745.6359FALSE
744.3611FALSE
745.603FALSE
744.3276FALSE
745.6688FALSE
744.3946FALSE
744.3933FALSE
745.6607FALSE
744.329FALSE
745.6111FALSE
732.6627FALSE
729.2579FALSE
732.6163FALSE
729.2446FALSE
732.7089FALSE
729.2711FALSE
732.6448FALSE
729.2336FALSE
732.6805FALSE
729.2822FALSE
729.8245FALSE
718.1451FALSE
729.8235FALSE
718.1226FALSE
729.8254FALSE
718.1675FALSE
729.8143FALSE
718.1344FALSE
729.8346FALSE
718.1558FALSE
727.9199FALSE
732.5837FALSE
727.9187FALSE
732.5838FALSE
727.9211FALSE
732.5836FALSE
727.9106FALSE
732.7072FALSE
727.9292FALSE
712.1482FALSE
732.4604FALSE
712.1219FALSE
713.4877FALSE
712.1744FALSE
713.4919FALSE
712.1709FALSE
713.4834FALSE
712.1255FALSE
713.4809FALSE
726.034FALSE
726.0319FALSE
713.4946FALSE
726.0361FALSE
712.242FALSE
726.0263FALSE
712.2503FALSE
726.0417FALSE
712.2336FALSE
718.9427FALSE
712.2433FALSE
718.9422FALSE
712.2407FALSE
718.9432FALSE
718.9287FALSE
961.5192FALSE
718.9566FALSE
961.5171FALSE
994.0424FALSE
961.5213FALSE
994.0573FALSE
961.5778FALSE
994.0274FALSE
961.4605FALSE
994.0725FALSE
711.8722FALSE
994.0122FALSE
711.8797FALSE
718.0728FALSE
711.8647FALSE
718.0724FALSE
711.8775FALSE
718.0733FALSE
711.867FALSE
718.0593FALSE
714.3099FALSE
718.0864FALSE
714.2843FALSE
716.4083FALSE
714.3354FALSE
716.409FALSE
714.3372FALSE
714.2842FALSE
716.4076FALSE
711.6886FALSE
716.3956FALSE
711.6931FALSE
716.421FALSE
711.6841FALSE
838.0209FALSE
711.6961FALSE
837.9914FALSE
838.0504FALSE
711.6811FALSE
838.2704FALSE
711.3637FALSE
837.7712FALSE
711.3552FALSE
714.8833FALSE
711.3722FALSE
714.8861FALSE
711.3754FALSE
714.8805FALSE
711.352FALSE
714.8715FALSE
710.991FALSE
714.8951FALSE
710.9932FALSE
713.484FALSE
710.9888FALSE
713.4895FALSE
713.4785FALSE
710.9929FALSE
713.4742FALSE
710.9892FALSE
713.4944FALSE
710.9044FALSE
721.2957FALSE
710.9004FALSE
721.2701FALSE
710.9084FALSE
721.3212FALSE
710.9048FALSE
721.3826FALSE
710.904FALSE
721.2089FALSE
710.9171FALSE
710.9836FALSE
710.9206FALSE
710.9937FALSE
710.9734FALSE
710.9135FALSE
710.9799FALSE
710.9165FALSE
710.9873FALSE
710.9177FALSE
710.762FALSE
710.8882FALSE
710.7674FALSE
710.8869FALSE
710.7566FALSE
710.8922FALSE
710.7851FALSE
710.8901FALSE
710.8863FALSE
710.7394FALSE
710.9111FALSE
710.5691FALSE
710.9149FALSE
710.58FALSE
710.9073FALSE
710.5581FALSE
710.9098FALSE
710.5697FALSE
710.9134FALSE
710.5685FALSE
710.887FALSE
710.5691FALSE
710.8911FALSE
710.58FALSE
710.8875FALSE
710.5581FALSE
710.8861FALSE
710.5697FALSE
710.8879FALSE
710.5685FALSE
710.8857FALSE
1328.554FALSE
710.8883FALSE
1328.554FALSE
710.8898FALSE
1328.554FALSE
710.8876FALSE
1328.554FALSE
710.8851FALSE
1328.554FALSE
710.8964FALSE
1328.554FALSE
710.8923FALSE
710.9004FALSE
1328.554FALSE
710.8968FALSE
1328.554FALSE
710.8959FALSE
1328.554FALSE
710.8861FALSE
1328.554FALSE
710.8877FALSE
997.0964FALSE
710.8901FALSE
997.1091FALSE
710.888FALSE
997.0837FALSE
997.1137FALSE
710.8844FALSE
997.0791FALSE
710.8857FALSE
710.4512FALSE
710.8883FALSE
710.4627FALSE
710.8898FALSE
710.4396FALSE
710.8876FALSE
710.4535FALSE
710.8851FALSE
710.4489FALSE
710.8857FALSE
710.9393FALSE
710.8883FALSE
710.9411FALSE
710.8898FALSE
710.9375FALSE
710.8876FALSE
710.9686FALSE
710.8851FALSE
710.9101FALSE
710.8857FALSE
710.1865FALSE
710.8883FALSE
710.1992FALSE
710.8898FALSE
710.1738FALSE
710.8876FALSE
710.1933FALSE
710.8851FALSE
710.1798FALSE
710.8857FALSE
712.2629FALSE
710.8883FALSE
712.2461FALSE
710.8898FALSE
712.2798FALSE
710.8876FALSE
712.3043FALSE
710.8851FALSE
710.8857FALSE
712.2217FALSE
710.8883FALSE
710.1458FALSE
710.8898FALSE
710.1511FALSE
710.8876FALSE
710.1405FALSE
710.8851FALSE
710.1614FALSE
710.8857FALSE
710.1304FALSE
710.8883FALSE
709.7587FALSE
710.8898FALSE
709.765FALSE
710.8876FALSE
709.7523FALSE
710.8851FALSE
709.7695FALSE
710.8857FALSE
709.748FALSE
710.8883FALSE
708.5811FALSE
710.8898FALSE
708.5785FALSE
710.8876FALSE
708.5837FALSE
710.8851FALSE
708.5889FALSE
710.8857FALSE
710.8883FALSE
708.5734FALSE
710.8898FALSE
708.3866FALSE
710.8876FALSE
708.3848FALSE
710.8851FALSE
708.3883FALSE
710.8857FALSE
708.3886FALSE
710.8883FALSE
708.3848FALSE
710.8898FALSE
708.3737FALSE
710.8876FALSE
708.3721FALSE
710.8851FALSE
708.3752FALSE
710.8857FALSE
710.8883FALSE
708.3748FALSE
710.8898FALSE
708.3726FALSE
710.8876FALSE
708.3432FALSE
710.8851FALSE
708.3411FALSE
710.8857FALSE
708.3453FALSE
710.8883FALSE
708.3425FALSE
710.8898FALSE
708.3439FALSE
710.8876FALSE
710.3784FALSE
710.8851FALSE
710.3942FALSE
710.8857FALSE
710.3626FALSE
710.8883FALSE
710.368FALSE
710.8898FALSE
710.3889FALSE
710.8876FALSE
708.3366FALSE
710.8851FALSE
708.3343FALSE
708.3387FALSE
710.8857FALSE
708.3358FALSE
710.8883FALSE
708.3373FALSE
710.8898FALSE
708.3298FALSE
710.8876FALSE
708.3275FALSE
710.8851FALSE
708.3321FALSE
710.8857FALSE
708.329FALSE
710.8883FALSE
708.3306FALSE
710.8898FALSE
709.1282FALSE
710.8876FALSE
709.1476FALSE
710.8851FALSE
709.1088FALSE
710.8857FALSE
709.119FALSE
710.8883FALSE
709.1375FALSE
710.8898FALSE
708.3333FALSE
710.8876FALSE
708.3404FALSE
710.8851FALSE
708.3283FALSE
710.8857FALSE
708.3304FALSE
710.8883FALSE
708.3362FALSE
710.8898FALSE
708.3277FALSE
710.8876FALSE
708.3276FALSE
710.8851FALSE
$par
smooth_log_cases_lag1.bw         time_ind_lag0.bw 
              -0.8291077               -1.6264379 

$value
[1] 710.8857

$counts
function gradient 
      36       36 

$convergence
[1] 0

$message
[1] "CONVERGENCE: REL_REDUCTION_OF_F <= FACTR*EPSMCH"

708.3301FALSE
708.3269FALSE
708.3286FALSE
708.3936FALSE
708.4037FALSE
708.3834FALSE
708.3889FALSE
708.3983FALSE
708.327FALSE
708.3292FALSE
708.3293FALSE
708.3262FALSE
708.3278FALSE
708.3251FALSE
708.3229FALSE
708.3273FALSE
708.3258FALSE
708.3248FALSE
708.3238FALSE
708.3229FALSE
708.3261FALSE
708.3244FALSE
708.3245FALSE
708.3246FALSE
708.3297FALSE
708.323FALSE
708.3232FALSE
708.3266FALSE
708.3227FALSE
708.3254FALSE
708.3249FALSE
708.3234FALSE
708.3231FALSE
708.3227FALSE
708.3253FALSE
708.325FALSE
708.3234FALSE
708.3234FALSE
708.3227FALSE
708.3254FALSE
708.3249FALSE
708.3234FALSE
708.3231FALSE
708.3227FALSE
708.3254FALSE
708.3249FALSE
708.3234FALSE
708.3231FALSE
708.3227FALSE
708.3254FALSE
708.3249FALSE
708.3234FALSE
708.3231FALSE
708.3227FALSE
708.3254FALSE
708.3249FALSE
708.3234FALSE
708.3231FALSE
708.3227FALSE
708.3254FALSE
708.3249FALSE
708.3234FALSE
708.3231FALSE
708.3227FALSE
708.3254FALSE
708.3249FALSE
708.3234FALSE
708.3231FALSE
708.3227FALSE
708.3254FALSE
708.3249FALSE
708.3234FALSE
708.3231FALSE
708.3227FALSE
708.3254FALSE
708.3249FALSE
708.3234FALSE
708.3231FALSE
708.3227FALSE
708.3254FALSE
708.3249FALSE
708.3234FALSE
708.3231FALSE
708.3227FALSE
708.3254FALSE
708.3249FALSE
708.3234FALSE
708.3231FALSE
708.3227FALSE
708.3254FALSE
708.3249FALSE
708.3234FALSE
708.3231FALSE
708.3227FALSE
708.3254FALSE
708.3249FALSE
708.3234FALSE
708.3231FALSE
708.3227FALSE
708.3254FALSE
708.3249FALSE
708.3234FALSE
708.3231FALSE
708.3227FALSE
708.3254FALSE
708.3249FALSE
708.3234FALSE
708.3231FALSE
708.3227FALSE
708.3254FALSE
708.3249FALSE
708.3234FALSE
708.3231FALSE
708.3227FALSE
708.3254FALSE
708.3249FALSE
708.3234FALSE
708.3231FALSE
708.3227FALSE
708.3254FALSE
708.3249FALSE
708.3234FALSE
708.3231FALSE
708.3227FALSE
708.3254FALSE
708.3249FALSE
708.3234FALSE
708.3231FALSE
708.3227FALSE
708.3254FALSE
708.3249FALSE
708.3234FALSE
708.3231FALSE
$par
smooth_log_cases_lag0.bw         time_ind_lag0.bw 
              -0.8680438               -1.6170736 

$value
[1] 708.3227

$counts
function gradient 
      63       63 

$convergence
[1] 0

$message
[1] "CONVERGENCE: REL_REDUCTION_OF_F <= FACTR*EPSMCH"

746.3526FALSE
712.6804FALSE
712.6805FALSE
746.3518FALSE
712.6803FALSE
746.3535FALSE
723.4132FALSE
746.3211FALSE
746.3842FALSE
723.4044FALSE
723.4219FALSE
746.3792FALSE
712.6801FALSE
746.3261FALSE
712.6802FALSE
733.2863FALSE
712.68FALSE
733.2842FALSE
714.7855FALSE
733.2883FALSE
714.7735FALSE
733.2696FALSE
714.7973FALSE
733.3029FALSE
712.68FALSE
733.258FALSE
712.6801FALSE
733.3145FALSE
712.6799FALSE
722.118FALSE
713.8177FALSE
722.1064FALSE
713.8069FALSE
722.1296FALSE
713.8284FALSE
712.68FALSE
722.0944FALSE
712.6801FALSE
722.1416FALSE
712.6799FALSE
722.1097FALSE
713.2591FALSE
713.2499FALSE
722.1263FALSE
713.2683FALSE
718.0364FALSE
712.6799FALSE
718.0274FALSE
712.68FALSE
718.0454FALSE
712.6798FALSE
718.0348FALSE
712.9565FALSE
718.038FALSE
712.9504FALSE
712.9626FALSE
718.1095FALSE
712.6798FALSE
717.9635FALSE
712.6799FALSE
710.1685FALSE
712.6797FALSE
710.1587FALSE
712.812FALSE
710.1782FALSE
712.8072FALSE
712.8168FALSE
710.1605FALSE
712.6797FALSE
710.1764FALSE
712.6798FALSE
710.1723FALSE
712.6796FALSE
710.1654FALSE
712.739FALSE
712.3201FALSE
712.7353FALSE
712.3251FALSE
712.7432FALSE
712.3151FALSE
712.6797FALSE
712.3208FALSE
712.6798FALSE
712.3195FALSE
712.6796FALSE
712.3135FALSE
712.708FALSE
712.7057FALSE
712.3268FALSE
712.7103FALSE
709.1353FALSE
712.6796FALSE
709.1434FALSE
712.6797FALSE
709.1272FALSE
712.6795FALSE
709.1379FALSE
712.6939FALSE
709.1328FALSE
712.6919FALSE
709.1306FALSE
712.6958FALSE
712.6796FALSE
709.14FALSE
712.6797FALSE
709.0472FALSE
712.6795FALSE
709.0467FALSE
712.6857FALSE
709.0477FALSE
712.6837FALSE
709.0457FALSE
712.6876FALSE
712.6795FALSE
709.0488FALSE
712.6796FALSE
709.0475FALSE
709.047FALSE
712.6794FALSE
$par
time_ind_lag0.bw 
       -1.617074 

$value
[1] 712.6804

$counts
function gradient 
      21       21 

$convergence
[1] 52

$message
[1] "ERROR: ABNORMAL_TERMINATION_IN_LNSRCH"

708.9962FALSE
708.9955FALSE
708.9969FALSE
708.9947FALSE
708.9977FALSE
708.9968FALSE
708.9957FALSE
709.0996FALSE
709.0974FALSE
709.1018FALSE
709.0985FALSE
709.1008FALSE
709.1088FALSE
709.0905FALSE
708.9184FALSE
708.9171FALSE
708.9196FALSE
708.917FALSE
708.9198FALSE
708.9233FALSE
708.9144FALSE
708.7903FALSE
708.7889FALSE
708.7917FALSE
708.7892FALSE
708.7915FALSE
708.7935FALSE
708.7872FALSE
708.5935FALSE
708.6035FALSE
708.587FALSE
708.5942FALSE
708.5929FALSE
708.5918FALSE
708.5957FALSE
710.831FALSE
710.806FALSE
710.856FALSE
710.8308FALSE
710.8312FALSE
710.8411FALSE
710.821FALSE
708.4951FALSE
708.4939FALSE
708.4962FALSE
708.4947FALSE
708.4955FALSE
708.4971FALSE
708.4931FALSE
708.4608FALSE
708.4593FALSE
708.4623FALSE
708.4605FALSE
708.4611FALSE
708.4618FALSE
708.4598FALSE
708.4564FALSE
708.4549FALSE
708.4579FALSE
708.4562FALSE
708.4567FALSE
708.456FALSE
708.4569FALSE
708.4489FALSE
708.4475FALSE
708.4503FALSE
708.4487FALSE
708.4491FALSE
708.4485FALSE
708.4494FALSE
708.4332FALSE
708.432FALSE
708.4343FALSE
708.433FALSE
708.4333FALSE
708.4343FALSE
708.432FALSE
708.4171FALSE
708.4158FALSE
708.4184FALSE
708.417FALSE
708.4172FALSE
708.4182FALSE
708.416FALSE
712.8794FALSE
712.8787FALSE
712.8801FALSE
712.8794FALSE
712.8794FALSE
712.874FALSE
712.8849FALSE
708.6159FALSE
708.6262FALSE
708.6055FALSE
708.6159FALSE
708.6158FALSE
708.6132FALSE
708.6186FALSE
708.3969FALSE
708.3952FALSE
708.3985FALSE
708.3968FALSE
708.397FALSE
708.3979FALSE
708.3959FALSE
708.3838FALSE
708.3819FALSE
708.3856FALSE
708.3837FALSE
708.3838FALSE
708.3848FALSE
708.3828FALSE
708.4022FALSE
708.4132FALSE
708.3912FALSE
708.4023FALSE
708.4021FALSE
708.3999FALSE
708.4046FALSE
708.362FALSE
708.3598FALSE
708.3642FALSE
708.3619FALSE
708.3621FALSE
708.363FALSE
708.3611FALSE
708.3556FALSE
708.3534FALSE
708.3579FALSE
708.3555FALSE
708.3557FALSE
708.3566FALSE
708.3547FALSE
708.3529FALSE
708.3516FALSE
708.3551FALSE
708.3528FALSE
708.353FALSE
708.3545FALSE
708.352FALSE
708.3637FALSE
708.3727FALSE
708.3579FALSE
708.3637FALSE
708.3637FALSE
708.3632FALSE
708.3643FALSE
708.3518FALSE
708.3526FALSE
708.3534FALSE
708.3517FALSE
708.3519FALSE
708.3534FALSE
708.3502FALSE
708.5541FALSE
708.5648FALSE
708.5434FALSE
708.5542FALSE
708.5541FALSE
708.5514FALSE
708.5568FALSE
708.3513FALSE
708.3571FALSE
708.351FALSE
708.3513FALSE
708.3513FALSE
708.3513FALSE
708.3519FALSE
708.351FALSE
708.3543FALSE
708.3523FALSE
708.3509FALSE
708.3511FALSE
708.3526FALSE
708.3495FALSE
708.3747FALSE
708.3859FALSE
708.3639FALSE
708.3747FALSE
708.3746FALSE
708.3722FALSE
708.3773FALSE
708.3509FALSE
708.3595FALSE
708.3451FALSE
708.3509FALSE
708.3509FALSE
708.3503FALSE
708.3515FALSE
708.3435FALSE
708.3493FALSE
708.3381FALSE
708.3435FALSE
708.3435FALSE
708.3429FALSE
708.3442FALSE
708.3368FALSE
708.3345FALSE
708.3391FALSE
708.3368FALSE
708.3369FALSE
708.3378FALSE
708.3359FALSE
708.3348FALSE
708.3325FALSE
708.3371FALSE
708.3348FALSE
708.3348FALSE
708.3357FALSE
708.3339FALSE
708.3351FALSE
708.3399FALSE
708.3302FALSE
708.3351FALSE
708.3351FALSE
708.3338FALSE
708.3364FALSE
708.3306FALSE
708.3334FALSE
708.3329FALSE
708.3306FALSE
708.3307FALSE
708.3315FALSE
708.3298FALSE
708.3359FALSE
708.3453FALSE
708.331FALSE
708.3359FALSE
708.3359FALSE
708.3346FALSE
708.338FALSE
708.3301FALSE
708.335FALSE
708.3307FALSE
708.3301FALSE
708.3301FALSE
708.3292FALSE
708.3314FALSE
708.3298FALSE
708.3294FALSE
708.332FALSE
708.3297FALSE
708.3298FALSE
708.3306FALSE
708.3289FALSE
708.3293FALSE
708.3285FALSE
708.3316FALSE
708.3293FALSE
708.3293FALSE
708.3302FALSE
708.3284FALSE
708.3264FALSE
708.3278FALSE
708.3286FALSE
708.3263FALSE
708.3264FALSE
708.3272FALSE
708.3255FALSE
708.3248FALSE
708.3227FALSE
708.327FALSE
708.3248FALSE
708.3248FALSE
708.3255FALSE
708.3241FALSE
708.3232FALSE
708.3259FALSE
708.3255FALSE
708.3232FALSE
708.3232FALSE
708.324FALSE
708.3225FALSE
708.3402FALSE
708.3507FALSE
708.3341FALSE
708.3403FALSE
708.3402FALSE
708.3361FALSE
708.3449FALSE
708.3225FALSE
708.3272FALSE
708.3247FALSE
708.3225FALSE
708.3225FALSE
708.3232FALSE
708.3236FALSE
708.3228FALSE
708.3263FALSE
708.325FALSE
708.3228FALSE
708.3228FALSE
708.3235FALSE
708.3227FALSE
708.3226FALSE
708.3271FALSE
708.3248FALSE
708.3226FALSE
708.3226FALSE
708.3233FALSE
708.3235FALSE
708.3225FALSE
708.3272FALSE
708.3247FALSE
708.3225FALSE
708.3225FALSE
708.3232FALSE
708.3235FALSE
708.3225FALSE
708.3272FALSE
708.3247FALSE
708.3225FALSE
708.3225FALSE
708.3232FALSE
708.3236FALSE
708.3225FALSE
708.3272FALSE
708.3247FALSE
708.3225FALSE
708.3225FALSE
708.3232FALSE
708.3236FALSE
708.3225FALSE
708.3272FALSE
708.3247FALSE
708.3225FALSE
708.3225FALSE
708.3232FALSE
708.3236FALSE
708.3225FALSE
708.3272FALSE
708.3247FALSE
708.3225FALSE
708.3225FALSE
708.3232FALSE
708.3236FALSE
708.3225FALSE
708.3272FALSE
708.3247FALSE
708.3225FALSE
708.3225FALSE
708.3232FALSE
708.3236FALSE
708.3225FALSE
708.3272FALSE
708.3247FALSE
708.3225FALSE
708.3225FALSE
708.3232FALSE
708.3236FALSE
708.3225FALSE
708.3272FALSE
708.3247FALSE
708.3225FALSE
708.3225FALSE
708.3232FALSE
708.3236FALSE
708.3225FALSE
708.3272FALSE
708.3247FALSE
708.3225FALSE
708.3225FALSE
708.3232FALSE
708.3236FALSE
708.3225FALSE
708.3272FALSE
708.3247FALSE
708.3225FALSE
708.3225FALSE
708.3232FALSE
708.3236FALSE
708.3225FALSE
708.3272FALSE
708.3247FALSE
708.3225FALSE
708.3225FALSE
708.3232FALSE
708.3236FALSE
708.3225FALSE
708.3272FALSE
708.3247FALSE
708.3225FALSE
708.3225FALSE
708.3232FALSE
708.3236FALSE
$par
smooth_log_cases_lag0.bw smooth_log_cases_lag1.bw         time_ind_lag0.bw 
              -0.8672248                3.4765188               -1.6154856 

$value
[1] 708.3225

$counts
function gradient 
      63       63 

$convergence
[1] 0

$message
[1] "CONVERGENCE: REL_REDUCTION_OF_F <= FACTR*EPSMCH"

1025.087FALSE
712.6813FALSE
1025.088FALSE
712.6813FALSE
1025.087FALSE
712.6813FALSE
1024.678FALSE
712.6814FALSE
1024.679FALSE
712.6812FALSE
1024.677FALSE
723.3999FALSE
712.8472FALSE
723.3999FALSE
712.8558FALSE
723.3999FALSE
712.8386FALSE
723.3912FALSE
735.6059FALSE
723.4087FALSE
735.6059FALSE
712.6811FALSE
735.6059FALSE
$par
time_ind_lag0.bw 
       -17.52348 

$value
[1] 735.6059

$counts
function gradient 
       4        4 

$convergence
[1] 0

$message
[1] "CONVERGENCE: NORM OF PROJECTED GRADIENT <= PGTOL"

712.6811FALSE
712.6811FALSE
712.6812FALSE
712.681FALSE
714.4614FALSE
714.4614FALSE
714.4614FALSE
714.4494FALSE
714.4735FALSE
712.681FALSE
712.681FALSE
712.681FALSE
712.6811FALSE
712.6809FALSE
713.628FALSE
713.628FALSE
713.628FALSE
713.6184FALSE
713.6375FALSE
712.6809FALSE
712.6809FALSE
712.6809FALSE
712.681FALSE
712.6808FALSE
713.1419FALSE
713.1419FALSE
713.1419FALSE
713.1325FALSE
713.1513FALSE
712.6808FALSE
712.6808FALSE
712.6808FALSE
712.6809FALSE
712.6807FALSE
712.9031FALSE
712.9031FALSE
712.9031FALSE
712.897FALSE
712.9093FALSE
712.6807FALSE
712.6807FALSE
712.6807FALSE
712.6808FALSE
712.6806FALSE
712.7831FALSE
712.7831FALSE
712.7831FALSE
712.7783FALSE
712.7879FALSE
712.6806FALSE
712.6806FALSE
712.6806FALSE
712.6807FALSE
712.6805FALSE
712.7236FALSE
712.7236FALSE
712.7236FALSE
712.7199FALSE
712.7272FALSE
712.6805FALSE
712.6805FALSE
712.6806FALSE
712.6806FALSE
712.6805FALSE
712.7014FALSE
712.7014FALSE
712.7014FALSE
712.6993FALSE
712.7037FALSE
712.6805FALSE
712.6805FALSE
712.6805FALSE
712.6806FALSE
712.6804FALSE
712.6901FALSE
712.6901FALSE
712.6901FALSE
712.6881FALSE
712.692FALSE
712.6804FALSE
712.6804FALSE
712.6804FALSE
712.6805FALSE
712.6803FALSE
712.6831FALSE
712.6831FALSE
712.6831FALSE
712.6812FALSE
712.6851FALSE
712.6802FALSE
712.6802FALSE
712.6803FALSE
712.6803FALSE
712.6802FALSE
$par
smooth_log_cases_lag1.bw         time_ind_lag0.bw 
                3.476519                -1.615486 

$value
[1] 712.6813

$counts
function gradient 
      21       21 

$convergence
[1] 52

$message
[1] "ERROR: ABNORMAL_TERMINATION_IN_LNSRCH"

> 
> save(ssr_fit,
+     file=paste0("/home/ngr67a/2015-cdc-flu-competition/fit-competition-ssr-ph", prediction_horizon_limit, "-", data_set, ".Rdata"))
> 
> proc.time()
    user   system  elapsed 
3075.380    1.796 2667.119 
