
R version 3.2.2 (2015-08-14) -- "Fire Safety"
Copyright (C) 2015 The R Foundation for Statistical Computing
Platform: x86_64-pc-linux-gnu (64-bit)

R is free software and comes with ABSOLUTELY NO WARRANTY.
You are welcome to redistribute it under certain conditions.
Type 'license()' or 'licence()' for distribution details.

  Natural language support but running in an English locale

R is a collaborative project with many contributors.
Type 'contributors()' for more information and
'citation()' on how to cite R or R packages in publications.

Type 'demo()' for some demos, 'help()' for on-line help, or
'help.start()' for an HTML browser interface to help.
Type 'q()' to quit R.

> ### get ssr fit -- prediction horizons 1:52
> library(lubridate)
> library(ggplot2)
> library(plyr)

Attaching package: ‘plyr’

The following object is masked from ‘package:lubridate’:

    here

> library(dplyr)

Attaching package: ‘dplyr’

The following objects are masked from ‘package:plyr’:

    arrange, count, desc, failwith, id, mutate, rename, summarise,
    summarize

The following objects are masked from ‘package:lubridate’:

    intersect, setdiff, union

The following objects are masked from ‘package:stats’:

    filter, lag

The following objects are masked from ‘package:base’:

    intersect, setdiff, setequal, union

> library(reshape)

Attaching package: ‘reshape’

The following object is masked from ‘package:dplyr’:

    rename

The following objects are masked from ‘package:plyr’:

    rename, round_any

The following object is masked from ‘package:lubridate’:

    stamp

> library(ssrFlu)
> library(doMC)
Loading required package: foreach
Loading required package: iterators
Loading required package: parallel
> 
> registerDoMC(cores=3)
> 
> args <- commandArgs(trailingOnly=TRUE)
> 
> data_set <- args[1]
> prediction_horizon_limit <- as.integer(args[2])
> 
> ## load dataset
> if(identical(data_set, "ili_national")) {
+     data <- ili_national
+ } 
> if(identical(data_set, "ili_region1")) {
+     data <- ili_region1
+ } 
> if(identical(data_set, "ili_region2")) {
+     data <- ili_region2
+ } 
> if(identical(data_set, "ili_region3")) {
+     data <- ili_region3
+ } 
> if(identical(data_set, "ili_region4")) {
+     data <- ili_region4
+ } 
> if(identical(data_set, "ili_region5")) {
+     data <- ili_region5
+ } 
> if(identical(data_set, "ili_region6")) {
+     data <- ili_region6
+ } 
> if(identical(data_set, "ili_region7")) {
+     data <- ili_region7
+ } 
> if(identical(data_set, "ili_region8")) {
+     data <- ili_region8
+ } 
> if(identical(data_set, "ili_region9")) {
+     data <- ili_region9
+ } 
> if(identical(data_set, "ili_region10")) {
+     data <- ili_region10
+ } 
> 
> 
> 
> ## add log column
> data$log_total_cases <- log(data$total_cases + 1)
> 
> ## add week_start_date
> char_dates <- paste(data$year, data$week, "1")
> data$week_start_date <- as.Date(char_dates, format="%Y %W %w")
> 
> ## remove week 53s
> data <- data[-which(is.na(data$week_start_date)),]
> data <- data[262:nrow(data),]
> 
> ## add smooth log column -- or not, since it is already pretty smooth...
> sm <- loess(log_total_cases ~ as.numeric(week_start_date), data=data, span= 26 / nrow(data))
> data$smooth_log_cases <- sm$fitted
> 
> ## add time column
> data$time_ind <- seq_len(nrow(data))
> 
> ssr_control <- create_ssr_control(X_names=c("smooth_log_cases", "time_ind"),
+     y_names="total_cases",
+     time_name=NULL,
+     max_lag=list(smooth_log_cases=1,
+         time_ind=0),
+     prediction_horizons=as.integer(prediction_horizon_limit),
+     kernel_fns=list(smooth_log_cases="squared_exp_kernel",
+         time_ind="periodic_kernel"),
+     theta_est=list(smooth_log_cases="bw",
+         time_ind="bw"),
+     theta_fixed=list(time_ind=list(period=pi / 52)),
+     theta_transform_fns=list(
+         squared_exp_kernel=list(
+             bw=list(transform="log",
+                 detransform="exp")
+         ),
+         periodic_kernel=list(
+             bw=list(transform="log",
+                 detransform="exp")
+         )
+     ),
+     crossval_buffer=52,
+     loss_fn_name="mae_from_kernel_weights_and_centers",
+     loss_fn_args=list())
> 
> 
> ssr_fit <- ssr(X_names=c("smooth_log_cases", "time_ind"),
+     y_names="total_cases",
+     time_name=NULL,
+     data=data,
+     ssr_control=ssr_control)
419.5888FALSE
347.8846FALSE
412.9745FALSE
419.602FALSE
412.9903FALSE
347.8799FALSE
419.5757FALSE
412.9588FALSE
347.8892FALSE
413.9465FALSE
419.3102FALSE
342.3225FALSE
413.9428FALSE
342.3274FALSE
419.309FALSE
413.9503FALSE
342.3176FALSE
419.3114FALSE
410.4842FALSE
345.093FALSE
419.2004FALSE
410.4833FALSE
345.086FALSE
419.1988FALSE
410.485FALSE
345.1001FALSE
419.2021FALSE
410.4766FALSE
342.1908FALSE
410.4772FALSE
418.3196FALSE
342.1898FALSE
410.4759FALSE
418.3167FALSE
342.1917FALSE
410.4764FALSE
344.99FALSE
418.3225FALSE
410.4758FALSE
345.0198FALSE
437.5536FALSE
410.477FALSE
344.961FALSE
410.4748FALSE
437.5771FALSE
342.1822FALSE
410.4748FALSE
437.5301FALSE
342.1823FALSE
410.475FALSE
342.182FALSE
418.1027FALSE
410.4748FALSE
342.1822FALSE
418.1001FALSE
410.475FALSE
342.182FALSE
418.1054FALSE
342.1826FALSE
410.4748FALSE
417.7497FALSE
342.182FALSE
410.4748FALSE
342.1822FALSE
410.4748FALSE
417.7488FALSE
410.4749FALSE
342.1822FALSE
417.7506FALSE
410.4748FALSE
342.182FALSE
446.6127FALSE
410.4748FALSE
342.1822FALSE
446.6129FALSE
410.475FALSE
342.1822FALSE
446.6126FALSE
410.4748FALSE
342.182FALSE
417.7414FALSE
410.4748FALSE
342.1822FALSE
410.475FALSE
417.7413FALSE
342.1822FALSE
410.4748FALSE
417.7415FALSE
342.182FALSE
410.4748FALSE
342.1822FALSE
417.7411FALSE
410.475FALSE
342.1822FALSE
410.4748FALSE
417.7411FALSE
342.182FALSE
410.4748FALSE
417.7412FALSE
342.1822FALSE
410.475FALSE
342.1822FALSE
417.7411FALSE
410.4748FALSE
342.182FALSE
417.7411FALSE
410.4748FALSE
342.1822FALSE
417.7411FALSE
410.475FALSE
342.1822FALSE
410.4748FALSE
417.7411FALSE
342.182FALSE
410.4748FALSE
417.7411FALSE
342.1822FALSE
410.475FALSE
417.7411FALSE
342.1822FALSE
410.4748FALSE
417.7411FALSE
342.182FALSE
410.4748FALSE
417.7411FALSE
342.1822FALSE
410.475FALSE
417.7411FALSE
342.1822FALSE
410.4748FALSE
417.7411FALSE
342.182FALSE
410.4748FALSE
417.7411FALSE
342.1822FALSE
410.475FALSE
417.7411FALSE
$par
smooth_log_cases_lag0.bw 
               -2.602485 

$value
[1] 417.7411

$counts
function gradient 
      14       14 

$convergence
[1] 0

$message
[1] "CONVERGENCE: REL_REDUCTION_OF_F <= FACTR*EPSMCH"

342.1822FALSE
410.4748FALSE
342.182FALSE
410.4748FALSE
342.1822FALSE
410.475FALSE
342.1822FALSE
410.4748FALSE
342.182FALSE
410.4748FALSE
342.1822FALSE
410.475FALSE
342.1822FALSE
410.4748FALSE
342.182FALSE
410.4748FALSE
342.1822FALSE
410.475FALSE
342.1822FALSE
410.4748FALSE
342.182FALSE
410.4748FALSE
342.1822FALSE
410.475FALSE
342.1822FALSE
410.4748FALSE
342.182FALSE
410.4748FALSE
342.1822FALSE
410.475FALSE
342.1822FALSE
410.4748FALSE
342.182FALSE
410.4748FALSE
342.1822FALSE
410.475FALSE
342.1822FALSE
410.4748FALSE
342.182FALSE
410.4748FALSE
342.1822FALSE
410.475FALSE
342.1822FALSE
410.4748FALSE
342.182FALSE
410.4748FALSE
342.1822FALSE
410.475FALSE
342.1822FALSE
$par
time_ind_lag0.bw 
         -1.3648 

$value
[1] 342.182

$counts
function gradient 
      24       24 

$convergence
[1] 0

$message
[1] "CONVERGENCE: REL_REDUCTION_OF_F <= FACTR*EPSMCH"

410.4748FALSE
410.4748FALSE
410.475FALSE
410.4748FALSE
410.4748FALSE
410.475FALSE
410.7299FALSE
410.7348FALSE
410.7249FALSE
410.4748FALSE
410.4753FALSE
410.4748FALSE
410.4748FALSE
410.475FALSE
410.4748FALSE
410.4748FALSE
410.4748FALSE
410.4749FALSE
410.4748FALSE
410.4748FALSE
410.475FALSE
410.4748FALSE
410.4748FALSE
410.475FALSE
410.4748FALSE
410.4748FALSE
410.475FALSE
410.4748FALSE
410.4748FALSE
410.475FALSE
410.4748FALSE
410.4748FALSE
410.475FALSE
410.4748FALSE
410.4748FALSE
410.475FALSE
410.4748FALSE
410.4748FALSE
410.475FALSE
410.4748FALSE
410.4748FALSE
410.475FALSE
410.4748FALSE
410.4748FALSE
410.475FALSE
410.4748FALSE
410.4748FALSE
410.475FALSE
410.4748FALSE
410.4748FALSE
410.475FALSE
410.4748FALSE
410.4748FALSE
410.475FALSE
410.4748FALSE
410.4748FALSE
410.475FALSE
410.4748FALSE
410.4748FALSE
410.475FALSE
410.4748FALSE
410.4748FALSE
410.475FALSE
410.4748FALSE
410.4748FALSE
410.475FALSE
$par
smooth_log_cases_lag1.bw 
                -2.62124 

$value
[1] 410.4748

$counts
function gradient 
      46       46 

$convergence
[1] 52

$message
[1] "ERROR: ABNORMAL_TERMINATION_IN_LNSRCH"

342.8484FALSE
340.1629FALSE
342.8453FALSE
340.162FALSE
342.8514FALSE
340.1637FALSE
342.8625FALSE
340.1791FALSE
342.8342FALSE
340.1466FALSE
340.0826FALSE
336.9535FALSE
340.0688FALSE
336.9425FALSE
336.9646FALSE
340.0964FALSE
336.9515FALSE
340.0784FALSE
340.0868FALSE
336.9556FALSE
342.1634FALSE
338.1939FALSE
342.1712FALSE
338.2011FALSE
342.1556FALSE
338.1867FALSE
342.1512FALSE
338.1842FALSE
342.1756FALSE
338.2036FALSE
339.341FALSE
336.4293FALSE
339.3422FALSE
336.432FALSE
339.3397FALSE
339.3325FALSE
336.4265FALSE
339.3495FALSE
336.4231FALSE
337.2029FALSE
336.4354FALSE
337.2025FALSE
335.3322FALSE
337.2036FALSE
335.3321FALSE
337.1998FALSE
335.3323FALSE
337.2064FALSE
335.3294FALSE
336.8928FALSE
335.335FALSE
336.8893FALSE
334.9768FALSE
336.8963FALSE
334.9774FALSE
336.8936FALSE
334.9761FALSE
336.8919FALSE
334.9775FALSE
336.879FALSE
334.976FALSE
336.879FALSE
334.953FALSE
336.8791FALSE
334.9537FALSE
336.88FALSE
334.9523FALSE
336.878FALSE
334.953FALSE
336.8489FALSE
334.953FALSE
336.8489FALSE
334.9523FALSE
336.849FALSE
334.9525FALSE
336.8493FALSE
336.8486FALSE
334.9521FALSE
336.8437FALSE
334.9514FALSE
336.8439FALSE
334.9532FALSE
336.8435FALSE
334.9497FALSE
336.8438FALSE
334.9498FALSE
336.8436FALSE
334.9495FALSE
336.8431FALSE
334.9499FALSE
336.8436FALSE
334.9494FALSE
336.8426FALSE
335.4185FALSE
335.4131FALSE
336.8428FALSE
335.4238FALSE
336.8434FALSE
335.4164FALSE
336.8429FALSE
335.4206FALSE
336.8431FALSE
334.9486FALSE
336.8427FALSE
334.949FALSE
336.843FALSE
336.8429FALSE
334.9482FALSE
336.8425FALSE
334.9484FALSE
336.8429FALSE
334.9489FALSE
336.8423FALSE
334.9481FALSE
336.8425FALSE
334.9484FALSE
336.8428FALSE
334.9478FALSE
336.841FALSE
334.9479FALSE
336.8415FALSE
334.949FALSE
336.8405FALSE
334.9457FALSE
336.8408FALSE
334.9459FALSE
336.8413FALSE
334.9462FALSE
336.8517FALSE
334.9459FALSE
336.8511FALSE
334.9456FALSE
336.8523FALSE
334.9463FALSE
336.8503FALSE
336.8531FALSE
334.9466FALSE
336.8405FALSE
334.9461FALSE
336.8408FALSE
334.9466FALSE
336.8402FALSE
334.9463FALSE
336.8401FALSE
334.9458FALSE
336.8409FALSE
334.946FALSE
336.8403FALSE
334.9455FALSE
336.8402FALSE
334.946FALSE
336.8404FALSE
334.9457FALSE
336.8403FALSE
334.9457FALSE
336.8403FALSE
334.9459FALSE
336.84FALSE
336.8399FALSE
334.9459FALSE
336.8401FALSE
334.9459FALSE
336.84FALSE
334.9456FALSE
336.84FALSE
334.9457FALSE
336.8448FALSE
334.9459FALSE
336.8451FALSE
334.9462FALSE
336.8446FALSE
336.8448FALSE
334.9459FALSE
336.8449FALSE
334.9456FALSE
336.8399FALSE
334.9457FALSE
336.8398FALSE
334.9459FALSE
336.8399FALSE
334.9462FALSE
336.8399FALSE
334.9459FALSE
336.8399FALSE
334.9456FALSE
336.8428FALSE
334.9457FALSE
336.843FALSE
334.9459FALSE
336.8426FALSE
334.9462FALSE
336.8429FALSE
334.9459FALSE
336.8427FALSE
334.9456FALSE
336.8398FALSE
334.9457FALSE
336.8397FALSE
334.9459FALSE
336.8399FALSE
334.9462FALSE
336.8398FALSE
334.9459FALSE
336.8398FALSE
334.9456FALSE
336.8416FALSE
336.8418FALSE
334.9457FALSE
336.8414FALSE
334.9459FALSE
336.8417FALSE
334.9462FALSE
336.8415FALSE
334.9459FALSE
336.8398FALSE
334.9456FALSE
336.8397FALSE
334.9457FALSE
336.8398FALSE
334.9459FALSE
336.8397FALSE
334.9462FALSE
336.8398FALSE
334.9459FALSE
336.8492FALSE
334.9456FALSE
336.8497FALSE
334.9457FALSE
336.8487FALSE
334.9459FALSE
336.8488FALSE
334.9462FALSE
336.8496FALSE
334.9459FALSE
336.84FALSE
334.9456FALSE
336.8402FALSE
334.9457FALSE
336.8398FALSE
336.8401FALSE
334.9459FALSE
336.8399FALSE
334.9462FALSE
336.8397FALSE
334.9459FALSE
336.8397FALSE
334.9456FALSE
336.8398FALSE
334.9457FALSE
336.8397FALSE
334.9459FALSE
336.8398FALSE
334.9462FALSE
336.8397FALSE
334.9459FALSE
336.8399FALSE
334.9456FALSE
336.8398FALSE
336.8399FALSE
334.9457FALSE
336.8397FALSE
334.9459FALSE
336.8397FALSE
334.9462FALSE
336.8398FALSE
334.9459FALSE
336.8398FALSE
334.9456FALSE
336.8397FALSE
334.9457FALSE
336.8397FALSE
334.9459FALSE
336.8397FALSE
334.9462FALSE
336.8398FALSE
334.9459FALSE
336.8398FALSE
334.9456FALSE
336.8398FALSE
334.9457FALSE
336.8397FALSE
334.9459FALSE
336.8397FALSE
334.9462FALSE
336.8398FALSE
334.9459FALSE
336.8398FALSE
334.9456FALSE
336.8398FALSE
334.9457FALSE
336.8397FALSE
$par
smooth_log_cases_lag0.bw         time_ind_lag0.bw 
               -1.817800                -1.910818 

$value
[1] 336.8397

$counts
function gradient 
      30       30 

$convergence
[1] 0

$message
[1] "CONVERGENCE: REL_REDUCTION_OF_F <= FACTR*EPSMCH"

334.9459FALSE
334.9462FALSE
334.9459FALSE
334.9456FALSE
334.9457FALSE
334.9459FALSE
334.9462FALSE
334.9459FALSE
334.9456FALSE
334.9457FALSE
334.9459FALSE
334.9462FALSE
334.9459FALSE
334.9456FALSE
334.9457FALSE
334.9459FALSE
334.9462FALSE
334.9459FALSE
334.9456FALSE
334.9457FALSE
334.9459FALSE
334.9462FALSE
334.9459FALSE
334.9456FALSE
335.4222FALSE
335.4252FALSE
335.4192FALSE
335.4184FALSE
335.426FALSE
334.9482FALSE
334.9483FALSE
334.9482FALSE
334.9477FALSE
334.949FALSE
334.9457FALSE
334.9459FALSE
334.9454FALSE
334.9459FALSE
334.946FALSE
334.9457FALSE
334.9459FALSE
334.9454FALSE
334.9459FALSE
334.9458FALSE
334.9457FALSE
334.9459FALSE
334.9457FALSE
334.9459FALSE
334.9457FALSE
334.9457FALSE
334.9459FALSE
334.9461FALSE
334.9459FALSE
334.9456FALSE
334.9457FALSE
334.9459FALSE
334.9462FALSE
334.9459FALSE
334.9456FALSE
334.9457FALSE
334.9459FALSE
334.9462FALSE
334.9459FALSE
334.9456FALSE
334.9457FALSE
334.9459FALSE
334.9462FALSE
334.9459FALSE
334.9456FALSE
334.9457FALSE
334.9459FALSE
334.9462FALSE
334.9459FALSE
334.9456FALSE
334.9457FALSE
334.9459FALSE
334.9462FALSE
334.9459FALSE
334.9456FALSE
334.9457FALSE
334.9459FALSE
334.9462FALSE
334.9459FALSE
334.9456FALSE
334.9457FALSE
334.9459FALSE
334.9462FALSE
334.9459FALSE
334.9456FALSE
334.9457FALSE
334.9459FALSE
334.9462FALSE
334.9459FALSE
334.9456FALSE
334.9457FALSE
334.9459FALSE
334.9462FALSE
334.9459FALSE
334.9456FALSE
334.9457FALSE
334.9459FALSE
334.9462FALSE
334.9459FALSE
334.9456FALSE
334.9457FALSE
334.9459FALSE
334.9462FALSE
334.9459FALSE
334.9456FALSE
334.9457FALSE
334.9459FALSE
334.9462FALSE
334.9459FALSE
334.9456FALSE
334.9457FALSE
334.9459FALSE
334.9462FALSE
334.9459FALSE
334.9456FALSE
334.9457FALSE
334.9459FALSE
334.9462FALSE
334.9459FALSE
334.9456FALSE
$par
smooth_log_cases_lag1.bw         time_ind_lag0.bw 
               -2.071773                -1.969838 

$value
[1] 334.9457

$counts
function gradient 
      53       53 

$convergence
[1] 52

$message
[1] "ERROR: ABNORMAL_TERMINATION_IN_LNSRCH"

346.1417FALSE
344.0207FALSE
346.135FALSE
344.0072FALSE
346.1485FALSE
344.0343FALSE
352.1135FALSE
344.0179FALSE
352.1708FALSE
352.0563FALSE
344.0236FALSE
343.1724FALSE
344.0127FALSE
343.1653FALSE
343.1794FALSE
344.0288FALSE
342.1924FALSE
339.0972FALSE
342.1914FALSE
339.0961FALSE
342.1934FALSE
339.0984FALSE
342.4815FALSE
339.0978FALSE
342.4888FALSE
342.4743FALSE
339.0967FALSE
342.182FALSE
339.1126FALSE
342.1822FALSE
339.0818FALSE
342.1822FALSE
335.9067FALSE
342.182FALSE
335.9043FALSE
342.1822FALSE
342.1821FALSE
335.9091FALSE
342.182FALSE
335.904FALSE
342.1822FALSE
335.9093FALSE
342.1822FALSE
335.9091FALSE
342.182FALSE
335.9042FALSE
342.1822FALSE
342.1822FALSE
335.4397FALSE
342.182FALSE
335.4393FALSE
342.1822FALSE
335.4401FALSE
342.1822FALSE
335.4406FALSE
342.182FALSE
335.4388FALSE
342.1822FALSE
342.1822FALSE
335.4402FALSE
342.182FALSE
335.4392FALSE
342.1822FALSE
335.386FALSE
342.1822FALSE
335.3856FALSE
342.182FALSE
335.3864FALSE
342.1822FALSE
335.3865FALSE
342.1822FALSE
335.3854FALSE
342.182FALSE
335.3857FALSE
342.1822FALSE
335.3862FALSE
342.1822FALSE
335.2939FALSE
342.182FALSE
335.2935FALSE
342.1822FALSE
335.2943FALSE
342.1822FALSE
335.2946FALSE
335.2935FALSE
342.182FALSE
335.2935FALSE
342.1822FALSE
342.1822FALSE
335.2944FALSE
342.182FALSE
335.9455FALSE
342.1822FALSE
335.9448FALSE
342.1822FALSE
335.9462FALSE
342.182FALSE
335.9343FALSE
342.1822FALSE
335.9567FALSE
342.1822FALSE
335.9449FALSE
342.182FALSE
335.946FALSE
342.1822FALSE
342.1822FALSE
335.22FALSE
342.182FALSE
335.2195FALSE
342.1822FALSE
335.2204FALSE
342.1822FALSE
335.2202FALSE
342.182FALSE
335.2197FALSE
342.1822FALSE
335.22FALSE
342.1822FALSE
335.2199FALSE
342.182FALSE
342.1822FALSE
344.5157FALSE
342.1822FALSE
344.5157FALSE
342.182FALSE
344.5158FALSE
342.1822FALSE
344.4981FALSE
342.1822FALSE
344.5333FALSE
342.182FALSE
344.5057FALSE
342.1822FALSE
344.5257FALSE
342.1822FALSE
335.1968FALSE
342.182FALSE
335.1964FALSE
342.1822FALSE
335.1972FALSE
342.1822FALSE
342.182FALSE
335.1972FALSE
342.1822FALSE
335.1964FALSE
342.1822FALSE
335.1968FALSE
342.1987FALSE
335.1967FALSE
342.2007FALSE
342.1967FALSE
335.1736FALSE
342.1822FALSE
335.1732FALSE
342.1824FALSE
335.174FALSE
342.182FALSE
335.1741FALSE
342.182FALSE
335.1731FALSE
342.1822FALSE
335.1736FALSE
342.1822FALSE
335.1735FALSE
342.182FALSE
342.1822FALSE
338.1597FALSE
342.1822FALSE
338.1594FALSE
342.182FALSE
338.16FALSE
342.1822FALSE
338.1434FALSE
342.1822FALSE
338.176FALSE
342.182FALSE
338.1589FALSE
342.1822FALSE
338.1605FALSE
342.1822FALSE
342.182FALSE
335.1869FALSE
342.1822FALSE
335.1862FALSE
342.1822FALSE
335.1877FALSE
342.182FALSE
335.1836FALSE
342.1822FALSE
335.1903FALSE
342.1822FALSE
342.182FALSE
335.187FALSE
342.1822FALSE
335.1869FALSE
342.1822FALSE
335.1692FALSE
342.182FALSE
335.1688FALSE
342.1822FALSE
335.1696FALSE
342.1822FALSE
335.1697FALSE
342.182FALSE
342.1822FALSE
335.1697FALSE
342.1822FALSE
335.1692FALSE
342.182FALSE
335.1691FALSE
342.1822FALSE
335.3731FALSE
342.1822FALSE
335.3725FALSE
342.182FALSE
335.3736FALSE
342.1822FALSE
342.1822FALSE
335.3682FALSE
342.182FALSE
335.378FALSE
342.1822FALSE
335.3719FALSE
342.1822FALSE
335.3743FALSE
342.182FALSE
335.1754FALSE
342.1822FALSE
335.1746FALSE
342.1822FALSE
335.1762FALSE
342.182FALSE
342.1822FALSE
335.172FALSE
342.1822FALSE
335.1788FALSE
342.182FALSE
335.1755FALSE
342.1822FALSE
335.1753FALSE
342.1822FALSE
335.1678FALSE
342.182FALSE
342.1822FALSE
335.1671FALSE
342.1822FALSE
335.1686FALSE
342.182FALSE
335.1672FALSE
342.1822FALSE
335.1711FALSE
342.1822FALSE
$par
time_ind_lag0.bw 
       -1.364901 

$value
[1] 342.182

$counts
function gradient 
      45       45 

$convergence
[1] 0

$message
[1] "CONVERGENCE: REL_REDUCTION_OF_F <= FACTR*EPSMCH"

335.1683FALSE
335.1674FALSE
336.7496FALSE
336.7495FALSE
336.7498FALSE
336.7376FALSE
336.7617FALSE
336.7482FALSE
336.7511FALSE
335.1804FALSE
335.1796FALSE
335.1811FALSE
335.1768FALSE
335.1839FALSE
335.1796FALSE
335.1811FALSE
335.1681FALSE
335.1673FALSE
335.1688FALSE
335.1646FALSE
335.1715FALSE
335.1681FALSE
335.168FALSE
335.1676FALSE
335.1668FALSE
335.1684FALSE
335.1646FALSE
335.1709FALSE
335.168FALSE
335.1674FALSE
335.164FALSE
335.1632FALSE
335.1648FALSE
335.1622FALSE
335.1673FALSE
335.1644FALSE
335.1636FALSE
335.152FALSE
335.1516FALSE
335.1523FALSE
335.1525FALSE
335.1534FALSE
335.152FALSE
335.152FALSE
335.1315FALSE
335.1312FALSE
335.1318FALSE
335.132FALSE
335.1309FALSE
335.1314FALSE
335.1315FALSE
335.0745FALSE
335.074FALSE
335.0749FALSE
335.0703FALSE
335.0786FALSE
335.0753FALSE
335.0736FALSE
335.0675FALSE
335.0671FALSE
335.0679FALSE
335.0634FALSE
335.0716FALSE
335.0683FALSE
335.0668FALSE
335.0446FALSE
335.0444FALSE
335.0447FALSE
335.0445FALSE
335.0446FALSE
335.0453FALSE
335.0438FALSE
335.0367FALSE
335.0366FALSE
335.0369FALSE
335.0368FALSE
335.038FALSE
335.0375FALSE
335.036FALSE
334.9986FALSE
334.9985FALSE
334.9987FALSE
334.9984FALSE
334.9988FALSE
334.9992FALSE
334.998FALSE
335.0979FALSE
335.0979FALSE
335.0979FALSE
335.0981FALSE
335.0981FALSE
335.0958FALSE
335.1FALSE
334.977FALSE
334.9769FALSE
334.977FALSE
334.9772FALSE
334.9767FALSE
334.9771FALSE
334.9768FALSE
335.0141FALSE
335.0141FALSE
335.0142FALSE
335.01FALSE
335.0182FALSE
335.0136FALSE
335.0147FALSE
334.9724FALSE
334.9723FALSE
334.9724FALSE
334.9718FALSE
334.9762FALSE
334.9728FALSE
334.9719FALSE
335.0627FALSE
335.0627FALSE
335.0628FALSE
335.0581FALSE
335.0673FALSE
335.0612FALSE
335.0643FALSE
334.971FALSE
334.9709FALSE
334.971FALSE
334.9673FALSE
334.9748FALSE
334.9715FALSE
334.9704FALSE
334.9775FALSE
334.9775FALSE
334.9776FALSE
334.9776FALSE
334.9791FALSE
334.9764FALSE
334.9787FALSE
334.9681FALSE
334.9681FALSE
334.9682FALSE
334.9661FALSE
334.9722FALSE
334.968FALSE
334.9683FALSE
334.9625FALSE
334.9625FALSE
334.9626FALSE
334.9628FALSE
334.9623FALSE
334.9628FALSE
334.9627FALSE
334.9605FALSE
334.9605FALSE
334.9606FALSE
334.9606FALSE
334.9605FALSE
334.96FALSE
334.9611FALSE
334.953FALSE
334.953FALSE
334.953FALSE
334.953FALSE
334.9529FALSE
334.9527FALSE
334.9535FALSE
334.9493FALSE
334.9493FALSE
334.9493FALSE
334.9496FALSE
334.9491FALSE
334.9496FALSE
334.9491FALSE
334.9473FALSE
334.9473FALSE
334.9473FALSE
334.9475FALSE
334.947FALSE
334.9475FALSE
334.9475FALSE
334.9544FALSE
334.9544FALSE
334.9544FALSE
334.9505FALSE
334.9583FALSE
334.9549FALSE
334.9538FALSE
334.9471FALSE
334.9471FALSE
334.9471FALSE
334.9473FALSE
334.9468FALSE
334.9473FALSE
334.9472FALSE
334.9502FALSE
334.9502FALSE
334.9502FALSE
334.9463FALSE
334.9541FALSE
334.9508FALSE
334.9497FALSE
334.9469FALSE
334.9469FALSE
334.9469FALSE
334.9471FALSE
334.9476FALSE
334.9471FALSE
334.947FALSE
334.9465FALSE
334.9465FALSE
334.9465FALSE
334.9468FALSE
334.9469FALSE
334.9468FALSE
334.9467FALSE
334.9458FALSE
334.9458FALSE
334.9458FALSE
334.946FALSE
334.948FALSE
334.946FALSE
334.9461FALSE
334.9458FALSE
334.9458FALSE
334.9458FALSE
334.946FALSE
334.9457FALSE
334.946FALSE
334.9461FALSE
334.9458FALSE
334.9458FALSE
334.9458FALSE
334.946FALSE
334.9473FALSE
334.946FALSE
334.9461FALSE
334.9458FALSE
334.9458FALSE
334.9458FALSE
334.946FALSE
334.9478FALSE
334.946FALSE
334.9461FALSE
334.9458FALSE
334.9458FALSE
334.9458FALSE
334.946FALSE
334.9479FALSE
334.946FALSE
334.9461FALSE
334.9458FALSE
334.9458FALSE
334.9458FALSE
334.946FALSE
334.948FALSE
334.946FALSE
334.9461FALSE
334.9458FALSE
334.9458FALSE
334.9458FALSE
334.946FALSE
334.948FALSE
334.946FALSE
334.9461FALSE
334.9458FALSE
334.9458FALSE
334.9458FALSE
334.946FALSE
334.948FALSE
334.946FALSE
334.9461FALSE
334.9458FALSE
334.9458FALSE
334.9458FALSE
334.946FALSE
334.948FALSE
334.946FALSE
334.9461FALSE
334.9458FALSE
334.9458FALSE
334.9458FALSE
334.946FALSE
334.948FALSE
334.946FALSE
334.9461FALSE
334.9458FALSE
334.9458FALSE
334.9458FALSE
334.946FALSE
334.948FALSE
334.946FALSE
334.9461FALSE
334.9458FALSE
334.9458FALSE
334.9458FALSE
334.946FALSE
334.948FALSE
334.946FALSE
334.9461FALSE
334.9458FALSE
334.9458FALSE
334.9458FALSE
334.946FALSE
334.948FALSE
334.946FALSE
334.9461FALSE
334.9458FALSE
334.9458FALSE
334.9458FALSE
334.946FALSE
334.948FALSE
334.946FALSE
334.9461FALSE
334.9458FALSE
334.9458FALSE
334.9458FALSE
334.946FALSE
334.948FALSE
334.946FALSE
334.9461FALSE
334.9458FALSE
334.9458FALSE
334.9458FALSE
334.946FALSE
334.948FALSE
334.946FALSE
334.9461FALSE
334.9458FALSE
334.9458FALSE
334.9458FALSE
334.946FALSE
334.948FALSE
334.946FALSE
334.9461FALSE
334.9458FALSE
334.9458FALSE
334.9458FALSE
334.946FALSE
334.948FALSE
334.946FALSE
334.9461FALSE
334.9458FALSE
334.9458FALSE
334.9458FALSE
334.946FALSE
334.948FALSE
334.946FALSE
334.9461FALSE
334.9458FALSE
334.9458FALSE
334.9458FALSE
334.946FALSE
334.948FALSE
334.946FALSE
334.9461FALSE
$par
smooth_log_cases_lag0.bw smooth_log_cases_lag1.bw         time_ind_lag0.bw 
                2.556003                -2.072145                -1.970237 

$value
[1] 334.9458

$counts
function gradient 
      67       67 

$convergence
[1] 0

$message
[1] "CONVERGENCE: REL_REDUCTION_OF_F <= FACTR*EPSMCH"

> 
> save(ssr_fit,
+     file=paste0("/home/ngr67a/2015-cdc-flu-competition/fit-competition-ssr-ph", prediction_horizon_limit, "-", data_set, ".Rdata"))
> 
> proc.time()
    user   system  elapsed 
1982.028    1.340 2258.371 
