
R version 3.2.2 (2015-08-14) -- "Fire Safety"
Copyright (C) 2015 The R Foundation for Statistical Computing
Platform: x86_64-pc-linux-gnu (64-bit)

R is free software and comes with ABSOLUTELY NO WARRANTY.
You are welcome to redistribute it under certain conditions.
Type 'license()' or 'licence()' for distribution details.

  Natural language support but running in an English locale

R is a collaborative project with many contributors.
Type 'contributors()' for more information and
'citation()' on how to cite R or R packages in publications.

Type 'demo()' for some demos, 'help()' for on-line help, or
'help.start()' for an HTML browser interface to help.
Type 'q()' to quit R.

> ### get ssr fit -- prediction horizons 1:52
> library(lubridate)
> library(ggplot2)
> library(plyr)

Attaching package: ‘plyr’

The following object is masked from ‘package:lubridate’:

    here

> library(dplyr)

Attaching package: ‘dplyr’

The following objects are masked from ‘package:plyr’:

    arrange, count, desc, failwith, id, mutate, rename, summarise,
    summarize

The following objects are masked from ‘package:lubridate’:

    intersect, setdiff, union

The following objects are masked from ‘package:stats’:

    filter, lag

The following objects are masked from ‘package:base’:

    intersect, setdiff, setequal, union

> library(reshape)

Attaching package: ‘reshape’

The following object is masked from ‘package:dplyr’:

    rename

The following objects are masked from ‘package:plyr’:

    rename, round_any

The following object is masked from ‘package:lubridate’:

    stamp

> library(ssrFlu)
> library(doMC)
Loading required package: foreach
Loading required package: iterators
Loading required package: parallel
> 
> registerDoMC(cores=3)
> 
> args <- commandArgs(trailingOnly=TRUE)
> 
> data_set <- args[1]
> prediction_horizon_limit <- as.integer(args[2])
> 
> ## load dataset
> if(identical(data_set, "ili_national")) {
+     data <- ili_national
+ } 
> if(identical(data_set, "ili_region1")) {
+     data <- ili_region1
+ } 
> if(identical(data_set, "ili_region2")) {
+     data <- ili_region2
+ } 
> if(identical(data_set, "ili_region3")) {
+     data <- ili_region3
+ } 
> if(identical(data_set, "ili_region4")) {
+     data <- ili_region4
+ } 
> if(identical(data_set, "ili_region5")) {
+     data <- ili_region5
+ } 
> if(identical(data_set, "ili_region6")) {
+     data <- ili_region6
+ } 
> if(identical(data_set, "ili_region7")) {
+     data <- ili_region7
+ } 
> if(identical(data_set, "ili_region8")) {
+     data <- ili_region8
+ } 
> if(identical(data_set, "ili_region9")) {
+     data <- ili_region9
+ } 
> if(identical(data_set, "ili_region10")) {
+     data <- ili_region10
+ } 
> 
> 
> 
> ## add log column
> data$log_total_cases <- log(data$total_cases + 1)
> 
> ## add week_start_date
> char_dates <- paste(data$year, data$week, "1")
> data$week_start_date <- as.Date(char_dates, format="%Y %W %w")
> 
> ## remove week 53s
> data <- data[-which(is.na(data$week_start_date)),]
> data <- data[262:nrow(data),]
> 
> ## add smooth log column -- or not, since it is already pretty smooth...
> sm <- loess(log_total_cases ~ as.numeric(week_start_date), data=data, span= 26 / nrow(data))
> data$smooth_log_cases <- sm$fitted
> 
> ## add time column
> data$time_ind <- seq_len(nrow(data))
> 
> ssr_control <- create_ssr_control(X_names=c("smooth_log_cases", "time_ind"),
+     y_names="total_cases",
+     time_name=NULL,
+     max_lag=list(smooth_log_cases=1,
+         time_ind=0),
+     prediction_horizons=as.integer(prediction_horizon_limit),
+     kernel_fns=list(smooth_log_cases="squared_exp_kernel",
+         time_ind="periodic_kernel"),
+     theta_est=list(smooth_log_cases="bw",
+         time_ind="bw"),
+     theta_fixed=list(time_ind=list(period=pi / 52)),
+     theta_transform_fns=list(
+         squared_exp_kernel=list(
+             bw=list(transform="log",
+                 detransform="exp")
+         ),
+         periodic_kernel=list(
+             bw=list(transform="log",
+                 detransform="exp")
+         )
+     ),
+     crossval_buffer=52,
+     loss_fn_name="mae_from_kernel_weights_and_centers",
+     loss_fn_args=list())
> 
> 
> ssr_fit <- ssr(X_names=c("smooth_log_cases", "time_ind"),
+     y_names="total_cases",
+     time_name=NULL,
+     data=data,
+     ssr_control=ssr_control)
592.8731FALSE
581.4035FALSE
466.8646FALSE
581.4105FALSE
592.8798FALSE
466.8644FALSE
581.3966FALSE
592.8663FALSE
468.1703FALSE
582.9319FALSE
595.2066FALSE
582.9223FALSE
595.1976FALSE
468.1689FALSE
582.9414FALSE
595.2156FALSE
468.1716FALSE
579.7906FALSE
591.7034FALSE
466.8633FALSE
579.791FALSE
591.7035FALSE
579.7901FALSE
466.8634FALSE
591.7032FALSE
579.7895FALSE
466.8632FALSE
591.7028FALSE
579.7894FALSE
466.8618FALSE
591.7029FALSE
579.7897FALSE
591.7028FALSE
466.8619FALSE
591.7027FALSE
579.7889FALSE
466.8617FALSE
591.7027FALSE
467.5179FALSE
579.7888FALSE
591.7027FALSE
467.5164FALSE
579.7889FALSE
591.7027FALSE
467.5193FALSE
591.7027FALSE
579.7888FALSE
466.8609FALSE
591.7027FALSE
$par
smooth_log_cases_lag1.bw 
               -2.639587 

$value
[1] 591.7027

$counts
function gradient 
       6        6 

$convergence
[1] 0

$message
[1] "CONVERGENCE: REL_REDUCTION_OF_F <= FACTR*EPSMCH"

579.7888FALSE
466.861FALSE
579.7888FALSE
466.8608FALSE
579.7888FALSE
466.8599FALSE
579.7888FALSE
466.86FALSE
579.7888FALSE
$par
smooth_log_cases_lag0.bw 
               -2.717786 

$value
[1] 579.7888

$counts
function gradient 
       7        7 

$convergence
[1] 0

$message
[1] "CONVERGENCE: REL_REDUCTION_OF_F <= FACTR*EPSMCH"

466.8597FALSE
467.1336FALSE
467.1321FALSE
467.1352FALSE
466.8591FALSE
466.8592FALSE
466.859FALSE
466.8584FALSE
466.8585FALSE
466.8582FALSE
466.9579FALSE
466.9564FALSE
466.9594FALSE
466.8585FALSE
466.8579FALSE
466.8592FALSE
466.8584FALSE
466.8585FALSE
466.8582FALSE
466.9821FALSE
466.9804FALSE
466.9837FALSE
466.8588FALSE
466.8581FALSE
466.8594FALSE
466.8581FALSE
466.8582FALSE
466.858FALSE
466.858FALSE
466.8582FALSE
466.8579FALSE
466.8581FALSE
466.858FALSE
466.8587FALSE
466.858FALSE
466.8581FALSE
466.8583FALSE
466.8581FALSE
466.8583FALSE
466.858FALSE
466.858FALSE
466.8581FALSE
466.8582FALSE
466.858FALSE
466.8581FALSE
466.8583FALSE
466.858FALSE
466.8581FALSE
466.8583FALSE
466.858FALSE
466.8581FALSE
466.8583FALSE
466.858FALSE
466.8581FALSE
466.8583FALSE
466.858FALSE
466.8581FALSE
466.8583FALSE
466.858FALSE
466.8581FALSE
466.8583FALSE
466.858FALSE
466.8581FALSE
466.8583FALSE
466.858FALSE
466.8581FALSE
466.8583FALSE
466.858FALSE
466.8581FALSE
466.8583FALSE
466.858FALSE
466.8581FALSE
466.8583FALSE
466.858FALSE
466.8581FALSE
466.8583FALSE
466.858FALSE
466.8581FALSE
466.8583FALSE
466.858FALSE
466.8581FALSE
466.8583FALSE
466.858FALSE
466.8581FALSE
466.8583FALSE
466.858FALSE
466.8581FALSE
466.8583FALSE
$par
time_ind_lag0.bw 
       -2.366058 

$value
[1] 466.858

$counts
function gradient 
      36       36 

$convergence
[1] 0

$message
[1] "CONVERGENCE: REL_REDUCTION_OF_F <= FACTR*EPSMCH"

458.6369FALSE
464.1161FALSE
458.6041FALSE
464.0732FALSE
458.6696FALSE
464.1589FALSE
458.6163FALSE
464.1021FALSE
458.6573FALSE
464.13FALSE
425.9012FALSE
431.3967FALSE
425.9057FALSE
431.4043FALSE
425.8972FALSE
425.8906FALSE
431.3891FALSE
425.9117FALSE
431.3884FALSE
422.4932FALSE
431.4049FALSE
422.5051FALSE
429.4978FALSE
422.4815FALSE
429.4981FALSE
422.486FALSE
429.4976FALSE
422.5005FALSE
429.4867FALSE
429.509FALSE
579.0573FALSE
592.593FALSE
579.0584FALSE
592.5852FALSE
579.0563FALSE
592.6007FALSE
579.0588FALSE
592.5954FALSE
579.0558FALSE
592.5906FALSE
421.2314FALSE
427.8558FALSE
421.2465FALSE
427.8525FALSE
421.2171FALSE
427.8592FALSE
421.2306FALSE
427.8419FALSE
421.2324FALSE
427.8697FALSE
425.9099FALSE
422.347FALSE
425.9095FALSE
422.3399FALSE
425.9121FALSE
422.3542FALSE
425.8943FALSE
425.9254FALSE
422.3698FALSE
558.0418FALSE
422.3244FALSE
558.0467FALSE
558.0369FALSE
420.1928FALSE
558.1076FALSE
420.1972FALSE
557.9758FALSE
420.1883FALSE
425.0626FALSE
425.0542FALSE
420.1942FALSE
425.0711FALSE
420.1915FALSE
425.0472FALSE
420.0975FALSE
425.0781FALSE
423.2521FALSE
420.1001FALSE
423.2437FALSE
420.0949FALSE
423.2606FALSE
420.0992FALSE
423.2455FALSE
420.0959FALSE
423.259FALSE
420.3015FALSE
429.7849FALSE
420.295FALSE
429.7901FALSE
429.7797FALSE
420.3081FALSE
429.8481FALSE
420.2978FALSE
429.7218FALSE
420.3054FALSE
423.1426FALSE
420.0785FALSE
423.1354FALSE
420.0778FALSE
423.1499FALSE
423.1385FALSE
420.0793FALSE
423.1468FALSE
420.0786FALSE
422.9526FALSE
420.0785FALSE
422.9524FALSE
420.0755FALSE
422.9527FALSE
420.0747FALSE
422.9536FALSE
420.0763FALSE
422.9516FALSE
420.0754FALSE
422.9574FALSE
420.0755FALSE
422.9581FALSE
420.1788FALSE
420.1828FALSE
422.9567FALSE
420.1749FALSE
422.9571FALSE
420.1767FALSE
422.9577FALSE
420.181FALSE
422.9508FALSE
420.0746FALSE
422.9517FALSE
420.0769FALSE
422.95FALSE
420.075FALSE
422.9514FALSE
420.0755FALSE
422.9507FALSE
420.0744FALSE
422.9488FALSE
420.0742FALSE
422.9495FALSE
420.0759FALSE
422.9493FALSE
420.075FALSE
422.949FALSE
420.0745FALSE
422.9489FALSE
420.0744FALSE
422.949FALSE
420.0747FALSE
422.9493FALSE
420.0748FALSE
422.9494FALSE
420.0755FALSE
422.9491FALSE
422.9489FALSE
422.9488FALSE
420.0749FALSE
422.9494FALSE
420.0742FALSE
422.9493FALSE
420.0758FALSE
422.949FALSE
420.0751FALSE
422.9489FALSE
420.0744FALSE
422.9488FALSE
420.0745FALSE
422.9495FALSE
420.0742FALSE
422.9493FALSE
420.0759FALSE
422.949FALSE
420.075FALSE
422.9489FALSE
420.0745FALSE
422.9488FALSE
420.0744FALSE
422.9495FALSE
420.0742FALSE
422.9493FALSE
420.0759FALSE
422.949FALSE
420.075FALSE
422.9489FALSE
420.0745FALSE
422.9488FALSE
420.0744FALSE
422.9495FALSE
420.0742FALSE
422.9493FALSE
420.0759FALSE
422.949FALSE
420.075FALSE
422.9489FALSE
420.0745FALSE
422.9488FALSE
420.0744FALSE
422.9495FALSE
420.0742FALSE
422.9493FALSE
420.0759FALSE
422.949FALSE
420.075FALSE
422.9489FALSE
420.0745FALSE
422.9488FALSE
420.0744FALSE
422.9495FALSE
420.0742FALSE
422.9493FALSE
420.0759FALSE
422.949FALSE
420.075FALSE
422.9489FALSE
420.0745FALSE
420.0744FALSE
422.9488FALSE
420.0742FALSE
420.0759FALSE
422.9495FALSE
420.075FALSE
422.9493FALSE
420.0745FALSE
422.949FALSE
420.0744FALSE
420.0742FALSE
422.9489FALSE
420.0759FALSE
422.9488FALSE
420.075FALSE
422.9495FALSE
420.0745FALSE
422.9493FALSE
420.0744FALSE
422.949FALSE
420.0742FALSE
422.9489FALSE
420.0759FALSE
420.075FALSE
422.9488FALSE
420.0745FALSE
422.9495FALSE
420.0744FALSE
422.9493FALSE
420.0742FALSE
422.949FALSE
420.0759FALSE
422.9489FALSE
420.075FALSE
422.9488FALSE
420.0745FALSE
420.0744FALSE
422.9495FALSE
420.0742FALSE
422.9493FALSE
420.0759FALSE
422.949FALSE
420.075FALSE
422.9489FALSE
420.0745FALSE
422.9488FALSE
420.0744FALSE
422.9495FALSE
420.0742FALSE
422.9493FALSE
420.0759FALSE
422.949FALSE
420.075FALSE
422.9489FALSE
420.0745FALSE
422.9488FALSE
422.9495FALSE
420.0744FALSE
422.9493FALSE
420.0742FALSE
420.0759FALSE
422.949FALSE
420.075FALSE
422.9489FALSE
420.0745FALSE
422.9488FALSE
420.0744FALSE
422.9495FALSE
420.0742FALSE
420.0759FALSE
422.9493FALSE
420.075FALSE
422.949FALSE
420.0745FALSE
422.9489FALSE
420.0744FALSE
422.9488FALSE
420.0742FALSE
420.0759FALSE
422.9495FALSE
420.075FALSE
422.9493FALSE
420.0745FALSE
422.949FALSE
420.0744FALSE
422.9489FALSE
420.0742FALSE
422.9488FALSE
420.0759FALSE
422.9495FALSE
420.075FALSE
422.9493FALSE
420.0745FALSE
422.949FALSE
420.0744FALSE
422.9489FALSE
420.0742FALSE
422.9488FALSE
420.0759FALSE
422.9495FALSE
420.075FALSE
420.0745FALSE
422.9493FALSE
422.949FALSE
420.0744FALSE
420.0742FALSE
422.9489FALSE
420.0759FALSE
422.9488FALSE
420.075FALSE
422.9495FALSE
420.0745FALSE
422.9493FALSE
420.0744FALSE
$par
smooth_log_cases_lag0.bw         time_ind_lag0.bw 
               -1.664814                -1.296184 

$value
[1] 420.0742

$counts
function gradient 
      33       33 

$convergence
[1] 0

$message
[1] "CONVERGENCE: REL_REDUCTION_OF_F <= FACTR*EPSMCH"

422.949FALSE
422.9489FALSE
$par
smooth_log_cases_lag1.bw         time_ind_lag0.bw 
               -1.686806                -1.293257 

$value
[1] 422.9488

$counts
function gradient 
      33       33 

$convergence
[1] 0

$message
[1] "CONVERGENCE: REL_REDUCTION_OF_F <= FACTR*EPSMCH"

474.1016FALSE
433.4159FALSE
433.4155FALSE
474.133FALSE
433.4164FALSE
474.0703FALSE
433.4035FALSE
466.865FALSE
433.4283FALSE
466.865FALSE
466.8649FALSE
433.3886FALSE
466.8648FALSE
433.4433FALSE
466.8649FALSE
505.9758FALSE
466.8647FALSE
505.9888FALSE
466.8641FALSE
505.9628FALSE
466.8642FALSE
505.9791FALSE
466.864FALSE
505.9725FALSE
466.8606FALSE
506.1038FALSE
466.8607FALSE
505.8481FALSE
466.8605FALSE
466.9852FALSE
430.9459FALSE
466.9836FALSE
430.946FALSE
466.9868FALSE
430.9457FALSE
466.8598FALSE
430.936FALSE
466.8599FALSE
430.9557FALSE
466.8596FALSE
430.9356FALSE
466.859FALSE
430.9562FALSE
466.8591FALSE
430.048FALSE
466.8589FALSE
430.0483FALSE
466.8954FALSE
430.0478FALSE
466.8946FALSE
430.0399FALSE
466.8963FALSE
466.8585FALSE
430.0562FALSE
466.8586FALSE
430.0529FALSE
466.8584FALSE
430.0434FALSE
466.8581FALSE
429.3198FALSE
429.3191FALSE
466.8582FALSE
429.3205FALSE
466.858FALSE
429.311FALSE
466.8747FALSE
429.3286FALSE
466.8741FALSE
429.3284FALSE
466.8753FALSE
429.3114FALSE
427.1468FALSE
466.8579FALSE
427.143FALSE
466.858FALSE
427.1507FALSE
466.8585FALSE
427.1399FALSE
466.8579FALSE
427.1538FALSE
466.858FALSE
427.1774FALSE
466.8585FALSE
427.1164FALSE
466.8636FALSE
466.8637FALSE
424.9918FALSE
466.8635FALSE
425.0001FALSE
466.8592FALSE
424.9835FALSE
466.8593FALSE
424.9925FALSE
466.8591FALSE
424.991FALSE
466.8581FALSE
425.0456FALSE
466.8583FALSE
424.9393FALSE
466.858FALSE
422.0226FALSE
466.858FALSE
422.0114FALSE
466.8581FALSE
422.0338FALSE
466.8583FALSE
422.0221FALSE
466.8579FALSE
422.0231FALSE
466.858FALSE
422.0358FALSE
466.8585FALSE
422.0094FALSE
466.8579FALSE
466.858FALSE
421.3201FALSE
421.3091FALSE
466.8585FALSE
466.8579FALSE
421.3311FALSE
466.858FALSE
421.3197FALSE
466.8585FALSE
421.3206FALSE
466.8579FALSE
421.3299FALSE
466.858FALSE
421.3104FALSE
466.8585FALSE
422.5648FALSE
466.8579FALSE
422.5895FALSE
422.54FALSE
466.858FALSE
422.5653FALSE
466.8585FALSE
466.8579FALSE
422.5642FALSE
466.858FALSE
422.5685FALSE
466.8585FALSE
422.5611FALSE
466.8579FALSE
466.858FALSE
420.1447FALSE
466.8585FALSE
420.1474FALSE
466.8579FALSE
420.1421FALSE
466.858FALSE
420.1447FALSE
466.8585FALSE
420.1447FALSE
466.8579FALSE
420.1465FALSE
466.858FALSE
420.143FALSE
466.8585FALSE
420.1255FALSE
466.8579FALSE
420.1248FALSE
466.858FALSE
420.1263FALSE
466.8585FALSE
420.1254FALSE
466.8579FALSE
420.1256FALSE
466.858FALSE
420.1257FALSE
466.8585FALSE
466.8579FALSE
420.1254FALSE
466.858FALSE
420.12FALSE
466.8585FALSE
420.1193FALSE
466.8579FALSE
420.1208FALSE
466.858FALSE
420.1199FALSE
466.8585FALSE
420.1201FALSE
466.8579FALSE
420.1202FALSE
466.858FALSE
420.12FALSE
466.8585FALSE
$par
time_ind_lag0.bw 
       -2.366409 

$value
[1] 466.8579

$counts
function gradient 
      32       32 

$convergence
[1] 0

$message
[1] "CONVERGENCE: REL_REDUCTION_OF_F <= FACTR*EPSMCH"

420.122FALSE
420.1243FALSE
420.1196FALSE
420.122FALSE
420.122FALSE
420.1228FALSE
420.1211FALSE
420.111FALSE
420.1118FALSE
420.1118FALSE
420.1109FALSE
420.1111FALSE
420.111FALSE
420.1111FALSE
420.1109FALSE
420.1132FALSE
420.1087FALSE
420.1109FALSE
420.1109FALSE
420.1117FALSE
420.1102FALSE
420.1281FALSE
420.128FALSE
420.1283FALSE
420.1281FALSE
420.1282FALSE
420.1245FALSE
420.1318FALSE
420.1065FALSE
420.1087FALSE
420.1043FALSE
420.1065FALSE
420.1065FALSE
420.1071FALSE
420.106FALSE
420.1288FALSE
420.1284FALSE
420.1291FALSE
420.1287FALSE
420.1288FALSE
420.1249FALSE
420.1327FALSE
420.1013FALSE
420.1016FALSE
420.1023FALSE
420.1012FALSE
420.1013FALSE
420.1003FALSE
420.1028FALSE
420.1013FALSE
420.1004FALSE
420.1023FALSE
420.1013FALSE
420.1014FALSE
420.1009FALSE
420.1018FALSE
420.101FALSE
420.1FALSE
420.102FALSE
420.1009FALSE
420.1011FALSE
420.1004FALSE
420.1016FALSE
420.099FALSE
420.0981FALSE
420.1FALSE
420.0989FALSE
420.0991FALSE
420.0984FALSE
420.0998FALSE
420.0887FALSE
420.0876FALSE
420.0899FALSE
420.0887FALSE
420.0888FALSE
420.0878FALSE
420.09FALSE
420.0836FALSE
420.0827FALSE
420.0846FALSE
420.0836FALSE
420.0836FALSE
420.0831FALSE
420.0844FALSE
420.0795FALSE
420.08FALSE
420.0804FALSE
420.0795FALSE
420.0795FALSE
420.0791FALSE
420.0799FALSE
420.0796FALSE
420.0787FALSE
420.0806FALSE
420.0796FALSE
420.0796FALSE
420.0794FALSE
420.0799FALSE
420.078FALSE
420.0771FALSE
420.079FALSE
420.078FALSE
420.078FALSE
420.0777FALSE
420.0784FALSE
420.078FALSE
420.0803FALSE
420.0757FALSE
420.078FALSE
420.078FALSE
420.0789FALSE
420.0771FALSE
420.0767FALSE
420.0761FALSE
420.0776FALSE
420.0767FALSE
420.0767FALSE
420.0764FALSE
420.077FALSE
420.0861FALSE
420.0885FALSE
420.0837FALSE
420.0861FALSE
420.0861FALSE
420.0872FALSE
420.085FALSE
420.076FALSE
420.0774FALSE
420.0768FALSE
420.076FALSE
420.076FALSE
420.076FALSE
420.0762FALSE
420.0772FALSE
420.0795FALSE
420.0753FALSE
420.0772FALSE
420.0772FALSE
420.0782FALSE
420.0762FALSE
420.0756FALSE
420.0779FALSE
420.0762FALSE
420.0756FALSE
420.0756FALSE
420.0764FALSE
420.0756FALSE
420.0757FALSE
420.0769FALSE
420.0765FALSE
420.0757FALSE
420.0757FALSE
420.0755FALSE
420.0759FALSE
420.0754FALSE
420.0777FALSE
420.0763FALSE
420.0754FALSE
420.0755FALSE
420.0762FALSE
420.0757FALSE
420.0755FALSE
420.0776FALSE
420.0763FALSE
420.0755FALSE
420.0755FALSE
420.0762FALSE
420.0757FALSE
420.1067FALSE
420.1037FALSE
420.1113FALSE
420.1067FALSE
420.1067FALSE
420.1048FALSE
420.1095FALSE
420.0784FALSE
420.0774FALSE
420.0793FALSE
420.0784FALSE
420.0784FALSE
420.078FALSE
420.0788FALSE
420.0759FALSE
420.076FALSE
420.0767FALSE
420.0759FALSE
420.0759FALSE
420.0757FALSE
420.0761FALSE
420.0755FALSE
420.0773FALSE
420.0764FALSE
420.0755FALSE
420.0755FALSE
420.0759FALSE
420.0757FALSE
420.0755FALSE
420.0776FALSE
420.0763FALSE
420.0755FALSE
420.0755FALSE
420.0761FALSE
420.0757FALSE
420.0755FALSE
420.0776FALSE
420.0763FALSE
420.0755FALSE
420.0755FALSE
420.0762FALSE
420.0757FALSE
420.0755FALSE
420.0776FALSE
420.0763FALSE
420.0755FALSE
420.0755FALSE
420.0762FALSE
420.0757FALSE
420.0755FALSE
420.0776FALSE
420.0763FALSE
420.0755FALSE
420.0755FALSE
420.0762FALSE
420.0757FALSE
420.0755FALSE
420.0776FALSE
420.0763FALSE
420.0755FALSE
420.0755FALSE
420.0762FALSE
420.0757FALSE
420.0755FALSE
420.0776FALSE
420.0763FALSE
420.0755FALSE
420.0755FALSE
420.0762FALSE
420.0757FALSE
420.0755FALSE
420.0776FALSE
420.0763FALSE
420.0755FALSE
420.0755FALSE
420.0762FALSE
420.0757FALSE
420.0755FALSE
420.0776FALSE
420.0763FALSE
420.0755FALSE
420.0755FALSE
420.0762FALSE
420.0757FALSE
420.0755FALSE
420.0776FALSE
420.0763FALSE
420.0755FALSE
420.0755FALSE
420.0762FALSE
420.0757FALSE
420.0755FALSE
420.0776FALSE
420.0763FALSE
420.0755FALSE
420.0755FALSE
420.0762FALSE
420.0757FALSE
420.0755FALSE
420.0776FALSE
420.0763FALSE
420.0755FALSE
420.0755FALSE
420.0762FALSE
420.0757FALSE
420.0755FALSE
420.0776FALSE
420.0763FALSE
420.0755FALSE
420.0755FALSE
420.0762FALSE
420.0757FALSE
420.0755FALSE
420.0776FALSE
420.0763FALSE
420.0755FALSE
420.0755FALSE
420.0762FALSE
420.0757FALSE
420.0755FALSE
420.0776FALSE
420.0763FALSE
420.0755FALSE
420.0755FALSE
420.0762FALSE
420.0757FALSE
420.0755FALSE
420.0776FALSE
420.0763FALSE
420.0755FALSE
420.0755FALSE
420.0762FALSE
420.0757FALSE
420.0755FALSE
420.0776FALSE
420.0763FALSE
420.0755FALSE
420.0755FALSE
420.0762FALSE
420.0757FALSE
436.571FALSE
436.5501FALSE
436.5918FALSE
436.571FALSE
436.571FALSE
436.541FALSE
436.601FALSE
420.081FALSE
420.08FALSE
420.082FALSE
420.081FALSE
420.081FALSE
420.0806FALSE
420.0815FALSE
420.076FALSE
420.076FALSE
420.0769FALSE
420.076FALSE
420.076FALSE
420.0758FALSE
420.0763FALSE
420.0755FALSE
420.0774FALSE
420.0764FALSE
420.0755FALSE
420.0755FALSE
420.076FALSE
420.0757FALSE
420.0755FALSE
420.0776FALSE
420.0763FALSE
420.0755FALSE
420.0755FALSE
420.0762FALSE
420.0757FALSE
420.0755FALSE
420.0776FALSE
420.0763FALSE
420.0755FALSE
420.0755FALSE
420.0762FALSE
420.0757FALSE
420.0755FALSE
420.0776FALSE
420.0763FALSE
420.0755FALSE
420.0755FALSE
420.0762FALSE
420.0757FALSE
420.0755FALSE
420.0776FALSE
420.0763FALSE
420.0755FALSE
420.0755FALSE
420.0762FALSE
420.0757FALSE
420.0755FALSE
420.0776FALSE
420.0763FALSE
420.0755FALSE
420.0755FALSE
420.0762FALSE
420.0757FALSE
420.0755FALSE
420.0776FALSE
420.0763FALSE
420.0755FALSE
420.0755FALSE
420.0762FALSE
420.0757FALSE
420.0755FALSE
420.0776FALSE
420.0763FALSE
420.0755FALSE
420.0755FALSE
420.0762FALSE
420.0757FALSE
420.0755FALSE
420.0776FALSE
420.0763FALSE
420.0755FALSE
420.0755FALSE
420.0762FALSE
420.0757FALSE
420.0755FALSE
420.0776FALSE
420.0763FALSE
420.0755FALSE
420.0755FALSE
420.0762FALSE
420.0757FALSE
420.0755FALSE
420.0776FALSE
420.0763FALSE
420.0755FALSE
420.0755FALSE
420.0762FALSE
420.0757FALSE
420.0755FALSE
420.0776FALSE
420.0763FALSE
420.0755FALSE
420.0755FALSE
420.0762FALSE
420.0757FALSE
420.0755FALSE
420.0776FALSE
420.0763FALSE
420.0755FALSE
420.0755FALSE
420.0762FALSE
420.0757FALSE
420.0755FALSE
420.0776FALSE
420.0763FALSE
420.0755FALSE
420.0755FALSE
420.0762FALSE
420.0757FALSE
420.0755FALSE
420.0776FALSE
420.0763FALSE
420.0755FALSE
420.0755FALSE
420.0762FALSE
420.0757FALSE
420.0755FALSE
420.0776FALSE
420.0763FALSE
420.0755FALSE
420.0755FALSE
420.0762FALSE
420.0757FALSE
420.0755FALSE
420.0776FALSE
420.0763FALSE
420.0755FALSE
420.0755FALSE
420.0762FALSE
420.0757FALSE
$par
smooth_log_cases_lag0.bw smooth_log_cases_lag1.bw         time_ind_lag0.bw 
               -1.664467                 1.778437                -1.295405 

$value
[1] 420.0755

$counts
function gradient 
      77       77 

$convergence
[1] 52

$message
[1] "ERROR: ABNORMAL_TERMINATION_IN_LNSRCH"

> 
> save(ssr_fit,
+     file=paste0("/home/ngr67a/2015-cdc-flu-competition/fit-competition-ssr-ph", prediction_horizon_limit, "-", data_set, ".Rdata"))
> 
> proc.time()
    user   system  elapsed 
1377.697    0.961 1902.126 
