
R version 3.2.2 (2015-08-14) -- "Fire Safety"
Copyright (C) 2015 The R Foundation for Statistical Computing
Platform: x86_64-pc-linux-gnu (64-bit)

R is free software and comes with ABSOLUTELY NO WARRANTY.
You are welcome to redistribute it under certain conditions.
Type 'license()' or 'licence()' for distribution details.

  Natural language support but running in an English locale

R is a collaborative project with many contributors.
Type 'contributors()' for more information and
'citation()' on how to cite R or R packages in publications.

Type 'demo()' for some demos, 'help()' for on-line help, or
'help.start()' for an HTML browser interface to help.
Type 'q()' to quit R.

> ### get ssr fit -- prediction horizons 1:52
> library(lubridate)
> library(ggplot2)
> library(plyr)

Attaching package: ‘plyr’

The following object is masked from ‘package:lubridate’:

    here

> library(dplyr)

Attaching package: ‘dplyr’

The following objects are masked from ‘package:plyr’:

    arrange, count, desc, failwith, id, mutate, rename, summarise,
    summarize

The following objects are masked from ‘package:lubridate’:

    intersect, setdiff, union

The following objects are masked from ‘package:stats’:

    filter, lag

The following objects are masked from ‘package:base’:

    intersect, setdiff, setequal, union

> library(reshape)

Attaching package: ‘reshape’

The following object is masked from ‘package:dplyr’:

    rename

The following objects are masked from ‘package:plyr’:

    rename, round_any

The following object is masked from ‘package:lubridate’:

    stamp

> library(ssrFlu)
> library(doMC)
Loading required package: foreach
Loading required package: iterators
Loading required package: parallel
> 
> registerDoMC(cores=3)
> 
> args <- commandArgs(trailingOnly=TRUE)
> 
> data_set <- args[1]
> prediction_horizon_limit <- as.integer(args[2])
> 
> ## load dataset
> if(identical(data_set, "ili_national")) {
+     data <- ili_national
+ } 
> if(identical(data_set, "ili_region1")) {
+     data <- ili_region1
+ } 
> if(identical(data_set, "ili_region2")) {
+     data <- ili_region2
+ } 
> if(identical(data_set, "ili_region3")) {
+     data <- ili_region3
+ } 
> if(identical(data_set, "ili_region4")) {
+     data <- ili_region4
+ } 
> if(identical(data_set, "ili_region5")) {
+     data <- ili_region5
+ } 
> if(identical(data_set, "ili_region6")) {
+     data <- ili_region6
+ } 
> if(identical(data_set, "ili_region7")) {
+     data <- ili_region7
+ } 
> if(identical(data_set, "ili_region8")) {
+     data <- ili_region8
+ } 
> if(identical(data_set, "ili_region9")) {
+     data <- ili_region9
+ } 
> if(identical(data_set, "ili_region10")) {
+     data <- ili_region10
+ } 
> 
> 
> 
> ## add log column
> data$log_total_cases <- log(data$total_cases + 1)
> 
> ## add week_start_date
> char_dates <- paste(data$year, data$week, "1")
> data$week_start_date <- as.Date(char_dates, format="%Y %W %w")
> 
> ## remove week 53s
> data <- data[-which(is.na(data$week_start_date)),]
> data <- data[262:nrow(data),]
> 
> ## add smooth log column -- or not, since it is already pretty smooth...
> sm <- loess(log_total_cases ~ as.numeric(week_start_date), data=data, span= 26 / nrow(data))
> data$smooth_log_cases <- sm$fitted
> 
> ## add time column
> data$time_ind <- seq_len(nrow(data))
> 
> ssr_control <- create_ssr_control(X_names=c("smooth_log_cases", "time_ind"),
+     y_names="total_cases",
+     time_name=NULL,
+     max_lag=list(smooth_log_cases=1,
+         time_ind=0),
+     prediction_horizons=as.integer(prediction_horizon_limit),
+     kernel_fns=list(smooth_log_cases="squared_exp_kernel",
+         time_ind="periodic_kernel"),
+     theta_est=list(smooth_log_cases="bw",
+         time_ind="bw"),
+     theta_fixed=list(time_ind=list(period=pi / 52)),
+     theta_transform_fns=list(
+         squared_exp_kernel=list(
+             bw=list(transform="log",
+                 detransform="exp")
+         ),
+         periodic_kernel=list(
+             bw=list(transform="log",
+                 detransform="exp")
+         )
+     ),
+     crossval_buffer=52,
+     loss_fn_name="mae_from_kernel_weights_and_centers",
+     loss_fn_args=list())
> 
> 
> ssr_fit <- ssr(X_names=c("smooth_log_cases", "time_ind"),
+     y_names="total_cases",
+     time_name=NULL,
+     data=data,
+     ssr_control=ssr_control)
366.3351FALSE
379.801FALSE
293.5841FALSE
366.341FALSE
379.8088FALSE
293.5779FALSE
366.3292FALSE
379.7932FALSE
293.5902FALSE
366.8621FALSE
379.741FALSE
292.1086FALSE
366.855FALSE
379.7373FALSE
292.1222FALSE
379.7446FALSE
366.8692FALSE
292.095FALSE
378.5921FALSE
365.1029FALSE
292.2035FALSE
378.5893FALSE
365.1034FALSE
378.5948FALSE
292.1996FALSE
365.1025FALSE
382.182FALSE
292.2076FALSE
365.0956FALSE
291.2877FALSE
365.0954FALSE
382.1927FALSE
365.0957FALSE
291.2919FALSE
382.1713FALSE
365.0937FALSE
291.2836FALSE
378.1587FALSE
365.0935FALSE
378.1572FALSE
291.2966FALSE
378.1602FALSE
291.2947FALSE
365.0938FALSE
378.4063FALSE
291.2985FALSE
365.1224FALSE
291.1425FALSE
378.4106FALSE
365.123FALSE
378.4019FALSE
291.1446FALSE
365.1218FALSE
378.0721FALSE
291.1406FALSE
365.094FALSE
378.0728FALSE
291.0995FALSE
378.0718FALSE
365.0944FALSE
291.0983FALSE
365.0936FALSE
378.0729FALSE
365.0934FALSE
378.0724FALSE
291.1008FALSE
365.0932FALSE
378.0735FALSE
291.7026FALSE
365.0935FALSE
378.0705FALSE
365.0936FALSE
378.0706FALSE
291.7118FALSE
365.094FALSE
378.0704FALSE
291.6936FALSE
365.0932FALSE
378.0704FALSE
291.0585FALSE
365.0933FALSE
291.0588FALSE
378.0705FALSE
291.0583FALSE
378.0704FALSE
365.0934FALSE
378.0702FALSE
291.0571FALSE
365.0934FALSE
378.0702FALSE
291.0567FALSE
365.0933FALSE
378.0706FALSE
365.0934FALSE
291.0576FALSE
365.0934FALSE
291.0577FALSE
378.0704FALSE
365.0933FALSE
291.058FALSE
378.0704FALSE
365.0934FALSE
291.0575FALSE
378.0703FALSE
365.0934FALSE
291.0567FALSE
378.0702FALSE
365.0933FALSE
291.057FALSE
378.0703FALSE
365.0934FALSE
291.0568FALSE
378.0702FALSE
365.0934FALSE
291.0589FALSE
378.0891FALSE
365.0933FALSE
291.0584FALSE
378.0878FALSE
365.0934FALSE
291.0596FALSE
378.0904FALSE
378.0702FALSE
291.0567FALSE
365.0934FALSE
378.0703FALSE
291.0569FALSE
378.0703FALSE
365.0933FALSE
291.0569FALSE
378.0702FALSE
365.0934FALSE
291.0567FALSE
378.0703FALSE
365.0934FALSE
291.0569FALSE
378.0703FALSE
$par
smooth_log_cases_lag1.bw 
               -2.719548 

$value
[1] 378.0702

$counts
function gradient 
      16       16 

$convergence
[1] 0

$message
[1] "CONVERGENCE: REL_REDUCTION_OF_F <= FACTR*EPSMCH"

365.0933FALSE
291.0569FALSE
365.0934FALSE
291.0567FALSE
365.0934FALSE
291.0569FALSE
365.0933FALSE
291.0569FALSE
365.0934FALSE
291.0567FALSE
365.0934FALSE
291.0569FALSE
365.0933FALSE
291.0569FALSE
365.0934FALSE
291.0567FALSE
365.0934FALSE
291.0569FALSE
365.0933FALSE
291.0569FALSE
365.0934FALSE
365.0934FALSE
291.0567FALSE
365.0933FALSE
291.0569FALSE
365.0934FALSE
291.0569FALSE
365.0934FALSE
365.0933FALSE
291.0567FALSE
365.0934FALSE
291.0569FALSE
365.0934FALSE
291.0569FALSE
365.0933FALSE
291.0567FALSE
365.0934FALSE
291.0569FALSE
365.0934FALSE
365.0933FALSE
291.0569FALSE
365.0934FALSE
291.0567FALSE
365.0934FALSE
291.0569FALSE
365.0933FALSE
291.0569FALSE
365.0934FALSE
291.0567FALSE
365.0934FALSE
291.0569FALSE
365.0933FALSE
291.0569FALSE
365.0934FALSE
365.0934FALSE
291.0567FALSE
365.0933FALSE
291.0569FALSE
291.0569FALSE
365.0934FALSE
291.0567FALSE
365.0934FALSE
291.0569FALSE
365.0933FALSE
291.0569FALSE
365.0934FALSE
291.0567FALSE
365.0934FALSE
291.0569FALSE
365.0933FALSE
291.0569FALSE
365.0934FALSE
291.0567FALSE
365.0934FALSE
291.0569FALSE
365.0933FALSE
291.0569FALSE
365.0934FALSE
291.0567FALSE
365.0934FALSE
291.0569FALSE
365.0933FALSE
291.0569FALSE
365.0934FALSE
291.0567FALSE
365.0934FALSE
291.0569FALSE
365.0933FALSE
291.0569FALSE
365.0934FALSE
291.0567FALSE
365.0934FALSE
291.0569FALSE
365.0933FALSE
365.0934FALSE
291.0569FALSE
365.0934FALSE
291.0567FALSE
365.0933FALSE
291.0569FALSE
365.0934FALSE
365.0934FALSE
291.0569FALSE
365.0933FALSE
291.0567FALSE
365.0934FALSE
291.0569FALSE
365.0934FALSE
291.0569FALSE
$par
time_ind_lag0.bw 
        -1.53237 

$value
[1] 291.0567

$counts
function gradient 
      32       32 

$convergence
[1] 0

$message
[1] "CONVERGENCE: REL_REDUCTION_OF_F <= FACTR*EPSMCH"

365.0933FALSE
365.0934FALSE
365.0934FALSE
365.0933FALSE
365.0934FALSE
365.0934FALSE
365.0933FALSE
365.0934FALSE
365.0934FALSE
365.0933FALSE
365.0934FALSE
365.0934FALSE
365.0933FALSE
365.0934FALSE
365.0934FALSE
365.0933FALSE
365.0934FALSE
365.0934FALSE
365.0933FALSE
365.0934FALSE
365.0934FALSE
365.0933FALSE
365.0934FALSE
365.0934FALSE
365.0933FALSE
365.0934FALSE
365.0934FALSE
365.0933FALSE
365.0934FALSE
365.0934FALSE
365.0933FALSE
365.0934FALSE
365.0934FALSE
365.0933FALSE
365.0934FALSE
365.0934FALSE
365.0933FALSE
365.0934FALSE
365.0934FALSE
365.0933FALSE
365.0934FALSE
365.0934FALSE
365.0933FALSE
365.0934FALSE
365.0934FALSE
365.0933FALSE
365.0934FALSE
365.0934FALSE
365.0933FALSE
365.0934FALSE
365.0934FALSE
365.0933FALSE
365.0934FALSE
365.0934FALSE
$par
smooth_log_cases_lag0.bw 
               -2.786104 

$value
[1] 365.0933

$counts
function gradient 
      52       52 

$convergence
[1] 52

$message
[1] "ERROR: ABNORMAL_TERMINATION_IN_LNSRCH"

278.1812FALSE
268.4455FALSE
278.1831FALSE
268.4499FALSE
278.1793FALSE
268.441FALSE
278.1898FALSE
268.4502FALSE
278.1726FALSE
268.4407FALSE
276.3496FALSE
268.2823FALSE
276.3475FALSE
268.2707FALSE
276.3518FALSE
268.294FALSE
276.345FALSE
268.2761FALSE
276.3542FALSE
268.2885FALSE
275.7761FALSE
266.8249FALSE
275.7788FALSE
266.8269FALSE
275.7733FALSE
266.823FALSE
275.7764FALSE
266.83FALSE
275.7756FALSE
266.8199FALSE
275.6113FALSE
307.1926FALSE
275.6125FALSE
307.1746FALSE
275.6101FALSE
275.6109FALSE
307.2106FALSE
275.6118FALSE
307.1601FALSE
275.6662FALSE
307.2251FALSE
275.6653FALSE
265.9057FALSE
275.6672FALSE
275.6677FALSE
265.9057FALSE
275.6648FALSE
265.9057FALSE
275.571FALSE
265.9092FALSE
275.571FALSE
265.9021FALSE
275.571FALSE
266.9612FALSE
275.5715FALSE
275.5707FALSE
266.9581FALSE
275.5721FALSE
266.9643FALSE
275.5728FALSE
266.9541FALSE
275.5714FALSE
266.9683FALSE
275.5717FALSE
265.7578FALSE
275.5725FALSE
265.7569FALSE
275.5703FALSE
265.7587FALSE
275.5703FALSE
265.7573FALSE
275.5704FALSE
265.7584FALSE
275.5704FALSE
265.7538FALSE
275.5702FALSE
275.5721FALSE
265.7541FALSE
275.5728FALSE
265.7535FALSE
275.5714FALSE
265.7534FALSE
275.5717FALSE
265.7542FALSE
275.5724FALSE
265.754FALSE
275.5703FALSE
265.7541FALSE
275.5703FALSE
275.5703FALSE
265.7539FALSE
275.5704FALSE
265.7541FALSE
275.5702FALSE
265.7538FALSE
275.5726FALSE
265.7525FALSE
275.5733FALSE
265.7526FALSE
275.572FALSE
265.7524FALSE
275.5723FALSE
275.5729FALSE
265.7527FALSE
265.7522FALSE
275.5702FALSE
265.7515FALSE
275.5705FALSE
265.7518FALSE
275.5703FALSE
265.7513FALSE
275.5703FALSE
265.7517FALSE
275.5702FALSE
265.7519FALSE
275.5701FALSE
265.7504FALSE
275.5707FALSE
265.7506FALSE
275.5701FALSE
265.7503FALSE
275.5702FALSE
265.75FALSE
275.5704FALSE
265.7508FALSE
275.57FALSE
265.7501FALSE
275.5705FALSE
265.7501FALSE
265.7506FALSE
275.57FALSE
265.7502FALSE
275.5701FALSE
265.7504FALSE
275.5702FALSE
265.7526FALSE
275.5695FALSE
265.7527FALSE
275.5696FALSE
265.7526FALSE
275.5696FALSE
265.7528FALSE
275.5697FALSE
265.7524FALSE
275.5693FALSE
265.7501FALSE
275.5685FALSE
265.7501FALSE
275.5679FALSE
265.7504FALSE
275.5691FALSE
265.7504FALSE
275.5687FALSE
265.7498FALSE
275.5682FALSE
265.7499FALSE
275.5685FALSE
275.5685FALSE
265.7498FALSE
265.7503FALSE
275.5685FALSE
265.7503FALSE
275.5687FALSE
265.7501FALSE
275.5683FALSE
265.7499FALSE
275.5678FALSE
265.75FALSE
275.5678FALSE
275.568FALSE
265.7499FALSE
265.7502FALSE
275.5679FALSE
275.5676FALSE
265.7502FALSE
275.5695FALSE
265.7498FALSE
275.5689FALSE
265.75FALSE
275.5701FALSE
265.75FALSE
275.5698FALSE
265.7501FALSE
275.5692FALSE
265.7502FALSE
275.5676FALSE
265.7499FALSE
275.5676FALSE
275.5682FALSE
265.75FALSE
275.5679FALSE
265.75FALSE
275.5675FALSE
265.7502FALSE
275.5675FALSE
265.7502FALSE
275.5674FALSE
265.7498FALSE
275.5681FALSE
265.75FALSE
275.5678FALSE
265.75FALSE
265.7501FALSE
275.5673FALSE
275.5672FALSE
265.7502FALSE
275.5673FALSE
265.7498FALSE
275.5674FALSE
265.75FALSE
275.5671FALSE
265.75FALSE
275.5674FALSE
265.7501FALSE
275.5672FALSE
265.7502FALSE
275.5669FALSE
265.7498FALSE
275.5678FALSE
265.75FALSE
275.5675FALSE
265.75FALSE
275.567FALSE
265.7501FALSE
275.567FALSE
265.7502FALSE
275.5671FALSE
265.7498FALSE
275.5676FALSE
265.75FALSE
275.5673FALSE
265.75FALSE
275.5672FALSE
265.7501FALSE
275.567FALSE
265.7502FALSE
275.5676FALSE
265.7498FALSE
265.75FALSE
275.5672FALSE
265.75FALSE
275.5669FALSE
265.7501FALSE
275.5672FALSE
265.7502FALSE
275.5672FALSE
265.7498FALSE
275.5677FALSE
265.75FALSE
275.5672FALSE
265.75FALSE
275.5674FALSE
265.7501FALSE
275.5673FALSE
265.7502FALSE
275.5669FALSE
265.7498FALSE
265.75FALSE
275.5676FALSE
265.75FALSE
275.5672FALSE
265.7501FALSE
275.5669FALSE
265.7502FALSE
275.5672FALSE
265.7498FALSE
275.5669FALSE
265.75FALSE
275.5674FALSE
265.75FALSE
275.5675FALSE
265.7501FALSE
275.5671FALSE
265.7502FALSE
275.5669FALSE
265.7498FALSE
275.5668FALSE
275.5676FALSE
265.75FALSE
275.5673FALSE
265.75FALSE
275.567FALSE
265.7501FALSE
275.5671FALSE
265.7502FALSE
275.5669FALSE
265.7498FALSE
275.5674FALSE
265.75FALSE
275.5674FALSE
265.75FALSE
275.5671FALSE
265.7501FALSE
275.567FALSE
265.7502FALSE
275.5668FALSE
265.7498FALSE
265.75FALSE
275.5675FALSE
265.75FALSE
275.5673FALSE
265.7501FALSE
275.567FALSE
275.5671FALSE
265.7502FALSE
265.7498FALSE
275.567FALSE
265.75FALSE
275.5671FALSE
265.75FALSE
275.5676FALSE
265.7501FALSE
275.5673FALSE
265.7502FALSE
275.567FALSE
265.7498FALSE
275.5668FALSE
265.75FALSE
275.5675FALSE
265.75FALSE
275.5673FALSE
265.7501FALSE
265.7502FALSE
275.567FALSE
275.5671FALSE
265.7498FALSE
265.75FALSE
275.5668FALSE
265.75FALSE
275.5675FALSE
265.7501FALSE
275.5673FALSE
265.7502FALSE
275.567FALSE
265.7498FALSE
275.5671FALSE
265.75FALSE
275.5668FALSE
265.75FALSE
275.5675FALSE
265.7501FALSE
275.5673FALSE
265.7502FALSE
275.567FALSE
265.7498FALSE
275.5671FALSE
275.568FALSE
265.75FALSE
265.75FALSE
275.5674FALSE
265.7501FALSE
275.5686FALSE
275.5683FALSE
265.7502FALSE
275.5677FALSE
265.7498FALSE
275.5668FALSE
265.75FALSE
275.5674FALSE
265.75FALSE
265.7501FALSE
275.5674FALSE
265.7502FALSE
275.5671FALSE
265.7498FALSE
275.567FALSE
265.75FALSE
275.5668FALSE
265.75FALSE
275.5675FALSE
265.7501FALSE
275.5673FALSE
265.7502FALSE
275.567FALSE
265.7498FALSE
275.5671FALSE
265.75FALSE
275.5668FALSE
265.75FALSE
275.5675FALSE
265.7501FALSE
275.5673FALSE
265.7502FALSE
$par
smooth_log_cases_lag0.bw         time_ind_lag0.bw 
               -2.624879                -2.060962 

$value
[1] 265.7498

$counts
function gradient 
      38       38 

$convergence
[1] 0

$message
[1] "CONVERGENCE: REL_REDUCTION_OF_F <= FACTR*EPSMCH"

275.567FALSE
275.5671FALSE
275.5668FALSE
275.5675FALSE
275.5673FALSE
275.567FALSE
275.5671FALSE
275.5668FALSE
275.5675FALSE
275.5673FALSE
275.567FALSE
275.5671FALSE
275.5668FALSE
275.5675FALSE
275.5673FALSE
275.567FALSE
275.5671FALSE
275.5668FALSE
275.5675FALSE
275.5673FALSE
275.567FALSE
275.5671FALSE
275.5668FALSE
275.5675FALSE
275.5673FALSE
275.567FALSE
275.5671FALSE
275.5668FALSE
275.5675FALSE
275.5673FALSE
275.567FALSE
275.5671FALSE
275.5668FALSE
275.5675FALSE
275.5673FALSE
275.567FALSE
275.5671FALSE
275.5668FALSE
275.5675FALSE
275.5673FALSE
275.567FALSE
275.5671FALSE
275.5668FALSE
275.5675FALSE
275.5673FALSE
275.567FALSE
275.5671FALSE
275.5668FALSE
275.5675FALSE
275.5673FALSE
275.567FALSE
275.5671FALSE
275.5668FALSE
275.5675FALSE
275.5673FALSE
275.567FALSE
275.5671FALSE
275.5668FALSE
275.5675FALSE
275.5673FALSE
275.567FALSE
275.5671FALSE
275.5668FALSE
275.5675FALSE
275.5673FALSE
275.567FALSE
275.5671FALSE
275.5668FALSE
275.5675FALSE
275.5673FALSE
275.567FALSE
275.5671FALSE
275.5668FALSE
275.5675FALSE
275.5673FALSE
275.567FALSE
275.5671FALSE
275.5668FALSE
275.5675FALSE
275.5673FALSE
275.567FALSE
275.5671FALSE
$par
smooth_log_cases_lag1.bw         time_ind_lag0.bw 
               -2.546021                -2.171991 

$value
[1] 275.5668

$counts
function gradient 
      55       55 

$convergence
[1] 0

$message
[1] "CONVERGENCE: REL_REDUCTION_OF_F <= FACTR*EPSMCH"

292.4817FALSE
268.1163FALSE
292.4778FALSE
268.1181FALSE
292.4857FALSE
268.1144FALSE
299.2715FALSE
268.1126FALSE
299.3193FALSE
299.2239FALSE
268.1199FALSE
291.317FALSE
268.111FALSE
291.3152FALSE
268.1215FALSE
291.3188FALSE
270.2441FALSE
291.235FALSE
270.2412FALSE
291.2382FALSE
291.2319FALSE
270.247FALSE
291.1311FALSE
270.2453FALSE
291.1298FALSE
270.2428FALSE
291.1324FALSE
270.2581FALSE
291.8725FALSE
291.8843FALSE
270.2301FALSE
291.8609FALSE
267.6747FALSE
291.058FALSE
267.6742FALSE
291.0583FALSE
291.0578FALSE
267.6753FALSE
291.0601FALSE
267.6741FALSE
291.0592FALSE
267.6754FALSE
291.0609FALSE
267.6744FALSE
291.057FALSE
291.0573FALSE
267.675FALSE
291.0568FALSE
267.6566FALSE
291.0583FALSE
267.6575FALSE
291.0578FALSE
267.6557FALSE
291.0588FALSE
267.6559FALSE
291.0568FALSE
267.6573FALSE
291.057FALSE
291.0566FALSE
267.6564FALSE
291.0683FALSE
267.6568FALSE
267.6209FALSE
291.0674FALSE
291.0691FALSE
267.6216FALSE
291.0566FALSE
267.6203FALSE
291.0568FALSE
267.6204FALSE
291.0571FALSE
267.6214FALSE
291.0567FALSE
267.6206FALSE
291.0569FALSE
267.6212FALSE
291.0569FALSE
270.3933FALSE
291.0567FALSE
270.3926FALSE
291.0569FALSE
270.3941FALSE
291.0569FALSE
291.0567FALSE
270.3938FALSE
291.0569FALSE
270.3929FALSE
291.0569FALSE
270.4102FALSE
291.0567FALSE
270.3765FALSE
291.0569FALSE
267.5874FALSE
291.0569FALSE
267.5878FALSE
291.0567FALSE
267.5869FALSE
291.0569FALSE
291.0569FALSE
267.5868FALSE
291.0567FALSE
267.5879FALSE
291.0569FALSE
267.5866FALSE
291.0569FALSE
267.5881FALSE
291.0567FALSE
267.5867FALSE
291.0569FALSE
291.0569FALSE
267.5867FALSE
291.0567FALSE
267.5866FALSE
267.5863FALSE
291.0569FALSE
267.587FALSE
291.0569FALSE
267.5898FALSE
267.5835FALSE
291.0567FALSE
291.0569FALSE
267.5711FALSE
291.0569FALSE
267.5714FALSE
291.0567FALSE
267.5709FALSE
291.0569FALSE
267.5706FALSE
291.0569FALSE
267.5717FALSE
291.0567FALSE
267.5703FALSE
291.0569FALSE
267.5719FALSE
291.0569FALSE
291.0567FALSE
267.5622FALSE
291.0569FALSE
267.5623FALSE
291.0569FALSE
267.5621FALSE
291.0567FALSE
267.5618FALSE
291.0569FALSE
267.5625FALSE
291.0569FALSE
267.5616FALSE
291.0567FALSE
291.0569FALSE
267.5627FALSE
291.0569FALSE
267.572FALSE
291.0567FALSE
267.5721FALSE
291.0569FALSE
267.572FALSE
291.0569FALSE
267.5717FALSE
291.0567FALSE
267.5724FALSE
291.0569FALSE
267.5753FALSE
291.0569FALSE
291.0567FALSE
267.5687FALSE
267.5597FALSE
291.0569FALSE
267.5598FALSE
291.0569FALSE
267.5596FALSE
291.0567FALSE
291.0569FALSE
267.5593FALSE
291.0569FALSE
267.56FALSE
291.0567FALSE
267.5598FALSE
267.5603FALSE
291.0569FALSE
268.6944FALSE
291.0569FALSE
291.0567FALSE
268.6948FALSE
291.0569FALSE
268.694FALSE
291.0569FALSE
268.6943FALSE
291.0567FALSE
291.0569FALSE
268.6944FALSE
291.0569FALSE
268.7029FALSE
291.0567FALSE
268.6859FALSE
291.0569FALSE
267.5759FALSE
291.0569FALSE
291.0567FALSE
267.576FALSE
291.0569FALSE
267.5759FALSE
291.0568FALSE
267.5756FALSE
291.0567FALSE
267.5763FALSE
291.0569FALSE
267.5792FALSE
291.0569FALSE
291.0567FALSE
267.5726FALSE
291.0569FALSE
267.5593FALSE
291.0569FALSE
267.5593FALSE
291.0567FALSE
267.5592FALSE
291.0569FALSE
267.559FALSE
291.0569FALSE
267.5595FALSE
291.0567FALSE
267.5608FALSE
291.0569FALSE
267.5595FALSE
291.0569FALSE
267.5565FALSE
291.0567FALSE
267.5564FALSE
291.0569FALSE
267.5565FALSE
291.0569FALSE
267.5563FALSE
291.0567FALSE
291.0569FALSE
267.5566FALSE
291.0569FALSE
267.5569FALSE
291.0567FALSE
267.5563FALSE
291.0569FALSE
267.5508FALSE
291.0569FALSE
291.0567FALSE
267.5511FALSE
291.0569FALSE
267.5504FALSE
291.0569FALSE
267.5506FALSE
291.0567FALSE
267.551FALSE
291.0569FALSE
267.5508FALSE
291.0569FALSE
267.5507FALSE
291.0567FALSE
291.0569FALSE
267.5502FALSE
291.0569FALSE
267.5512FALSE
291.0567FALSE
267.5492FALSE
291.0569FALSE
267.5501FALSE
291.0569FALSE
267.5502FALSE
291.0567FALSE
291.0569FALSE
267.5506FALSE
291.0569FALSE
267.5498FALSE
291.0567FALSE
267.5422FALSE
291.0569FALSE
267.5431FALSE
291.0569FALSE
267.5413FALSE
291.0567FALSE
267.5421FALSE
291.0569FALSE
291.0569FALSE
267.5422FALSE
291.0567FALSE
267.5427FALSE
291.0569FALSE
267.5416FALSE
291.0569FALSE
267.5142FALSE
291.0567FALSE
267.5139FALSE
291.0569FALSE
267.5145FALSE
291.0569FALSE
267.514FALSE
291.0567FALSE
267.5144FALSE
291.0569FALSE
291.0569FALSE
267.5149FALSE
267.5135FALSE
291.0567FALSE
291.0569FALSE
267.6979FALSE
291.0569FALSE
267.6912FALSE
291.0567FALSE
267.7046FALSE
291.0569FALSE
267.6978FALSE
291.0569FALSE
$par
time_ind_lag0.bw 
       -1.532303 

$value
[1] 291.0567

$counts
function gradient 
      55       55 

$convergence
[1] 52

$message
[1] "ERROR: ABNORMAL_TERMINATION_IN_LNSRCH"

267.698FALSE
267.7008FALSE
267.695FALSE
267.4068FALSE
267.4038FALSE
267.4099FALSE
267.4066FALSE
267.407FALSE
267.4096FALSE
267.4041FALSE
267.4844FALSE
267.4777FALSE
267.491FALSE
267.4843FALSE
267.4844FALSE
267.4877FALSE
267.481FALSE
267.3732FALSE
267.3684FALSE
267.378FALSE
267.3731FALSE
267.3733FALSE
267.3769FALSE
267.3695FALSE
267.2464FALSE
267.2412FALSE
267.2517FALSE
267.2463FALSE
267.2466FALSE
267.2501FALSE
267.2429FALSE
267.9254FALSE
267.9151FALSE
267.9356FALSE
267.9253FALSE
267.9254FALSE
267.9231FALSE
267.9276FALSE
267.1789FALSE
267.1728FALSE
267.185FALSE
267.1788FALSE
267.179FALSE
267.1812FALSE
267.1766FALSE
266.8206FALSE
266.8145FALSE
266.8267FALSE
266.8205FALSE
266.8207FALSE
266.8228FALSE
266.8186FALSE
265.9169FALSE
265.9149FALSE
265.9189FALSE
265.9169FALSE
265.9169FALSE
265.9154FALSE
265.9184FALSE
265.8974FALSE
265.8992FALSE
265.8956FALSE
265.8974FALSE
265.8974FALSE
265.8995FALSE
265.8953FALSE
265.7696FALSE
265.77FALSE
265.7691FALSE
265.7695FALSE
265.7696FALSE
265.769FALSE
265.7701FALSE
265.7653FALSE
265.7649FALSE
265.7657FALSE
265.7653FALSE
265.7653FALSE
265.7655FALSE
265.7651FALSE
265.7622FALSE
265.7625FALSE
265.762FALSE
265.7622FALSE
265.7623FALSE
265.7617FALSE
265.7627FALSE
265.7627FALSE
265.7627FALSE
265.7626FALSE
265.7627FALSE
265.7627FALSE
265.7628FALSE
265.7625FALSE
265.7614FALSE
265.7615FALSE
265.7614FALSE
265.7614FALSE
265.7615FALSE
265.7616FALSE
265.7617FALSE
265.7611FALSE
265.7614FALSE
265.761FALSE
265.7611FALSE
265.7612FALSE
265.7613FALSE
265.7616FALSE
265.762FALSE
265.7618FALSE
265.7623FALSE
265.762FALSE
265.7621FALSE
265.7616FALSE
265.7624FALSE
265.7611FALSE
265.7614FALSE
265.7609FALSE
265.7611FALSE
265.7611FALSE
265.761FALSE
265.7616FALSE
265.7614FALSE
265.7613FALSE
265.7617FALSE
265.7614FALSE
265.7615FALSE
265.761FALSE
265.7618FALSE
265.7611FALSE
265.7614FALSE
265.7609FALSE
265.7611FALSE
265.7611FALSE
265.7608FALSE
265.7616FALSE
265.8922FALSE
265.8896FALSE
265.8949FALSE
265.8922FALSE
265.8923FALSE
265.8908FALSE
265.8937FALSE
265.7611FALSE
265.7613FALSE
265.7612FALSE
265.761FALSE
265.7611FALSE
265.7606FALSE
265.7616FALSE
265.7611FALSE
265.7613FALSE
265.761FALSE
265.7611FALSE
265.7611FALSE
265.7607FALSE
265.7616FALSE
265.7609FALSE
265.7611FALSE
265.7608FALSE
265.7609FALSE
265.7609FALSE
265.7606FALSE
265.7614FALSE
265.7603FALSE
265.7603FALSE
265.7607FALSE
265.7603FALSE
265.7603FALSE
265.7606FALSE
265.7606FALSE
265.7601FALSE
265.7602FALSE
265.7605FALSE
265.7601FALSE
265.7602FALSE
265.7604FALSE
265.7601FALSE
265.7597FALSE
265.7597FALSE
265.7598FALSE
265.7597FALSE
265.7597FALSE
265.7599FALSE
265.7595FALSE
265.7582FALSE
265.7582FALSE
265.7581FALSE
265.7581FALSE
265.7582FALSE
265.7583FALSE
265.758FALSE
265.7548FALSE
265.7548FALSE
265.7548FALSE
265.7548FALSE
265.7548FALSE
265.755FALSE
265.7546FALSE
265.8865FALSE
265.8857FALSE
265.8872FALSE
265.8865FALSE
265.8865FALSE
265.8841FALSE
265.8894FALSE
265.7547FALSE
265.755FALSE
265.7545FALSE
265.7547FALSE
265.7548FALSE
265.7543FALSE
265.7551FALSE
265.7519FALSE
265.7521FALSE
265.7517FALSE
265.7519FALSE
265.7519FALSE
265.7519FALSE
265.7523FALSE
265.7553FALSE
265.7542FALSE
265.7564FALSE
265.7553FALSE
265.7553FALSE
265.7553FALSE
265.7553FALSE
265.7514FALSE
265.7514FALSE
265.7517FALSE
265.7514FALSE
265.7514FALSE
265.7517FALSE
265.7513FALSE
265.7511FALSE
265.7512FALSE
265.7514FALSE
265.7511FALSE
265.7511FALSE
265.7507FALSE
265.7514FALSE
265.7507FALSE
265.7509FALSE
265.7505FALSE
265.7507FALSE
265.7507FALSE
265.7506FALSE
265.7511FALSE
265.7503FALSE
265.7504FALSE
265.7503FALSE
265.7503FALSE
265.7503FALSE
265.7506FALSE
265.7506FALSE
265.7501FALSE
265.7503FALSE
265.7502FALSE
265.7501FALSE
265.7501FALSE
265.7504FALSE
265.7505FALSE
265.7499FALSE
265.7501FALSE
265.7502FALSE
265.7499FALSE
265.7499FALSE
265.7502FALSE
265.7503FALSE
265.7499FALSE
265.75FALSE
265.7501FALSE
265.7499FALSE
265.7499FALSE
265.7502FALSE
265.7502FALSE
265.7499FALSE
265.7501FALSE
265.7502FALSE
265.7499FALSE
265.7499FALSE
265.7502FALSE
265.7503FALSE
265.7499FALSE
265.7501FALSE
265.7502FALSE
265.7499FALSE
265.7499FALSE
265.7502FALSE
265.7503FALSE
265.7499FALSE
265.7501FALSE
265.7502FALSE
265.7499FALSE
265.7499FALSE
265.7502FALSE
265.7503FALSE
265.7499FALSE
265.7501FALSE
265.7502FALSE
265.7499FALSE
265.7499FALSE
265.7502FALSE
265.7503FALSE
265.7499FALSE
265.7501FALSE
265.7502FALSE
265.7499FALSE
265.7499FALSE
265.7502FALSE
265.7503FALSE
265.7499FALSE
265.7501FALSE
265.7502FALSE
265.7499FALSE
265.7499FALSE
265.7502FALSE
265.7503FALSE
265.7499FALSE
265.7501FALSE
265.7502FALSE
265.7499FALSE
265.7499FALSE
265.7502FALSE
265.7503FALSE
265.7499FALSE
265.7501FALSE
265.7502FALSE
265.7499FALSE
265.7499FALSE
265.7502FALSE
265.7503FALSE
265.7499FALSE
265.7501FALSE
265.7502FALSE
265.7499FALSE
265.7499FALSE
265.7502FALSE
265.7503FALSE
265.7499FALSE
265.7501FALSE
265.7502FALSE
265.7499FALSE
265.7499FALSE
265.7502FALSE
265.7503FALSE
265.7499FALSE
265.7501FALSE
265.7502FALSE
265.7499FALSE
265.7499FALSE
265.7502FALSE
265.7503FALSE
265.7499FALSE
265.7501FALSE
265.7502FALSE
265.7499FALSE
265.7499FALSE
265.7502FALSE
265.7503FALSE
265.7499FALSE
265.7501FALSE
265.7502FALSE
265.7499FALSE
265.7499FALSE
265.7502FALSE
265.7503FALSE
265.7499FALSE
265.7501FALSE
265.7502FALSE
265.7499FALSE
265.7499FALSE
265.7502FALSE
265.7503FALSE
265.7499FALSE
265.7501FALSE
265.7502FALSE
265.7499FALSE
265.7499FALSE
265.7502FALSE
265.7503FALSE
$par
smooth_log_cases_lag0.bw smooth_log_cases_lag1.bw         time_ind_lag0.bw 
               -2.625253                 2.863873                -2.061045 

$value
[1] 265.7499

$counts
function gradient 
      75       75 

$convergence
[1] 0

$message
[1] "CONVERGENCE: REL_REDUCTION_OF_F <= FACTR*EPSMCH"

> 
> save(ssr_fit,
+     file=paste0("/home/ngr67a/2015-cdc-flu-competition/fit-competition-ssr-ph", prediction_horizon_limit, "-", data_set, ".Rdata"))
> 
> proc.time()
    user   system  elapsed 
2616.033    1.566 2832.864 
