
R version 3.2.2 (2015-08-14) -- "Fire Safety"
Copyright (C) 2015 The R Foundation for Statistical Computing
Platform: x86_64-pc-linux-gnu (64-bit)

R is free software and comes with ABSOLUTELY NO WARRANTY.
You are welcome to redistribute it under certain conditions.
Type 'license()' or 'licence()' for distribution details.

  Natural language support but running in an English locale

R is a collaborative project with many contributors.
Type 'contributors()' for more information and
'citation()' on how to cite R or R packages in publications.

Type 'demo()' for some demos, 'help()' for on-line help, or
'help.start()' for an HTML browser interface to help.
Type 'q()' to quit R.

> ### get ssr fit -- prediction horizons 1:52
> library(lubridate)
> library(ggplot2)
> library(plyr)

Attaching package: ‘plyr’

The following object is masked from ‘package:lubridate’:

    here

> library(dplyr)

Attaching package: ‘dplyr’

The following objects are masked from ‘package:plyr’:

    arrange, count, desc, failwith, id, mutate, rename, summarise,
    summarize

The following objects are masked from ‘package:lubridate’:

    intersect, setdiff, union

The following objects are masked from ‘package:stats’:

    filter, lag

The following objects are masked from ‘package:base’:

    intersect, setdiff, setequal, union

> library(reshape)

Attaching package: ‘reshape’

The following object is masked from ‘package:dplyr’:

    rename

The following objects are masked from ‘package:plyr’:

    rename, round_any

The following object is masked from ‘package:lubridate’:

    stamp

> library(ssrFlu)
> library(doMC)
Loading required package: foreach
Loading required package: iterators
Loading required package: parallel
> 
> registerDoMC(cores=3)
> 
> args <- commandArgs(trailingOnly=TRUE)
> 
> data_set <- args[1]
> prediction_horizon_limit <- as.integer(args[2])
> 
> ## load dataset
> if(identical(data_set, "ili_national")) {
+     data <- ili_national
+ } 
> if(identical(data_set, "ili_region1")) {
+     data <- ili_region1
+ } 
> if(identical(data_set, "ili_region2")) {
+     data <- ili_region2
+ } 
> if(identical(data_set, "ili_region3")) {
+     data <- ili_region3
+ } 
> if(identical(data_set, "ili_region4")) {
+     data <- ili_region4
+ } 
> if(identical(data_set, "ili_region5")) {
+     data <- ili_region5
+ } 
> if(identical(data_set, "ili_region6")) {
+     data <- ili_region6
+ } 
> if(identical(data_set, "ili_region7")) {
+     data <- ili_region7
+ } 
> if(identical(data_set, "ili_region8")) {
+     data <- ili_region8
+ } 
> if(identical(data_set, "ili_region9")) {
+     data <- ili_region9
+ } 
> if(identical(data_set, "ili_region10")) {
+     data <- ili_region10
+ } 
> 
> 
> 
> ## add log column
> data$log_total_cases <- log(data$total_cases + 1)
> 
> ## add week_start_date
> char_dates <- paste(data$year, data$week, "1")
> data$week_start_date <- as.Date(char_dates, format="%Y %W %w")
> 
> ## remove week 53s
> data <- data[-which(is.na(data$week_start_date)),]
> data <- data[262:nrow(data),]
> 
> ## add smooth log column -- or not, since it is already pretty smooth...
> sm <- loess(log_total_cases ~ as.numeric(week_start_date), data=data, span= 26 / nrow(data))
> data$smooth_log_cases <- sm$fitted
> 
> ## add time column
> data$time_ind <- seq_len(nrow(data))
> 
> ssr_control <- create_ssr_control(X_names=c("smooth_log_cases", "time_ind"),
+     y_names="total_cases",
+     time_name=NULL,
+     max_lag=list(smooth_log_cases=1,
+         time_ind=0),
+     prediction_horizons=as.integer(prediction_horizon_limit),
+     kernel_fns=list(smooth_log_cases="squared_exp_kernel",
+         time_ind="periodic_kernel"),
+     theta_est=list(smooth_log_cases="bw",
+         time_ind="bw"),
+     theta_fixed=list(time_ind=list(period=pi / 52)),
+     theta_transform_fns=list(
+         squared_exp_kernel=list(
+             bw=list(transform="log",
+                 detransform="exp")
+         ),
+         periodic_kernel=list(
+             bw=list(transform="log",
+                 detransform="exp")
+         )
+     ),
+     crossval_buffer=52,
+     loss_fn_name="mae_from_kernel_weights_and_centers",
+     loss_fn_args=list())
> 
> 
> ssr_fit <- ssr(X_names=c("smooth_log_cases", "time_ind"),
+     y_names="total_cases",
+     time_name=NULL,
+     data=data,
+     ssr_control=ssr_control)
539.6266FALSE
530.7856FALSE
360.4707FALSE
539.6293FALSE
530.7879FALSE
360.4692FALSE
360.4722FALSE
530.7833FALSE
539.6239FALSE
370.373FALSE
543.2688FALSE
534.3769FALSE
370.4145FALSE
543.261FALSE
534.3703FALSE
543.2766FALSE
370.3316FALSE
534.3836FALSE
539.5628FALSE
360.1573FALSE
539.5616FALSE
530.5858FALSE
539.5641FALSE
360.1577FALSE
530.5869FALSE
539.4965FALSE
530.5848FALSE
539.4953FALSE
360.1568FALSE
530.5603FALSE
539.4977FALSE
360.177FALSE
540.0426FALSE
530.5587FALSE
540.0477FALSE
530.5619FALSE
360.1752FALSE
540.0375FALSE
539.4838FALSE
530.537FALSE
360.1789FALSE
539.4842FALSE
530.5382FALSE
539.4833FALSE
530.536FALSE
539.4889FALSE
360.1492FALSE
530.5282FALSE
539.4877FALSE
360.1497FALSE
539.4902FALSE
530.5285FALSE
360.1486FALSE
539.4804FALSE
539.4808FALSE
360.147FALSE
530.5279FALSE
539.4803FALSE
360.1472FALSE
530.5468FALSE
360.1467FALSE
539.483FALSE
530.5456FALSE
530.548FALSE
360.1886FALSE
539.4821FALSE
360.1867FALSE
530.5264FALSE
539.4842FALSE
360.1904FALSE
530.5268FALSE
539.4807FALSE
530.5261FALSE
360.1464FALSE
539.4804FALSE
530.5253FALSE
539.4809FALSE
530.5257FALSE
360.1467FALSE
539.4802FALSE
360.1461FALSE
530.525FALSE
530.5313FALSE
360.1459FALSE
539.4806FALSE
539.4805FALSE
530.5301FALSE
360.1462FALSE
539.4803FALSE
530.5326FALSE
539.4805FALSE
360.1456FALSE
530.5244FALSE
539.4805FALSE
360.1602FALSE
530.5248FALSE
539.4802FALSE
530.5246FALSE
360.1584FALSE
539.4806FALSE
530.5261FALSE
360.1621FALSE
539.4805FALSE
539.4802FALSE
530.5255FALSE
360.1454FALSE
539.4806FALSE
530.5266FALSE
360.1457FALSE
539.4805FALSE
530.5244FALSE
360.146FALSE
539.4802FALSE
530.5247FALSE
539.4806FALSE
360.146FALSE
530.5247FALSE
539.4805FALSE
360.1463FALSE
360.1457FALSE
539.4802FALSE
530.5244FALSE
360.1455FALSE
530.5247FALSE
360.1458FALSE
539.4806FALSE
530.5247FALSE
530.5244FALSE
360.1459FALSE
539.4805FALSE
530.5247FALSE
360.1454FALSE
539.4802FALSE
530.5247FALSE
$par
smooth_log_cases_lag1.bw 
               -2.527824 

$value
[1] 530.5244

$counts
function gradient 
      15       15 

$convergence
[1] 0

$message
[1] "CONVERGENCE: NORM OF PROJECTED GRADIENT <= PGTOL"

360.1458FALSE
539.4806FALSE
360.146FALSE
539.4805FALSE
360.1454FALSE
539.4802FALSE
360.1457FALSE
539.4806FALSE
360.146FALSE
539.4805FALSE
360.1454FALSE
539.4802FALSE
539.4806FALSE
360.1457FALSE
539.4805FALSE
360.146FALSE
539.4802FALSE
360.1454FALSE
539.4806FALSE
360.1457FALSE
539.4805FALSE
360.146FALSE
539.4802FALSE
360.1454FALSE
539.4806FALSE
360.1457FALSE
539.4805FALSE
360.146FALSE
539.4802FALSE
360.1454FALSE
539.4806FALSE
360.1457FALSE
539.4805FALSE
360.146FALSE
539.4802FALSE
360.1454FALSE
539.4806FALSE
360.1457FALSE
539.4805FALSE
360.146FALSE
539.4802FALSE
360.1454FALSE
539.4806FALSE
360.1457FALSE
539.4805FALSE
360.146FALSE
539.4802FALSE
360.1454FALSE
539.4806FALSE
539.4805FALSE
360.1457FALSE
539.4802FALSE
360.146FALSE
539.4806FALSE
360.1454FALSE
539.4805FALSE
360.1457FALSE
539.4802FALSE
360.146FALSE
539.4806FALSE
360.1454FALSE
539.4805FALSE
$par
smooth_log_cases_lag0.bw 
               -2.399662 

$value
[1] 539.4802

$counts
function gradient 
      27       27 

$convergence
[1] 0

$message
[1] "CONVERGENCE: REL_REDUCTION_OF_F <= FACTR*EPSMCH"

360.1457FALSE
360.146FALSE
360.1454FALSE
360.1457FALSE
360.146FALSE
360.1454FALSE
360.1457FALSE
360.146FALSE
360.1454FALSE
360.1457FALSE
360.146FALSE
360.1454FALSE
360.1457FALSE
360.146FALSE
360.1454FALSE
360.1457FALSE
360.146FALSE
360.1454FALSE
360.1457FALSE
360.146FALSE
360.1454FALSE
360.1457FALSE
360.146FALSE
360.2475FALSE
360.2486FALSE
360.2464FALSE
360.1483FALSE
360.1488FALSE
360.1478FALSE
360.1458FALSE
360.1461FALSE
360.1455FALSE
360.1455FALSE
360.1458FALSE
360.146FALSE
360.1454FALSE
360.1458FALSE
360.146FALSE
360.1454FALSE
360.1457FALSE
360.146FALSE
360.1454FALSE
360.1457FALSE
360.146FALSE
360.1454FALSE
360.1457FALSE
360.146FALSE
360.1454FALSE
360.1457FALSE
360.146FALSE
360.1454FALSE
360.1457FALSE
360.146FALSE
360.1454FALSE
360.1457FALSE
360.146FALSE
360.1454FALSE
360.1457FALSE
360.146FALSE
360.1454FALSE
360.1457FALSE
360.146FALSE
360.1454FALSE
360.1457FALSE
360.146FALSE
360.1454FALSE
360.1457FALSE
360.146FALSE
360.1454FALSE
360.1457FALSE
360.146FALSE
360.1454FALSE
360.1457FALSE
360.146FALSE
360.1454FALSE
360.1457FALSE
360.146FALSE
360.1454FALSE
360.1457FALSE
360.146FALSE
360.1454FALSE
360.1457FALSE
360.146FALSE
$par
time_ind_lag0.bw 
        -2.11779 

$value
[1] 360.1454

$counts
function gradient 
      51       51 

$convergence
[1] 52

$message
[1] "ERROR: ABNORMAL_TERMINATION_IN_LNSRCH"

325.6279FALSE
324.0989FALSE
325.6482FALSE
324.1141FALSE
325.6074FALSE
324.0836FALSE
325.634FALSE
324.107FALSE
325.6217FALSE
324.0908FALSE
328.0135FALSE
328.0017FALSE
326.9157FALSE
328.0252FALSE
326.8798FALSE
328.0158FALSE
326.9512FALSE
328.0112FALSE
326.9348FALSE
322.4764FALSE
326.8963FALSE
322.4744FALSE
322.4785FALSE
321.4714FALSE
322.4889FALSE
321.4636FALSE
322.4639FALSE
320.1857FALSE
321.4793FALSE
320.1762FALSE
321.4852FALSE
320.1951FALSE
321.4577FALSE
320.2001FALSE
318.6892FALSE
320.1713FALSE
318.6947FALSE
325.3977FALSE
318.6831FALSE
318.6803FALSE
325.3829FALSE
318.6975FALSE
325.4125FALSE
319.1342FALSE
325.3902FALSE
319.1022FALSE
325.4052FALSE
319.1658FALSE
319.1321FALSE
319.1631FALSE
319.1598FALSE
319.1048FALSE
319.104FALSE
318.1997FALSE
319.1051FALSE
318.2229FALSE
319.1589FALSE
318.176FALSE
319.352FALSE
318.1769FALSE
319.3317FALSE
318.2222FALSE
319.3718FALSE
317.9704FALSE
319.373FALSE
317.9964FALSE
319.3306FALSE
317.9442FALSE
318.5801FALSE
317.9458FALSE
318.6051FALSE
317.9948FALSE
318.5556FALSE
317.8308FALSE
318.5594FALSE
317.8572FALSE
318.6013FALSE
317.8045FALSE
318.9096FALSE
317.8066FALSE
318.8817FALSE
317.8552FALSE
318.9369FALSE
318.5123FALSE
318.9375FALSE
318.4711FALSE
318.8812FALSE
318.5127FALSE
318.5531FALSE
318.536FALSE
318.5503FALSE
318.4899FALSE
318.4739FALSE
318.4942FALSE
317.8328FALSE
318.5317FALSE
317.8084FALSE
320.7988FALSE
317.8781FALSE
320.7856FALSE
317.8761FALSE
320.812FALSE
317.8062FALSE
320.8074FALSE
317.8308FALSE
320.7902FALSE
317.8572FALSE
317.8045FALSE
319.0189FALSE
317.8066FALSE
318.9929FALSE
319.0442FALSE
317.8552FALSE
322.8412FALSE
318.9946FALSE
322.8323FALSE
318.4683FALSE
322.8499FALSE
318.4688FALSE
322.8441FALSE
318.5039FALSE
322.8382FALSE
318.5024FALSE
319.3988FALSE
318.4648FALSE
319.3688FALSE
318.5903FALSE
319.4282FALSE
318.6062FALSE
319.4235FALSE
318.6355FALSE
319.3736FALSE
318.6279FALSE
317.9492FALSE
318.6085FALSE
317.9038FALSE
318.4369FALSE
317.9945FALSE
318.4326FALSE
317.9921FALSE
318.4746FALSE
317.9061FALSE
318.4719FALSE
317.8112FALSE
318.4299FALSE
317.8375FALSE
318.595FALSE
317.8249FALSE
318.6194FALSE
317.8228FALSE
318.5713FALSE
317.8355FALSE
318.5691FALSE
317.8327FALSE
318.6216FALSE
317.8274FALSE
318.4248FALSE
317.8765FALSE
318.4423FALSE
317.8751FALSE
317.8244FALSE
318.4654FALSE
317.8085FALSE
318.4607FALSE
318.4416FALSE
317.8348FALSE
318.4393FALSE
317.8335FALSE
318.4625FALSE
317.8316FALSE
318.4184FALSE
317.8326FALSE
318.4194FALSE
317.8078FALSE
318.4599FALSE
317.8341FALSE
318.4241FALSE
317.8339FALSE
318.4455FALSE
317.8319FALSE
318.4569FALSE
317.8319FALSE
318.4522FALSE
317.8064FALSE
318.4444FALSE
317.8327FALSE
318.4593FALSE
317.8337FALSE
318.4824FALSE
317.8315FALSE
318.4368FALSE
317.8307FALSE
318.4402FALSE
317.8069FALSE
318.479FALSE
317.8332FALSE
318.4259FALSE
317.8334FALSE
318.4474FALSE
317.8312FALSE
318.4477FALSE
317.8311FALSE
318.4433FALSE
317.8064FALSE
318.4463FALSE
317.8327FALSE
318.4243FALSE
317.8337FALSE
318.4458FALSE
317.8315FALSE
318.4556FALSE
317.8307FALSE
318.4509FALSE
317.8064FALSE
318.4447FALSE
317.8327FALSE
318.4241FALSE
317.8337FALSE
318.4456FALSE
317.8315FALSE
318.4567FALSE
317.8307FALSE
318.452FALSE
317.8064FALSE
318.4445FALSE
317.8327FALSE
318.4241FALSE
317.8337FALSE
318.4455FALSE
317.8315FALSE
318.4569FALSE
317.8307FALSE
318.4521FALSE
317.8064FALSE
318.4444FALSE
317.8327FALSE
318.4241FALSE
317.8337FALSE
318.4455FALSE
317.8315FALSE
318.4569FALSE
318.4521FALSE
317.8307FALSE
318.4444FALSE
317.8064FALSE
318.4241FALSE
317.8327FALSE
318.4455FALSE
317.8337FALSE
318.4569FALSE
317.8315FALSE
318.4522FALSE
317.8307FALSE
318.4444FALSE
318.4241FALSE
317.8064FALSE
318.4455FALSE
317.8327FALSE
318.4569FALSE
317.8337FALSE
318.4522FALSE
317.8315FALSE
318.4444FALSE
317.8307FALSE
318.4241FALSE
317.8064FALSE
318.4455FALSE
317.8327FALSE
318.4569FALSE
317.8337FALSE
318.4522FALSE
317.8315FALSE
318.4444FALSE
317.8307FALSE
318.4241FALSE
317.8064FALSE
318.4455FALSE
318.4569FALSE
317.8327FALSE
318.4522FALSE
317.8337FALSE
318.4444FALSE
317.8315FALSE
318.4241FALSE
317.8307FALSE
318.4455FALSE
317.8064FALSE
318.4569FALSE
317.8327FALSE
318.4522FALSE
317.8337FALSE
318.4444FALSE
317.8315FALSE
318.4241FALSE
317.8307FALSE
318.4455FALSE
317.8064FALSE
318.4569FALSE
318.4522FALSE
317.8327FALSE
318.4444FALSE
317.8337FALSE
318.4241FALSE
317.8315FALSE
318.4455FALSE
317.8307FALSE
318.4569FALSE
317.8064FALSE
318.4522FALSE
317.8327FALSE
318.4444FALSE
317.8337FALSE
318.4241FALSE
317.8315FALSE
318.4455FALSE
317.8307FALSE
318.4569FALSE
317.8064FALSE
318.4522FALSE
317.8327FALSE
318.4444FALSE
317.8337FALSE
318.4241FALSE
317.8315FALSE
318.4455FALSE
317.8307FALSE
$par
smooth_log_cases_lag0.bw         time_ind_lag0.bw 
               -2.729960                -2.528342 

$value
[1] 317.8064

$counts
function gradient 
      32       32 

$convergence
[1] 0

$message
[1] "CONVERGENCE: REL_REDUCTION_OF_F <= FACTR*EPSMCH"

318.4569FALSE
318.4522FALSE
318.4444FALSE
318.4241FALSE
318.4455FALSE
318.4569FALSE
318.4522FALSE
318.4444FALSE
318.4241FALSE
318.4455FALSE
318.4569FALSE
318.4522FALSE
318.4444FALSE
318.4241FALSE
318.4455FALSE
318.4569FALSE
318.4522FALSE
318.4444FALSE
318.4241FALSE
318.4455FALSE
318.4569FALSE
318.4522FALSE
318.4444FALSE
318.4241FALSE
318.4455FALSE
318.4569FALSE
318.4522FALSE
318.4444FALSE
366.1027FALSE
366.1027FALSE
366.1027FALSE
366.1027FALSE
366.1027FALSE
327.9886FALSE
328.0072FALSE
327.9698FALSE
327.9846FALSE
327.9924FALSE
319.8287FALSE
319.8257FALSE
319.8316FALSE
319.831FALSE
319.8264FALSE
318.5612FALSE
318.586FALSE
318.5369FALSE
318.5378FALSE
318.5851FALSE
318.4301FALSE
318.4518FALSE
318.4456FALSE
318.4409FALSE
318.4507FALSE
318.4243FALSE
318.4458FALSE
318.4565FALSE
318.4517FALSE
318.4447FALSE
318.4241FALSE
318.4455FALSE
318.4569FALSE
318.4521FALSE
318.4444FALSE
318.4241FALSE
318.4455FALSE
318.4569FALSE
318.4522FALSE
318.4444FALSE
318.4241FALSE
318.4455FALSE
318.4569FALSE
318.4522FALSE
318.4444FALSE
318.4241FALSE
318.4455FALSE
318.4569FALSE
318.4522FALSE
318.4444FALSE
318.4241FALSE
318.4455FALSE
318.4569FALSE
318.4522FALSE
318.4444FALSE
318.4241FALSE
318.4455FALSE
318.4569FALSE
318.4522FALSE
318.4444FALSE
318.4241FALSE
318.4455FALSE
318.4569FALSE
318.4522FALSE
318.4444FALSE
318.4241FALSE
318.4455FALSE
318.4569FALSE
318.4522FALSE
318.4444FALSE
318.4241FALSE
318.4455FALSE
318.4569FALSE
318.4522FALSE
318.4444FALSE
318.4241FALSE
318.4455FALSE
318.4569FALSE
318.4522FALSE
318.4444FALSE
318.4241FALSE
318.4455FALSE
318.4569FALSE
318.4522FALSE
318.4444FALSE
318.4241FALSE
318.4455FALSE
318.4569FALSE
318.4522FALSE
318.4444FALSE
318.4241FALSE
318.4455FALSE
318.4569FALSE
318.4522FALSE
318.4444FALSE
318.4241FALSE
318.4455FALSE
318.4569FALSE
318.4522FALSE
318.4444FALSE
$par
smooth_log_cases_lag1.bw         time_ind_lag0.bw 
               -2.794443                -2.578352 

$value
[1] 318.4241

$counts
function gradient 
      59       59 

$convergence
[1] 52

$message
[1] "ERROR: ABNORMAL_TERMINATION_IN_LNSRCH"

360.938FALSE
321.6386FALSE
360.9361FALSE
321.6256FALSE
360.94FALSE
321.6515FALSE
364.2168FALSE
321.6338FALSE
364.2345FALSE
321.6434FALSE
364.199FALSE
321.6489FALSE
360.3234FALSE
321.6283FALSE
360.3214FALSE
323.9286FALSE
360.3254FALSE
323.9349FALSE
360.1692FALSE
360.1699FALSE
323.9223FALSE
360.1686FALSE
323.935FALSE
360.254FALSE
323.9222FALSE
360.2518FALSE
323.9278FALSE
360.2563FALSE
323.9293FALSE
360.1564FALSE
319.0676FALSE
360.1568FALSE
319.0864FALSE
360.1559FALSE
319.0483FALSE
360.2282FALSE
319.0726FALSE
360.2258FALSE
319.0626FALSE
360.2305FALSE
319.0379FALSE
360.1504FALSE
319.0965FALSE
360.151FALSE
319.649FALSE
360.1499FALSE
319.6549FALSE
319.6426FALSE
360.1471FALSE
319.6484FALSE
360.1474FALSE
319.6495FALSE
360.1468FALSE
319.6354FALSE
360.1739FALSE
319.662FALSE
360.172FALSE
319.7537FALSE
360.1758FALSE
319.7171FALSE
360.1465FALSE
360.1468FALSE
319.79FALSE
360.1462FALSE
319.7434FALSE
360.146FALSE
319.764FALSE
360.1463FALSE
319.79FALSE
360.1457FALSE
319.7168FALSE
360.1528FALSE
319.095FALSE
360.151FALSE
319.1143FALSE
360.1546FALSE
319.0754FALSE
360.1457FALSE
319.0974FALSE
360.1456FALSE
319.0925FALSE
360.1463FALSE
319.0674FALSE
360.1457FALSE
319.1223FALSE
360.146FALSE
318.9633FALSE
360.1455FALSE
318.9835FALSE
360.1716FALSE
318.9429FALSE
360.1697FALSE
318.9659FALSE
360.1735FALSE
318.9606FALSE
360.1455FALSE
318.9353FALSE
360.1457FALSE
318.9913FALSE
360.1462FALSE
318.8845FALSE
360.1455FALSE
318.9049FALSE
360.1458FALSE
360.1458FALSE
318.8963FALSE
360.1455FALSE
318.8871FALSE
360.1458FALSE
318.8818FALSE
360.1458FALSE
$par
time_ind_lag0.bw 
       -2.117478 

$value
[1] 360.1455

$counts
function gradient 
      19       19 

$convergence
[1] 0

$message
[1] "CONVERGENCE: REL_REDUCTION_OF_F <= FACTR*EPSMCH"

318.8987FALSE
318.9124FALSE
321.2626FALSE
321.2474FALSE
321.2778FALSE
321.2571FALSE
321.2682FALSE
321.2753FALSE
321.2498FALSE
318.996FALSE
318.9541FALSE
319.0378FALSE
318.9843FALSE
319.0077FALSE
319.0399FALSE
318.9519FALSE
318.8812FALSE
318.9016FALSE
318.9025FALSE
318.8839FALSE
318.8786FALSE
318.9048FALSE
318.9092FALSE
318.8796FALSE
318.899FALSE
318.9216FALSE
318.8812FALSE
318.8914FALSE
318.9239FALSE
318.9065FALSE
318.8805FALSE
318.9009FALSE
318.9074FALSE
318.8832FALSE
318.8779FALSE
318.9098FALSE
318.9085FALSE
318.8792FALSE
318.8996FALSE
318.9173FALSE
318.8818FALSE
318.8871FALSE
318.9197FALSE
318.9071FALSE
318.88FALSE
318.9004FALSE
318.9114FALSE
318.8827FALSE
318.8812FALSE
318.9137FALSE
318.9079FALSE
318.8802FALSE
318.9006FALSE
318.9107FALSE
318.8829FALSE
318.8805FALSE
318.913FALSE
318.9081FALSE
318.88FALSE
318.9004FALSE
318.9113FALSE
318.8827FALSE
318.8811FALSE
318.9136FALSE
318.908FALSE
318.88FALSE
318.9004FALSE
318.9114FALSE
318.8827FALSE
318.8812FALSE
318.9137FALSE
318.9079FALSE
318.88FALSE
318.9004FALSE
318.9114FALSE
318.8827FALSE
318.8812FALSE
318.9137FALSE
318.9079FALSE
318.88FALSE
318.9004FALSE
318.9114FALSE
318.8827FALSE
318.8812FALSE
318.9137FALSE
318.9079FALSE
318.88FALSE
318.9004FALSE
318.9114FALSE
318.8827FALSE
318.8812FALSE
318.9137FALSE
318.9079FALSE
318.88FALSE
318.9004FALSE
318.9114FALSE
318.8827FALSE
318.8812FALSE
318.9137FALSE
318.9079FALSE
318.88FALSE
318.9004FALSE
318.9114FALSE
318.8827FALSE
318.8812FALSE
318.9137FALSE
318.9079FALSE
318.88FALSE
318.9004FALSE
318.9114FALSE
318.8827FALSE
318.8812FALSE
318.9137FALSE
318.9079FALSE
318.88FALSE
318.9004FALSE
318.9114FALSE
318.8827FALSE
318.8812FALSE
318.9137FALSE
318.9079FALSE
318.88FALSE
318.9004FALSE
318.9114FALSE
318.8827FALSE
318.8812FALSE
318.9137FALSE
318.9079FALSE
318.88FALSE
318.9004FALSE
318.9114FALSE
318.8827FALSE
318.8812FALSE
318.9137FALSE
318.9079FALSE
318.88FALSE
318.9004FALSE
318.9114FALSE
318.8827FALSE
318.8812FALSE
318.9137FALSE
318.9079FALSE
318.88FALSE
318.9004FALSE
318.9114FALSE
318.8827FALSE
318.8812FALSE
318.9137FALSE
318.9079FALSE
318.88FALSE
318.9004FALSE
318.9114FALSE
318.8827FALSE
318.8812FALSE
318.9137FALSE
318.9079FALSE
318.88FALSE
318.9004FALSE
318.9114FALSE
318.8827FALSE
318.8812FALSE
318.9137FALSE
318.9079FALSE
318.88FALSE
318.9004FALSE
318.9114FALSE
318.8827FALSE
318.8812FALSE
318.9137FALSE
318.9079FALSE
318.88FALSE
318.9004FALSE
318.9114FALSE
318.8827FALSE
318.8812FALSE
318.9137FALSE
318.9079FALSE
318.88FALSE
318.9004FALSE
318.9114FALSE
318.8827FALSE
318.8812FALSE
318.9137FALSE
318.9079FALSE
318.88FALSE
318.9004FALSE
318.9114FALSE
318.8827FALSE
318.8812FALSE
318.9137FALSE
318.9079FALSE
$par
smooth_log_cases_lag0.bw smooth_log_cases_lag1.bw         time_ind_lag0.bw 
               -2.665246                -2.275654                -2.569456 

$value
[1] 318.88

$counts
function gradient 
      35       35 

$convergence
[1] 0

$message
[1] "CONVERGENCE: REL_REDUCTION_OF_F <= FACTR*EPSMCH"

> 
> save(ssr_fit,
+     file=paste0("/home/ngr67a/2015-cdc-flu-competition/fit-competition-ssr-ph", prediction_horizon_limit, "-", data_set, ".Rdata"))
> 
> proc.time()
    user   system  elapsed 
2219.688    1.613 2082.702 
