
R version 3.2.2 (2015-08-14) -- "Fire Safety"
Copyright (C) 2015 The R Foundation for Statistical Computing
Platform: x86_64-pc-linux-gnu (64-bit)

R is free software and comes with ABSOLUTELY NO WARRANTY.
You are welcome to redistribute it under certain conditions.
Type 'license()' or 'licence()' for distribution details.

  Natural language support but running in an English locale

R is a collaborative project with many contributors.
Type 'contributors()' for more information and
'citation()' on how to cite R or R packages in publications.

Type 'demo()' for some demos, 'help()' for on-line help, or
'help.start()' for an HTML browser interface to help.
Type 'q()' to quit R.

> ### get ssr fit -- prediction horizons 1:52
> library(lubridate)
> library(ggplot2)
> library(plyr)

Attaching package: ‘plyr’

The following object is masked from ‘package:lubridate’:

    here

> library(dplyr)

Attaching package: ‘dplyr’

The following objects are masked from ‘package:plyr’:

    arrange, count, desc, failwith, id, mutate, rename, summarise,
    summarize

The following objects are masked from ‘package:lubridate’:

    intersect, setdiff, union

The following objects are masked from ‘package:stats’:

    filter, lag

The following objects are masked from ‘package:base’:

    intersect, setdiff, setequal, union

> library(reshape)

Attaching package: ‘reshape’

The following object is masked from ‘package:dplyr’:

    rename

The following objects are masked from ‘package:plyr’:

    rename, round_any

The following object is masked from ‘package:lubridate’:

    stamp

> library(ssrFlu)
> library(doMC)
Loading required package: foreach
Loading required package: iterators
Loading required package: parallel
> 
> registerDoMC(cores=3)
> 
> args <- commandArgs(trailingOnly=TRUE)
> 
> data_set <- args[1]
> prediction_horizon_limit <- as.integer(args[2])
> 
> ## load dataset
> if(identical(data_set, "ili_national")) {
+     data <- ili_national
+ } 
> if(identical(data_set, "ili_region1")) {
+     data <- ili_region1
+ } 
> if(identical(data_set, "ili_region2")) {
+     data <- ili_region2
+ } 
> if(identical(data_set, "ili_region3")) {
+     data <- ili_region3
+ } 
> if(identical(data_set, "ili_region4")) {
+     data <- ili_region4
+ } 
> if(identical(data_set, "ili_region5")) {
+     data <- ili_region5
+ } 
> if(identical(data_set, "ili_region6")) {
+     data <- ili_region6
+ } 
> if(identical(data_set, "ili_region7")) {
+     data <- ili_region7
+ } 
> if(identical(data_set, "ili_region8")) {
+     data <- ili_region8
+ } 
> if(identical(data_set, "ili_region9")) {
+     data <- ili_region9
+ } 
> if(identical(data_set, "ili_region10")) {
+     data <- ili_region10
+ } 
> 
> 
> 
> ## add log column
> data$log_total_cases <- log(data$total_cases + 1)
> 
> ## add week_start_date
> char_dates <- paste(data$year, data$week, "1")
> data$week_start_date <- as.Date(char_dates, format="%Y %W %w")
> 
> ## remove week 53s
> data <- data[-which(is.na(data$week_start_date)),]
> data <- data[262:nrow(data),]
> 
> ## add smooth log column -- or not, since it is already pretty smooth...
> sm <- loess(log_total_cases ~ as.numeric(week_start_date), data=data, span= 26 / nrow(data))
> data$smooth_log_cases <- sm$fitted
> 
> ## add time column
> data$time_ind <- seq_len(nrow(data))
> 
> ssr_control <- create_ssr_control(X_names=c("smooth_log_cases", "time_ind"),
+     y_names="total_cases",
+     time_name=NULL,
+     max_lag=list(smooth_log_cases=1,
+         time_ind=0),
+     prediction_horizons=as.integer(prediction_horizon_limit),
+     kernel_fns=list(smooth_log_cases="squared_exp_kernel",
+         time_ind="periodic_kernel"),
+     theta_est=list(smooth_log_cases="bw",
+         time_ind="bw"),
+     theta_fixed=list(time_ind=list(period=pi / 52)),
+     theta_transform_fns=list(
+         squared_exp_kernel=list(
+             bw=list(transform="log",
+                 detransform="exp")
+         ),
+         periodic_kernel=list(
+             bw=list(transform="log",
+                 detransform="exp")
+         )
+     ),
+     crossval_buffer=52,
+     loss_fn_name="mae_from_kernel_weights_and_centers",
+     loss_fn_args=list())
> 
> 
> ssr_fit <- ssr(X_names=c("smooth_log_cases", "time_ind"),
+     y_names="total_cases",
+     time_name=NULL,
+     data=data,
+     ssr_control=ssr_control)
465.0948FALSE
612.7763FALSE
613.5246FALSE
465.0944FALSE
612.7815FALSE
465.0952FALSE
612.7711FALSE
613.5295FALSE
471.3919FALSE
610.0118FALSE
613.5196FALSE
471.4215FALSE
610.0073FALSE
612.7186FALSE
471.3624FALSE
610.0162FALSE
465.1334FALSE
612.7085FALSE
609.7126FALSE
465.1348FALSE
612.7288FALSE
609.7168FALSE
465.1321FALSE
611.966FALSE
465.0628FALSE
609.7084FALSE
611.9714FALSE
465.0625FALSE
609.3632FALSE
465.0631FALSE
611.9605FALSE
609.3624FALSE
465.3647FALSE
610.7087FALSE
609.3641FALSE
465.3667FALSE
610.7091FALSE
465.3627FALSE
609.3577FALSE
465.0586FALSE
610.7083FALSE
609.3581FALSE
465.0585FALSE
610.795FALSE
609.3573FALSE
465.0586FALSE
610.7921FALSE
465.0592FALSE
609.3522FALSE
465.0595FALSE
610.7978FALSE
609.3524FALSE
465.0588FALSE
610.7062FALSE
609.3521FALSE
465.0584FALSE
609.3515FALSE
610.7066FALSE
465.0583FALSE
609.3515FALSE
610.7058FALSE
465.0585FALSE
609.3516FALSE
465.0583FALSE
610.7821FALSE
609.3515FALSE
465.0582FALSE
610.7794FALSE
609.3514FALSE
465.0584FALSE
610.7849FALSE
465.0583FALSE
609.3515FALSE
610.7047FALSE
465.0582FALSE
609.3514FALSE
610.7051FALSE
465.0584FALSE
609.3514FALSE
610.7044FALSE
465.0585FALSE
609.3514FALSE
465.0588FALSE
610.7393FALSE
609.3514FALSE
465.0582FALSE
465.0582FALSE
610.7367FALSE
609.3514FALSE
465.0583FALSE
609.3514FALSE
$par
smooth_log_cases_lag0.bw 
               -3.040769 

$value
[1] 609.3514

$counts
function gradient 
      10       10 

$convergence
[1] 0

$message
[1] "CONVERGENCE: REL_REDUCTION_OF_F <= FACTR*EPSMCH"

610.7419FALSE
465.0583FALSE
610.7034FALSE
465.0582FALSE
610.7038FALSE
465.0583FALSE
610.7031FALSE
465.0583FALSE
465.0582FALSE
610.7801FALSE
465.0583FALSE
610.7773FALSE
465.0583FALSE
$par
time_ind_lag0.bw 
       -2.187562 

$value
[1] 465.0582

$counts
function gradient 
      14       14 

$convergence
[1] 0

$message
[1] "CONVERGENCE: REL_REDUCTION_OF_F <= FACTR*EPSMCH"

610.7828FALSE
610.7028FALSE
610.7031FALSE
610.703FALSE
610.7029FALSE
610.703FALSE
610.7031FALSE
610.7028FALSE
610.7031FALSE
610.703FALSE
610.7028FALSE
610.7031FALSE
610.703FALSE
610.7028FALSE
610.7031FALSE
610.703FALSE
610.7028FALSE
610.7031FALSE
610.703FALSE
610.7028FALSE
610.7031FALSE
610.703FALSE
610.7028FALSE
610.7031FALSE
610.703FALSE
610.7028FALSE
610.7031FALSE
610.703FALSE
610.7028FALSE
610.7031FALSE
610.703FALSE
610.7028FALSE
610.7031FALSE
610.703FALSE
610.7028FALSE
610.7031FALSE
610.703FALSE
610.7028FALSE
610.7031FALSE
610.703FALSE
610.7028FALSE
610.7031FALSE
610.703FALSE
610.7028FALSE
610.7031FALSE
610.703FALSE
610.7028FALSE
610.7031FALSE
610.703FALSE
610.7028FALSE
610.7031FALSE
610.703FALSE
610.7028FALSE
610.7031FALSE
610.703FALSE
610.7028FALSE
610.7031FALSE
610.703FALSE
610.7028FALSE
610.7031FALSE
610.703FALSE
610.7028FALSE
610.7031FALSE
610.703FALSE
610.7359FALSE
610.7333FALSE
610.7386FALSE
610.7029FALSE
610.703FALSE
610.7031FALSE
610.7028FALSE
610.7031FALSE
610.703FALSE
610.7028FALSE
610.7031FALSE
610.703FALSE
610.7028FALSE
610.7031FALSE
610.703FALSE
610.7028FALSE
610.7031FALSE
610.703FALSE
610.7028FALSE
610.7031FALSE
610.703FALSE
610.7028FALSE
610.7031FALSE
610.703FALSE
610.7028FALSE
610.7031FALSE
610.703FALSE
610.7028FALSE
610.7031FALSE
610.703FALSE
610.7028FALSE
610.7031FALSE
610.703FALSE
610.7028FALSE
610.7031FALSE
610.703FALSE
610.7028FALSE
610.7031FALSE
610.703FALSE
610.7028FALSE
610.7031FALSE
610.703FALSE
610.7028FALSE
610.7031FALSE
610.703FALSE
610.7028FALSE
610.7031FALSE
610.703FALSE
610.7028FALSE
610.7031FALSE
610.703FALSE
610.7028FALSE
610.7031FALSE
610.703FALSE
610.7028FALSE
610.7031FALSE
610.703FALSE
610.7028FALSE
610.7031FALSE
610.703FALSE
$par
smooth_log_cases_lag1.bw 
               -2.960709 

$value
[1] 610.7028

$counts
function gradient 
      52       52 

$convergence
[1] 52

$message
[1] "ERROR: ABNORMAL_TERMINATION_IN_LNSRCH"

446.9031FALSE
451.6551FALSE
446.8897FALSE
451.6337FALSE
446.9165FALSE
451.6765FALSE
446.8941FALSE
451.6364FALSE
446.9121FALSE
451.6739FALSE
436.6696FALSE
432.3098FALSE
436.6776FALSE
432.3181FALSE
436.6617FALSE
432.3015FALSE
436.6762FALSE
432.3193FALSE
436.6631FALSE
432.3004FALSE
437.1275FALSE
434.0923FALSE
437.1191FALSE
434.0791FALSE
437.1359FALSE
434.1055FALSE
437.1197FALSE
434.0809FALSE
437.1353FALSE
434.1037FALSE
435.6859FALSE
431.8382FALSE
435.6842FALSE
431.8351FALSE
435.6876FALSE
431.8414FALSE
435.6832FALSE
431.8378FALSE
435.6886FALSE
431.8387FALSE
435.7023FALSE
431.8218FALSE
435.7051FALSE
431.823FALSE
435.6996FALSE
431.8207FALSE
435.7038FALSE
431.8236FALSE
435.7009FALSE
431.8201FALSE
435.6547FALSE
431.8098FALSE
435.6562FALSE
431.8109FALSE
435.6533FALSE
431.8088FALSE
435.654FALSE
431.8114FALSE
435.6555FALSE
431.8082FALSE
435.6455FALSE
431.8659FALSE
435.6468FALSE
431.863FALSE
435.6441FALSE
431.8688FALSE
435.6458FALSE
435.6452FALSE
435.652FALSE
431.8689FALSE
431.8055FALSE
435.6501FALSE
431.8041FALSE
435.6539FALSE
435.6507FALSE
431.8082FALSE
435.6534FALSE
431.8049FALSE
435.6415FALSE
431.8061FALSE
435.6428FALSE
431.8092FALSE
435.6418FALSE
431.8108FALSE
435.6419FALSE
431.8075FALSE
435.6416FALSE
431.8102FALSE
435.643FALSE
431.8082FALSE
435.6413FALSE
431.804FALSE
435.6447FALSE
435.6416FALSE
431.8055FALSE
431.8052FALSE
435.6444FALSE
431.8055FALSE
435.6412FALSE
431.8035FALSE
435.6425FALSE
431.8055FALSE
435.6422FALSE
435.6415FALSE
431.8071FALSE
435.642FALSE
431.8038FALSE
435.6412FALSE
431.8063FALSE
435.6407FALSE
431.8047FALSE
435.6429FALSE
431.8042FALSE
435.6399FALSE
431.8058FALSE
435.6426FALSE
431.8039FALSE
435.6591FALSE
431.8051FALSE
435.6572FALSE
431.8032FALSE
435.6611FALSE
431.804FALSE
431.8056FALSE
435.6591FALSE
431.8047FALSE
435.6592FALSE
435.6416FALSE
431.8053FALSE
431.8034FALSE
435.6398FALSE
431.8034FALSE
435.6433FALSE
431.805FALSE
435.6403FALSE
431.8049FALSE
435.6429FALSE
431.8044FALSE
435.6412FALSE
431.8039FALSE
435.6405FALSE
431.8033FALSE
435.643FALSE
431.8048FALSE
435.6399FALSE
431.805FALSE
435.6426FALSE
431.8042FALSE
435.6412FALSE
431.8041FALSE
435.6407FALSE
431.8032FALSE
435.6429FALSE
431.8048FALSE
435.6399FALSE
431.805FALSE
435.6426FALSE
431.8041FALSE
435.6412FALSE
431.8041FALSE
435.6407FALSE
431.8033FALSE
435.6429FALSE
431.8049FALSE
435.6399FALSE
431.805FALSE
435.6426FALSE
431.8042FALSE
435.6412FALSE
431.8041FALSE
435.6407FALSE
431.8032FALSE
435.6429FALSE
431.8048FALSE
435.6399FALSE
431.805FALSE
435.6426FALSE
431.8041FALSE
435.6412FALSE
431.8041FALSE
435.6407FALSE
431.8032FALSE
435.6429FALSE
431.8048FALSE
435.6399FALSE
431.805FALSE
435.6426FALSE
431.8041FALSE
435.6412FALSE
431.8041FALSE
435.6407FALSE
431.8032FALSE
435.6429FALSE
431.8048FALSE
435.6399FALSE
431.805FALSE
435.6426FALSE
431.8041FALSE
435.6412FALSE
435.6407FALSE
431.8041FALSE
435.6429FALSE
431.8032FALSE
435.6399FALSE
431.8048FALSE
435.6426FALSE
431.805FALSE
435.6412FALSE
431.8041FALSE
435.6407FALSE
431.8041FALSE
435.6429FALSE
431.8032FALSE
435.6399FALSE
431.8048FALSE
435.6426FALSE
431.805FALSE
435.6412FALSE
431.8041FALSE
435.6407FALSE
431.8041FALSE
435.6429FALSE
431.8032FALSE
435.6399FALSE
431.8048FALSE
435.6426FALSE
431.805FALSE
435.6412FALSE
431.8041FALSE
435.6407FALSE
431.8041FALSE
435.6429FALSE
431.8032FALSE
435.6399FALSE
431.8048FALSE
435.6426FALSE
431.805FALSE
435.6412FALSE
431.8041FALSE
435.6407FALSE
431.8041FALSE
435.6429FALSE
431.8032FALSE
435.6399FALSE
431.8048FALSE
435.6426FALSE
431.805FALSE
435.6412FALSE
431.8041FALSE
435.6407FALSE
431.8041FALSE
435.6429FALSE
431.8032FALSE
435.6399FALSE
431.8048FALSE
435.6426FALSE
431.805FALSE
435.6412FALSE
431.8041FALSE
435.6407FALSE
431.8041FALSE
435.6429FALSE
431.8032FALSE
431.8048FALSE
435.6399FALSE
431.805FALSE
435.6426FALSE
431.8041FALSE
435.6412FALSE
435.6407FALSE
431.8041FALSE
435.6429FALSE
431.8032FALSE
435.6399FALSE
431.8048FALSE
435.6426FALSE
431.805FALSE
435.6412FALSE
431.8041FALSE
435.6407FALSE
431.8041FALSE
435.6429FALSE
431.8032FALSE
435.6399FALSE
431.8048FALSE
435.6426FALSE
431.805FALSE
435.6412FALSE
431.8041FALSE
435.6407FALSE
431.8041FALSE
435.6429FALSE
431.8032FALSE
435.6399FALSE
431.8048FALSE
435.6426FALSE
431.805FALSE
435.6412FALSE
431.8041FALSE
435.6407FALSE
431.8041FALSE
435.6429FALSE
431.8032FALSE
435.6399FALSE
431.8048FALSE
435.6426FALSE
431.805FALSE
435.6412FALSE
431.8041FALSE
435.6407FALSE
431.8041FALSE
435.6429FALSE
431.8032FALSE
431.8048FALSE
435.6399FALSE
435.6426FALSE
$par
smooth_log_cases_lag1.bw         time_ind_lag0.bw 
               -1.606877                -1.712180 

$value
[1] 435.6412

$counts
function gradient 
      32       32 

$convergence
[1] 0

$message
[1] "CONVERGENCE: REL_REDUCTION_OF_F <= FACTR*EPSMCH"

431.805FALSE
431.8041FALSE
431.8041FALSE
431.8032FALSE
431.8048FALSE
431.805FALSE
431.8041FALSE
431.8041FALSE
431.8032FALSE
431.8048FALSE
431.805FALSE
431.8041FALSE
431.8041FALSE
431.8032FALSE
431.8048FALSE
431.805FALSE
431.8041FALSE
431.8041FALSE
$par
smooth_log_cases_lag0.bw         time_ind_lag0.bw 
               -1.593645                -1.600587 

$value
[1] 431.8032

$counts
function gradient 
      35       35 

$convergence
[1] 0

$message
[1] "CONVERGENCE: REL_REDUCTION_OF_F <= FACTR*EPSMCH"

466.7578FALSE
446.0196FALSE
446.0187FALSE
466.7652FALSE
446.0204FALSE
466.7504FALSE
446.0064FALSE
465.5457FALSE
446.0327FALSE
465.5436FALSE
446.0143FALSE
465.5478FALSE
446.0249FALSE
465.1438FALSE
443.0256FALSE
465.1428FALSE
443.0285FALSE
465.1448FALSE
465.0654FALSE
443.0228FALSE
465.0657FALSE
443.0204FALSE
465.0651FALSE
443.0308FALSE
465.0656FALSE
465.0653FALSE
443.0802FALSE
465.0659FALSE
442.9718FALSE
465.0585FALSE
440.5439FALSE
465.0584FALSE
440.5421FALSE
465.0586FALSE
440.5458FALSE
465.0586FALSE
465.0589FALSE
440.5317FALSE
465.0582FALSE
440.5562FALSE
465.0583FALSE
440.5583FALSE
465.0582FALSE
440.5296FALSE
465.0584FALSE
437.4459FALSE
465.0582FALSE
465.0583FALSE
437.4538FALSE
465.0583FALSE
437.4379FALSE
465.0583FALSE
437.4454FALSE
465.0587FALSE
437.4463FALSE
465.0582FALSE
437.4831FALSE
465.0582FALSE
437.4088FALSE
465.0583FALSE
465.0583FALSE
432.4124FALSE
465.0582FALSE
432.4114FALSE
432.4135FALSE
465.0583FALSE
432.4115FALSE
465.0583FALSE
465.0582FALSE
432.4134FALSE
432.4184FALSE
465.0583FALSE
432.4064FALSE
465.0583FALSE
465.0582FALSE
432.204FALSE
465.0583FALSE
432.1998FALSE
465.0583FALSE
432.2083FALSE
465.0582FALSE
432.2033FALSE
465.0583FALSE
432.2048FALSE
465.0583FALSE
432.2041FALSE
465.0582FALSE
432.204FALSE
465.0583FALSE
431.9821FALSE
465.0583FALSE
431.9833FALSE
465.0582FALSE
431.9808FALSE
465.0583FALSE
431.9818FALSE
465.0583FALSE
431.9824FALSE
465.0582FALSE
431.9826FALSE
465.0583FALSE
431.9816FALSE
465.0583FALSE
431.9608FALSE
465.0582FALSE
431.962FALSE
465.0583FALSE
431.9596FALSE
465.0583FALSE
431.9606FALSE
465.0582FALSE
431.961FALSE
465.0583FALSE
431.96FALSE
465.0583FALSE
431.9617FALSE
465.0582FALSE
465.0583FALSE
431.9673FALSE
465.0583FALSE
431.9645FALSE
465.0582FALSE
431.97FALSE
465.0583FALSE
431.967FALSE
465.0583FALSE
431.9675FALSE
465.0582FALSE
431.9642FALSE
465.0583FALSE
431.9703FALSE
465.0583FALSE
431.9581FALSE
465.0582FALSE
465.0583FALSE
431.9557FALSE
465.0583FALSE
431.9606FALSE
465.0582FALSE
431.9578FALSE
465.0583FALSE
431.9584FALSE
465.0583FALSE
465.0582FALSE
431.9552FALSE
465.0583FALSE
431.961FALSE
465.0583FALSE
431.9263FALSE
465.0582FALSE
431.9239FALSE
465.0583FALSE
431.9287FALSE
465.0583FALSE
431.926FALSE
465.0582FALSE
431.9265FALSE
465.0583FALSE
431.9234FALSE
465.0583FALSE
$par
time_ind_lag0.bw 
       -2.187506 

$value
[1] 465.0582

$counts
function gradient 
      28       28 

$convergence
[1] 0

$message
[1] "CONVERGENCE: REL_REDUCTION_OF_F <= FACTR*EPSMCH"

431.9292FALSE
431.9014FALSE
431.9018FALSE
431.9043FALSE
431.9013FALSE
431.9015FALSE
431.9041FALSE
431.9005FALSE
431.8533FALSE
431.8532FALSE
431.8561FALSE
431.8532FALSE
431.8534FALSE
431.8541FALSE
431.8537FALSE
431.8394FALSE
431.8411FALSE
431.8378FALSE
431.8394FALSE
431.8395FALSE
431.839FALSE
431.84FALSE
431.8266FALSE
431.8245FALSE
431.8288FALSE
431.8265FALSE
431.8266FALSE
431.8253FALSE
431.828FALSE
431.8195FALSE
431.821FALSE
431.821FALSE
431.8194FALSE
431.8195FALSE
431.8204FALSE
431.82FALSE
431.8148FALSE
431.8153FALSE
431.817FALSE
431.8147FALSE
431.8148FALSE
431.8147FALSE
431.8159FALSE
431.8438FALSE
431.8406FALSE
431.847FALSE
431.8438FALSE
431.8438FALSE
431.8436FALSE
431.8439FALSE
431.8128FALSE
431.81FALSE
431.8155FALSE
431.8127FALSE
431.8128FALSE
431.8122FALSE
431.8133FALSE
431.806FALSE
431.8072FALSE
431.8082FALSE
431.806FALSE
431.806FALSE
431.8067FALSE
431.8072FALSE
431.8052FALSE
431.8067FALSE
431.8066FALSE
431.8052FALSE
431.8052FALSE
431.8061FALSE
431.8056FALSE
431.8045FALSE
431.8061FALSE
431.8054FALSE
431.8045FALSE
431.8045FALSE
431.8054FALSE
431.8045FALSE
431.8049FALSE
431.8065FALSE
431.8066FALSE
431.8049FALSE
431.8049FALSE
431.8049FALSE
431.8068FALSE
431.8041FALSE
431.8057FALSE
431.8053FALSE
431.8041FALSE
431.8041FALSE
431.8049FALSE
431.8045FALSE
431.8038FALSE
431.8055FALSE
431.8059FALSE
431.8038FALSE
431.8038FALSE
431.8045FALSE
431.8055FALSE
431.804FALSE
431.8056FALSE
431.8055FALSE
431.804FALSE
431.804FALSE
431.8047FALSE
431.8047FALSE
431.8039FALSE
431.8056FALSE
431.8055FALSE
431.8039FALSE
431.8039FALSE
431.8047FALSE
431.8048FALSE
431.8037FALSE
431.8053FALSE
431.8058FALSE
431.8037FALSE
431.8037FALSE
431.8044FALSE
431.805FALSE
431.8038FALSE
431.805FALSE
431.8059FALSE
431.8038FALSE
431.8038FALSE
431.8041FALSE
431.8051FALSE
431.8037FALSE
431.8053FALSE
431.8058FALSE
431.8037FALSE
431.8037FALSE
431.8044FALSE
431.805FALSE
431.8037FALSE
431.8053FALSE
431.8058FALSE
431.8037FALSE
431.8037FALSE
431.8044FALSE
431.805FALSE
431.8037FALSE
431.8053FALSE
431.8058FALSE
431.8037FALSE
431.8037FALSE
431.8044FALSE
431.805FALSE
431.8037FALSE
431.8053FALSE
431.8058FALSE
431.8037FALSE
431.8037FALSE
431.8044FALSE
431.805FALSE
431.8037FALSE
431.8053FALSE
431.8058FALSE
431.8037FALSE
431.8037FALSE
431.8044FALSE
431.805FALSE
431.8037FALSE
431.8053FALSE
431.8058FALSE
431.8037FALSE
431.8037FALSE
431.8044FALSE
431.805FALSE
431.8037FALSE
431.8053FALSE
431.8058FALSE
431.8037FALSE
431.8037FALSE
431.8044FALSE
431.805FALSE
431.8037FALSE
431.8053FALSE
431.8058FALSE
431.8037FALSE
431.8037FALSE
431.8044FALSE
431.805FALSE
431.8037FALSE
431.8053FALSE
431.8058FALSE
431.8037FALSE
431.8037FALSE
431.8044FALSE
431.805FALSE
431.8037FALSE
431.8053FALSE
431.8058FALSE
431.8037FALSE
431.8037FALSE
431.8044FALSE
431.805FALSE
431.8037FALSE
431.8053FALSE
431.8058FALSE
431.8037FALSE
431.8037FALSE
431.8044FALSE
431.805FALSE
431.8037FALSE
431.8053FALSE
431.8058FALSE
431.8037FALSE
431.8037FALSE
431.8044FALSE
431.805FALSE
431.8037FALSE
431.8053FALSE
431.8058FALSE
431.8037FALSE
431.8037FALSE
431.8044FALSE
431.805FALSE
431.8037FALSE
431.8053FALSE
431.8058FALSE
431.8037FALSE
431.8037FALSE
431.8044FALSE
431.805FALSE
431.8037FALSE
431.8053FALSE
431.8058FALSE
431.8037FALSE
431.8037FALSE
431.8044FALSE
431.805FALSE
431.8037FALSE
431.8053FALSE
431.8058FALSE
431.8037FALSE
431.8037FALSE
431.8044FALSE
431.805FALSE
$par
smooth_log_cases_lag0.bw smooth_log_cases_lag1.bw         time_ind_lag0.bw 
               -1.591462                 2.993396                -1.604642 

$value
[1] 431.8037

$counts
function gradient 
      45       45 

$convergence
[1] 0

$message
[1] "CONVERGENCE: REL_REDUCTION_OF_F <= FACTR*EPSMCH"

> 
> save(ssr_fit,
+     file=paste0("/home/ngr67a/2015-cdc-flu-competition/fit-competition-ssr-ph", prediction_horizon_limit, "-", data_set, ".Rdata"))
> 
> proc.time()
    user   system  elapsed 
1581.892    1.050 1691.371 
