
R version 3.2.2 (2015-08-14) -- "Fire Safety"
Copyright (C) 2015 The R Foundation for Statistical Computing
Platform: x86_64-pc-linux-gnu (64-bit)

R is free software and comes with ABSOLUTELY NO WARRANTY.
You are welcome to redistribute it under certain conditions.
Type 'license()' or 'licence()' for distribution details.

  Natural language support but running in an English locale

R is a collaborative project with many contributors.
Type 'contributors()' for more information and
'citation()' on how to cite R or R packages in publications.

Type 'demo()' for some demos, 'help()' for on-line help, or
'help.start()' for an HTML browser interface to help.
Type 'q()' to quit R.

> ### get ssr fit -- prediction horizons 1:52
> library(lubridate)
> library(ggplot2)
> library(plyr)

Attaching package: ‘plyr’

The following object is masked from ‘package:lubridate’:

    here

> library(dplyr)

Attaching package: ‘dplyr’

The following objects are masked from ‘package:plyr’:

    arrange, count, desc, failwith, id, mutate, rename, summarise,
    summarize

The following objects are masked from ‘package:lubridate’:

    intersect, setdiff, union

The following objects are masked from ‘package:stats’:

    filter, lag

The following objects are masked from ‘package:base’:

    intersect, setdiff, setequal, union

> library(reshape)

Attaching package: ‘reshape’

The following object is masked from ‘package:dplyr’:

    rename

The following objects are masked from ‘package:plyr’:

    rename, round_any

The following object is masked from ‘package:lubridate’:

    stamp

> library(ssrFlu)
> library(doMC)
Loading required package: foreach
Loading required package: iterators
Loading required package: parallel
> 
> registerDoMC(cores=3)
> 
> args <- commandArgs(trailingOnly=TRUE)
> 
> data_set <- args[1]
> prediction_horizon_limit <- as.integer(args[2])
> 
> ## load dataset
> if(identical(data_set, "ili_national")) {
+     data <- ili_national
+ } 
> if(identical(data_set, "ili_region1")) {
+     data <- ili_region1
+ } 
> if(identical(data_set, "ili_region2")) {
+     data <- ili_region2
+ } 
> if(identical(data_set, "ili_region3")) {
+     data <- ili_region3
+ } 
> if(identical(data_set, "ili_region4")) {
+     data <- ili_region4
+ } 
> if(identical(data_set, "ili_region5")) {
+     data <- ili_region5
+ } 
> if(identical(data_set, "ili_region6")) {
+     data <- ili_region6
+ } 
> if(identical(data_set, "ili_region7")) {
+     data <- ili_region7
+ } 
> if(identical(data_set, "ili_region8")) {
+     data <- ili_region8
+ } 
> if(identical(data_set, "ili_region9")) {
+     data <- ili_region9
+ } 
> if(identical(data_set, "ili_region10")) {
+     data <- ili_region10
+ } 
> 
> 
> 
> ## add log column
> data$log_total_cases <- log(data$total_cases + 1)
> 
> ## add week_start_date
> char_dates <- paste(data$year, data$week, "1")
> data$week_start_date <- as.Date(char_dates, format="%Y %W %w")
> 
> ## remove week 53s
> data <- data[-which(is.na(data$week_start_date)),]
> data <- data[262:nrow(data),]
> 
> ## add smooth log column -- or not, since it is already pretty smooth...
> sm <- loess(log_total_cases ~ as.numeric(week_start_date), data=data, span= 26 / nrow(data))
> data$smooth_log_cases <- sm$fitted
> 
> ## add time column
> data$time_ind <- seq_len(nrow(data))
> 
> ssr_control <- create_ssr_control(X_names=c("smooth_log_cases", "time_ind"),
+     y_names="total_cases",
+     time_name=NULL,
+     max_lag=list(smooth_log_cases=1,
+         time_ind=0),
+     prediction_horizons=as.integer(prediction_horizon_limit),
+     kernel_fns=list(smooth_log_cases="squared_exp_kernel",
+         time_ind="periodic_kernel"),
+     theta_est=list(smooth_log_cases="bw",
+         time_ind="bw"),
+     theta_fixed=list(time_ind=list(period=pi / 52)),
+     theta_transform_fns=list(
+         squared_exp_kernel=list(
+             bw=list(transform="log",
+                 detransform="exp")
+         ),
+         periodic_kernel=list(
+             bw=list(transform="log",
+                 detransform="exp")
+         )
+     ),
+     crossval_buffer=52,
+     loss_fn_name="mae_from_kernel_weights_and_centers",
+     loss_fn_args=list())
> 
> 
> ssr_fit <- ssr(X_names=c("smooth_log_cases", "time_ind"),
+     y_names="total_cases",
+     time_name=NULL,
+     data=data,
+     ssr_control=ssr_control)
177.832FALSE
294.2431FALSE
218.8074FALSE
177.8431FALSE
294.237FALSE
218.817FALSE
177.8208FALSE
294.2493FALSE
218.7977FALSE
173.865FALSE
294.1622FALSE
214.1915FALSE
173.8641FALSE
214.1902FALSE
294.1775FALSE
173.866FALSE
214.1929FALSE
294.1471FALSE
173.8016FALSE
214.1062FALSE
293.1536FALSE
173.801FALSE
214.1062FALSE
293.1509FALSE
173.8022FALSE
214.1063FALSE
293.1563FALSE
173.7581FALSE
214.1059FALSE
292.6719FALSE
173.7585FALSE
214.1058FALSE
292.6703FALSE
173.7576FALSE
214.1059FALSE
292.6734FALSE
173.7604FALSE
214.1058FALSE
292.7534FALSE
173.7601FALSE
214.1058FALSE
292.7566FALSE
292.7501FALSE
214.1058FALSE
173.7607FALSE
292.5866FALSE
214.1058FALSE
173.7507FALSE
292.5863FALSE
214.1058FALSE
173.7509FALSE
292.587FALSE
214.1058FALSE
$par
smooth_log_cases_lag1.bw 
               -3.169142 

$value
[1] 214.1058

$counts
function gradient 
       6        6 

$convergence
[1] 0

$message
[1] "CONVERGENCE: REL_REDUCTION_OF_F <= FACTR*EPSMCH"

173.7506FALSE
292.5853FALSE
173.752FALSE
292.5854FALSE
173.7518FALSE
292.5851FALSE
173.7523FALSE
292.5832FALSE
173.7507FALSE
292.5834FALSE
173.7508FALSE
292.583FALSE
173.7507FALSE
292.5931FALSE
173.7506FALSE
292.5929FALSE
173.7507FALSE
292.5933FALSE
173.7508FALSE
292.5829FALSE
173.7506FALSE
292.5828FALSE
173.7507FALSE
292.583FALSE
173.7507FALSE
292.5833FALSE
292.5835FALSE
173.7506FALSE
292.5832FALSE
173.7507FALSE
173.7507FALSE
292.5827FALSE
173.7506FALSE
292.5825FALSE
173.7507FALSE
292.5828FALSE
173.7507FALSE
$par
smooth_log_cases_lag0.bw 
               -3.098863 

$value
[1] 173.7506

$counts
function gradient 
      12       12 

$convergence
[1] 0

$message
[1] "CONVERGENCE: REL_REDUCTION_OF_F <= FACTR*EPSMCH"

292.5826FALSE
292.5826FALSE
292.5827FALSE
292.5826FALSE
292.5827FALSE
292.5826FALSE
292.5826FALSE
292.5827FALSE
292.5827FALSE
292.5826FALSE
292.5827FALSE
292.5827FALSE
$par
time_ind_lag0.bw 
       -1.621581 

$value
[1] 292.5826

$counts
function gradient 
      16       16 

$convergence
[1] 0

$message
[1] "CONVERGENCE: REL_REDUCTION_OF_F <= FACTR*EPSMCH"

160.1281FALSE
172.4956FALSE
160.1395FALSE
172.4827FALSE
160.1167FALSE
172.5087FALSE
160.1476FALSE
172.4795FALSE
160.1086FALSE
172.5116FALSE
139.134FALSE
160.7099FALSE
139.1344FALSE
139.1336FALSE
160.7165FALSE
139.1426FALSE
160.7033FALSE
139.1254FALSE
160.6979FALSE
138.0591FALSE
160.7219FALSE
138.0634FALSE
166.3981FALSE
138.0554FALSE
166.406FALSE
138.0539FALSE
166.3902FALSE
138.0642FALSE
137.4762FALSE
166.4129FALSE
137.4742FALSE
166.3833FALSE
137.4782FALSE
158.3824FALSE
137.477FALSE
158.389FALSE
137.4754FALSE
158.3759FALSE
137.3977FALSE
158.3814FALSE
137.3969FALSE
137.3984FALSE
158.3835FALSE
137.3975FALSE
137.3978FALSE
157.4752FALSE
137.3665FALSE
157.4788FALSE
137.367FALSE
137.3661FALSE
157.4716FALSE
137.3658FALSE
157.4744FALSE
137.3673FALSE
157.4759FALSE
137.3642FALSE
157.0795FALSE
137.3649FALSE
157.0801FALSE
137.3636FALSE
157.0789FALSE
137.3642FALSE
157.0799FALSE
137.3643FALSE
157.0793FALSE
137.3607FALSE
157.0732FALSE
137.3602FALSE
157.0731FALSE
137.3611FALSE
157.0733FALSE
137.361FALSE
157.0729FALSE
137.3603FALSE
157.0734FALSE
137.3565FALSE
157.072FALSE
137.3563FALSE
157.072FALSE
137.3567FALSE
157.072FALSE
137.3567FALSE
157.0719FALSE
137.3563FALSE
157.0722FALSE
137.3601FALSE
157.0714FALSE
137.3604FALSE
157.0715FALSE
137.3598FALSE
157.0713FALSE
137.3594FALSE
157.0714FALSE
137.3608FALSE
157.0714FALSE
137.356FALSE
157.0709FALSE
137.3558FALSE
157.071FALSE
137.3562FALSE
157.0708FALSE
137.3559FALSE
157.0711FALSE
137.3561FALSE
157.0709FALSE
137.3596FALSE
157.0705FALSE
137.3603FALSE
157.0705FALSE
137.3588FALSE
157.0705FALSE
137.3595FALSE
157.0704FALSE
137.3596FALSE
137.3557FALSE
157.0706FALSE
137.3555FALSE
157.0702FALSE
137.3559FALSE
157.0702FALSE
137.3556FALSE
157.0702FALSE
157.0703FALSE
137.3558FALSE
157.0703FALSE
137.3576FALSE
137.3584FALSE
157.0702FALSE
137.3569FALSE
157.0702FALSE
137.3576FALSE
157.0702FALSE
137.3576FALSE
157.0703FALSE
137.3555FALSE
157.0703FALSE
137.3553FALSE
157.0702FALSE
137.3557FALSE
157.0702FALSE
137.3555FALSE
157.0702FALSE
137.3557FALSE
157.0703FALSE
137.356FALSE
157.0703FALSE
137.3567FALSE
157.0703FALSE
137.3554FALSE
137.3561FALSE
157.0703FALSE
157.0703FALSE
137.3562FALSE
157.0704FALSE
137.3554FALSE
157.0704FALSE
137.3556FALSE
157.0702FALSE
137.3556FALSE
157.0702FALSE
137.3554FALSE
157.0702FALSE
137.3556FALSE
157.0703FALSE
137.3554FALSE
157.0703FALSE
137.3555FALSE
157.0702FALSE
137.3555FALSE
157.0702FALSE
137.3555FALSE
157.0702FALSE
157.0703FALSE
137.3554FALSE
157.0703FALSE
137.3553FALSE
157.0702FALSE
137.3555FALSE
157.0702FALSE
137.3555FALSE
157.0702FALSE
137.3555FALSE
157.0703FALSE
137.3555FALSE
157.0703FALSE
137.3553FALSE
157.0702FALSE
137.3555FALSE
157.0702FALSE
137.3555FALSE
157.0702FALSE
157.0703FALSE
137.3555FALSE
157.0703FALSE
137.3555FALSE
157.0702FALSE
137.3553FALSE
157.0702FALSE
157.0702FALSE
137.3555FALSE
137.3555FALSE
157.0703FALSE
137.3555FALSE
157.0703FALSE
137.3555FALSE
157.0702FALSE
157.0702FALSE
137.3553FALSE
157.0702FALSE
137.3555FALSE
157.0703FALSE
137.3555FALSE
157.0703FALSE
137.3555FALSE
157.0702FALSE
137.3555FALSE
$par
smooth_log_cases_lag0.bw smooth_log_cases_lag1.bw 
               -3.606768                -3.617946 

$value
[1] 137.3553

$counts
function gradient 
      22       22 

$convergence
[1] 0

$message
[1] "CONVERGENCE: REL_REDUCTION_OF_F <= FACTR*EPSMCH"

157.0702FALSE
157.0702FALSE
157.0703FALSE
157.0703FALSE
157.0702FALSE
157.0702FALSE
157.0702FALSE
157.0703FALSE
157.0703FALSE
157.0702FALSE
157.0702FALSE
157.0702FALSE
157.0703FALSE
157.0703FALSE
157.0702FALSE
157.0702FALSE
157.0702FALSE
157.0703FALSE
157.0703FALSE
157.0702FALSE
157.0702FALSE
157.0702FALSE
157.0703FALSE
157.0703FALSE
157.0702FALSE
157.0702FALSE
157.0702FALSE
157.0703FALSE
157.0703FALSE
157.0702FALSE
157.0702FALSE
157.0702FALSE
157.0703FALSE
157.0703FALSE
157.0702FALSE
157.0702FALSE
157.0702FALSE
157.0703FALSE
157.0703FALSE
157.0702FALSE
157.0702FALSE
157.0702FALSE
157.0703FALSE
157.0703FALSE
$par
smooth_log_cases_lag0.bw         time_ind_lag0.bw 
               -2.890536                -1.148851 

$value
[1] 157.0702

$counts
function gradient 
      30       30 

$convergence
[1] 0

$message
[1] "CONVERGENCE: REL_REDUCTION_OF_F <= FACTR*EPSMCH"

215.1175FALSE
154.7729FALSE
215.1132FALSE
154.774FALSE
215.1218FALSE
154.7718FALSE
216.0694FALSE
154.7733FALSE
216.0772FALSE
154.7724FALSE
216.0617FALSE
214.1075FALSE
154.7532FALSE
214.1073FALSE
154.7925FALSE
214.1077FALSE
137.3669FALSE
214.1058FALSE
137.3662FALSE
214.1059FALSE
214.1058FALSE
137.3675FALSE
214.1058FALSE
137.372FALSE
214.1058FALSE
137.3618FALSE
214.1058FALSE
137.3519FALSE
214.1058FALSE
137.3818FALSE
214.1058FALSE
214.1058FALSE
181.3454FALSE
214.1058FALSE
181.3863FALSE
214.1058FALSE
181.3045FALSE
214.1058FALSE
$par
smooth_log_cases_lag1.bw 
               -3.169142 

$value
[1] 214.1058

$counts
function gradient 
       7        7 

$convergence
[1] 0

$message
[1] "CONVERGENCE: REL_REDUCTION_OF_F <= FACTR*EPSMCH"

181.2966FALSE
181.3942FALSE
181.3454FALSE
181.3454FALSE
139.6264FALSE
139.6319FALSE
139.6208FALSE
139.6148FALSE
139.638FALSE
139.6285FALSE
139.6242FALSE
134.0793FALSE
134.0785FALSE
134.0801FALSE
134.0744FALSE
134.0842FALSE
134.0787FALSE
134.08FALSE
133.3914FALSE
133.3895FALSE
133.3932FALSE
133.389FALSE
133.3937FALSE
133.3914FALSE
133.3914FALSE
133.3597FALSE
133.3642FALSE
133.3554FALSE
133.3615FALSE
133.3578FALSE
133.3591FALSE
133.3602FALSE
133.1921FALSE
133.1922FALSE
133.192FALSE
133.1905FALSE
133.1937FALSE
133.1923FALSE
133.1919FALSE
133.2679FALSE
133.2681FALSE
133.2677FALSE
133.2701FALSE
133.2657FALSE
133.267FALSE
133.2688FALSE
133.1776FALSE
133.1787FALSE
133.1765FALSE
133.1779FALSE
133.1773FALSE
133.177FALSE
133.1782FALSE
133.1756FALSE
133.1753FALSE
133.1758FALSE
133.1762FALSE
133.1749FALSE
133.1752FALSE
133.1759FALSE
133.1677FALSE
133.1676FALSE
133.1678FALSE
133.1682FALSE
133.1672FALSE
133.1674FALSE
133.1679FALSE
133.1974FALSE
133.1973FALSE
133.1974FALSE
133.1963FALSE
133.1989FALSE
133.1982FALSE
133.1967FALSE
133.1663FALSE
133.1659FALSE
133.1667FALSE
133.1664FALSE
133.1671FALSE
133.1669FALSE
133.1661FALSE
133.1658FALSE
133.1659FALSE
133.1658FALSE
133.1662FALSE
133.1656FALSE
133.1656FALSE
133.1661FALSE
133.1656FALSE
133.1654FALSE
133.1659FALSE
133.1657FALSE
133.1665FALSE
133.1662FALSE
133.1656FALSE
133.1654FALSE
133.1655FALSE
133.1656FALSE
133.1658FALSE
133.1663FALSE
133.1659FALSE
133.1657FALSE
133.1659FALSE
133.166FALSE
133.1658FALSE
133.1663FALSE
133.1655FALSE
133.1656FALSE
133.1661FALSE
133.1655FALSE
133.1656FALSE
133.1655FALSE
133.1658FALSE
133.1662FALSE
133.1658FALSE
133.1657FALSE
133.1654FALSE
133.1655FALSE
133.1656FALSE
133.1658FALSE
133.1663FALSE
133.1659FALSE
133.1657FALSE
133.1654FALSE
133.1655FALSE
133.1656FALSE
133.1658FALSE
133.1663FALSE
133.1659FALSE
133.1657FALSE
133.1654FALSE
133.1655FALSE
133.1656FALSE
133.1658FALSE
133.1663FALSE
133.1659FALSE
133.1657FALSE
133.1654FALSE
133.1655FALSE
133.1656FALSE
133.1658FALSE
133.1663FALSE
133.1659FALSE
133.1657FALSE
133.1654FALSE
133.1655FALSE
133.1656FALSE
133.1658FALSE
133.1663FALSE
133.1659FALSE
133.1657FALSE
133.1654FALSE
133.1655FALSE
133.1656FALSE
133.1658FALSE
133.1663FALSE
133.1659FALSE
133.1657FALSE
133.1654FALSE
133.1655FALSE
133.1656FALSE
133.1658FALSE
133.1663FALSE
133.1659FALSE
133.1657FALSE
133.1654FALSE
133.1655FALSE
133.1656FALSE
133.1658FALSE
133.1663FALSE
133.1659FALSE
133.1657FALSE
133.1654FALSE
133.1655FALSE
133.1656FALSE
133.1658FALSE
133.1663FALSE
133.1659FALSE
133.1657FALSE
133.1654FALSE
133.1655FALSE
133.1656FALSE
133.1658FALSE
133.1663FALSE
133.1659FALSE
133.1657FALSE
133.1654FALSE
133.1655FALSE
133.1656FALSE
133.1658FALSE
133.1663FALSE
133.1659FALSE
133.1657FALSE
133.1654FALSE
133.1655FALSE
133.1656FALSE
133.1658FALSE
133.1663FALSE
133.1659FALSE
133.1657FALSE
133.1654FALSE
133.1655FALSE
133.1656FALSE
133.1658FALSE
133.1663FALSE
133.1659FALSE
133.1657FALSE
133.1654FALSE
133.1655FALSE
133.1656FALSE
133.1658FALSE
133.1663FALSE
133.1659FALSE
133.1657FALSE
133.1654FALSE
133.1655FALSE
133.1656FALSE
133.1658FALSE
133.1663FALSE
133.1659FALSE
133.1657FALSE
133.1654FALSE
133.1655FALSE
133.1656FALSE
133.1658FALSE
133.1663FALSE
133.1659FALSE
133.1657FALSE
133.1654FALSE
133.1655FALSE
133.1656FALSE
133.1658FALSE
133.1663FALSE
133.1659FALSE
133.1657FALSE
133.1654FALSE
133.1655FALSE
133.1656FALSE
133.1658FALSE
133.1663FALSE
133.1659FALSE
133.1657FALSE
134.1505FALSE
134.1502FALSE
134.1508FALSE
134.1546FALSE
134.1465FALSE
134.1465FALSE
134.1546FALSE
133.1697FALSE
133.1697FALSE
133.1697FALSE
133.1701FALSE
133.1693FALSE
133.1694FALSE
133.1701FALSE
133.1659FALSE
133.166FALSE
133.1658FALSE
133.1662FALSE
133.1655FALSE
133.1656FALSE
133.1661FALSE
133.1655FALSE
133.1656FALSE
133.1655FALSE
133.1658FALSE
133.1662FALSE
133.1658FALSE
133.1657FALSE
133.1654FALSE
133.1655FALSE
133.1656FALSE
133.1658FALSE
133.1663FALSE
133.1659FALSE
133.1657FALSE
133.1654FALSE
133.1655FALSE
133.1656FALSE
133.1658FALSE
133.1663FALSE
133.1659FALSE
133.1657FALSE
133.1654FALSE
133.1655FALSE
133.1656FALSE
133.1658FALSE
133.1663FALSE
133.1659FALSE
133.1657FALSE
133.1654FALSE
133.1655FALSE
133.1656FALSE
133.1658FALSE
133.1663FALSE
133.1659FALSE
133.1657FALSE
133.1654FALSE
133.1655FALSE
133.1656FALSE
133.1658FALSE
133.1663FALSE
133.1659FALSE
133.1657FALSE
133.1654FALSE
133.1655FALSE
133.1656FALSE
133.1658FALSE
133.1663FALSE
133.1659FALSE
133.1657FALSE
133.1654FALSE
133.1655FALSE
133.1656FALSE
133.1658FALSE
133.1663FALSE
133.1659FALSE
133.1657FALSE
133.1654FALSE
133.1655FALSE
133.1656FALSE
133.1658FALSE
133.1663FALSE
133.1659FALSE
133.1657FALSE
133.1654FALSE
133.1655FALSE
133.1656FALSE
133.1658FALSE
133.1663FALSE
133.1659FALSE
133.1657FALSE
133.1654FALSE
133.1655FALSE
133.1656FALSE
133.1658FALSE
133.1663FALSE
133.1659FALSE
133.1657FALSE
133.1654FALSE
133.1655FALSE
133.1656FALSE
133.1658FALSE
133.1663FALSE
133.1659FALSE
133.1657FALSE
133.1654FALSE
133.1655FALSE
133.1656FALSE
133.1658FALSE
133.1663FALSE
133.1659FALSE
133.1657FALSE
133.1654FALSE
133.1655FALSE
133.1656FALSE
133.1658FALSE
133.1663FALSE
133.1659FALSE
133.1657FALSE
133.1654FALSE
133.1655FALSE
133.1656FALSE
133.1658FALSE
133.1663FALSE
133.1659FALSE
133.1657FALSE
133.1654FALSE
133.1655FALSE
133.1656FALSE
133.1658FALSE
133.1663FALSE
133.1659FALSE
133.1657FALSE
133.1654FALSE
133.1655FALSE
133.1656FALSE
133.1658FALSE
133.1663FALSE
133.1659FALSE
133.1657FALSE
$par
smooth_log_cases_lag0.bw smooth_log_cases_lag1.bw         time_ind_lag0.bw 
              -3.5569908               -3.5774352               -0.6968253 

$value
[1] 133.1654

$counts
function gradient 
      57       57 

$convergence
[1] 52

$message
[1] "ERROR: ABNORMAL_TERMINATION_IN_LNSRCH"

161.2269FALSE
187.6143FALSE
161.225FALSE
187.6101FALSE
161.2289FALSE
187.6185FALSE
161.2405FALSE
187.6463FALSE
161.2134FALSE
187.5823FALSE
164.5812FALSE
177.6037FALSE
164.574FALSE
177.5967FALSE
164.5883FALSE
177.6108FALSE
164.5638FALSE
177.5906FALSE
164.5985FALSE
177.6169FALSE
158.5497FALSE
174.4549FALSE
158.5469FALSE
158.5525FALSE
174.4516FALSE
174.4582FALSE
158.5498FALSE
158.5496FALSE
174.4494FALSE
158.318FALSE
174.4604FALSE
158.315FALSE
173.9979FALSE
158.321FALSE
173.9954FALSE
158.318FALSE
174.0004FALSE
158.318FALSE
174.0048FALSE
157.5309FALSE
173.991FALSE
157.5282FALSE
173.741FALSE
157.5335FALSE
157.5304FALSE
173.7392FALSE
157.5313FALSE
173.7427FALSE
173.7387FALSE
283.0748FALSE
173.7433FALSE
283.0922FALSE
173.6397FALSE
283.0573FALSE
283.0715FALSE
173.6383FALSE
173.641FALSE
283.0781FALSE
173.6387FALSE
157.399FALSE
173.6407FALSE
157.3963FALSE
173.5333FALSE
157.4018FALSE
173.5328FALSE
173.5338FALSE
157.3986FALSE
173.5347FALSE
157.3994FALSE
173.5319FALSE
157.2643FALSE
173.5036FALSE
157.2617FALSE
173.5032FALSE
157.267FALSE
173.504FALSE
173.5052FALSE
157.2635FALSE
173.502FALSE
157.2652FALSE
173.5106FALSE
197.0475FALSE
173.5121FALSE
173.5092FALSE
197.112FALSE
173.5111FALSE
196.983FALSE
173.5102FALSE
197.0182FALSE
173.4592FALSE
197.0768FALSE
173.459FALSE
173.4593FALSE
157.0881FALSE
173.4602FALSE
157.0879FALSE
173.4581FALSE
157.0883FALSE
173.5401FALSE
173.5418FALSE
157.087FALSE
173.5384FALSE
157.0892FALSE
173.5402FALSE
157.0751FALSE
173.5401FALSE
157.0753FALSE
173.456FALSE
173.4561FALSE
157.0749FALSE
173.4559FALSE
157.075FALSE
173.4563FALSE
157.0752FALSE
173.4557FALSE
157.0712FALSE
173.4544FALSE
173.4545FALSE
157.0712FALSE
157.0712FALSE
173.4543FALSE
173.4546FALSE
157.071FALSE
173.4542FALSE
157.0713FALSE
173.4564FALSE
157.0704FALSE
173.4561FALSE
157.0705FALSE
173.4568FALSE
157.0703FALSE
173.4561FALSE
157.0706FALSE
173.4568FALSE
173.4529FALSE
157.0704FALSE
173.453FALSE
157.0703FALSE
173.4529FALSE
157.0703FALSE
173.453FALSE
157.0703FALSE
157.0702FALSE
173.4529FALSE
157.0704FALSE
173.4532FALSE
157.0704FALSE
173.4531FALSE
157.0704FALSE
173.4533FALSE
157.0703FALSE
173.453FALSE
157.0705FALSE
173.4534FALSE
157.0702FALSE
173.4528FALSE
157.0702FALSE
173.4528FALSE
157.0702FALSE
173.4528FALSE
157.0702FALSE
173.4528FALSE
157.0703FALSE
173.4528FALSE
157.0703FALSE
173.4564FALSE
157.0702FALSE
173.4558FALSE
157.0702FALSE
173.4569FALSE
157.0702FALSE
173.4566FALSE
157.0703FALSE
173.4562FALSE
157.0703FALSE
157.0702FALSE
173.4527FALSE
157.0702FALSE
173.4528FALSE
157.0702FALSE
173.4527FALSE
157.0703FALSE
173.4527FALSE
157.0703FALSE
173.4528FALSE
157.0702FALSE
173.4585FALSE
157.0702FALSE
173.458FALSE
157.0702FALSE
173.459FALSE
157.0703FALSE
173.4587FALSE
157.0703FALSE
173.4583FALSE
157.0702FALSE
173.4527FALSE
157.0702FALSE
173.4527FALSE
157.0702FALSE
173.4528FALSE
157.0703FALSE
173.4527FALSE
157.0703FALSE
173.4529FALSE
157.0702FALSE
173.4527FALSE
157.0702FALSE
173.4528FALSE
157.0702FALSE
173.4527FALSE
157.0703FALSE
173.4527FALSE
157.0703FALSE
173.4528FALSE
$par
smooth_log_cases_lag1.bw         time_ind_lag0.bw 
               -2.953208                -1.316841 

$value
[1] 173.4527

$counts
function gradient 
      22       22 

$convergence
[1] 0

$message
[1] "CONVERGENCE: REL_REDUCTION_OF_F <= FACTR*EPSMCH"

157.0702FALSE
157.0702FALSE
157.0702FALSE
157.0703FALSE
157.0703FALSE
157.0702FALSE
157.0702FALSE
157.0702FALSE
157.0703FALSE
157.0703FALSE
157.0702FALSE
157.0702FALSE
157.0702FALSE
157.0703FALSE
157.0703FALSE
157.0702FALSE
157.0702FALSE
157.0702FALSE
157.0703FALSE
157.0703FALSE
157.0702FALSE
157.0702FALSE
157.0702FALSE
157.0703FALSE
157.0703FALSE
157.0702FALSE
157.0702FALSE
157.0702FALSE
157.0703FALSE
157.0703FALSE
157.0702FALSE
157.0702FALSE
157.0702FALSE
157.0703FALSE
157.0703FALSE
157.0702FALSE
157.0702FALSE
157.0702FALSE
157.0703FALSE
157.0703FALSE
157.0702FALSE
157.0702FALSE
157.0702FALSE
157.0703FALSE
157.0703FALSE
157.0702FALSE
157.0702FALSE
157.0702FALSE
157.0703FALSE
157.0703FALSE
$par
smooth_log_cases_lag0.bw         time_ind_lag0.bw 
               -2.890911                -1.148525 

$value
[1] 157.0702

$counts
function gradient 
      31       31 

$convergence
[1] 0

$message
[1] "CONVERGENCE: REL_REDUCTION_OF_F <= FACTR*EPSMCH"

> 
> save(ssr_fit,
+     file=paste0("/home/ngr67a/2015-cdc-flu-competition/fit-competition-ssr-ph", prediction_horizon_limit, "-", data_set, ".Rdata"))
> 
> proc.time()
    user   system  elapsed 
2517.372    1.503 2140.489 
