
R version 3.2.2 (2015-08-14) -- "Fire Safety"
Copyright (C) 2015 The R Foundation for Statistical Computing
Platform: x86_64-pc-linux-gnu (64-bit)

R is free software and comes with ABSOLUTELY NO WARRANTY.
You are welcome to redistribute it under certain conditions.
Type 'license()' or 'licence()' for distribution details.

  Natural language support but running in an English locale

R is a collaborative project with many contributors.
Type 'contributors()' for more information and
'citation()' on how to cite R or R packages in publications.

Type 'demo()' for some demos, 'help()' for on-line help, or
'help.start()' for an HTML browser interface to help.
Type 'q()' to quit R.

> ### get ssr fit -- prediction horizons 1:52
> library(lubridate)
> library(ggplot2)
> library(plyr)

Attaching package: ‘plyr’

The following object is masked from ‘package:lubridate’:

    here

> library(dplyr)

Attaching package: ‘dplyr’

The following objects are masked from ‘package:plyr’:

    arrange, count, desc, failwith, id, mutate, rename, summarise,
    summarize

The following objects are masked from ‘package:lubridate’:

    intersect, setdiff, union

The following objects are masked from ‘package:stats’:

    filter, lag

The following objects are masked from ‘package:base’:

    intersect, setdiff, setequal, union

> library(reshape)

Attaching package: ‘reshape’

The following object is masked from ‘package:dplyr’:

    rename

The following objects are masked from ‘package:plyr’:

    rename, round_any

The following object is masked from ‘package:lubridate’:

    stamp

> library(ssrFlu)
> library(doMC)
Loading required package: foreach
Loading required package: iterators
Loading required package: parallel
> 
> registerDoMC(cores=3)
> 
> args <- commandArgs(trailingOnly=TRUE)
> 
> data_set <- args[1]
> prediction_horizon_limit <- as.integer(args[2])
> 
> ## load dataset
> if(identical(data_set, "ili_national")) {
+     data <- ili_national
+ } 
> if(identical(data_set, "ili_region1")) {
+     data <- ili_region1
+ } 
> if(identical(data_set, "ili_region2")) {
+     data <- ili_region2
+ } 
> if(identical(data_set, "ili_region3")) {
+     data <- ili_region3
+ } 
> if(identical(data_set, "ili_region4")) {
+     data <- ili_region4
+ } 
> if(identical(data_set, "ili_region5")) {
+     data <- ili_region5
+ } 
> if(identical(data_set, "ili_region6")) {
+     data <- ili_region6
+ } 
> if(identical(data_set, "ili_region7")) {
+     data <- ili_region7
+ } 
> if(identical(data_set, "ili_region8")) {
+     data <- ili_region8
+ } 
> if(identical(data_set, "ili_region9")) {
+     data <- ili_region9
+ } 
> if(identical(data_set, "ili_region10")) {
+     data <- ili_region10
+ } 
> 
> 
> 
> ## add log column
> data$log_total_cases <- log(data$total_cases + 1)
> 
> ## add week_start_date
> char_dates <- paste(data$year, data$week, "1")
> data$week_start_date <- as.Date(char_dates, format="%Y %W %w")
> 
> ## remove week 53s
> data <- data[-which(is.na(data$week_start_date)),]
> data <- data[262:nrow(data),]
> 
> ## add smooth log column -- or not, since it is already pretty smooth...
> sm <- loess(log_total_cases ~ as.numeric(week_start_date), data=data, span= 26 / nrow(data))
> data$smooth_log_cases <- sm$fitted
> 
> ## add time column
> data$time_ind <- seq_len(nrow(data))
> 
> ssr_control <- create_ssr_control(X_names=c("smooth_log_cases", "time_ind"),
+     y_names="total_cases",
+     time_name=NULL,
+     max_lag=list(smooth_log_cases=1,
+         time_ind=0),
+     prediction_horizons=as.integer(prediction_horizon_limit),
+     kernel_fns=list(smooth_log_cases="squared_exp_kernel",
+         time_ind="periodic_kernel"),
+     theta_est=list(smooth_log_cases="bw",
+         time_ind="bw"),
+     theta_fixed=list(time_ind=list(period=pi / 52)),
+     theta_transform_fns=list(
+         squared_exp_kernel=list(
+             bw=list(transform="log",
+                 detransform="exp")
+         ),
+         periodic_kernel=list(
+             bw=list(transform="log",
+                 detransform="exp")
+         )
+     ),
+     crossval_buffer=52,
+     loss_fn_name="mae_from_kernel_weights_and_centers",
+     loss_fn_args=list())
> 
> 
> ssr_fit <- ssr(X_names=c("smooth_log_cases", "time_ind"),
+     y_names="total_cases",
+     time_name=NULL,
+     data=data,
+     ssr_control=ssr_control)
465.9832FALSE
601.9478FALSE
592.6592FALSE
465.9831FALSE
601.9551FALSE
592.6659FALSE
465.9833FALSE
601.9405FALSE
592.6526FALSE
472.9761FALSE
602.6288FALSE
595.1314FALSE
473.0067FALSE
602.6218FALSE
472.9455FALSE
595.1225FALSE
602.6358FALSE
466.0562FALSE
595.1404FALSE
600.1665FALSE
466.0577FALSE
591.551FALSE
600.1667FALSE
466.0548FALSE
600.1662FALSE
591.551FALSE
465.9793FALSE
600.1637FALSE
591.5509FALSE
465.9792FALSE
465.9794FALSE
600.1638FALSE
591.5508FALSE
465.9803FALSE
600.1636FALSE
591.5508FALSE
465.9804FALSE
600.1633FALSE
465.9802FALSE
591.5508FALSE
600.1633FALSE
465.9798FALSE
591.5508FALSE
465.9797FALSE
600.1633FALSE
465.9799FALSE
591.5508FALSE
600.1633FALSE
465.9794FALSE
591.5508FALSE
600.1633FALSE
465.9795FALSE
465.9794FALSE
591.5508FALSE
600.1633FALSE
$par
smooth_log_cases_lag1.bw 
               -2.753123 

$value
[1] 600.1633

$counts
function gradient 
       6        6 

$convergence
[1] 0

$message
[1] "CONVERGENCE: REL_REDUCTION_OF_F <= FACTR*EPSMCH"

465.9789FALSE
591.5508FALSE
465.979FALSE
591.5508FALSE
$par
smooth_log_cases_lag0.bw 
               -2.624665 

$value
[1] 591.5508

$counts
function gradient 
       6        6 

$convergence
[1] 0

$message
[1] "CONVERGENCE: REL_REDUCTION_OF_F <= FACTR*EPSMCH"

465.9788FALSE
465.9788FALSE
465.9788FALSE
465.9789FALSE
465.9791FALSE
465.9792FALSE
465.979FALSE
465.9788FALSE
465.9788FALSE
465.9788FALSE
465.9788FALSE
465.9788FALSE
465.9789FALSE
465.9788FALSE
465.9788FALSE
465.9789FALSE
465.9788FALSE
465.9788FALSE
465.9789FALSE
465.9788FALSE
465.9788FALSE
465.9789FALSE
465.9788FALSE
465.9788FALSE
465.9789FALSE
465.9788FALSE
465.9788FALSE
465.9789FALSE
465.9788FALSE
465.9788FALSE
465.9789FALSE
465.9788FALSE
465.9788FALSE
465.9789FALSE
465.9788FALSE
465.9788FALSE
465.9789FALSE
465.9788FALSE
465.9788FALSE
465.9789FALSE
465.9788FALSE
465.9788FALSE
465.9789FALSE
465.9788FALSE
465.9788FALSE
465.9789FALSE
465.9788FALSE
465.9788FALSE
465.9789FALSE
465.9788FALSE
465.9788FALSE
465.9789FALSE
465.9788FALSE
465.9788FALSE
465.9789FALSE
465.9788FALSE
465.9788FALSE
465.9789FALSE
465.9788FALSE
465.9788FALSE
465.9789FALSE
465.9788FALSE
465.9788FALSE
465.9789FALSE
$par
time_ind_lag0.bw 
       -2.257824 

$value
[1] 465.9788

$counts
function gradient 
      29       29 

$convergence
[1] 0

$message
[1] "CONVERGENCE: REL_REDUCTION_OF_F <= FACTR*EPSMCH"

461.6129FALSE
464.9527FALSE
461.5749FALSE
464.9104FALSE
461.6509FALSE
461.5925FALSE
464.995FALSE
461.6332FALSE
464.9333FALSE
427.2393FALSE
464.9721FALSE
427.2475FALSE
430.1399FALSE
427.2311FALSE
430.1468FALSE
427.2277FALSE
427.2509FALSE
423.6591FALSE
430.133FALSE
423.6662FALSE
430.1287FALSE
423.6522FALSE
430.1511FALSE
423.6494FALSE
426.8819FALSE
423.6699FALSE
426.8904FALSE
578.018FALSE
426.8734FALSE
578.0249FALSE
578.011FALSE
426.8704FALSE
578.0492FALSE
426.8933FALSE
577.9867FALSE
482.86FALSE
423.0331FALSE
482.8694FALSE
423.0437FALSE
423.0225FALSE
482.8506FALSE
423.0261FALSE
483.0183FALSE
423.0402FALSE
482.7015FALSE
548.6557FALSE
548.6556FALSE
425.6438FALSE
548.6558FALSE
425.6537FALSE
548.7368FALSE
425.6339FALSE
548.5744FALSE
425.6372FALSE
422.2936FALSE
425.6504FALSE
422.3006FALSE
422.287FALSE
534.3329FALSE
422.2867FALSE
534.3392FALSE
422.3006FALSE
534.3267FALSE
424.4709FALSE
534.4509FALSE
424.4784FALSE
534.2148FALSE
424.4638FALSE
424.5122FALSE
425.0989FALSE
424.4305FALSE
425.1097FALSE
421.6747FALSE
425.0881FALSE
421.6781FALSE
425.0946FALSE
421.6713FALSE
425.1033FALSE
421.6744FALSE
438.9415FALSE
421.6751FALSE
438.9387FALSE
421.6065FALSE
438.9442FALSE
421.6091FALSE
421.6039FALSE
439.0279FALSE
421.6084FALSE
438.8551FALSE
421.6047FALSE
423.9365FALSE
421.5589FALSE
423.9349FALSE
421.5606FALSE
421.5574FALSE
423.9381FALSE
421.5593FALSE
423.9358FALSE
421.5587FALSE
423.9372FALSE
421.7009FALSE
423.9529FALSE
421.6954FALSE
423.9566FALSE
421.7064FALSE
423.9491FALSE
421.7025FALSE
423.9555FALSE
421.6994FALSE
421.5446FALSE
423.9503FALSE
421.5459FALSE
423.9291FALSE
421.5434FALSE
423.9276FALSE
421.5454FALSE
423.9307FALSE
421.5442FALSE
423.9286FALSE
421.6355FALSE
421.6312FALSE
423.9298FALSE
421.6397FALSE
423.9392FALSE
421.6342FALSE
423.9428FALSE
421.6367FALSE
423.9355FALSE
421.5404FALSE
421.5415FALSE
423.9417FALSE
421.5393FALSE
423.9367FALSE
421.5409FALSE
423.9268FALSE
421.5401FALSE
423.9255FALSE
421.5757FALSE
421.5718FALSE
423.9283FALSE
421.5796FALSE
423.9266FALSE
421.5748FALSE
423.9273FALSE
421.5766FALSE
424.1044FALSE
421.5389FALSE
424.1099FALSE
421.5393FALSE
424.0989FALSE
421.5389FALSE
424.107FALSE
421.5395FALSE
424.1018FALSE
421.5384FALSE
423.9314FALSE
421.5379FALSE
423.935FALSE
421.5379FALSE
423.9281FALSE
421.538FALSE
423.9339FALSE
421.5383FALSE
423.9291FALSE
421.5375FALSE
421.5374FALSE
423.9255FALSE
423.9267FALSE
421.5383FALSE
423.927FALSE
421.5385FALSE
421.5373FALSE
423.9258FALSE
421.5376FALSE
423.9261FALSE
421.5374FALSE
423.9257FALSE
421.5383FALSE
423.9271FALSE
421.537FALSE
423.9267FALSE
421.5373FALSE
423.9262FALSE
421.5374FALSE
423.9257FALSE
421.5673FALSE
423.9255FALSE
421.568FALSE
423.9267FALSE
421.5667FALSE
423.927FALSE
421.5713FALSE
423.9258FALSE
421.5633FALSE
423.926FALSE
421.5372FALSE
423.9255FALSE
421.5382FALSE
423.9268FALSE
421.5373FALSE
423.9268FALSE
421.5374FALSE
423.9259FALSE
421.5372FALSE
423.9259FALSE
421.5371FALSE
423.9255FALSE
421.5381FALSE
423.9267FALSE
421.5372FALSE
423.927FALSE
421.5373FALSE
423.9258FALSE
421.5372FALSE
423.926FALSE
421.5369FALSE
423.9255FALSE
421.5377FALSE
421.5397FALSE
423.9267FALSE
421.537FALSE
423.927FALSE
421.5377FALSE
423.9258FALSE
421.537FALSE
421.538FALSE
423.926FALSE
421.5373FALSE
423.9255FALSE
421.5372FALSE
423.9268FALSE
421.5371FALSE
421.5401FALSE
423.9269FALSE
421.5376FALSE
423.9259FALSE
421.5436FALSE
423.926FALSE
421.5388FALSE
423.9255FALSE
421.5416FALSE
423.9267FALSE
423.927FALSE
421.537FALSE
423.9258FALSE
421.538FALSE
423.926FALSE
421.5376FALSE
423.9255FALSE
421.5372FALSE
423.9268FALSE
421.5371FALSE
423.9268FALSE
421.537FALSE
423.926FALSE
421.538FALSE
423.9259FALSE
421.5391FALSE
421.537FALSE
423.9255FALSE
421.5373FALSE
423.9267FALSE
421.537FALSE
423.9269FALSE
421.538FALSE
423.9258FALSE
421.5382FALSE
421.5371FALSE
423.926FALSE
421.5371FALSE
$par
smooth_log_cases_lag0.bw         time_ind_lag0.bw 
               -1.687345                -1.296510 

$value
[1] 421.537

$counts
function gradient 
      29       29 

$convergence
[1] 0

$message
[1] "CONVERGENCE: REL_REDUCTION_OF_F <= FACTR*EPSMCH"

423.9255FALSE
423.9267FALSE
423.9269FALSE
423.9258FALSE
423.926FALSE
423.9255FALSE
423.9267FALSE
423.9269FALSE
423.9258FALSE
423.926FALSE
423.9255FALSE
423.9267FALSE
423.9269FALSE
423.9258FALSE
423.926FALSE
423.9255FALSE
423.9268FALSE
423.9268FALSE
423.926FALSE
423.9259FALSE
423.9255FALSE
423.9267FALSE
423.9269FALSE
423.9258FALSE
423.926FALSE
423.9255FALSE
423.9267FALSE
423.9269FALSE
423.9258FALSE
423.926FALSE
423.9255FALSE
423.9267FALSE
423.9269FALSE
423.9258FALSE
423.926FALSE
423.9255FALSE
423.9267FALSE
423.9269FALSE
423.9258FALSE
423.926FALSE
423.9255FALSE
423.9267FALSE
423.9269FALSE
423.9258FALSE
423.926FALSE
423.9255FALSE
423.9267FALSE
423.9269FALSE
423.9258FALSE
423.926FALSE
423.9255FALSE
423.9267FALSE
423.9269FALSE
423.9258FALSE
423.926FALSE
423.9255FALSE
423.9267FALSE
423.9269FALSE
423.9258FALSE
423.926FALSE
423.9255FALSE
423.9267FALSE
423.9269FALSE
423.9258FALSE
423.926FALSE
423.9255FALSE
423.9267FALSE
423.9269FALSE
423.9258FALSE
423.926FALSE
423.9255FALSE
423.9267FALSE
423.9269FALSE
423.9258FALSE
423.926FALSE
423.9255FALSE
423.9267FALSE
423.9269FALSE
423.9258FALSE
423.926FALSE
423.9255FALSE
423.9267FALSE
423.9269FALSE
423.9258FALSE
423.926FALSE
423.9255FALSE
423.9267FALSE
423.9269FALSE
423.9258FALSE
423.926FALSE
423.9255FALSE
423.9267FALSE
423.9269FALSE
423.9258FALSE
423.926FALSE
423.9255FALSE
423.9267FALSE
423.9269FALSE
423.9258FALSE
423.926FALSE
423.9255FALSE
423.9267FALSE
423.9269FALSE
423.9258FALSE
423.926FALSE
423.9255FALSE
423.9267FALSE
423.9269FALSE
423.9258FALSE
423.926FALSE
423.9255FALSE
423.9267FALSE
423.9269FALSE
423.9258FALSE
423.926FALSE
$par
smooth_log_cases_lag1.bw         time_ind_lag0.bw 
               -1.674796                -1.341106 

$value
[1] 423.9255

$counts
function gradient 
      48       48 

$convergence
[1] 0

$message
[1] "CONVERGENCE: REL_REDUCTION_OF_F <= FACTR*EPSMCH"

473.1636FALSE
434.8363FALSE
473.1955FALSE
434.8339FALSE
473.1325FALSE
434.8386FALSE
465.9827FALSE
434.8223FALSE
465.9826FALSE
434.8502FALSE
465.9828FALSE
434.7994FALSE
465.9824FALSE
465.9824FALSE
434.8743FALSE
465.9825FALSE
517.6555FALSE
465.9814FALSE
517.6666FALSE
465.9813FALSE
517.6444FALSE
465.9815FALSE
517.6594FALSE
465.9802FALSE
517.6517FALSE
465.9803FALSE
517.7851FALSE
465.9802FALSE
517.5258FALSE
465.9795FALSE
431.7253FALSE
465.9794FALSE
431.7236FALSE
465.9796FALSE
431.727FALSE
465.9795FALSE
465.9796FALSE
431.714FALSE
465.9794FALSE
431.7367FALSE
465.9788FALSE
431.7071FALSE
465.9789FALSE
431.7437FALSE
465.9788FALSE
430.8538FALSE
465.9861FALSE
430.8536FALSE
465.986FALSE
430.854FALSE
465.9861FALSE
465.9797FALSE
430.8465FALSE
465.9796FALSE
430.8611FALSE
465.9798FALSE
465.9788FALSE
430.8702FALSE
465.9788FALSE
430.8376FALSE
465.9789FALSE
430.3487FALSE
465.9788FALSE
465.9788FALSE
430.3479FALSE
465.9788FALSE
430.3494FALSE
465.9788FALSE
430.3408FALSE
465.9788FALSE
465.9788FALSE
430.3565FALSE
465.9788FALSE
465.9788FALSE
430.3568FALSE
465.9788FALSE
430.3407FALSE
465.9788FALSE
465.9788FALSE
429.0815FALSE
465.9788FALSE
465.9788FALSE
429.0787FALSE
465.9788FALSE
429.0844FALSE
465.9788FALSE
429.071FALSE
465.9788FALSE
429.092FALSE
465.9788FALSE
429.0796FALSE
465.9788FALSE
429.0835FALSE
465.9788FALSE
426.3881FALSE
465.9788FALSE
426.3858FALSE
465.9788FALSE
426.3904FALSE
465.9788FALSE
465.9788FALSE
426.3873FALSE
465.9788FALSE
426.3889FALSE
465.9788FALSE
426.3728FALSE
465.9788FALSE
426.4034FALSE
465.9788FALSE
465.9788FALSE
424.0422FALSE
465.9788FALSE
424.0353FALSE
465.9788FALSE
424.0492FALSE
465.9788FALSE
424.0389FALSE
465.9788FALSE
424.0456FALSE
465.9788FALSE
424.0259FALSE
465.9788FALSE
424.0586FALSE
465.9788FALSE
449.6321FALSE
465.9788FALSE
465.9788FALSE
449.6341FALSE
465.9788FALSE
449.63FALSE
465.9788FALSE
449.626FALSE
465.9788FALSE
449.6382FALSE
465.9788FALSE
449.7446FALSE
465.9788FALSE
465.9788FALSE
449.5204FALSE
465.9788FALSE
422.9779FALSE
465.9788FALSE
422.9738FALSE
465.9788FALSE
422.982FALSE
465.9788FALSE
422.9732FALSE
465.9788FALSE
465.9788FALSE
422.9825FALSE
465.9788FALSE
422.9647FALSE
465.9788FALSE
422.9911FALSE
465.9788FALSE
422.577FALSE
465.9788FALSE
465.9788FALSE
422.5742FALSE
465.9788FALSE
422.5799FALSE
465.9788FALSE
422.5719FALSE
465.9788FALSE
465.9788FALSE
422.5821FALSE
465.9788FALSE
422.5755FALSE
465.9788FALSE
422.5788FALSE
465.9788FALSE
422.2408FALSE
465.9788FALSE
422.243FALSE
465.9788FALSE
422.2386FALSE
465.9788FALSE
422.2407FALSE
465.9788FALSE
422.2408FALSE
465.9788FALSE
422.2382FALSE
465.9788FALSE
422.2434FALSE
465.9788FALSE
465.9788FALSE
422.0955FALSE
465.9788FALSE
422.0979FALSE
465.9788FALSE
422.0935FALSE
465.9788FALSE
422.0953FALSE
465.9788FALSE
422.0957FALSE
465.9788FALSE
422.0957FALSE
465.9788FALSE
422.0956FALSE
465.9788FALSE
422.1683FALSE
465.9788FALSE
422.164FALSE
465.9788FALSE
422.1726FALSE
465.9788FALSE
422.1663FALSE
465.9788FALSE
465.9788FALSE
422.1703FALSE
465.9788FALSE
422.173FALSE
465.9788FALSE
422.1642FALSE
465.9788FALSE
421.9597FALSE
465.9788FALSE
421.9606FALSE
465.9788FALSE
421.9588FALSE
465.9788FALSE
465.9788FALSE
421.959FALSE
465.9788FALSE
421.9605FALSE
465.9788FALSE
421.9615FALSE
465.9788FALSE
421.9579FALSE
465.9788FALSE
422.1353FALSE
465.9788FALSE
422.1289FALSE
465.9788FALSE
465.9788FALSE
422.1418FALSE
465.9788FALSE
422.1332FALSE
465.9788FALSE
422.1375FALSE
465.9788FALSE
422.1336FALSE
465.9788FALSE
465.9788FALSE
422.1371FALSE
465.9788FALSE
421.93FALSE
465.9788FALSE
421.9276FALSE
465.9788FALSE
465.9788FALSE
421.9325FALSE
465.9788FALSE
421.9282FALSE
465.9788FALSE
421.9319FALSE
465.9788FALSE
465.9788FALSE
421.9304FALSE
465.9788FALSE
421.9297FALSE
465.9788FALSE
465.9788FALSE
421.8439FALSE
465.9788FALSE
421.8421FALSE
465.9788FALSE
421.8465FALSE
465.9788FALSE
421.8426FALSE
465.9788FALSE
421.8453FALSE
465.9788FALSE
421.844FALSE
465.9788FALSE
465.9788FALSE
421.8443FALSE
465.9788FALSE
421.7458FALSE
465.9788FALSE
421.7467FALSE
465.9788FALSE
421.745FALSE
465.9788FALSE
421.7455FALSE
465.9788FALSE
$par
time_ind_lag0.bw 
       -2.257643 

$value
[1] 465.9788

$counts
function gradient 
      52       52 

$convergence
[1] 52

$message
[1] "ERROR: ABNORMAL_TERMINATION_IN_LNSRCH"

421.7462FALSE
421.7467FALSE
421.7457FALSE
421.8504FALSE
421.843FALSE
421.858FALSE
421.8496FALSE
421.8513FALSE
421.8474FALSE
421.8537FALSE
421.7174FALSE
421.7142FALSE
421.7207FALSE
421.7166FALSE
421.7183FALSE
421.716FALSE
421.7189FALSE
421.6873FALSE
421.6841FALSE
421.6905FALSE
421.6866FALSE
421.688FALSE
421.6859FALSE
421.6888FALSE
424.2418FALSE
424.2465FALSE
424.237FALSE
424.242FALSE
424.2415FALSE
424.2299FALSE
424.2536FALSE
421.6834FALSE
421.6813FALSE
421.6855FALSE
421.6828FALSE
421.684FALSE
421.6811FALSE
421.6858FALSE
421.6554FALSE
421.6573FALSE
421.6535FALSE
421.6554FALSE
421.6554FALSE
421.6583FALSE
421.6526FALSE
421.6081FALSE
421.6095FALSE
421.6068FALSE
421.6081FALSE
421.6082FALSE
421.6083FALSE
421.608FALSE
421.6521FALSE
421.6479FALSE
421.6564FALSE
421.652FALSE
421.6523FALSE
421.6504FALSE
421.6539FALSE
421.5859FALSE
421.5871FALSE
421.5848FALSE
421.5859FALSE
421.586FALSE
421.5859FALSE
421.5861FALSE
422.1783FALSE
422.1686FALSE
422.1879FALSE
422.1782FALSE
422.1784FALSE
422.1741FALSE
422.1825FALSE
421.592FALSE
421.5886FALSE
421.5955FALSE
421.5917FALSE
421.5922FALSE
421.5908FALSE
421.5932FALSE
421.5826FALSE
421.5834FALSE
421.5853FALSE
421.5824FALSE
421.5828FALSE
421.5822FALSE
421.5841FALSE
421.594FALSE
421.5902FALSE
421.5977FALSE
421.5938FALSE
421.5941FALSE
421.5929FALSE
421.595FALSE
421.5822FALSE
421.5791FALSE
421.5853FALSE
421.582FALSE
421.5824FALSE
421.5809FALSE
421.5835FALSE
421.5778FALSE
421.5751FALSE
421.5808FALSE
421.5776FALSE
421.578FALSE
421.5766FALSE
421.5791FALSE
421.5727FALSE
421.5739FALSE
421.5719FALSE
421.5727FALSE
421.5727FALSE
421.5729FALSE
421.5726FALSE
421.5673FALSE
421.5677FALSE
421.5672FALSE
421.5673FALSE
421.5674FALSE
421.5678FALSE
421.567FALSE
421.5794FALSE
421.5758FALSE
421.5831FALSE
421.5794FALSE
421.5795FALSE
421.5793FALSE
421.5799FALSE
421.559FALSE
421.559FALSE
421.5603FALSE
421.559FALSE
421.5591FALSE
421.56FALSE
421.5585FALSE
421.5609FALSE
421.5576FALSE
421.5643FALSE
421.5608FALSE
421.5611FALSE
421.5598FALSE
421.5621FALSE
421.5579FALSE
421.5575FALSE
421.5612FALSE
421.5578FALSE
421.5581FALSE
421.5581FALSE
421.5589FALSE
421.5746FALSE
421.571FALSE
421.5783FALSE
421.5745FALSE
421.5747FALSE
421.573FALSE
421.5763FALSE
421.5588FALSE
421.5555FALSE
421.5621FALSE
421.5587FALSE
421.5589FALSE
421.5578FALSE
421.5599FALSE
421.5581FALSE
421.5569FALSE
421.5613FALSE
421.558FALSE
421.5582FALSE
421.5575FALSE
421.559FALSE
421.558FALSE
421.5574FALSE
421.5612FALSE
421.5579FALSE
421.5581FALSE
421.558FALSE
421.5589FALSE
421.5579FALSE
421.5575FALSE
421.5612FALSE
421.5578FALSE
421.5581FALSE
421.5581FALSE
421.5589FALSE
421.5579FALSE
421.5575FALSE
421.5612FALSE
421.5578FALSE
421.5581FALSE
421.5581FALSE
421.5589FALSE
421.5579FALSE
421.5575FALSE
421.5612FALSE
421.5578FALSE
421.5581FALSE
421.5581FALSE
421.5589FALSE
421.5579FALSE
421.5575FALSE
421.5612FALSE
421.5578FALSE
421.5581FALSE
421.5581FALSE
421.5589FALSE
421.5579FALSE
421.5575FALSE
421.5612FALSE
421.5578FALSE
421.5581FALSE
421.5581FALSE
421.5589FALSE
421.5579FALSE
421.5575FALSE
421.5612FALSE
421.5578FALSE
421.5581FALSE
421.5581FALSE
421.5589FALSE
421.5579FALSE
421.5575FALSE
421.5612FALSE
421.5578FALSE
421.5581FALSE
421.5581FALSE
421.5589FALSE
421.5579FALSE
421.5575FALSE
421.5612FALSE
421.5578FALSE
421.5581FALSE
421.5581FALSE
421.5589FALSE
421.5579FALSE
421.5575FALSE
421.5612FALSE
421.5578FALSE
421.5581FALSE
421.5581FALSE
421.5589FALSE
421.5579FALSE
421.5575FALSE
421.5612FALSE
421.5578FALSE
421.5581FALSE
421.5581FALSE
421.5589FALSE
421.5579FALSE
421.5575FALSE
421.5612FALSE
421.5578FALSE
421.5581FALSE
421.5581FALSE
421.5589FALSE
421.5579FALSE
421.5575FALSE
421.5612FALSE
421.5578FALSE
421.5581FALSE
421.5581FALSE
421.5589FALSE
421.5579FALSE
421.5575FALSE
421.5612FALSE
421.5578FALSE
421.5581FALSE
421.5581FALSE
421.5589FALSE
421.5579FALSE
421.5575FALSE
421.5612FALSE
421.5578FALSE
421.5581FALSE
421.5581FALSE
421.5589FALSE
421.5579FALSE
421.5575FALSE
421.5612FALSE
421.5578FALSE
421.5581FALSE
421.5581FALSE
421.5589FALSE
421.5579FALSE
421.5575FALSE
421.5612FALSE
421.5578FALSE
421.5581FALSE
421.5581FALSE
421.5589FALSE
487.0543FALSE
487.0628FALSE
487.0458FALSE
487.0599FALSE
487.0487FALSE
487.1432FALSE
486.9655FALSE
421.589FALSE
421.5912FALSE
421.587FALSE
421.589FALSE
421.589FALSE
421.5914FALSE
421.5872FALSE
421.558FALSE
421.5585FALSE
421.5579FALSE
421.5579FALSE
421.558FALSE
421.559FALSE
421.5574FALSE
421.5577FALSE
421.5577FALSE
421.5577FALSE
421.5576FALSE
421.5577FALSE
421.5583FALSE
421.5572FALSE
421.5575FALSE
421.5575FALSE
421.5575FALSE
421.5575FALSE
421.5575FALSE
421.558FALSE
421.557FALSE
421.5568FALSE
421.5568FALSE
421.5569FALSE
421.5568FALSE
421.5568FALSE
421.5573FALSE
421.5564FALSE
421.5593FALSE
421.5604FALSE
421.56FALSE
421.5593FALSE
421.5593FALSE
421.5589FALSE
421.5597FALSE
421.5559FALSE
421.5561FALSE
421.556FALSE
421.5559FALSE
421.556FALSE
421.5563FALSE
421.5556FALSE
421.5572FALSE
421.5583FALSE
421.5582FALSE
421.5571FALSE
421.5572FALSE
421.5569FALSE
421.5578FALSE
421.5556FALSE
421.5564FALSE
421.556FALSE
421.5556FALSE
421.5556FALSE
421.5559FALSE
421.5554FALSE
421.5557FALSE
421.5568FALSE
421.5579FALSE
421.5557FALSE
421.5557FALSE
421.5555FALSE
421.5568FALSE
421.5554FALSE
421.5566FALSE
421.5568FALSE
421.5554FALSE
421.5554FALSE
421.5556FALSE
421.5556FALSE
421.5556FALSE
421.5568FALSE
421.5566FALSE
421.5556FALSE
421.5556FALSE
421.5555FALSE
421.5558FALSE
421.5554FALSE
421.5566FALSE
421.5568FALSE
421.5554FALSE
421.5554FALSE
421.5556FALSE
421.5556FALSE
421.5554FALSE
421.5566FALSE
421.5568FALSE
421.5554FALSE
421.5554FALSE
421.5556FALSE
421.5556FALSE
421.5554FALSE
421.5566FALSE
421.5568FALSE
421.5554FALSE
421.5554FALSE
421.5556FALSE
421.5556FALSE
421.5554FALSE
421.5566FALSE
421.5568FALSE
421.5554FALSE
421.5554FALSE
421.5556FALSE
421.5556FALSE
421.5554FALSE
421.5566FALSE
421.5568FALSE
421.5554FALSE
421.5554FALSE
421.5556FALSE
421.5556FALSE
421.5554FALSE
421.5566FALSE
421.5568FALSE
421.5554FALSE
421.5554FALSE
421.5556FALSE
421.5556FALSE
421.5554FALSE
421.5566FALSE
421.5568FALSE
421.5554FALSE
421.5554FALSE
421.5556FALSE
421.5556FALSE
421.5554FALSE
421.5566FALSE
421.5568FALSE
421.5554FALSE
421.5554FALSE
421.5556FALSE
421.5556FALSE
421.5554FALSE
421.5566FALSE
421.5568FALSE
421.5554FALSE
421.5554FALSE
421.5556FALSE
421.5556FALSE
421.5554FALSE
421.5566FALSE
421.5568FALSE
421.5554FALSE
421.5554FALSE
421.5556FALSE
421.5556FALSE
421.5554FALSE
421.5566FALSE
421.5568FALSE
421.5554FALSE
421.5554FALSE
421.5556FALSE
421.5556FALSE
421.5554FALSE
421.5566FALSE
421.5568FALSE
421.5554FALSE
421.5554FALSE
421.5556FALSE
421.5556FALSE
421.5554FALSE
421.5566FALSE
421.5568FALSE
421.5554FALSE
421.5554FALSE
421.5556FALSE
421.5556FALSE
421.5554FALSE
421.5566FALSE
421.5568FALSE
421.5554FALSE
421.5554FALSE
421.5556FALSE
421.5556FALSE
421.5554FALSE
421.5566FALSE
421.5568FALSE
421.5554FALSE
421.5554FALSE
421.5556FALSE
421.5556FALSE
421.5554FALSE
421.5566FALSE
421.5568FALSE
421.5554FALSE
421.5554FALSE
421.5556FALSE
421.5556FALSE
421.5554FALSE
421.5566FALSE
421.5568FALSE
421.5554FALSE
421.5554FALSE
421.5556FALSE
421.5556FALSE
421.5554FALSE
421.5566FALSE
421.5568FALSE
421.5554FALSE
421.5554FALSE
421.5556FALSE
421.5556FALSE
421.5554FALSE
421.5566FALSE
421.5568FALSE
421.5554FALSE
421.5554FALSE
421.5556FALSE
421.5556FALSE
422.6689FALSE
422.6873FALSE
422.6505FALSE
422.6694FALSE
422.6684FALSE
422.6805FALSE
422.6574FALSE
421.5574FALSE
421.5586FALSE
421.5562FALSE
421.5574FALSE
421.5574FALSE
421.5573FALSE
421.5575FALSE
421.5555FALSE
421.5566FALSE
421.5567FALSE
421.5554FALSE
421.5555FALSE
421.5556FALSE
421.5556FALSE
421.5554FALSE
421.5566FALSE
421.5568FALSE
421.5554FALSE
421.5554FALSE
421.5556FALSE
421.5556FALSE
421.5554FALSE
421.5566FALSE
421.5568FALSE
421.5554FALSE
421.5554FALSE
421.5556FALSE
421.5556FALSE
421.5554FALSE
421.5566FALSE
421.5568FALSE
421.5554FALSE
421.5554FALSE
421.5556FALSE
421.5556FALSE
421.5554FALSE
421.5566FALSE
421.5568FALSE
421.5554FALSE
421.5554FALSE
421.5556FALSE
421.5556FALSE
421.5554FALSE
421.5566FALSE
421.5568FALSE
421.5554FALSE
421.5554FALSE
421.5556FALSE
421.5556FALSE
421.5554FALSE
421.5566FALSE
421.5568FALSE
421.5554FALSE
421.5554FALSE
421.5556FALSE
421.5556FALSE
421.5554FALSE
421.5566FALSE
421.5568FALSE
421.5554FALSE
421.5554FALSE
421.5556FALSE
421.5556FALSE
421.5554FALSE
421.5566FALSE
421.5568FALSE
421.5554FALSE
421.5554FALSE
421.5556FALSE
421.5556FALSE
421.5554FALSE
421.5566FALSE
421.5568FALSE
421.5554FALSE
421.5554FALSE
421.5556FALSE
421.5556FALSE
421.5554FALSE
421.5566FALSE
421.5568FALSE
421.5554FALSE
421.5554FALSE
421.5556FALSE
421.5556FALSE
421.5554FALSE
421.5566FALSE
421.5568FALSE
421.5554FALSE
421.5554FALSE
421.5556FALSE
421.5556FALSE
421.5554FALSE
421.5566FALSE
421.5568FALSE
421.5554FALSE
421.5554FALSE
421.5556FALSE
421.5556FALSE
421.5554FALSE
421.5566FALSE
421.5568FALSE
421.5554FALSE
421.5554FALSE
421.5556FALSE
421.5556FALSE
421.5554FALSE
421.5566FALSE
421.5568FALSE
421.5554FALSE
421.5554FALSE
421.5556FALSE
421.5556FALSE
421.5554FALSE
421.5566FALSE
421.5568FALSE
421.5554FALSE
421.5554FALSE
421.5556FALSE
421.5556FALSE
421.5554FALSE
421.5566FALSE
421.5568FALSE
421.5554FALSE
421.5554FALSE
421.5556FALSE
421.5556FALSE
421.5554FALSE
421.5566FALSE
421.5568FALSE
421.5554FALSE
421.5554FALSE
421.5556FALSE
421.5556FALSE
$par
smooth_log_cases_lag0.bw smooth_log_cases_lag1.bw         time_ind_lag0.bw 
              -1.6769081                0.1591273               -1.2943600 

$value
[1] 421.5554

$counts
function gradient 
     112      112 

$convergence
[1] 52

$message
[1] "ERROR: ABNORMAL_TERMINATION_IN_LNSRCH"

> 
> save(ssr_fit,
+     file=paste0("/home/ngr67a/2015-cdc-flu-competition/fit-competition-ssr-ph", prediction_horizon_limit, "-", data_set, ".Rdata"))
> 
> proc.time()
    user   system  elapsed 
1585.739    0.924 2719.800 
