
R version 3.2.2 (2015-08-14) -- "Fire Safety"
Copyright (C) 2015 The R Foundation for Statistical Computing
Platform: x86_64-pc-linux-gnu (64-bit)

R is free software and comes with ABSOLUTELY NO WARRANTY.
You are welcome to redistribute it under certain conditions.
Type 'license()' or 'licence()' for distribution details.

  Natural language support but running in an English locale

R is a collaborative project with many contributors.
Type 'contributors()' for more information and
'citation()' on how to cite R or R packages in publications.

Type 'demo()' for some demos, 'help()' for on-line help, or
'help.start()' for an HTML browser interface to help.
Type 'q()' to quit R.

> ### get ssr fit -- prediction horizons 1:52
> library(lubridate)
> library(ggplot2)
> library(plyr)

Attaching package: ‘plyr’

The following object is masked from ‘package:lubridate’:

    here

> library(dplyr)

Attaching package: ‘dplyr’

The following objects are masked from ‘package:plyr’:

    arrange, count, desc, failwith, id, mutate, rename, summarise,
    summarize

The following objects are masked from ‘package:lubridate’:

    intersect, setdiff, union

The following objects are masked from ‘package:stats’:

    filter, lag

The following objects are masked from ‘package:base’:

    intersect, setdiff, setequal, union

> library(reshape)

Attaching package: ‘reshape’

The following object is masked from ‘package:dplyr’:

    rename

The following objects are masked from ‘package:plyr’:

    rename, round_any

The following object is masked from ‘package:lubridate’:

    stamp

> library(ssrFlu)
> library(doMC)
Loading required package: foreach
Loading required package: iterators
Loading required package: parallel
> 
> registerDoMC(cores=3)
> 
> args <- commandArgs(trailingOnly=TRUE)
> 
> data_set <- args[1]
> prediction_horizon_limit <- as.integer(args[2])
> 
> ## load dataset
> if(identical(data_set, "ili_national")) {
+     data <- ili_national
+ } 
> if(identical(data_set, "ili_region1")) {
+     data <- ili_region1
+ } 
> if(identical(data_set, "ili_region2")) {
+     data <- ili_region2
+ } 
> if(identical(data_set, "ili_region3")) {
+     data <- ili_region3
+ } 
> if(identical(data_set, "ili_region4")) {
+     data <- ili_region4
+ } 
> if(identical(data_set, "ili_region5")) {
+     data <- ili_region5
+ } 
> if(identical(data_set, "ili_region6")) {
+     data <- ili_region6
+ } 
> if(identical(data_set, "ili_region7")) {
+     data <- ili_region7
+ } 
> if(identical(data_set, "ili_region8")) {
+     data <- ili_region8
+ } 
> if(identical(data_set, "ili_region9")) {
+     data <- ili_region9
+ } 
> if(identical(data_set, "ili_region10")) {
+     data <- ili_region10
+ } 
> 
> 
> 
> ## add log column
> data$log_total_cases <- log(data$total_cases + 1)
> 
> ## add week_start_date
> char_dates <- paste(data$year, data$week, "1")
> data$week_start_date <- as.Date(char_dates, format="%Y %W %w")
> 
> ## remove week 53s
> data <- data[-which(is.na(data$week_start_date)),]
> data <- data[262:nrow(data),]
> 
> ## add smooth log column -- or not, since it is already pretty smooth...
> sm <- loess(log_total_cases ~ as.numeric(week_start_date), data=data, span= 26 / nrow(data))
> data$smooth_log_cases <- sm$fitted
> 
> ## add time column
> data$time_ind <- seq_len(nrow(data))
> 
> ssr_control <- create_ssr_control(X_names=c("smooth_log_cases", "time_ind"),
+     y_names="total_cases",
+     time_name=NULL,
+     max_lag=list(smooth_log_cases=1,
+         time_ind=0),
+     prediction_horizons=as.integer(prediction_horizon_limit),
+     kernel_fns=list(smooth_log_cases="squared_exp_kernel",
+         time_ind="periodic_kernel"),
+     theta_est=list(smooth_log_cases="bw",
+         time_ind="bw"),
+     theta_fixed=list(time_ind=list(period=pi / 52)),
+     theta_transform_fns=list(
+         squared_exp_kernel=list(
+             bw=list(transform="log",
+                 detransform="exp")
+         ),
+         periodic_kernel=list(
+             bw=list(transform="log",
+                 detransform="exp")
+         )
+     ),
+     crossval_buffer=52,
+     loss_fn_name="mae_from_kernel_weights_and_centers",
+     loss_fn_args=list())
> 
> 
> ssr_fit <- ssr(X_names=c("smooth_log_cases", "time_ind"),
+     y_names="total_cases",
+     time_name=NULL,
+     data=data,
+     ssr_control=ssr_control)
469.9226FALSE
548.4254FALSE
575.0897FALSE
575.0885FALSE
548.4217FALSE
469.9201FALSE
548.4292FALSE
575.0909FALSE
469.925FALSE
590.8706FALSE
559.7109FALSE
473.6253FALSE
590.9005FALSE
559.7381FALSE
473.6573FALSE
590.8406FALSE
559.6842FALSE
473.5934FALSE
575.0557FALSE
469.0959FALSE
548.1121FALSE
575.0547FALSE
469.0938FALSE
548.1112FALSE
575.0566FALSE
469.098FALSE
548.1131FALSE
575.1423FALSE
650.5636FALSE
548.1001FALSE
575.1453FALSE
650.589FALSE
548.1001FALSE
575.1393FALSE
650.5382FALSE
548.1001FALSE
469.0668FALSE
575.04FALSE
548.1001FALSE
469.0646FALSE
575.0401FALSE
548.1001FALSE
469.069FALSE
548.1001FALSE
575.0398FALSE
548.1001FALSE
469.0359FALSE
575.0395FALSE
548.1001FALSE
469.0335FALSE
575.0396FALSE
469.0382FALSE
548.1001FALSE
575.0394FALSE
544.5765FALSE
575.0433FALSE
548.1001FALSE
575.0425FALSE
544.7444FALSE
548.1001FALSE
575.044FALSE
544.4084FALSE
548.1001FALSE
$par
smooth_log_cases_lag0.bw 
                -2.13042 

$value
[1] 548.1001

$counts
function gradient 
       7        7 

$convergence
[1] 0

$message
[1] "CONVERGENCE: REL_REDUCTION_OF_F <= FACTR*EPSMCH"

575.0395FALSE
468.9387FALSE
575.0396FALSE
468.9365FALSE
575.0394FALSE
468.9408FALSE
575.0412FALSE
468.8649FALSE
575.0405FALSE
468.8643FALSE
575.0419FALSE
468.8654FALSE
575.0394FALSE
468.8522FALSE
575.0395FALSE
468.8525FALSE
575.0393FALSE
468.852FALSE
575.0432FALSE
468.8542FALSE
575.0425FALSE
468.8538FALSE
575.044FALSE
468.8546FALSE
575.0394FALSE
468.8513FALSE
575.0395FALSE
468.8515FALSE
575.0393FALSE
468.8509FALSE
575.0414FALSE
468.8508FALSE
575.0407FALSE
575.0421FALSE
468.8511FALSE
575.0393FALSE
468.851FALSE
575.0394FALSE
575.0393FALSE
468.8513FALSE
575.0403FALSE
468.8508FALSE
575.0397FALSE
468.8518FALSE
575.041FALSE
468.8508FALSE
575.0393FALSE
575.0394FALSE
468.8511FALSE
575.0392FALSE
468.851FALSE
575.0432FALSE
468.8507FALSE
575.0425FALSE
468.8511FALSE
575.044FALSE
468.8511FALSE
575.0393FALSE
468.8507FALSE
468.8511FALSE
575.0394FALSE
468.8511FALSE
$par
time_ind_lag0.bw 
       -1.780881 

$value
[1] 468.8507

$counts
function gradient 
      17       17 

$convergence
[1] 0

$message
[1] "CONVERGENCE: REL_REDUCTION_OF_F <= FACTR*EPSMCH"

575.0393FALSE
575.0393FALSE
575.0393FALSE
575.0397FALSE
575.0393FALSE
575.0394FALSE
575.0394FALSE
575.0393FALSE
575.0394FALSE
575.0394FALSE
575.0393FALSE
575.0394FALSE
575.0394FALSE
575.0393FALSE
575.0394FALSE
575.0394FALSE
575.0393FALSE
575.0394FALSE
575.0394FALSE
575.0393FALSE
575.0394FALSE
575.0394FALSE
575.0393FALSE
575.0394FALSE
575.0394FALSE
575.0393FALSE
575.0394FALSE
575.0394FALSE
575.0393FALSE
575.0394FALSE
575.0394FALSE
575.0393FALSE
575.0394FALSE
575.0394FALSE
575.0393FALSE
575.0394FALSE
575.0394FALSE
575.0393FALSE
575.0394FALSE
575.0394FALSE
575.0393FALSE
575.0394FALSE
575.0394FALSE
575.0393FALSE
575.0394FALSE
575.0394FALSE
575.0393FALSE
575.0394FALSE
575.0394FALSE
575.0393FALSE
575.0394FALSE
575.0394FALSE
575.0393FALSE
575.0394FALSE
575.0394FALSE
575.0393FALSE
575.0394FALSE
575.0394FALSE
575.0393FALSE
575.0394FALSE
575.0394FALSE
575.0393FALSE
575.0394FALSE
575.0394FALSE
575.0393FALSE
575.0394FALSE
575.0394FALSE
$par
smooth_log_cases_lag1.bw 
                -2.24911 

$value
[1] 575.0393

$counts
function gradient 
      40       40 

$convergence
[1] 0

$message
[1] "CONVERGENCE: REL_REDUCTION_OF_F <= FACTR*EPSMCH"

365.9252FALSE
388.5198FALSE
365.9221FALSE
388.5221FALSE
365.9283FALSE
388.5174FALSE
365.9234FALSE
388.5051FALSE
365.9269FALSE
388.5344FALSE
385.97FALSE
440.196FALSE
440.1822FALSE
386.009FALSE
440.2098FALSE
385.9311FALSE
440.3354FALSE
385.9977FALSE
440.0575FALSE
385.9424FALSE
387.3284FALSE
365.7279FALSE
387.3242FALSE
365.7264FALSE
387.3326FALSE
365.7293FALSE
387.3251FALSE
365.7271FALSE
387.3317FALSE
365.7286FALSE
387.0142FALSE
365.7023FALSE
387.0105FALSE
365.703FALSE
387.0179FALSE
365.7015FALSE
387.0123FALSE
365.7034FALSE
387.0162FALSE
365.7011FALSE
387.1473FALSE
365.6648FALSE
387.1497FALSE
365.6654FALSE
387.1448FALSE
365.6643FALSE
387.1557FALSE
365.6662FALSE
387.1393FALSE
365.6638FALSE
386.86FALSE
365.9371FALSE
386.8586FALSE
365.9351FALSE
386.8615FALSE
365.9391FALSE
386.8624FALSE
365.9328FALSE
386.8577FALSE
365.9413FALSE
386.8062FALSE
365.6754FALSE
386.8054FALSE
365.6737FALSE
386.8072FALSE
365.6771FALSE
386.8075FALSE
365.675FALSE
386.8051FALSE
365.6758FALSE
386.862FALSE
386.8645FALSE
365.665FALSE
386.8595FALSE
365.6645FALSE
386.8598FALSE
386.8642FALSE
365.6655FALSE
365.6649FALSE
386.8FALSE
365.6651FALSE
386.7993FALSE
365.6677FALSE
386.8007FALSE
365.6697FALSE
386.8009FALSE
365.6671FALSE
386.7991FALSE
365.6691FALSE
386.8325FALSE
365.6682FALSE
386.8349FALSE
365.6632FALSE
365.6638FALSE
386.8302FALSE
365.6637FALSE
386.8307FALSE
365.6646FALSE
386.8344FALSE
365.6632FALSE
386.7994FALSE
386.8009FALSE
365.6801FALSE
386.7985FALSE
365.6841FALSE
386.7987FALSE
365.6769FALSE
386.8001FALSE
365.6771FALSE
386.799FALSE
365.6843FALSE
386.799FALSE
365.663FALSE
386.7997FALSE
365.6635FALSE
386.7999FALSE
365.6635FALSE
386.7982FALSE
386.8287FALSE
365.6644FALSE
386.831FALSE
365.663FALSE
386.8264FALSE
365.6627FALSE
386.826FALSE
365.6633FALSE
365.6633FALSE
386.8314FALSE
365.6642FALSE
386.8FALSE
365.6628FALSE
386.8015FALSE
365.663FALSE
386.7984FALSE
365.6672FALSE
386.7992FALSE
365.6619FALSE
386.8008FALSE
365.6626FALSE
386.7982FALSE
365.6673FALSE
386.7997FALSE
365.662FALSE
386.7989FALSE
365.6624FALSE
386.7991FALSE
365.6626FALSE
386.7989FALSE
365.6634FALSE
386.798FALSE
365.662FALSE
386.7989FALSE
365.6617FALSE
386.7987FALSE
386.7988FALSE
365.6628FALSE
386.7981FALSE
365.6623FALSE
386.7974FALSE
365.663FALSE
386.7966FALSE
386.7982FALSE
365.6628FALSE
386.7981FALSE
365.6626FALSE
386.7968FALSE
365.6621FALSE
365.6632FALSE
386.797FALSE
365.6626FALSE
386.7969FALSE
365.6626FALSE
386.7977FALSE
365.6618FALSE
386.7976FALSE
365.6622FALSE
386.7964FALSE
365.6623FALSE
386.8164FALSE
365.663FALSE
386.8187FALSE
386.8141FALSE
365.6623FALSE
386.8138FALSE
365.6617FALSE
386.819FALSE
365.6627FALSE
386.7971FALSE
365.6623FALSE
386.7986FALSE
365.663FALSE
386.7967FALSE
365.6627FALSE
386.7965FALSE
365.6617FALSE
365.6628FALSE
386.7982FALSE
365.6623FALSE
386.7965FALSE
365.663FALSE
386.7976FALSE
365.6628FALSE
386.7973FALSE
365.6617FALSE
365.6628FALSE
386.7971FALSE
365.6623FALSE
386.7972FALSE
365.663FALSE
386.7966FALSE
365.6628FALSE
386.7975FALSE
365.6617FALSE
386.7973FALSE
365.6628FALSE
386.7972FALSE
365.6623FALSE
386.7971FALSE
365.663FALSE
386.7965FALSE
365.6628FALSE
386.7976FALSE
365.6617FALSE
386.7973FALSE
365.6628FALSE
386.7971FALSE
365.6623FALSE
386.7972FALSE
365.663FALSE
386.7965FALSE
365.6628FALSE
386.7976FALSE
365.6617FALSE
386.7973FALSE
365.6628FALSE
386.7971FALSE
365.6623FALSE
386.7972FALSE
365.663FALSE
386.7965FALSE
365.6628FALSE
386.7976FALSE
365.6617FALSE
386.7973FALSE
365.6628FALSE
386.7971FALSE
365.6623FALSE
386.7972FALSE
386.7965FALSE
365.663FALSE
365.6628FALSE
386.7976FALSE
365.6617FALSE
386.7973FALSE
365.6628FALSE
386.7971FALSE
386.7972FALSE
365.6623FALSE
386.7965FALSE
365.663FALSE
386.7976FALSE
365.6628FALSE
386.7973FALSE
365.6617FALSE
386.7971FALSE
365.6628FALSE
386.7972FALSE
365.6623FALSE
365.663FALSE
386.7965FALSE
386.7976FALSE
365.6628FALSE
386.7973FALSE
365.6617FALSE
386.7971FALSE
365.6628FALSE
386.7972FALSE
365.6623FALSE
386.7965FALSE
365.663FALSE
386.7976FALSE
365.6628FALSE
386.7973FALSE
365.6617FALSE
386.7971FALSE
386.7972FALSE
365.6628FALSE
386.7965FALSE
365.6623FALSE
386.7976FALSE
365.663FALSE
386.7973FALSE
386.7971FALSE
365.6628FALSE
386.7972FALSE
365.6617FALSE
365.6628FALSE
386.7965FALSE
365.6623FALSE
386.7976FALSE
365.663FALSE
386.7973FALSE
386.7971FALSE
365.6628FALSE
386.7972FALSE
365.6617FALSE
386.7965FALSE
365.6628FALSE
386.7976FALSE
365.6623FALSE
386.7973FALSE
365.663FALSE
386.7971FALSE
365.6628FALSE
386.7972FALSE
365.6617FALSE
386.7965FALSE
365.6628FALSE
386.7976FALSE
365.6623FALSE
386.7973FALSE
365.663FALSE
386.7971FALSE
365.6628FALSE
386.7972FALSE
365.6617FALSE
386.7965FALSE
365.6628FALSE
386.7976FALSE
365.6623FALSE
386.7973FALSE
365.663FALSE
386.7971FALSE
365.6628FALSE
386.7972FALSE
386.7965FALSE
365.6617FALSE
386.7976FALSE
365.6628FALSE
386.7973FALSE
365.6623FALSE
386.7971FALSE
365.663FALSE
386.7972FALSE
365.6628FALSE
386.7965FALSE
365.6617FALSE
386.7976FALSE
386.7973FALSE
365.6628FALSE
386.7971FALSE
365.6623FALSE
386.7972FALSE
365.663FALSE
386.7965FALSE
365.6628FALSE
386.7976FALSE
365.6617FALSE
386.7973FALSE
365.6628FALSE
386.7971FALSE
386.7972FALSE
365.6623FALSE
386.7965FALSE
365.663FALSE
386.7976FALSE
365.6628FALSE
$par
smooth_log_cases_lag0.bw         time_ind_lag0.bw 
               -2.183659                -1.734041 

$value
[1] 365.6617

$counts
function gradient 
      36       36 

$convergence
[1] 0

$message
[1] "CONVERGENCE: REL_REDUCTION_OF_F <= FACTR*EPSMCH"

386.7973FALSE
386.7971FALSE
386.7972FALSE
386.7965FALSE
386.7976FALSE
386.7973FALSE
386.7971FALSE
386.7972FALSE
$par
smooth_log_cases_lag1.bw         time_ind_lag0.bw 
               -2.190807                -1.561661 

$value
[1] 386.7965

$counts
function gradient 
      39       39 

$convergence
[1] 0

$message
[1] "CONVERGENCE: REL_REDUCTION_OF_F <= FACTR*EPSMCH"

468.8879FALSE
369.5922FALSE
468.8902FALSE
369.6062FALSE
468.8856FALSE
369.5783FALSE
471.5183FALSE
369.5809FALSE
471.515FALSE
471.5216FALSE
369.6035FALSE
468.9645FALSE
369.5753FALSE
468.9623FALSE
369.6092FALSE
468.967FALSE
379.4948FALSE
468.8509FALSE
379.4951FALSE
468.8509FALSE
379.4945FALSE
468.8513FALSE
379.515FALSE
468.8518FALSE
379.4745FALSE
468.8521FALSE
379.5468FALSE
468.8516FALSE
379.4441FALSE
468.8508FALSE
365.5872FALSE
468.8511FALSE
365.5958FALSE
468.851FALSE
468.8507FALSE
365.5787FALSE
468.8511FALSE
468.8511FALSE
365.5852FALSE
468.8507FALSE
365.5893FALSE
468.8511FALSE
365.5958FALSE
468.8511FALSE
365.5787FALSE
468.8507FALSE
364.2083FALSE
468.8511FALSE
364.2132FALSE
468.8511FALSE
364.2034FALSE
468.8507FALSE
468.8511FALSE
364.2092FALSE
468.8511FALSE
364.2075FALSE
468.8507FALSE
364.2158FALSE
468.8511FALSE
364.2009FALSE
364.097FALSE
468.8511FALSE
468.8507FALSE
364.0959FALSE
468.8511FALSE
364.0981FALSE
468.8511FALSE
364.0992FALSE
468.8507FALSE
364.0949FALSE
468.8511FALSE
364.09FALSE
468.8511FALSE
364.104FALSE
468.8507FALSE
468.8511FALSE
363.6863FALSE
468.8511FALSE
363.6863FALSE
468.8507FALSE
363.6864FALSE
468.8511FALSE
468.8511FALSE
363.6884FALSE
468.8507FALSE
363.6843FALSE
363.6839FALSE
468.8511FALSE
363.6888FALSE
468.8511FALSE
468.8507FALSE
363.5397FALSE
468.8511FALSE
363.5411FALSE
468.8511FALSE
363.5383FALSE
468.8507FALSE
363.5419FALSE
468.8511FALSE
468.8511FALSE
$par
time_ind_lag0.bw 
       -1.780881 

$value
[1] 468.8507

$counts
function gradient 
      18       18 

$convergence
[1] 0

$message
[1] "CONVERGENCE: REL_REDUCTION_OF_F <= FACTR*EPSMCH"

363.5375FALSE
363.5389FALSE
363.5405FALSE
362.9156FALSE
362.9223FALSE
362.9088FALSE
362.9159FALSE
362.9152FALSE
362.9175FALSE
362.9137FALSE
367.1592FALSE
367.1703FALSE
367.1481FALSE
367.1518FALSE
367.1666FALSE
367.1691FALSE
367.1492FALSE
362.9285FALSE
362.9359FALSE
362.9212FALSE
362.9249FALSE
362.9322FALSE
362.9364FALSE
362.9207FALSE
362.8754FALSE
362.8813FALSE
362.8695FALSE
362.873FALSE
362.8778FALSE
362.8794FALSE
362.8714FALSE
362.4545FALSE
362.4588FALSE
362.4502FALSE
362.4537FALSE
362.4558FALSE
362.4585FALSE
362.4505FALSE
361.7394FALSE
361.744FALSE
361.7347FALSE
361.7439FALSE
361.7348FALSE
361.7339FALSE
361.7448FALSE
360.9064FALSE
360.9105FALSE
360.9023FALSE
360.9107FALSE
360.902FALSE
360.898FALSE
360.9148FALSE
378.8509FALSE
378.8168FALSE
378.8849FALSE
378.8672FALSE
378.8345FALSE
378.8398FALSE
378.8619FALSE
360.4185FALSE
360.4194FALSE
360.4178FALSE
360.4205FALSE
360.4165FALSE
360.4093FALSE
360.4278FALSE
359.9407FALSE
359.9426FALSE
359.9388FALSE
359.9467FALSE
359.9347FALSE
359.937FALSE
359.945FALSE
359.508FALSE
359.5028FALSE
359.5133FALSE
359.5123FALSE
359.5037FALSE
359.5225FALSE
359.4935FALSE
359.6534FALSE
359.6558FALSE
359.6508FALSE
359.6608FALSE
359.6458FALSE
359.6513FALSE
359.6554FALSE
359.2887FALSE
359.2876FALSE
359.2897FALSE
359.3014FALSE
359.276FALSE
359.291FALSE
359.2864FALSE
359.7405FALSE
359.7384FALSE
359.7428FALSE
359.7447FALSE
359.7364FALSE
359.751FALSE
359.73FALSE
359.0524FALSE
359.0506FALSE
359.0545FALSE
359.056FALSE
359.0499FALSE
359.0635FALSE
359.0426FALSE
359.036FALSE
359.0393FALSE
359.0328FALSE
359.0386FALSE
359.0334FALSE
359.0346FALSE
359.0377FALSE
358.732FALSE
358.7361FALSE
358.7279FALSE
358.736FALSE
358.728FALSE
358.7301FALSE
358.7339FALSE
361.6539FALSE
361.6365FALSE
361.6713FALSE
361.6537FALSE
361.6541FALSE
361.6602FALSE
361.6476FALSE
358.6452FALSE
358.6446FALSE
358.6458FALSE
358.6497FALSE
358.6406FALSE
358.6402FALSE
358.6502FALSE
358.5738FALSE
358.5745FALSE
358.5752FALSE
358.5729FALSE
358.5747FALSE
358.577FALSE
358.5729FALSE
358.5906FALSE
358.5948FALSE
358.5864FALSE
358.5956FALSE
358.5856FALSE
358.5887FALSE
358.5924FALSE
358.5732FALSE
358.5758FALSE
358.571FALSE
358.5724FALSE
358.5741FALSE
358.5781FALSE
358.5687FALSE
358.9608FALSE
358.9614FALSE
358.9601FALSE
358.9679FALSE
358.9536FALSE
358.9489FALSE
358.9727FALSE
358.5712FALSE
358.5754FALSE
358.5686FALSE
358.5762FALSE
358.5678FALSE
358.5713FALSE
358.5749FALSE
358.5706FALSE
358.5737FALSE
358.5682FALSE
358.5698FALSE
358.5713FALSE
358.5751FALSE
358.5669FALSE
358.5831FALSE
358.5835FALSE
358.5828FALSE
358.588FALSE
358.5782FALSE
358.5775FALSE
358.5888FALSE
358.5683FALSE
358.5714FALSE
358.5673FALSE
358.5675FALSE
358.5691FALSE
358.5729FALSE
358.566FALSE
358.6474FALSE
358.6476FALSE
358.6472FALSE
358.6517FALSE
358.6431FALSE
358.6419FALSE
358.6529FALSE
358.5669FALSE
358.5711FALSE
358.5662FALSE
358.5721FALSE
358.5672FALSE
358.571FALSE
358.5718FALSE
358.5675FALSE
358.5706FALSE
358.5669FALSE
358.5692FALSE
358.5683FALSE
358.5721FALSE
358.5683FALSE
358.5665FALSE
358.5686FALSE
358.5672FALSE
358.5675FALSE
358.5675FALSE
358.5701FALSE
358.5683FALSE
358.5666FALSE
358.5672FALSE
358.5673FALSE
358.568FALSE
358.5676FALSE
358.5687FALSE
358.5688FALSE
358.5665FALSE
358.5684FALSE
358.5672FALSE
358.5676FALSE
358.5675FALSE
358.5698FALSE
358.5684FALSE
358.5665FALSE
358.5686FALSE
358.5672FALSE
358.5675FALSE
358.5675FALSE
358.57FALSE
358.5683FALSE
358.5665FALSE
358.5686FALSE
358.5672FALSE
358.5675FALSE
358.5675FALSE
358.5701FALSE
358.5683FALSE
358.5665FALSE
358.5686FALSE
358.5672FALSE
358.5675FALSE
358.5675FALSE
358.5701FALSE
358.5683FALSE
358.5665FALSE
358.5686FALSE
358.5672FALSE
358.5675FALSE
358.5675FALSE
358.5701FALSE
358.5683FALSE
358.5665FALSE
358.5686FALSE
358.5672FALSE
358.5675FALSE
358.5675FALSE
358.5701FALSE
358.5683FALSE
358.5665FALSE
358.5686FALSE
358.5672FALSE
358.5675FALSE
358.5675FALSE
358.5701FALSE
358.5683FALSE
358.5665FALSE
358.5686FALSE
358.5672FALSE
358.5675FALSE
358.5675FALSE
358.5701FALSE
358.5683FALSE
358.5665FALSE
358.5686FALSE
358.5672FALSE
358.5675FALSE
358.5675FALSE
358.5701FALSE
358.5683FALSE
358.5665FALSE
358.5686FALSE
358.5672FALSE
358.5675FALSE
358.5675FALSE
358.5701FALSE
358.5683FALSE
358.5665FALSE
358.5686FALSE
358.5672FALSE
358.5675FALSE
358.5675FALSE
358.5701FALSE
358.5683FALSE
358.5665FALSE
358.5686FALSE
358.5672FALSE
358.5675FALSE
358.5675FALSE
358.5701FALSE
358.5683FALSE
358.5665FALSE
358.5686FALSE
358.5672FALSE
358.5675FALSE
358.5675FALSE
358.5701FALSE
358.5683FALSE
358.5665FALSE
358.5686FALSE
358.5672FALSE
358.5675FALSE
358.5675FALSE
358.5701FALSE
358.5683FALSE
358.5665FALSE
358.5686FALSE
358.5672FALSE
358.5675FALSE
358.5675FALSE
358.5701FALSE
358.5683FALSE
358.5665FALSE
358.5686FALSE
358.5672FALSE
358.5675FALSE
358.5675FALSE
358.5701FALSE
358.5683FALSE
358.5665FALSE
358.5686FALSE
358.5672FALSE
358.5675FALSE
358.5675FALSE
358.5701FALSE
358.5683FALSE
358.5665FALSE
358.5686FALSE
358.5672FALSE
358.5675FALSE
358.5675FALSE
358.5701FALSE
358.5683FALSE
$par
smooth_log_cases_lag0.bw smooth_log_cases_lag1.bw         time_ind_lag0.bw 
               -3.755355                -2.515456                -1.424558 

$value
[1] 358.5665

$counts
function gradient 
      57       57 

$convergence
[1] 0

$message
[1] "CONVERGENCE: REL_REDUCTION_OF_F <= FACTR*EPSMCH"

470.7729FALSE
390.9166FALSE
470.7691FALSE
390.9009FALSE
470.7766FALSE
390.9323FALSE
469.8785FALSE
390.9431FALSE
469.8871FALSE
390.8901FALSE
469.8699FALSE
399.6593FALSE
469.6739FALSE
399.6698FALSE
469.6719FALSE
399.6488FALSE
469.6759FALSE
399.6431FALSE
468.9342FALSE
399.6755FALSE
468.9322FALSE
387.565FALSE
468.9364FALSE
578.2144FALSE
387.5605FALSE
578.3571FALSE
387.5696FALSE
578.0716FALSE
387.5614FALSE
468.9025FALSE
387.5689FALSE
468.9004FALSE
387.331FALSE
468.9046FALSE
387.3269FALSE
468.8726FALSE
387.3352FALSE
468.8719FALSE
387.3285FALSE
468.8743FALSE
387.3336FALSE
474.5719FALSE
387.2101FALSE
474.6102FALSE
387.216FALSE
474.5343FALSE
387.2041FALSE
468.8827FALSE
387.2081FALSE
468.885FALSE
387.2121FALSE
468.8804FALSE
386.8117FALSE
468.8515FALSE
386.8131FALSE
468.851FALSE
386.8104FALSE
468.852FALSE
386.8096FALSE
468.8602FALSE
468.861FALSE
386.8139FALSE
386.8186FALSE
468.8593FALSE
468.8525FALSE
386.8165FALSE
468.8527FALSE
386.8206FALSE
468.8522FALSE
386.8194FALSE
468.8508FALSE
386.8177FALSE
386.8052FALSE
468.8511FALSE
468.8509FALSE
386.8042FALSE
468.8507FALSE
386.8064FALSE
468.851FALSE
386.805FALSE
468.8511FALSE
386.8055FALSE
468.8507FALSE
386.799FALSE
468.8511FALSE
386.7983FALSE
468.8511FALSE
386.7997FALSE
468.8507FALSE
386.7998FALSE
468.851FALSE
386.7982FALSE
468.8511FALSE
386.7973FALSE
468.8507FALSE
386.7989FALSE
468.851FALSE
386.7968FALSE
468.8511FALSE
386.7967FALSE
468.8507FALSE
386.7983FALSE
468.851FALSE
468.8511FALSE
386.7974FALSE
468.8507FALSE
386.7973FALSE
468.851FALSE
468.8511FALSE
386.7981FALSE
468.8507FALSE
386.7982FALSE
468.851FALSE
386.7966FALSE
468.8511FALSE
386.7966FALSE
468.8507FALSE
386.7981FALSE
468.851FALSE
386.7973FALSE
386.7974FALSE
468.8511FALSE
468.8507FALSE
386.7975FALSE
468.851FALSE
386.7967FALSE
386.7972FALSE
468.8511FALSE
386.7975FALSE
468.8507FALSE
386.7972FALSE
468.851FALSE
468.8511FALSE
386.7968FALSE
468.8507FALSE
386.7965FALSE
468.851FALSE
386.7977FALSE
468.8511FALSE
468.8507FALSE
386.7973FALSE
468.851FALSE
386.7971FALSE
468.8511FALSE
386.7972FALSE
468.8507FALSE
386.7967FALSE
468.851FALSE
386.7973FALSE
468.8511FALSE
386.7974FALSE
468.8507FALSE
386.7973FALSE
468.851FALSE
386.7969FALSE
468.8511FALSE
468.8507FALSE
386.7965FALSE
468.851FALSE
386.7977FALSE
468.8511FALSE
386.7973FALSE
468.8507FALSE
386.7971FALSE
468.851FALSE
386.7972FALSE
468.8511FALSE
$par
time_ind_lag0.bw 
       -1.781001 

$value
[1] 468.8507

$counts
function gradient 
      29       29 

$convergence
[1] 0

$message
[1] "CONVERGENCE: REL_REDUCTION_OF_F <= FACTR*EPSMCH"

386.7965FALSE
386.7977FALSE
386.7973FALSE
386.7971FALSE
386.7972FALSE
386.7965FALSE
386.7977FALSE
386.7973FALSE
386.7971FALSE
386.7972FALSE
386.7965FALSE
386.7977FALSE
386.7973FALSE
386.7971FALSE
386.7972FALSE
386.7965FALSE
386.7977FALSE
386.7973FALSE
386.7971FALSE
386.7972FALSE
386.7965FALSE
386.7977FALSE
386.7973FALSE
386.7971FALSE
386.7972FALSE
386.7965FALSE
386.7977FALSE
386.7973FALSE
386.7971FALSE
386.7972FALSE
386.7965FALSE
386.7977FALSE
386.7973FALSE
386.7971FALSE
386.7972FALSE
386.7965FALSE
386.7977FALSE
386.7973FALSE
386.7971FALSE
386.7972FALSE
386.7965FALSE
386.7977FALSE
386.7973FALSE
386.7971FALSE
386.7972FALSE
386.7965FALSE
386.7977FALSE
386.7973FALSE
386.7971FALSE
386.7972FALSE
386.7965FALSE
386.7977FALSE
386.7973FALSE
386.7971FALSE
386.7972FALSE
386.7965FALSE
386.7977FALSE
386.7973FALSE
386.7971FALSE
386.7972FALSE
386.7965FALSE
386.7977FALSE
386.7973FALSE
386.7971FALSE
386.7972FALSE
386.7965FALSE
386.7977FALSE
386.7973FALSE
386.7971FALSE
386.7972FALSE
386.7965FALSE
386.7977FALSE
386.7973FALSE
386.7971FALSE
386.7972FALSE
386.7965FALSE
386.7977FALSE
386.7973FALSE
386.7971FALSE
386.7972FALSE
386.7965FALSE
386.7977FALSE
386.7973FALSE
386.7971FALSE
386.7972FALSE
386.7965FALSE
386.7977FALSE
386.7973FALSE
386.7971FALSE
386.7972FALSE
388.0587FALSE
388.0505FALSE
388.067FALSE
388.0681FALSE
388.0498FALSE
386.7996FALSE
386.7988FALSE
386.8004FALSE
386.8003FALSE
386.7989FALSE
386.7966FALSE
386.7974FALSE
386.7974FALSE
386.7973FALSE
386.797FALSE
386.7965FALSE
386.7977FALSE
386.7973FALSE
386.7971FALSE
386.7972FALSE
386.7965FALSE
386.7977FALSE
386.7973FALSE
386.7971FALSE
386.7972FALSE
386.7965FALSE
386.7977FALSE
386.7973FALSE
386.7971FALSE
386.7972FALSE
386.7965FALSE
386.7977FALSE
386.7973FALSE
386.7971FALSE
386.7972FALSE
386.7965FALSE
386.7977FALSE
386.7973FALSE
386.7971FALSE
386.7972FALSE
386.7965FALSE
386.7977FALSE
386.7973FALSE
386.7971FALSE
386.7972FALSE
386.7965FALSE
386.7977FALSE
386.7973FALSE
386.7971FALSE
386.7972FALSE
386.7965FALSE
386.7977FALSE
386.7973FALSE
386.7971FALSE
386.7972FALSE
386.7965FALSE
386.7977FALSE
386.7973FALSE
386.7971FALSE
386.7972FALSE
386.7965FALSE
386.7977FALSE
386.7973FALSE
386.7971FALSE
386.7972FALSE
386.7965FALSE
386.7977FALSE
386.7973FALSE
386.7971FALSE
386.7972FALSE
386.7965FALSE
386.7977FALSE
386.7973FALSE
386.7971FALSE
386.7972FALSE
386.7965FALSE
386.7977FALSE
386.7973FALSE
386.7971FALSE
386.7972FALSE
386.7965FALSE
386.7977FALSE
386.7973FALSE
386.7971FALSE
386.7972FALSE
386.7965FALSE
386.7977FALSE
386.7973FALSE
386.7971FALSE
386.7972FALSE
386.7965FALSE
386.7977FALSE
386.7973FALSE
386.7971FALSE
386.7972FALSE
386.7965FALSE
386.7977FALSE
386.7973FALSE
386.7971FALSE
386.7972FALSE
$par
smooth_log_cases_lag1.bw         time_ind_lag0.bw 
               -2.190526                -1.561327 

$value
[1] 386.7965

$counts
function gradient 
      54       54 

$convergence
[1] 52

$message
[1] "ERROR: ABNORMAL_TERMINATION_IN_LNSRCH"

> 
> save(ssr_fit,
+     file=paste0("/home/ngr67a/2015-cdc-flu-competition/fit-competition-ssr-ph", prediction_horizon_limit, "-", data_set, ".Rdata"))
> 
> proc.time()
    user   system  elapsed 
3033.957    1.500 2732.574 
