
R version 3.2.2 (2015-08-14) -- "Fire Safety"
Copyright (C) 2015 The R Foundation for Statistical Computing
Platform: x86_64-pc-linux-gnu (64-bit)

R is free software and comes with ABSOLUTELY NO WARRANTY.
You are welcome to redistribute it under certain conditions.
Type 'license()' or 'licence()' for distribution details.

  Natural language support but running in an English locale

R is a collaborative project with many contributors.
Type 'contributors()' for more information and
'citation()' on how to cite R or R packages in publications.

Type 'demo()' for some demos, 'help()' for on-line help, or
'help.start()' for an HTML browser interface to help.
Type 'q()' to quit R.

> ### get ssr fit -- prediction horizons 1:52
> library(lubridate)
> library(ggplot2)
> library(plyr)

Attaching package: ‘plyr’

The following object is masked from ‘package:lubridate’:

    here

> library(dplyr)

Attaching package: ‘dplyr’

The following objects are masked from ‘package:plyr’:

    arrange, count, desc, failwith, id, mutate, rename, summarise,
    summarize

The following objects are masked from ‘package:lubridate’:

    intersect, setdiff, union

The following objects are masked from ‘package:stats’:

    filter, lag

The following objects are masked from ‘package:base’:

    intersect, setdiff, setequal, union

> library(reshape)

Attaching package: ‘reshape’

The following object is masked from ‘package:dplyr’:

    rename

The following objects are masked from ‘package:plyr’:

    rename, round_any

The following object is masked from ‘package:lubridate’:

    stamp

> library(ssrFlu)
> library(doMC)
Loading required package: foreach
Loading required package: iterators
Loading required package: parallel
> 
> registerDoMC(cores=3)
> 
> args <- commandArgs(trailingOnly=TRUE)
> 
> data_set <- args[1]
> prediction_horizon_limit <- as.integer(args[2])
> 
> ## load dataset
> if(identical(data_set, "ili_national")) {
+     data <- ili_national
+ } 
> if(identical(data_set, "ili_region1")) {
+     data <- ili_region1
+ } 
> if(identical(data_set, "ili_region2")) {
+     data <- ili_region2
+ } 
> if(identical(data_set, "ili_region3")) {
+     data <- ili_region3
+ } 
> if(identical(data_set, "ili_region4")) {
+     data <- ili_region4
+ } 
> if(identical(data_set, "ili_region5")) {
+     data <- ili_region5
+ } 
> if(identical(data_set, "ili_region6")) {
+     data <- ili_region6
+ } 
> if(identical(data_set, "ili_region7")) {
+     data <- ili_region7
+ } 
> if(identical(data_set, "ili_region8")) {
+     data <- ili_region8
+ } 
> if(identical(data_set, "ili_region9")) {
+     data <- ili_region9
+ } 
> if(identical(data_set, "ili_region10")) {
+     data <- ili_region10
+ } 
> 
> 
> 
> ## add log column
> data$log_total_cases <- log(data$total_cases + 1)
> 
> ## add week_start_date
> char_dates <- paste(data$year, data$week, "1")
> data$week_start_date <- as.Date(char_dates, format="%Y %W %w")
> 
> ## remove week 53s
> data <- data[-which(is.na(data$week_start_date)),]
> data <- data[262:nrow(data),]
> 
> ## add smooth log column -- or not, since it is already pretty smooth...
> sm <- loess(log_total_cases ~ as.numeric(week_start_date), data=data, span= 26 / nrow(data))
> data$smooth_log_cases <- sm$fitted
> 
> ## add time column
> data$time_ind <- seq_len(nrow(data))
> 
> ssr_control <- create_ssr_control(X_names=c("smooth_log_cases", "time_ind"),
+     y_names="total_cases",
+     time_name=NULL,
+     max_lag=list(smooth_log_cases=1,
+         time_ind=0),
+     prediction_horizons=as.integer(prediction_horizon_limit),
+     kernel_fns=list(smooth_log_cases="squared_exp_kernel",
+         time_ind="periodic_kernel"),
+     theta_est=list(smooth_log_cases="bw",
+         time_ind="bw"),
+     theta_fixed=list(time_ind=list(period=pi / 52)),
+     theta_transform_fns=list(
+         squared_exp_kernel=list(
+             bw=list(transform="log",
+                 detransform="exp")
+         ),
+         periodic_kernel=list(
+             bw=list(transform="log",
+                 detransform="exp")
+         )
+     ),
+     crossval_buffer=52,
+     loss_fn_name="mae_from_kernel_weights_and_centers",
+     loss_fn_args=list())
> 
> 
> ssr_fit <- ssr(X_names=c("smooth_log_cases", "time_ind"),
+     y_names="total_cases",
+     time_name=NULL,
+     data=data,
+     ssr_control=ssr_control)
561.9348FALSE
476.022FALSE
530.3758FALSE
561.931FALSE
530.3766FALSE
476.0217FALSE
561.9387FALSE
530.3749FALSE
476.0222FALSE
529.4877FALSE
575.5278FALSE
481.5662FALSE
529.486FALSE
575.5737FALSE
481.5995FALSE
575.4819FALSE
529.4893FALSE
481.533FALSE
561.3771FALSE
475.8392FALSE
530.1675FALSE
561.3749FALSE
530.1684FALSE
475.8375FALSE
561.3793FALSE
530.1667FALSE
475.8408FALSE
561.7217FALSE
529.4188FALSE
475.8985FALSE
561.7276FALSE
529.4188FALSE
475.901FALSE
561.7159FALSE
529.4188FALSE
561.2676FALSE
475.8959FALSE
529.419FALSE
561.2674FALSE
475.7336FALSE
529.4191FALSE
561.2679FALSE
475.7337FALSE
529.419FALSE
561.2661FALSE
475.7334FALSE
529.4188FALSE
561.2671FALSE
475.8382FALSE
529.4188FALSE
475.8365FALSE
561.2657FALSE
529.4188FALSE
475.8398FALSE
561.2669FALSE
529.4188FALSE
475.7325FALSE
561.2667FALSE
475.7326FALSE
529.4188FALSE
561.2672FALSE
475.7323FALSE
529.4188FALSE
561.2794FALSE
475.7326FALSE
529.4188FALSE
561.2804FALSE
475.7325FALSE
529.4188FALSE
561.2783FALSE
475.7326FALSE
529.4188FALSE
$par
smooth_log_cases_lag0.bw 
               -3.184099 

$value
[1] 529.4188

$counts
function gradient 
       8        8 

$convergence
[1] 0

$message
[1] "CONVERGENCE: REL_REDUCTION_OF_F <= FACTR*EPSMCH"

561.2665FALSE
475.732FALSE
561.2663FALSE
475.7321FALSE
561.2667FALSE
475.7321FALSE
561.2793FALSE
475.732FALSE
561.2803FALSE
475.7322FALSE
561.2782FALSE
475.7321FALSE
561.2662FALSE
475.732FALSE
561.266FALSE
561.2664FALSE
475.7321FALSE
561.2732FALSE
475.7321FALSE
561.2742FALSE
475.732FALSE
561.2722FALSE
475.7321FALSE
561.2661FALSE
475.7321FALSE
$par
time_ind_lag0.bw 
       -1.926449 

$value
[1] 475.732

$counts
function gradient 
      12       12 

$convergence
[1] 0

$message
[1] "CONVERGENCE: REL_REDUCTION_OF_F <= FACTR*EPSMCH"

561.2659FALSE
561.2662FALSE
561.2792FALSE
561.2802FALSE
561.2781FALSE
561.2659FALSE
561.2657FALSE
561.2661FALSE
561.2738FALSE
561.2748FALSE
561.2728FALSE
561.2658FALSE
561.2657FALSE
561.266FALSE
561.2706FALSE
561.2715FALSE
561.2696FALSE
561.2658FALSE
561.2659FALSE
561.2659FALSE
561.2657FALSE
561.2662FALSE
561.2659FALSE
561.2658FALSE
561.2659FALSE
561.2659FALSE
561.2658FALSE
561.2659FALSE
561.2659FALSE
$par
smooth_log_cases_lag1.bw 
               -2.038885 

$value
[1] 561.2658

$counts
function gradient 
      22       22 

$convergence
[1] 0

$message
[1] "CONVERGENCE: REL_REDUCTION_OF_F <= FACTR*EPSMCH"

410.7531FALSE
391.2583FALSE
391.2612FALSE
410.7442FALSE
410.7621FALSE
391.2553FALSE
410.745FALSE
391.2504FALSE
391.2661FALSE
410.7612FALSE
412.2373FALSE
397.067FALSE
412.2551FALSE
397.0702FALSE
412.2195FALSE
397.1279FALSE
412.2548FALSE
397.0093FALSE
412.2201FALSE
386.4339FALSE
406.7986FALSE
386.4346FALSE
406.7976FALSE
386.4332FALSE
406.7995FALSE
386.4214FALSE
406.7943FALSE
386.4464FALSE
406.8027FALSE
385.6337FALSE
407.6221FALSE
385.6336FALSE
407.6308FALSE
385.6338FALSE
407.6134FALSE
385.6334FALSE
407.6337FALSE
385.634FALSE
407.6104FALSE
385.63FALSE
406.3482FALSE
385.63FALSE
385.63FALSE
406.3486FALSE
385.6301FALSE
406.3478FALSE
385.63FALSE
406.3449FALSE
385.6298FALSE
406.3519FALSE
385.6298FALSE
427.0692FALSE
385.6297FALSE
427.0727FALSE
385.6298FALSE
427.0657FALSE
385.6297FALSE
427.1641FALSE
385.6309FALSE
426.9743FALSE
385.6309FALSE
406.2871FALSE
385.6309FALSE
385.6304FALSE
406.2884FALSE
385.6314FALSE
406.2858FALSE
385.6292FALSE
406.2874FALSE
385.6293FALSE
406.2868FALSE
385.6292FALSE
406.2718FALSE
385.6294FALSE
406.2718FALSE
385.6291FALSE
406.2719FALSE
385.629FALSE
406.2732FALSE
385.629FALSE
406.2705FALSE
385.629FALSE
406.2692FALSE
385.6291FALSE
406.2698FALSE
385.6288FALSE
385.6288FALSE
406.2687FALSE
385.6289FALSE
406.2683FALSE
385.6288FALSE
406.2701FALSE
385.629FALSE
406.266FALSE
385.6287FALSE
385.6295FALSE
406.2663FALSE
385.6294FALSE
406.2657FALSE
385.6295FALSE
406.2655FALSE
385.6289FALSE
406.2665FALSE
385.6299FALSE
406.2648FALSE
385.6287FALSE
406.2646FALSE
385.6288FALSE
406.265FALSE
385.6287FALSE
406.2651FALSE
385.6289FALSE
406.2645FALSE
385.6287FALSE
406.2639FALSE
385.6287FALSE
406.2642FALSE
385.6287FALSE
406.2639FALSE
385.6287FALSE
406.2641FALSE
385.6289FALSE
385.6288FALSE
406.2645FALSE
385.6983FALSE
406.2641FALSE
385.6971FALSE
406.2639FALSE
385.6996FALSE
406.2644FALSE
385.6947FALSE
406.2645FALSE
385.7024FALSE
406.2639FALSE
385.6294FALSE
406.2638FALSE
385.6293FALSE
406.2641FALSE
385.6294FALSE
406.264FALSE
385.6289FALSE
406.2642FALSE
385.6299FALSE
406.2644FALSE
385.6287FALSE
385.6287FALSE
406.2639FALSE
385.6286FALSE
406.2639FALSE
385.6288FALSE
406.2641FALSE
385.6289FALSE
406.2643FALSE
385.6285FALSE
406.2642FALSE
385.6285FALSE
406.2638FALSE
385.6285FALSE
406.2641FALSE
385.6283FALSE
406.264FALSE
385.6291FALSE
406.2642FALSE
385.6294FALSE
406.2644FALSE
385.6287FALSE
406.2638FALSE
385.6301FALSE
406.2641FALSE
385.63FALSE
406.264FALSE
385.6294FALSE
406.2642FALSE
385.6278FALSE
385.6279FALSE
406.2644FALSE
385.6277FALSE
406.2638FALSE
385.6272FALSE
406.264FALSE
385.6284FALSE
406.2641FALSE
385.628FALSE
406.2642FALSE
385.6278FALSE
406.2643FALSE
385.6282FALSE
406.2638FALSE
385.6274FALSE
406.2641FALSE
385.6286FALSE
406.264FALSE
385.6276FALSE
406.2642FALSE
385.6277FALSE
385.6276FALSE
406.2644FALSE
385.627FALSE
406.2638FALSE
385.6282FALSE
406.2641FALSE
385.6276FALSE
406.264FALSE
385.6277FALSE
406.2642FALSE
385.6277FALSE
406.2644FALSE
385.6269FALSE
406.2638FALSE
385.6282FALSE
406.2641FALSE
385.64FALSE
406.264FALSE
385.6388FALSE
406.2642FALSE
385.6411FALSE
406.2644FALSE
385.6404FALSE
406.2641FALSE
385.6395FALSE
406.2639FALSE
385.6276FALSE
385.6276FALSE
406.2643FALSE
385.6278FALSE
406.2645FALSE
385.627FALSE
406.2639FALSE
385.6281FALSE
406.2638FALSE
385.6275FALSE
406.2641FALSE
385.6276FALSE
406.264FALSE
385.6277FALSE
406.2642FALSE
385.6269FALSE
406.2643FALSE
385.6281FALSE
406.2638FALSE
385.6271FALSE
406.2641FALSE
385.6272FALSE
406.264FALSE
385.6273FALSE
385.6269FALSE
406.2642FALSE
385.6277FALSE
406.2644FALSE
385.6269FALSE
406.2638FALSE
385.6271FALSE
406.2641FALSE
385.627FALSE
406.264FALSE
385.627FALSE
406.2642FALSE
385.6269FALSE
406.2644FALSE
385.6269FALSE
406.2638FALSE
385.6271FALSE
406.2641FALSE
385.627FALSE
406.264FALSE
385.627FALSE
406.2642FALSE
385.6269FALSE
406.2644FALSE
385.6269FALSE
385.627FALSE
406.2638FALSE
385.627FALSE
406.2641FALSE
385.627FALSE
406.264FALSE
385.627FALSE
406.2642FALSE
385.6269FALSE
406.2644FALSE
385.627FALSE
406.2638FALSE
385.627FALSE
406.2641FALSE
385.627FALSE
406.264FALSE
385.627FALSE
406.2642FALSE
385.6269FALSE
406.2644FALSE
385.6271FALSE
406.2638FALSE
385.627FALSE
406.2641FALSE
385.627FALSE
385.6269FALSE
406.264FALSE
385.6269FALSE
406.2642FALSE
385.6271FALSE
406.2644FALSE
385.627FALSE
406.2638FALSE
385.627FALSE
406.2641FALSE
385.6269FALSE
406.264FALSE
385.6269FALSE
406.2642FALSE
385.6271FALSE
406.2644FALSE
385.627FALSE
406.2638FALSE
385.627FALSE
406.2641FALSE
385.6269FALSE
406.264FALSE
385.6269FALSE
406.2642FALSE
385.6271FALSE
406.2644FALSE
385.627FALSE
406.2638FALSE
385.627FALSE
406.2641FALSE
385.6269FALSE
406.264FALSE
385.6269FALSE
406.2642FALSE
385.6271FALSE
406.2644FALSE
385.627FALSE
406.2638FALSE
385.627FALSE
406.2641FALSE
385.6269FALSE
406.264FALSE
385.6269FALSE
406.2642FALSE
385.6271FALSE
406.2644FALSE
385.627FALSE
406.2638FALSE
385.627FALSE
406.2641FALSE
385.6269FALSE
406.264FALSE
385.6269FALSE
406.2642FALSE
385.6271FALSE
406.2644FALSE
$par
smooth_log_cases_lag1.bw         time_ind_lag0.bw 
               -1.966165                -1.447703 

$value
[1] 406.2638

$counts
function gradient 
      34       34 

$convergence
[1] 0

$message
[1] "CONVERGENCE: REL_REDUCTION_OF_F <= FACTR*EPSMCH"

385.627FALSE
385.627FALSE
385.6269FALSE
385.6269FALSE
385.6271FALSE
385.627FALSE
385.627FALSE
385.6269FALSE
385.6269FALSE
385.6271FALSE
385.627FALSE
385.627FALSE
385.6269FALSE
385.6269FALSE
385.6271FALSE
385.627FALSE
385.627FALSE
385.6269FALSE
385.6269FALSE
385.6271FALSE
385.627FALSE
385.627FALSE
385.6269FALSE
385.6269FALSE
385.6271FALSE
385.627FALSE
385.627FALSE
385.6269FALSE
385.6269FALSE
385.6271FALSE
385.627FALSE
385.627FALSE
385.6269FALSE
385.6269FALSE
385.6271FALSE
385.627FALSE
385.627FALSE
385.6269FALSE
385.6269FALSE
385.6271FALSE
385.627FALSE
385.627FALSE
385.6269FALSE
385.6269FALSE
385.6271FALSE
385.627FALSE
385.627FALSE
385.6269FALSE
385.6269FALSE
385.6271FALSE
385.627FALSE
385.627FALSE
385.6269FALSE
385.6269FALSE
385.6271FALSE
385.627FALSE
385.627FALSE
385.6269FALSE
385.6657FALSE
385.6646FALSE
385.6668FALSE
385.6632FALSE
385.6682FALSE
385.627FALSE
385.6269FALSE
385.6272FALSE
385.627FALSE
385.6275FALSE
385.6269FALSE
385.627FALSE
385.627FALSE
385.627FALSE
385.6271FALSE
385.6269FALSE
385.627FALSE
385.627FALSE
385.627FALSE
385.627FALSE
385.6269FALSE
385.627FALSE
385.627FALSE
385.627FALSE
385.627FALSE
385.6269FALSE
385.627FALSE
385.627FALSE
385.627FALSE
385.627FALSE
385.6269FALSE
385.627FALSE
385.627FALSE
385.627FALSE
385.627FALSE
385.6269FALSE
385.627FALSE
385.627FALSE
385.627FALSE
385.627FALSE
385.6269FALSE
385.627FALSE
385.627FALSE
385.627FALSE
385.627FALSE
385.6269FALSE
385.627FALSE
385.627FALSE
385.627FALSE
385.627FALSE
385.6269FALSE
385.627FALSE
385.627FALSE
385.627FALSE
385.627FALSE
385.6269FALSE
385.627FALSE
385.627FALSE
385.627FALSE
385.627FALSE
385.6269FALSE
385.627FALSE
385.627FALSE
385.627FALSE
385.627FALSE
385.6269FALSE
385.627FALSE
385.627FALSE
385.627FALSE
385.627FALSE
385.6269FALSE
385.627FALSE
385.627FALSE
385.627FALSE
385.627FALSE
385.6269FALSE
385.627FALSE
385.627FALSE
385.627FALSE
385.627FALSE
385.6269FALSE
385.627FALSE
385.627FALSE
385.627FALSE
385.627FALSE
385.6269FALSE
385.627FALSE
385.627FALSE
385.627FALSE
385.627FALSE
385.6269FALSE
385.627FALSE
385.627FALSE
385.627FALSE
385.627FALSE
385.6269FALSE
385.627FALSE
385.627FALSE
385.627FALSE
385.627FALSE
385.6269FALSE
385.627FALSE
385.627FALSE
385.627FALSE
385.627FALSE
$par
smooth_log_cases_lag0.bw         time_ind_lag0.bw 
               -2.515502                -1.391700 

$value
[1] 385.6269

$counts
function gradient 
      69       69 

$convergence
[1] 0

$message
[1] "CONVERGENCE: REL_REDUCTION_OF_F <= FACTR*EPSMCH"

479.2548FALSE
387.0257FALSE
479.2746FALSE
387.04FALSE
479.2349FALSE
387.0113FALSE
476.019FALSE
387.0212FALSE
476.0192FALSE
387.0302FALSE
476.0189FALSE
476.0176FALSE
387.0145FALSE
476.0178FALSE
387.0368FALSE
476.0173FALSE
396.4679FALSE
476.0219FALSE
396.4719FALSE
476.0214FALSE
396.4638FALSE
476.0224FALSE
396.4886FALSE
476.0155FALSE
476.0157FALSE
396.4471FALSE
476.0154FALSE
396.533FALSE
476.0152FALSE
396.4028FALSE
476.0152FALSE
383.1727FALSE
476.0151FALSE
383.1835FALSE
476.0179FALSE
476.0175FALSE
383.1618FALSE
476.0183FALSE
383.177FALSE
476.0151FALSE
383.1683FALSE
476.0152FALSE
383.1825FALSE
476.0152FALSE
383.1629FALSE
476.0151FALSE
476.0152FALSE
380.409FALSE
476.0152FALSE
380.4164FALSE
476.0151FALSE
380.4015FALSE
476.0152FALSE
380.418FALSE
476.0152FALSE
380.4FALSE
476.0151FALSE
380.4182FALSE
476.0152FALSE
380.4FALSE
476.0152FALSE
387.0942FALSE
476.0151FALSE
387.0682FALSE
476.0152FALSE
476.0152FALSE
387.1202FALSE
476.0151FALSE
387.1087FALSE
476.0152FALSE
387.0797FALSE
476.0152FALSE
387.0801FALSE
476.0151FALSE
476.0152FALSE
387.1083FALSE
476.0152FALSE
376.2916FALSE
476.0151FALSE
376.2886FALSE
476.0152FALSE
376.2947FALSE
476.0152FALSE
476.0151FALSE
376.3055FALSE
476.0152FALSE
376.2777FALSE
476.0152FALSE
376.2932FALSE
476.0151FALSE
376.2901FALSE
476.0152FALSE
374.6416FALSE
476.0152FALSE
374.628FALSE
476.0151FALSE
374.6553FALSE
476.0152FALSE
374.6525FALSE
476.0152FALSE
374.6308FALSE
476.0151FALSE
374.6359FALSE
476.0152FALSE
476.0152FALSE
$par
time_ind_lag0.bw 
       -2.415238 

$value
[1] 476.0151

$counts
function gradient 
      19       19 

$convergence
[1] 0

$message
[1] "CONVERGENCE: REL_REDUCTION_OF_F <= FACTR*EPSMCH"

374.6473FALSE
371.5894FALSE
371.5844FALSE
371.5945FALSE
371.5925FALSE
371.5864FALSE
371.5818FALSE
371.597FALSE
370.5734FALSE
370.5737FALSE
370.5731FALSE
370.5714FALSE
370.5755FALSE
370.5672FALSE
370.5796FALSE
369.9112FALSE
369.9118FALSE
369.9107FALSE
369.9134FALSE
369.909FALSE
369.911FALSE
369.9114FALSE
370.0524FALSE
370.0501FALSE
370.0547FALSE
370.0475FALSE
370.0578FALSE
370.0479FALSE
370.0569FALSE
369.8766FALSE
369.8762FALSE
369.877FALSE
369.8758FALSE
369.8774FALSE
369.8765FALSE
369.8767FALSE
369.8664FALSE
369.8663FALSE
369.8668FALSE
369.8662FALSE
369.8671FALSE
369.8661FALSE
369.8671FALSE
369.8651FALSE
369.8653FALSE
369.865FALSE
369.8651FALSE
369.8652FALSE
369.8651FALSE
369.8652FALSE
369.8648FALSE
369.8649FALSE
369.8647FALSE
369.8648FALSE
369.8648FALSE
369.8646FALSE
369.8649FALSE
369.9774FALSE
369.9738FALSE
369.9811FALSE
369.9789FALSE
369.9762FALSE
369.9758FALSE
369.9792FALSE
369.8646FALSE
369.8646FALSE
369.8647FALSE
369.8645FALSE
369.8647FALSE
369.8654FALSE
369.8642FALSE
369.8646FALSE
369.8646FALSE
369.8646FALSE
369.8646FALSE
369.8646FALSE
369.8644FALSE
369.8647FALSE
369.8642FALSE
369.8642FALSE
369.8642FALSE
369.8643FALSE
369.8641FALSE
369.8644FALSE
369.8644FALSE
369.864FALSE
369.864FALSE
369.8641FALSE
369.8641FALSE
369.8641FALSE
369.8648FALSE
369.8643FALSE
369.8644FALSE
369.8644FALSE
369.8644FALSE
369.8644FALSE
369.8644FALSE
369.8642FALSE
369.8647FALSE
369.8641FALSE
369.8641FALSE
369.8641FALSE
369.8642FALSE
369.864FALSE
369.8647FALSE
369.8644FALSE
369.8641FALSE
369.864FALSE
369.8641FALSE
369.8641FALSE
369.8641FALSE
369.8648FALSE
369.8643FALSE
369.864FALSE
369.864FALSE
369.8641FALSE
369.8641FALSE
369.8641FALSE
369.8648FALSE
369.8643FALSE
369.864FALSE
369.864FALSE
369.8641FALSE
369.8641FALSE
369.8641FALSE
369.8648FALSE
369.8643FALSE
369.864FALSE
369.864FALSE
369.8641FALSE
369.8641FALSE
369.8641FALSE
369.8648FALSE
369.8643FALSE
369.864FALSE
369.864FALSE
369.8641FALSE
369.8641FALSE
369.8641FALSE
369.8648FALSE
369.8643FALSE
369.864FALSE
369.864FALSE
369.8641FALSE
369.8641FALSE
369.8641FALSE
369.8648FALSE
369.8643FALSE
369.864FALSE
369.864FALSE
369.8641FALSE
369.8641FALSE
369.8641FALSE
369.8648FALSE
369.8643FALSE
369.864FALSE
369.864FALSE
369.8641FALSE
369.8641FALSE
369.8641FALSE
369.8648FALSE
369.8643FALSE
369.864FALSE
369.864FALSE
369.8641FALSE
369.8641FALSE
369.8641FALSE
369.8648FALSE
369.8643FALSE
369.864FALSE
369.864FALSE
369.8641FALSE
369.8641FALSE
369.8641FALSE
369.8648FALSE
369.8643FALSE
369.864FALSE
369.864FALSE
369.8641FALSE
369.8641FALSE
369.8641FALSE
369.8648FALSE
369.8643FALSE
369.864FALSE
369.864FALSE
369.8641FALSE
369.8641FALSE
369.8641FALSE
369.8648FALSE
369.8643FALSE
369.864FALSE
369.864FALSE
369.8641FALSE
369.8641FALSE
369.8641FALSE
369.8648FALSE
369.8643FALSE
369.864FALSE
369.864FALSE
369.8641FALSE
369.8641FALSE
369.8641FALSE
369.8648FALSE
369.8643FALSE
369.864FALSE
369.864FALSE
369.8641FALSE
369.8641FALSE
369.8641FALSE
369.8648FALSE
369.8643FALSE
369.864FALSE
369.864FALSE
369.8641FALSE
369.8641FALSE
369.8641FALSE
369.8648FALSE
369.8643FALSE
369.864FALSE
369.864FALSE
369.8641FALSE
369.8641FALSE
369.8641FALSE
369.8648FALSE
369.8643FALSE
369.864FALSE
369.864FALSE
369.8641FALSE
369.8641FALSE
369.8641FALSE
369.8648FALSE
369.8643FALSE
371.3569FALSE
371.3552FALSE
371.3587FALSE
371.3511FALSE
371.3628FALSE
371.3459FALSE
371.3679FALSE
369.8648FALSE
369.8648FALSE
369.8649FALSE
369.8649FALSE
369.8648FALSE
369.8646FALSE
369.865FALSE
369.8642FALSE
369.8642FALSE
369.8642FALSE
369.8643FALSE
369.8641FALSE
369.8644FALSE
369.8644FALSE
369.8641FALSE
369.864FALSE
369.8641FALSE
369.8641FALSE
369.8641FALSE
369.8648FALSE
369.8643FALSE
369.8641FALSE
369.864FALSE
369.8641FALSE
369.8641FALSE
369.8641FALSE
369.8648FALSE
369.8643FALSE
369.864FALSE
369.864FALSE
369.8641FALSE
369.8641FALSE
369.8641FALSE
369.8648FALSE
369.8643FALSE
369.864FALSE
369.864FALSE
369.8641FALSE
369.8641FALSE
369.8641FALSE
369.8648FALSE
369.8643FALSE
369.864FALSE
369.864FALSE
369.8641FALSE
369.8641FALSE
369.8641FALSE
369.8648FALSE
369.8643FALSE
369.864FALSE
369.864FALSE
369.8641FALSE
369.8641FALSE
369.8641FALSE
369.8648FALSE
369.8643FALSE
369.864FALSE
369.864FALSE
369.8641FALSE
369.8641FALSE
369.8641FALSE
369.8648FALSE
369.8643FALSE
369.864FALSE
369.864FALSE
369.8641FALSE
369.8641FALSE
369.8641FALSE
369.8648FALSE
369.8643FALSE
369.864FALSE
369.864FALSE
369.8641FALSE
369.8641FALSE
369.8641FALSE
369.8648FALSE
369.8643FALSE
369.864FALSE
369.864FALSE
369.8641FALSE
369.8641FALSE
369.8641FALSE
369.8648FALSE
369.8643FALSE
369.864FALSE
369.864FALSE
369.8641FALSE
369.8641FALSE
369.8641FALSE
369.8648FALSE
369.8643FALSE
369.864FALSE
369.864FALSE
369.8641FALSE
369.8641FALSE
369.8641FALSE
369.8648FALSE
369.8643FALSE
369.864FALSE
369.864FALSE
369.8641FALSE
369.8641FALSE
369.8641FALSE
369.8648FALSE
369.8643FALSE
369.864FALSE
369.864FALSE
369.8641FALSE
369.8641FALSE
369.8641FALSE
369.8648FALSE
369.8643FALSE
369.864FALSE
369.864FALSE
369.8641FALSE
369.8641FALSE
369.8641FALSE
369.8648FALSE
369.8643FALSE
369.864FALSE
369.864FALSE
369.8641FALSE
369.8641FALSE
369.8641FALSE
369.8648FALSE
369.8643FALSE
369.864FALSE
369.864FALSE
369.8641FALSE
369.8641FALSE
369.8641FALSE
369.8648FALSE
369.8643FALSE
$par
smooth_log_cases_lag0.bw smooth_log_cases_lag1.bw         time_ind_lag0.bw 
              -3.6874065               -3.3693739               -0.8964403 

$value
[1] 369.864

$counts
function gradient 
      60       60 

$convergence
[1] 52

$message
[1] "ERROR: ABNORMAL_TERMINATION_IN_LNSRCH"

476.526FALSE
428.7277FALSE
476.5236FALSE
428.7241FALSE
476.5284FALSE
428.7312FALSE
476.0221FALSE
428.7947FALSE
476.0224FALSE
428.6606FALSE
476.0218FALSE
432.8171FALSE
476.0502FALSE
432.7888FALSE
476.0497FALSE
432.8453FALSE
476.0508FALSE
432.7868FALSE
476.0185FALSE
432.8473FALSE
476.0187FALSE
476.0183FALSE
416.3501FALSE
476.0224FALSE
416.3436FALSE
476.0219FALSE
416.3567FALSE
476.0229FALSE
416.3479FALSE
476.0158FALSE
416.3526FALSE
476.0159FALSE
416.1185FALSE
476.0156FALSE
476.0279FALSE
416.1124FALSE
476.0275FALSE
416.1246FALSE
476.0283FALSE
416.1166FALSE
476.0154FALSE
416.1205FALSE
476.0155FALSE
415.4202FALSE
476.0153FALSE
415.4152FALSE
476.0152FALSE
415.4252FALSE
476.0153FALSE
415.4308FALSE
476.0152FALSE
415.4099FALSE
476.0203FALSE
476.0197FALSE
413.3516FALSE
476.0208FALSE
413.3431FALSE
476.0152FALSE
413.3601FALSE
476.0153FALSE
413.3633FALSE
476.0151FALSE
413.3399FALSE
476.0152FALSE
410.8664FALSE
476.0152FALSE
410.8823FALSE
476.0151FALSE
410.8506FALSE
476.0173FALSE
410.8838FALSE
476.0169FALSE
410.8491FALSE
476.0176FALSE
409.0202FALSE
476.0151FALSE
409.0131FALSE
476.0152FALSE
409.0274FALSE
476.0152FALSE
409.0313FALSE
476.0151FALSE
409.0092FALSE
476.0152FALSE
407.305FALSE
476.0153FALSE
407.3052FALSE
476.0151FALSE
407.3051FALSE
476.0152FALSE
407.3232FALSE
476.0152FALSE
407.2879FALSE
476.0151FALSE
407.341FALSE
476.0152FALSE
476.0152FALSE
$par
time_ind_lag0.bw 
        -2.41519 

$value
[1] 476.0151

$counts
function gradient 
      17       17 

$convergence
[1] 0

$message
[1] "CONVERGENCE: REL_REDUCTION_OF_F <= FACTR*EPSMCH"

407.3491FALSE
407.3329FALSE
407.3517FALSE
407.3303FALSE
407.0606FALSE
407.0639FALSE
407.0573FALSE
407.0705FALSE
407.0506FALSE
407.5503FALSE
407.5444FALSE
407.5561FALSE
407.5488FALSE
407.5517FALSE
406.7133FALSE
406.7114FALSE
406.7152FALSE
406.716FALSE
406.7106FALSE
406.6224FALSE
406.6215FALSE
406.6233FALSE
406.6253FALSE
406.6195FALSE
406.3397FALSE
406.3396FALSE
406.3398FALSE
406.3427FALSE
406.3367FALSE
408.8077FALSE
408.8169FALSE
408.7986FALSE
408.8062FALSE
408.8093FALSE
406.274FALSE
406.2745FALSE
406.2735FALSE
406.2745FALSE
406.2734FALSE
406.2699FALSE
406.2703FALSE
406.2694FALSE
406.2703FALSE
406.2694FALSE
406.2658FALSE
406.2655FALSE
406.266FALSE
406.266FALSE
406.2655FALSE
406.2652FALSE
406.2655FALSE
406.265FALSE
406.2647FALSE
406.2658FALSE
406.2645FALSE
406.2643FALSE
406.2648FALSE
406.2649FALSE
406.2642FALSE
406.264FALSE
406.2643FALSE
406.264FALSE
406.2641FALSE
406.2646FALSE
406.2647FALSE
406.2644FALSE
406.2649FALSE
406.265FALSE
406.2643FALSE
406.2639FALSE
406.2641FALSE
406.2641FALSE
406.2643FALSE
406.2644FALSE
406.2641FALSE
406.2639FALSE
406.2644FALSE
406.2645FALSE
406.2639FALSE
406.2639FALSE
406.2641FALSE
406.2642FALSE
406.2643FALSE
406.2644FALSE
406.2639FALSE
406.2641FALSE
406.2641FALSE
406.2643FALSE
406.2644FALSE
406.2639FALSE
406.2641FALSE
406.2641FALSE
406.2643FALSE
406.2644FALSE
406.2639FALSE
406.2641FALSE
406.2641FALSE
406.2643FALSE
406.2644FALSE
406.2639FALSE
406.2641FALSE
406.2641FALSE
406.2643FALSE
406.2644FALSE
406.2639FALSE
406.2641FALSE
406.2641FALSE
406.2643FALSE
406.2644FALSE
406.2639FALSE
406.2641FALSE
406.2641FALSE
406.2643FALSE
406.2644FALSE
406.2639FALSE
406.2641FALSE
406.2641FALSE
406.2643FALSE
406.2644FALSE
406.2639FALSE
406.2641FALSE
406.2641FALSE
406.2643FALSE
406.2644FALSE
406.2639FALSE
406.2641FALSE
406.2641FALSE
406.2643FALSE
406.2644FALSE
406.2639FALSE
406.2641FALSE
406.2641FALSE
406.2643FALSE
406.2644FALSE
406.2639FALSE
406.2641FALSE
406.2641FALSE
406.2643FALSE
406.2644FALSE
406.2639FALSE
406.2641FALSE
406.2641FALSE
406.2643FALSE
406.2644FALSE
406.2639FALSE
406.2641FALSE
406.2641FALSE
406.2643FALSE
406.2644FALSE
406.2639FALSE
406.2641FALSE
406.2641FALSE
406.2643FALSE
406.2644FALSE
406.2639FALSE
406.2641FALSE
406.2641FALSE
406.2643FALSE
406.2644FALSE
406.2639FALSE
406.2641FALSE
406.2641FALSE
406.2643FALSE
406.2644FALSE
406.2639FALSE
406.2641FALSE
406.2641FALSE
406.2643FALSE
406.2644FALSE
$par
smooth_log_cases_lag1.bw         time_ind_lag0.bw 
               -1.969022                -1.449197 

$value
[1] 406.2639

$counts
function gradient 
      43       43 

$convergence
[1] 0

$message
[1] "CONVERGENCE: REL_REDUCTION_OF_F <= FACTR*EPSMCH"

> 
> save(ssr_fit,
+     file=paste0("/home/ngr67a/2015-cdc-flu-competition/fit-competition-ssr-ph", prediction_horizon_limit, "-", data_set, ".Rdata"))
> 
> proc.time()
    user   system  elapsed 
3343.654    1.805 3009.145 
