
R version 3.2.2 (2015-08-14) -- "Fire Safety"
Copyright (C) 2015 The R Foundation for Statistical Computing
Platform: x86_64-pc-linux-gnu (64-bit)

R is free software and comes with ABSOLUTELY NO WARRANTY.
You are welcome to redistribute it under certain conditions.
Type 'license()' or 'licence()' for distribution details.

  Natural language support but running in an English locale

R is a collaborative project with many contributors.
Type 'contributors()' for more information and
'citation()' on how to cite R or R packages in publications.

Type 'demo()' for some demos, 'help()' for on-line help, or
'help.start()' for an HTML browser interface to help.
Type 'q()' to quit R.

> ### get ssr fit -- prediction horizons 1:52
> library(lubridate)
> library(ggplot2)
> library(plyr)

Attaching package: ‘plyr’

The following object is masked from ‘package:lubridate’:

    here

> library(dplyr)

Attaching package: ‘dplyr’

The following objects are masked from ‘package:plyr’:

    arrange, count, desc, failwith, id, mutate, rename, summarise,
    summarize

The following objects are masked from ‘package:lubridate’:

    intersect, setdiff, union

The following objects are masked from ‘package:stats’:

    filter, lag

The following objects are masked from ‘package:base’:

    intersect, setdiff, setequal, union

> library(reshape)

Attaching package: ‘reshape’

The following object is masked from ‘package:dplyr’:

    rename

The following objects are masked from ‘package:plyr’:

    rename, round_any

The following object is masked from ‘package:lubridate’:

    stamp

> library(ssrFlu)
> library(doMC)
Loading required package: foreach
Loading required package: iterators
Loading required package: parallel
> 
> registerDoMC(cores=3)
> 
> args <- commandArgs(trailingOnly=TRUE)
> 
> data_set <- args[1]
> prediction_horizon_limit <- as.integer(args[2])
> 
> ## load dataset
> if(identical(data_set, "ili_national")) {
+     data <- ili_national
+ } 
> if(identical(data_set, "ili_region1")) {
+     data <- ili_region1
+ } 
> if(identical(data_set, "ili_region2")) {
+     data <- ili_region2
+ } 
> if(identical(data_set, "ili_region3")) {
+     data <- ili_region3
+ } 
> if(identical(data_set, "ili_region4")) {
+     data <- ili_region4
+ } 
> if(identical(data_set, "ili_region5")) {
+     data <- ili_region5
+ } 
> if(identical(data_set, "ili_region6")) {
+     data <- ili_region6
+ } 
> if(identical(data_set, "ili_region7")) {
+     data <- ili_region7
+ } 
> if(identical(data_set, "ili_region8")) {
+     data <- ili_region8
+ } 
> if(identical(data_set, "ili_region9")) {
+     data <- ili_region9
+ } 
> if(identical(data_set, "ili_region10")) {
+     data <- ili_region10
+ } 
> 
> 
> 
> ## add log column
> data$log_total_cases <- log(data$total_cases + 1)
> 
> ## add week_start_date
> char_dates <- paste(data$year, data$week, "1")
> data$week_start_date <- as.Date(char_dates, format="%Y %W %w")
> 
> ## remove week 53s
> data <- data[-which(is.na(data$week_start_date)),]
> data <- data[262:nrow(data),]
> 
> ## add smooth log column -- or not, since it is already pretty smooth...
> sm <- loess(log_total_cases ~ as.numeric(week_start_date), data=data, span= 26 / nrow(data))
> data$smooth_log_cases <- sm$fitted
> 
> ## add time column
> data$time_ind <- seq_len(nrow(data))
> 
> ssr_control <- create_ssr_control(X_names=c("smooth_log_cases", "time_ind"),
+     y_names="total_cases",
+     time_name=NULL,
+     max_lag=list(smooth_log_cases=1,
+         time_ind=0),
+     prediction_horizons=as.integer(prediction_horizon_limit),
+     kernel_fns=list(smooth_log_cases="squared_exp_kernel",
+         time_ind="periodic_kernel"),
+     theta_est=list(smooth_log_cases="bw",
+         time_ind="bw"),
+     theta_fixed=list(time_ind=list(period=pi / 52)),
+     theta_transform_fns=list(
+         squared_exp_kernel=list(
+             bw=list(transform="log",
+                 detransform="exp")
+         ),
+         periodic_kernel=list(
+             bw=list(transform="log",
+                 detransform="exp")
+         )
+     ),
+     crossval_buffer=52,
+     loss_fn_name="mae_from_kernel_weights_and_centers",
+     loss_fn_args=list())
> 
> 
> ssr_fit <- ssr(X_names=c("smooth_log_cases", "time_ind"),
+     y_names="total_cases",
+     time_name=NULL,
+     data=data,
+     ssr_control=ssr_control)
412.181FALSE
347.915FALSE
405.9389FALSE
347.9105FALSE
412.1965FALSE
405.9606FALSE
347.9194FALSE
412.1656FALSE
405.9172FALSE
342.0582FALSE
413.4009FALSE
406.2861FALSE
342.0632FALSE
413.397FALSE
406.2787FALSE
342.054FALSE
413.4049FALSE
344.9762FALSE
406.2936FALSE
409.8159FALSE
402.086FALSE
344.9687FALSE
409.8148FALSE
344.9836FALSE
409.8171FALSE
402.0842FALSE
341.9642FALSE
409.8151FALSE
402.0878FALSE
341.9631FALSE
409.8156FALSE
341.9657FALSE
402.0649FALSE
351.5524FALSE
409.8146FALSE
402.0649FALSE
351.6085FALSE
402.0649FALSE
409.8124FALSE
351.4964FALSE
402.0649FALSE
409.8128FALSE
341.9561FALSE
402.0649FALSE
409.812FALSE
341.9558FALSE
341.9565FALSE
409.8288FALSE
402.0649FALSE
341.9545FALSE
409.8276FALSE
402.0648FALSE
341.9542FALSE
402.0649FALSE
409.8301FALSE
341.9548FALSE
402.0649FALSE
341.9681FALSE
409.811FALSE
402.0648FALSE
341.9699FALSE
409.8114FALSE
402.0649FALSE
341.9663FALSE
409.8107FALSE
341.9537FALSE
402.0649FALSE
$par
smooth_log_cases_lag1.bw 
               -2.653495 

$value
[1] 402.0648

$counts
function gradient 
       7        7 

$convergence
[1] 0

$message
[1] "CONVERGENCE: REL_REDUCTION_OF_F <= FACTR*EPSMCH"

409.8293FALSE
341.9536FALSE
409.8281FALSE
341.954FALSE
409.8306FALSE
341.9549FALSE
409.8104FALSE
341.9556FALSE
409.8107FALSE
341.9543FALSE
341.9536FALSE
409.8101FALSE
341.9538FALSE
409.8206FALSE
341.9537FALSE
409.8194FALSE
341.9536FALSE
409.8218FALSE
341.9537FALSE
409.8101FALSE
341.9537FALSE
409.8103FALSE
341.9536FALSE
409.8104FALSE
341.9537FALSE
341.9537FALSE
409.8102FALSE
341.9536FALSE
409.8105FALSE
341.9537FALSE
409.8102FALSE
409.8101FALSE
341.9537FALSE
409.8103FALSE
341.9536FALSE
409.8104FALSE
341.9537FALSE
409.8101FALSE
341.9537FALSE
409.8103FALSE
341.9536FALSE
409.8103FALSE
341.9537FALSE
409.8101FALSE
341.9537FALSE
409.8103FALSE
341.9536FALSE
409.8103FALSE
$par
smooth_log_cases_lag0.bw 
               -2.617749 

$value
[1] 409.8101

$counts
function gradient 
      15       15 

$convergence
[1] 0

$message
[1] "CONVERGENCE: REL_REDUCTION_OF_F <= FACTR*EPSMCH"

341.9537FALSE
341.9537FALSE
341.9536FALSE
341.9537FALSE
341.9537FALSE
341.9536FALSE
341.9537FALSE
341.9537FALSE
341.9536FALSE
341.9537FALSE
341.9537FALSE
341.9536FALSE
341.9537FALSE
341.9537FALSE
341.9536FALSE
341.9537FALSE
341.9537FALSE
341.9536FALSE
341.9537FALSE
341.9537FALSE
341.9536FALSE
341.9537FALSE
341.9537FALSE
341.9536FALSE
341.9537FALSE
341.9537FALSE
341.9536FALSE
341.9537FALSE
341.9537FALSE
341.9536FALSE
341.9537FALSE
341.9537FALSE
341.9536FALSE
341.9537FALSE
341.9537FALSE
341.9536FALSE
341.9537FALSE
341.9537FALSE
341.9536FALSE
341.9537FALSE
341.9537FALSE
341.9536FALSE
341.9537FALSE
341.9537FALSE
341.9536FALSE
341.9537FALSE
341.9537FALSE
341.9536FALSE
341.9537FALSE
341.9537FALSE
341.9536FALSE
341.9537FALSE
341.9537FALSE
341.9536FALSE
341.9537FALSE
341.9537FALSE
341.9536FALSE
341.9537FALSE
341.9537FALSE
341.9536FALSE
341.9537FALSE
341.9537FALSE
341.9536FALSE
341.9537FALSE
341.9537FALSE
341.9536FALSE
341.9537FALSE
341.9537FALSE
341.9536FALSE
341.9537FALSE
341.9537FALSE
341.9536FALSE
341.9537FALSE
341.9537FALSE
341.9536FALSE
341.9537FALSE
341.9537FALSE
341.9536FALSE
341.9537FALSE
341.9537FALSE
341.9536FALSE
341.9537FALSE
341.9537FALSE
341.9536FALSE
341.9537FALSE
341.9537FALSE
341.9536FALSE
341.9537FALSE
341.9537FALSE
341.9536FALSE
341.9537FALSE
341.9537FALSE
341.9536FALSE
341.9537FALSE
341.9537FALSE
341.9536FALSE
341.9537FALSE
341.9537FALSE
341.9536FALSE
341.9537FALSE
341.9537FALSE
341.9536FALSE
341.9537FALSE
341.9537FALSE
341.9536FALSE
341.9537FALSE
341.9537FALSE
$par
time_ind_lag0.bw 
       -1.348451 

$value
[1] 341.9536

$counts
function gradient 
      52       52 

$convergence
[1] 0

$message
[1] "CONVERGENCE: REL_REDUCTION_OF_F <= FACTR*EPSMCH"

337.088FALSE
340.3135FALSE
337.0961FALSE
340.3132FALSE
337.0799FALSE
340.3138FALSE
337.1098FALSE
340.3299FALSE
337.0662FALSE
340.2972FALSE
332.0753FALSE
337.2075FALSE
337.1946FALSE
332.0673FALSE
337.2204FALSE
332.0834FALSE
337.2055FALSE
332.0736FALSE
337.2096FALSE
332.077FALSE
331.1846FALSE
338.175FALSE
331.1873FALSE
338.1814FALSE
331.1819FALSE
338.169FALSE
331.1819FALSE
338.1649FALSE
331.1873FALSE
338.1852FALSE
331.0287FALSE
336.3115FALSE
331.027FALSE
336.3142FALSE
331.0305FALSE
336.3089FALSE
331.0282FALSE
336.3058FALSE
331.0292FALSE
336.3173FALSE
330.9483FALSE
335.3704FALSE
330.9491FALSE
335.365FALSE
330.9475FALSE
335.3757FALSE
330.9465FALSE
335.3688FALSE
330.95FALSE
335.3719FALSE
414.8545FALSE
334.9627FALSE
414.8683FALSE
334.9632FALSE
414.8406FALSE
334.9622FALSE
414.8857FALSE
334.9641FALSE
414.8232FALSE
334.9613FALSE
330.9219FALSE
334.8825FALSE
330.9229FALSE
334.8835FALSE
330.9208FALSE
334.8814FALSE
330.9198FALSE
334.8821FALSE
330.9239FALSE
334.8828FALSE
330.8899FALSE
334.8765FALSE
330.8912FALSE
334.8773FALSE
330.8885FALSE
334.8756FALSE
330.8875FALSE
334.8765FALSE
330.8922FALSE
334.8765FALSE
352.2915FALSE
335.0384FALSE
352.2987FALSE
335.0334FALSE
352.2842FALSE
335.0434FALSE
352.335FALSE
335.0372FALSE
352.2479FALSE
335.0398FALSE
330.8144FALSE
334.8717FALSE
330.8168FALSE
334.872FALSE
330.8119FALSE
334.8714FALSE
334.8719FALSE
330.8121FALSE
334.8715FALSE
330.8166FALSE
334.8674FALSE
332.6729FALSE
334.8676FALSE
332.6796FALSE
334.8672FALSE
332.6662FALSE
334.8669FALSE
332.6834FALSE
334.8679FALSE
332.6624FALSE
334.8673FALSE
330.7584FALSE
334.8677FALSE
330.7613FALSE
334.8669FALSE
330.7555FALSE
334.8675FALSE
330.7557FALSE
334.8671FALSE
330.7612FALSE
330.7233FALSE
334.8649FALSE
330.7283FALSE
334.8653FALSE
330.7184FALSE
334.8644FALSE
330.7207FALSE
334.8651FALSE
330.726FALSE
334.8646FALSE
330.7922FALSE
334.9556FALSE
330.799FALSE
334.9514FALSE
330.7854FALSE
334.9598FALSE
330.7939FALSE
334.9547FALSE
330.7905FALSE
334.9565FALSE
330.7018FALSE
334.8646FALSE
330.7073FALSE
334.865FALSE
330.6963FALSE
334.8646FALSE
330.6997FALSE
334.8648FALSE
330.704FALSE
334.8644FALSE
330.6212FALSE
334.8882FALSE
330.6269FALSE
334.8844FALSE
330.6154FALSE
334.8921FALSE
330.6199FALSE
334.888FALSE
330.6224FALSE
334.8885FALSE
330.1783FALSE
334.8645FALSE
330.183FALSE
334.8649FALSE
330.1735FALSE
334.8651FALSE
330.1797FALSE
334.8647FALSE
330.1768FALSE
334.8643FALSE
329.5479FALSE
334.8645FALSE
329.5534FALSE
334.8647FALSE
329.5425FALSE
334.8646FALSE
329.5493FALSE
334.8644FALSE
329.5466FALSE
334.8651FALSE
329.9851FALSE
329.9855FALSE
334.8644FALSE
329.9846FALSE
334.8648FALSE
330.0007FALSE
334.8647FALSE
329.9695FALSE
334.8646FALSE
334.8645FALSE
328.5925FALSE
334.8643FALSE
328.5939FALSE
334.8648FALSE
328.5913FALSE
334.8648FALSE
328.5961FALSE
334.8645FALSE
328.5909FALSE
334.8646FALSE
328.5249FALSE
334.8644FALSE
328.5248FALSE
334.8648FALSE
328.5251FALSE
334.8648FALSE
328.5239FALSE
334.8646FALSE
334.8646FALSE
328.526FALSE
334.8643FALSE
328.5275FALSE
334.8648FALSE
328.5267FALSE
334.8648FALSE
328.5282FALSE
334.8646FALSE
328.5298FALSE
334.8646FALSE
328.5251FALSE
334.8643FALSE
334.8648FALSE
328.5115FALSE
334.8648FALSE
328.5117FALSE
334.8645FALSE
328.5114FALSE
334.8646FALSE
328.5103FALSE
334.8643FALSE
328.5128FALSE
334.8648FALSE
328.5086FALSE
334.8648FALSE
328.5087FALSE
334.8645FALSE
328.5085FALSE
334.8646FALSE
328.5075FALSE
334.8643FALSE
334.8648FALSE
328.5098FALSE
334.8648FALSE
328.5092FALSE
334.8645FALSE
328.5085FALSE
334.8646FALSE
328.5099FALSE
334.8643FALSE
328.5109FALSE
334.8648FALSE
328.5075FALSE
334.8648FALSE
328.5074FALSE
334.8645FALSE
328.5075FALSE
334.8646FALSE
328.5074FALSE
334.8643FALSE
328.5078FALSE
334.8648FALSE
328.5085FALSE
334.8648FALSE
334.8645FALSE
328.587FALSE
334.8646FALSE
328.5861FALSE
334.8643FALSE
328.5878FALSE
334.8648FALSE
328.591FALSE
334.8648FALSE
328.5829FALSE
334.8645FALSE
328.5075FALSE
334.8646FALSE
328.5071FALSE
334.8643FALSE
328.5082FALSE
334.8648FALSE
328.5092FALSE
334.8648FALSE
328.508FALSE
334.8645FALSE
328.5073FALSE
334.8646FALSE
328.5073FALSE
334.8643FALSE
328.5073FALSE
334.8648FALSE
328.5083FALSE
334.8648FALSE
328.5084FALSE
334.8645FALSE
328.5073FALSE
334.8646FALSE
328.5073FALSE
334.8643FALSE
328.5073FALSE
334.8648FALSE
328.5083FALSE
334.8648FALSE
328.5083FALSE
334.8645FALSE
328.5072FALSE
334.8646FALSE
328.5073FALSE
334.8643FALSE
328.5072FALSE
334.8648FALSE
328.5083FALSE
334.8648FALSE
328.5083FALSE
334.8645FALSE
328.5073FALSE
334.8646FALSE
328.5073FALSE
334.8643FALSE
334.8648FALSE
328.5073FALSE
334.8648FALSE
328.5083FALSE
334.8645FALSE
328.5083FALSE
334.8646FALSE
328.5073FALSE
334.8643FALSE
328.5073FALSE
334.8648FALSE
328.5073FALSE
334.8648FALSE
328.5083FALSE
334.8645FALSE
328.5083FALSE
334.8646FALSE
328.5073FALSE
334.8643FALSE
328.5073FALSE
334.8648FALSE
328.5073FALSE
334.8648FALSE
328.5083FALSE
334.8645FALSE
328.5083FALSE
334.8646FALSE
$par
smooth_log_cases_lag0.bw         time_ind_lag0.bw 
               -2.071728                -1.970233 

$value
[1] 334.8643

$counts
function gradient 
      35       35 

$convergence
[1] 0

$message
[1] "CONVERGENCE: REL_REDUCTION_OF_F <= FACTR*EPSMCH"

328.5072FALSE
328.5073FALSE
328.5073FALSE
328.5083FALSE
328.5083FALSE
328.5072FALSE
328.5073FALSE
328.5073FALSE
328.5083FALSE
328.5083FALSE
328.5072FALSE
328.5073FALSE
328.5073FALSE
328.5083FALSE
328.5083FALSE
328.5073FALSE
328.5073FALSE
328.5073FALSE
328.5083FALSE
328.5083FALSE
328.5072FALSE
328.5073FALSE
328.5073FALSE
328.5083FALSE
328.5083FALSE
328.5072FALSE
328.5073FALSE
328.5073FALSE
328.5083FALSE
328.5083FALSE
328.5072FALSE
328.5073FALSE
328.5073FALSE
328.5083FALSE
328.5083FALSE
328.5072FALSE
328.5073FALSE
328.5073FALSE
328.5083FALSE
328.5083FALSE
328.5072FALSE
328.5073FALSE
328.5073FALSE
328.5083FALSE
328.5083FALSE
328.5072FALSE
328.5073FALSE
328.5073FALSE
328.5083FALSE
328.5083FALSE
328.5072FALSE
328.5073FALSE
328.5073FALSE
328.5083FALSE
328.5083FALSE
328.5072FALSE
328.5073FALSE
328.5073FALSE
328.5083FALSE
328.5083FALSE
328.5072FALSE
328.5073FALSE
328.5073FALSE
328.5083FALSE
328.5083FALSE
328.5072FALSE
328.5073FALSE
328.5073FALSE
328.5083FALSE
328.5083FALSE
328.5072FALSE
328.5073FALSE
328.5073FALSE
328.5083FALSE
328.5083FALSE
328.5072FALSE
328.5073FALSE
328.5073FALSE
328.5083FALSE
328.5083FALSE
328.5072FALSE
328.5073FALSE
328.5073FALSE
328.5083FALSE
328.5083FALSE
328.5072FALSE
328.5073FALSE
328.5073FALSE
328.5083FALSE
328.5083FALSE
328.5072FALSE
328.5073FALSE
328.5073FALSE
328.5083FALSE
328.5083FALSE
328.5072FALSE
328.5073FALSE
328.5073FALSE
328.5083FALSE
328.5083FALSE
328.5072FALSE
328.5073FALSE
328.5073FALSE
328.5083FALSE
328.5083FALSE
328.5072FALSE
328.5073FALSE
328.5073FALSE
328.5083FALSE
328.5083FALSE
328.5072FALSE
328.5073FALSE
328.5073FALSE
328.5083FALSE
328.5083FALSE
328.5227FALSE
328.5227FALSE
328.5227FALSE
328.5214FALSE
328.5239FALSE
328.5073FALSE
328.5073FALSE
328.5073FALSE
328.5083FALSE
328.5083FALSE
328.5072FALSE
328.5073FALSE
328.5073FALSE
328.5083FALSE
328.5083FALSE
328.5072FALSE
328.5073FALSE
328.5073FALSE
328.5083FALSE
328.5083FALSE
328.5072FALSE
328.5073FALSE
328.5073FALSE
328.5083FALSE
328.5083FALSE
328.5072FALSE
328.5073FALSE
328.5073FALSE
328.5083FALSE
328.5083FALSE
328.5072FALSE
328.5073FALSE
328.5073FALSE
328.5083FALSE
328.5083FALSE
328.5072FALSE
328.5073FALSE
328.5073FALSE
328.5083FALSE
328.5083FALSE
328.5072FALSE
328.5073FALSE
328.5073FALSE
328.5083FALSE
328.5083FALSE
328.5072FALSE
328.5073FALSE
328.5073FALSE
328.5083FALSE
328.5083FALSE
328.5072FALSE
328.5073FALSE
328.5073FALSE
328.5083FALSE
328.5083FALSE
328.5072FALSE
328.5073FALSE
328.5073FALSE
328.5083FALSE
328.5083FALSE
328.5072FALSE
328.5073FALSE
328.5073FALSE
328.5083FALSE
328.5083FALSE
328.5072FALSE
328.5073FALSE
328.5073FALSE
328.5083FALSE
328.5083FALSE
328.5072FALSE
328.5073FALSE
328.5073FALSE
328.5083FALSE
328.5083FALSE
328.5072FALSE
328.5073FALSE
328.5073FALSE
328.5083FALSE
328.5083FALSE
328.5072FALSE
328.5073FALSE
328.5073FALSE
328.5083FALSE
328.5083FALSE
328.5072FALSE
328.5073FALSE
328.5073FALSE
328.5083FALSE
328.5083FALSE
328.5072FALSE
328.5073FALSE
328.5073FALSE
328.5083FALSE
328.5083FALSE
328.5072FALSE
328.5073FALSE
328.5073FALSE
328.5083FALSE
328.5083FALSE
$par
smooth_log_cases_lag1.bw         time_ind_lag0.bw 
               -3.015631                -1.638829 

$value
[1] 328.5072

$counts
function gradient 
      77       77 

$convergence
[1] 52

$message
[1] "ERROR: ABNORMAL_TERMINATION_IN_LNSRCH"

343.6442FALSE
333.2567FALSE
343.6366FALSE
333.2503FALSE
343.652FALSE
333.2631FALSE
376.7941FALSE
333.2592FALSE
376.8833FALSE
333.2542FALSE
376.705FALSE
333.2571FALSE
342.7771FALSE
333.2563FALSE
342.7696FALSE
342.7846FALSE
329.7416FALSE
353.2699FALSE
329.7406FALSE
353.3284FALSE
329.7425FALSE
353.2114FALSE
329.7409FALSE
342.0894FALSE
329.7422FALSE
342.0852FALSE
342.0939FALSE
329.7319FALSE
344.88FALSE
329.7513FALSE
344.9113FALSE
334.8845FALSE
344.8497FALSE
334.8843FALSE
341.9555FALSE
334.8847FALSE
341.9551FALSE
341.9558FALSE
334.8795FALSE
341.9539FALSE
334.8896FALSE
341.9537FALSE
334.9168FALSE
341.9542FALSE
334.8527FALSE
341.9676FALSE
329.1611FALSE
341.9694FALSE
329.1605FALSE
341.9659FALSE
329.1617FALSE
341.9536FALSE
341.9537FALSE
329.1611FALSE
341.9537FALSE
329.1611FALSE
341.9536FALSE
329.1625FALSE
341.9537FALSE
329.1597FALSE
341.9537FALSE
329.1279FALSE
341.9536FALSE
329.1275FALSE
341.9537FALSE
329.1284FALSE
341.9537FALSE
341.9536FALSE
329.1267FALSE
341.9537FALSE
329.1291FALSE
341.9537FALSE
329.1306FALSE
341.9536FALSE
329.1262FALSE
341.9537FALSE
341.9537FALSE
329.1822FALSE
341.9536FALSE
329.1819FALSE
341.9537FALSE
329.1824FALSE
341.9537FALSE
329.1808FALSE
341.9536FALSE
329.1835FALSE
341.9537FALSE
329.176FALSE
341.9537FALSE
329.1883FALSE
341.9536FALSE
329.1254FALSE
341.9537FALSE
329.1249FALSE
341.9537FALSE
329.1258FALSE
341.9536FALSE
341.9537FALSE
329.1247FALSE
341.9537FALSE
329.126FALSE
341.9536FALSE
329.1224FALSE
341.9537FALSE
329.1284FALSE
341.9537FALSE
329.0917FALSE
341.9536FALSE
329.0913FALSE
341.9537FALSE
329.0921FALSE
341.9537FALSE
329.091FALSE
341.9536FALSE
329.0924FALSE
341.9537FALSE
329.0893FALSE
341.9537FALSE
329.0947FALSE
341.9536FALSE
328.9661FALSE
341.9537FALSE
328.966FALSE
341.9537FALSE
$par
time_ind_lag0.bw 
       -1.348477 

$value
[1] 341.9536

$counts
function gradient 
      22       22 

$convergence
[1] 0

$message
[1] "CONVERGENCE: REL_REDUCTION_OF_F <= FACTR*EPSMCH"

328.9663FALSE
328.9652FALSE
328.967FALSE
328.9693FALSE
328.9629FALSE
328.9298FALSE
328.9297FALSE
328.9299FALSE
328.9301FALSE
328.9305FALSE
328.9331FALSE
328.9265FALSE
328.8748FALSE
328.8747FALSE
328.8748FALSE
328.8752FALSE
328.8745FALSE
328.8725FALSE
328.8772FALSE
328.8622FALSE
328.8622FALSE
328.8622FALSE
328.8628FALSE
328.8616FALSE
328.8614FALSE
328.863FALSE
328.8574FALSE
328.8574FALSE
328.8575FALSE
328.8569FALSE
328.858FALSE
328.8567FALSE
328.8583FALSE
328.8624FALSE
328.8624FALSE
328.8625FALSE
328.8613FALSE
328.8636FALSE
328.8653FALSE
328.8596FALSE
328.8568FALSE
328.8567FALSE
328.8568FALSE
328.8561FALSE
328.8574FALSE
328.8578FALSE
328.8557FALSE
328.852FALSE
328.8519FALSE
328.852FALSE
328.8525FALSE
328.8514FALSE
328.8531FALSE
328.8516FALSE
328.8488FALSE
328.8488FALSE
328.8488FALSE
328.8494FALSE
328.8482FALSE
328.8488FALSE
328.8495FALSE
328.8454FALSE
328.8454FALSE
328.8454FALSE
328.8456FALSE
328.846FALSE
328.8454FALSE
328.8463FALSE
328.8435FALSE
328.8435FALSE
328.8435FALSE
328.8441FALSE
328.844FALSE
328.8445FALSE
328.8443FALSE
328.8428FALSE
328.8428FALSE
328.8428FALSE
328.8434FALSE
328.8434FALSE
328.8437FALSE
328.8436FALSE
328.8425FALSE
328.8425FALSE
328.8425FALSE
328.8431FALSE
328.843FALSE
328.8437FALSE
328.8431FALSE
328.8425FALSE
328.8425FALSE
328.8425FALSE
328.8431FALSE
328.8428FALSE
328.8432FALSE
328.8432FALSE
328.8423FALSE
328.8423FALSE
328.8423FALSE
328.8428FALSE
328.8429FALSE
328.8429FALSE
328.8431FALSE
328.8421FALSE
328.8421FALSE
328.8421FALSE
328.8427FALSE
328.8428FALSE
328.843FALSE
328.843FALSE
328.8421FALSE
328.8421FALSE
328.8421FALSE
328.8427FALSE
328.8427FALSE
328.843FALSE
328.8429FALSE
328.8422FALSE
328.8422FALSE
328.8422FALSE
328.8428FALSE
328.8427FALSE
328.843FALSE
328.8429FALSE
328.8421FALSE
328.8421FALSE
328.8421FALSE
328.8427FALSE
328.8427FALSE
328.843FALSE
328.8429FALSE
328.8421FALSE
328.8421FALSE
328.8421FALSE
328.8427FALSE
328.8427FALSE
328.843FALSE
328.8429FALSE
328.8421FALSE
328.8421FALSE
328.8421FALSE
328.8427FALSE
328.8427FALSE
328.843FALSE
328.8429FALSE
328.8421FALSE
328.8421FALSE
328.8421FALSE
328.8427FALSE
328.8427FALSE
328.843FALSE
328.8429FALSE
328.8421FALSE
328.8421FALSE
328.8421FALSE
328.8427FALSE
328.8427FALSE
328.843FALSE
328.8429FALSE
328.8421FALSE
328.8421FALSE
328.8421FALSE
328.8427FALSE
328.8427FALSE
328.843FALSE
328.8429FALSE
328.8421FALSE
328.8421FALSE
328.8421FALSE
328.8427FALSE
328.8427FALSE
328.843FALSE
328.8429FALSE
328.8421FALSE
328.8421FALSE
328.8421FALSE
328.8427FALSE
328.8427FALSE
328.843FALSE
328.8429FALSE
328.8421FALSE
328.8421FALSE
328.8421FALSE
328.8427FALSE
328.8427FALSE
328.843FALSE
328.8429FALSE
328.8421FALSE
328.8421FALSE
328.8421FALSE
328.8427FALSE
328.8427FALSE
328.843FALSE
328.8429FALSE
328.8421FALSE
328.8421FALSE
328.8421FALSE
328.8427FALSE
328.8427FALSE
328.843FALSE
328.8429FALSE
328.8421FALSE
328.8421FALSE
328.8421FALSE
328.8427FALSE
328.8427FALSE
328.843FALSE
328.8429FALSE
328.8421FALSE
328.8421FALSE
328.8421FALSE
328.8427FALSE
328.8427FALSE
328.843FALSE
328.8429FALSE
328.8421FALSE
328.8421FALSE
328.8421FALSE
328.8427FALSE
328.8427FALSE
328.843FALSE
328.8429FALSE
328.8421FALSE
328.8421FALSE
328.8421FALSE
328.8427FALSE
328.8427FALSE
328.843FALSE
328.8429FALSE
328.8421FALSE
328.8421FALSE
328.8421FALSE
328.8427FALSE
328.8427FALSE
328.843FALSE
328.8429FALSE
$par
smooth_log_cases_lag0.bw smooth_log_cases_lag1.bw         time_ind_lag0.bw 
                3.572479                -3.423122                -1.603788 

$value
[1] 328.8421

$counts
function gradient 
      42       42 

$convergence
[1] 0

$message
[1] "CONVERGENCE: REL_REDUCTION_OF_F <= FACTR*EPSMCH"

> 
> save(ssr_fit,
+     file=paste0("/home/ngr67a/2015-cdc-flu-competition/fit-competition-ssr-ph", prediction_horizon_limit, "-", data_set, ".Rdata"))
> 
> proc.time()
    user   system  elapsed 
2306.375    1.566 2370.812 
