
R version 3.2.2 (2015-08-14) -- "Fire Safety"
Copyright (C) 2015 The R Foundation for Statistical Computing
Platform: x86_64-pc-linux-gnu (64-bit)

R is free software and comes with ABSOLUTELY NO WARRANTY.
You are welcome to redistribute it under certain conditions.
Type 'license()' or 'licence()' for distribution details.

  Natural language support but running in an English locale

R is a collaborative project with many contributors.
Type 'contributors()' for more information and
'citation()' on how to cite R or R packages in publications.

Type 'demo()' for some demos, 'help()' for on-line help, or
'help.start()' for an HTML browser interface to help.
Type 'q()' to quit R.

> ### get ssr fit -- prediction horizons 1:52
> library(lubridate)
> library(ggplot2)
> library(plyr)

Attaching package: ‘plyr’

The following object is masked from ‘package:lubridate’:

    here

> library(dplyr)

Attaching package: ‘dplyr’

The following objects are masked from ‘package:plyr’:

    arrange, count, desc, failwith, id, mutate, rename, summarise,
    summarize

The following objects are masked from ‘package:lubridate’:

    intersect, setdiff, union

The following objects are masked from ‘package:stats’:

    filter, lag

The following objects are masked from ‘package:base’:

    intersect, setdiff, setequal, union

> library(reshape)

Attaching package: ‘reshape’

The following object is masked from ‘package:dplyr’:

    rename

The following objects are masked from ‘package:plyr’:

    rename, round_any

The following object is masked from ‘package:lubridate’:

    stamp

> library(ssrFlu)
> library(doMC)
Loading required package: foreach
Loading required package: iterators
Loading required package: parallel
> 
> registerDoMC(cores=3)
> 
> args <- commandArgs(trailingOnly=TRUE)
> 
> data_set <- args[1]
> prediction_horizon_limit <- as.integer(args[2])
> 
> ## load dataset
> if(identical(data_set, "ili_national")) {
+     data <- ili_national
+ } 
> if(identical(data_set, "ili_region1")) {
+     data <- ili_region1
+ } 
> if(identical(data_set, "ili_region2")) {
+     data <- ili_region2
+ } 
> if(identical(data_set, "ili_region3")) {
+     data <- ili_region3
+ } 
> if(identical(data_set, "ili_region4")) {
+     data <- ili_region4
+ } 
> if(identical(data_set, "ili_region5")) {
+     data <- ili_region5
+ } 
> if(identical(data_set, "ili_region6")) {
+     data <- ili_region6
+ } 
> if(identical(data_set, "ili_region7")) {
+     data <- ili_region7
+ } 
> if(identical(data_set, "ili_region8")) {
+     data <- ili_region8
+ } 
> if(identical(data_set, "ili_region9")) {
+     data <- ili_region9
+ } 
> if(identical(data_set, "ili_region10")) {
+     data <- ili_region10
+ } 
> 
> 
> 
> ## add log column
> data$log_total_cases <- log(data$total_cases + 1)
> 
> ## add week_start_date
> char_dates <- paste(data$year, data$week, "1")
> data$week_start_date <- as.Date(char_dates, format="%Y %W %w")
> 
> ## remove week 53s
> data <- data[-which(is.na(data$week_start_date)),]
> data <- data[262:nrow(data),]
> 
> ## add smooth log column -- or not, since it is already pretty smooth...
> sm <- loess(log_total_cases ~ as.numeric(week_start_date), data=data, span= 26 / nrow(data))
> data$smooth_log_cases <- sm$fitted
> 
> ## add time column
> data$time_ind <- seq_len(nrow(data))
> 
> ssr_control <- create_ssr_control(X_names=c("smooth_log_cases", "time_ind"),
+     y_names="total_cases",
+     time_name=NULL,
+     max_lag=list(smooth_log_cases=1,
+         time_ind=0),
+     prediction_horizons=as.integer(prediction_horizon_limit),
+     kernel_fns=list(smooth_log_cases="squared_exp_kernel",
+         time_ind="periodic_kernel"),
+     theta_est=list(smooth_log_cases="bw",
+         time_ind="bw"),
+     theta_fixed=list(time_ind=list(period=pi / 52)),
+     theta_transform_fns=list(
+         squared_exp_kernel=list(
+             bw=list(transform="log",
+                 detransform="exp")
+         ),
+         periodic_kernel=list(
+             bw=list(transform="log",
+                 detransform="exp")
+         )
+     ),
+     crossval_buffer=52,
+     loss_fn_name="mae_from_kernel_weights_and_centers",
+     loss_fn_args=list())
> 
> 
> ssr_fit <- ssr(X_names=c("smooth_log_cases", "time_ind"),
+     y_names="total_cases",
+     time_name=NULL,
+     data=data,
+     ssr_control=ssr_control)
555.579FALSE
549.2326FALSE
454.2782FALSE
549.2343FALSE
555.5768FALSE
549.2308FALSE
454.2739FALSE
555.5811FALSE
558.234FALSE
565.5418FALSE
558.2203FALSE
454.2825FALSE
558.2477FALSE
565.5626FALSE
453.3093FALSE
549.1823FALSE
565.5209FALSE
549.1819FALSE
453.3241FALSE
549.1828FALSE
555.6565FALSE
549.1784FALSE
453.2945FALSE
549.1781FALSE
555.66FALSE
549.1787FALSE
453.3495FALSE
555.6529FALSE
549.2006FALSE
453.3455FALSE
555.5448FALSE
549.2021FALSE
555.5437FALSE
453.3536FALSE
549.199FALSE
555.546FALSE
451.4893FALSE
549.1781FALSE
555.5919FALSE
549.178FALSE
451.4883FALSE
555.5941FALSE
549.1781FALSE
555.5896FALSE
549.178FALSE
451.4903FALSE
555.5421FALSE
549.1779FALSE
452.2143FALSE
549.1781FALSE
555.5429FALSE
549.179FALSE
555.5418FALSE
452.2244FALSE
549.1796FALSE
555.542FALSE
452.2042FALSE
549.1783FALSE
451.4717FALSE
555.542FALSE
451.4712FALSE
549.1779FALSE
555.5431FALSE
451.4722FALSE
549.1779FALSE
451.4616FALSE
555.5417FALSE
549.178FALSE
451.4613FALSE
555.5424FALSE
451.4618FALSE
549.1783FALSE
555.5424FALSE
549.1789FALSE
451.473FALSE
555.5417FALSE
549.1779FALSE
451.4738FALSE
555.5424FALSE
451.4723FALSE
549.1779FALSE
555.5424FALSE
$par
smooth_log_cases_lag0.bw 
               -2.273581 

$value
[1] 555.5417

$counts
function gradient 
       9        9 

$convergence
[1] 0

$message
[1] "CONVERGENCE: REL_REDUCTION_OF_F <= FACTR*EPSMCH"

549.1779FALSE
451.4617FALSE
549.178FALSE
451.4618FALSE
549.1796FALSE
451.4616FALSE
549.1804FALSE
451.4613FALSE
549.1789FALSE
451.4614FALSE
451.4613FALSE
549.1779FALSE
451.4612FALSE
549.178FALSE
451.4613FALSE
549.178FALSE
451.4614FALSE
549.1779FALSE
451.4612FALSE
549.178FALSE
451.4614FALSE
451.4614FALSE
549.178FALSE
451.4612FALSE
549.1779FALSE
451.4613FALSE
451.4614FALSE
549.178FALSE
451.4612FALSE
549.178FALSE
549.1779FALSE
451.4613FALSE
549.178FALSE
451.4614FALSE
549.178FALSE
451.4612FALSE
549.1779FALSE
451.4613FALSE
549.178FALSE
451.4614FALSE
549.178FALSE
451.4612FALSE
549.1779FALSE
451.4613FALSE
549.178FALSE
451.4614FALSE
549.178FALSE
451.4612FALSE
549.1779FALSE
451.4613FALSE
549.178FALSE
451.4614FALSE
549.178FALSE
451.4612FALSE
549.1779FALSE
451.4613FALSE
549.178FALSE
451.4614FALSE
549.178FALSE
451.4612FALSE
549.1779FALSE
451.4613FALSE
549.178FALSE
451.4614FALSE
549.178FALSE
451.4612FALSE
549.1779FALSE
451.4613FALSE
549.178FALSE
451.4614FALSE
549.178FALSE
451.4612FALSE
549.1779FALSE
451.4613FALSE
549.178FALSE
451.4614FALSE
549.178FALSE
451.4612FALSE
549.1779FALSE
451.4613FALSE
549.178FALSE
549.178FALSE
51.4614FALSE
451.4612FALSE
549.1779FALSE
451.4613FALSE
549.178FALSE
549.178FALSE
451.4614FALSE
549.1779FALSE
451.4612FALSE
549.178FALSE
451.4613FALSE
549.178FALSE
451.4614FALSE
549.1779FALSE
451.4612FALSE
549.178FALSE
451.4613FALSE
549.178FALSE
451.4614FALSE
$par
time_ind_lag0.bw 
       -1.538682 

$value
[1] 451.4612

$counts
function gradient 
      25       25 

$convergence
[1] 0

$message
[1] "CONVERGENCE: REL_REDUCTION_OF_F <= FACTR*EPSMCH"

549.1779FALSE
549.178FALSE
549.178FALSE
549.1779FALSE
549.178FALSE
549.178FALSE
549.1779FALSE
549.178FALSE
549.178FALSE
549.1779FALSE
549.178FALSE
549.178FALSE
549.1779FALSE
549.178FALSE
549.178FALSE
549.1779FALSE
549.178FALSE
549.178FALSE
549.1779FALSE
549.178FALSE
549.178FALSE
549.1779FALSE
549.178FALSE
549.178FALSE
549.1779FALSE
549.178FALSE
549.178FALSE
549.1779FALSE
549.178FALSE
549.178FALSE
549.1779FALSE
549.178FALSE
549.178FALSE
549.1779FALSE
549.178FALSE
549.178FALSE
549.1779FALSE
549.178FALSE
549.178FALSE
549.1779FALSE
549.178FALSE
549.178FALSE
549.1779FALSE
549.178FALSE
549.178FALSE
549.1779FALSE
549.178FALSE
549.178FALSE
549.1779FALSE
549.178FALSE
549.178FALSE
549.1779FALSE
549.178FALSE
549.178FALSE
549.1779FALSE
549.178FALSE
549.178FALSE
549.1779FALSE
549.178FALSE
549.178FALSE
549.1779FALSE
549.178FALSE
549.178FALSE
549.1779FALSE
549.178FALSE
549.178FALSE
549.1779FALSE
549.178FALSE
549.178FALSE
549.1779FALSE
549.178FALSE
549.178FALSE
549.1779FALSE
549.178FALSE
549.178FALSE
549.1779FALSE
549.178FALSE
549.178FALSE
549.1779FALSE
549.178FALSE
549.178FALSE
$par
smooth_log_cases_lag1.bw 
               -2.341942 

$value
[1] 549.1779

$counts
function gradient 
      54       54 

$convergence
[1] 52

$message
[1] "ERROR: ABNORMAL_TERMINATION_IN_LNSRCH"

445.2987FALSE
445.9724FALSE
445.3022FALSE
445.9705FALSE
445.2955FALSE
445.9742FALSE
445.3298FALSE
445.9983FALSE
445.9464FALSE
445.2684FALSE
445.1594FALSE
441.8636FALSE
441.8636FALSE
445.1574FALSE
441.8636FALSE
445.1613FALSE
441.8495FALSE
445.1534FALSE
441.8778FALSE
445.1653FALSE
439.644FALSE
443.395FALSE
439.6403FALSE
443.4022FALSE
439.6477FALSE
443.3877FALSE
439.6369FALSE
443.3818FALSE
439.6512FALSE
443.4081FALSE
441.7333FALSE
445.2038FALSE
441.7449FALSE
445.2108FALSE
441.7217FALSE
445.1967FALSE
441.7506FALSE
445.2224FALSE
441.7161FALSE
445.1853FALSE
438.5618FALSE
441.3275FALSE
438.5617FALSE
441.3329FALSE
438.5619FALSE
441.3222FALSE
438.5601FALSE
441.3255FALSE
438.5636FALSE
441.3296FALSE
438.5593FALSE
443.8723FALSE
438.56FALSE
438.5586FALSE
443.871FALSE
438.5604FALSE
443.8736FALSE
438.5582FALSE
443.8895FALSE
438.534FALSE
443.8551FALSE
438.5347FALSE
438.5333FALSE
441.2327FALSE
438.5347FALSE
441.2346FALSE
438.5333FALSE
441.2314FALSE
438.6836FALSE
441.2341FALSE
438.6817FALSE
441.2313FALSE
438.6856FALSE
441.1926FALSE
438.6814FALSE
441.1933FALSE
438.6859FALSE
441.192FALSE
438.5285FALSE
441.1921FALSE
438.5289FALSE
441.1932FALSE
438.5282FALSE
441.1787FALSE
438.5283FALSE
441.1797FALSE
438.5288FALSE
441.1777FALSE
438.528FALSE
441.1781FALSE
438.5267FALSE
441.1794FALSE
438.5295FALSE
441.1003FALSE
438.5273FALSE
441.102FALSE
438.5289FALSE
441.0986FALSE
438.5277FALSE
441.0999FALSE
438.5281FALSE
441.1007FALSE
438.5274FALSE
438.5275FALSE
441.7088FALSE
438.528FALSE
441.7061FALSE
438.5266FALSE
441.7115FALSE
438.5269FALSE
441.7155FALSE
438.5267FALSE
441.7022FALSE
438.5264FALSE
438.5268FALSE
441.0554FALSE
438.5275FALSE
441.0571FALSE
438.5262FALSE
441.0538FALSE
438.5289FALSE
441.0555FALSE
438.5269FALSE
441.0554FALSE
438.5282FALSE
441.0679FALSE
441.0655FALSE
438.5264FALSE
438.5267FALSE
441.0703FALSE
438.527FALSE
441.0706FALSE
438.5263FALSE
441.0652FALSE
438.5266FALSE
441.0288FALSE
438.5262FALSE
441.0303FALSE
438.5267FALSE
441.0274FALSE
438.526FALSE
441.0294FALSE
438.5268FALSE
441.0284FALSE
438.5264FALSE
744.8141FALSE
438.5263FALSE
438.5266FALSE
744.7868FALSE
438.5266FALSE
744.8413FALSE
438.5262FALSE
744.8141FALSE
438.5265FALSE
744.8141FALSE
438.5337FALSE
441.0737FALSE
438.5343FALSE
441.0713FALSE
438.5332FALSE
441.0761FALSE
438.5347FALSE
441.0764FALSE
438.5327FALSE
441.071FALSE
438.5263FALSE
441.026FALSE
438.5265FALSE
441.0264FALSE
438.5263FALSE
441.026FALSE
438.5264FALSE
438.5264FALSE
441.0268FALSE
438.5262FALSE
441.0255FALSE
438.5265FALSE
441.023FALSE
438.5264FALSE
441.0242FALSE
438.5264FALSE
441.0227FALSE
438.5264FALSE
441.0232FALSE
438.5262FALSE
441.0228FALSE
438.5265FALSE
441.0202FALSE
438.5265FALSE
441.0203FALSE
438.5264FALSE
438.5264FALSE
441.0201FALSE
438.5262FALSE
441.0206FALSE
438.5265FALSE
441.0199FALSE
438.5265FALSE
441.0209FALSE
438.5264FALSE
441.0195FALSE
438.5264FALSE
$par
smooth_log_cases_lag1.bw         time_ind_lag0.bw 
               -2.309202                -2.011422 

$value
[1] 438.5262

$counts
function gradient 
      21       21 

$convergence
[1] 0

$message
[1] "CONVERGENCE: REL_REDUCTION_OF_F <= FACTR*EPSMCH"

441.0223FALSE
441.0203FALSE
441.0215FALSE
441.016FALSE
441.0162FALSE
441.0164FALSE
441.0161FALSE
441.016FALSE
441.0161FALSE
441.0163FALSE
441.0163FALSE
441.0161FALSE
441.0161FALSE
441.016FALSE
441.0162FALSE
441.0164FALSE
441.0161FALSE
441.016FALSE
441.016FALSE
441.0162FALSE
441.0164FALSE
441.0161FALSE
441.016FALSE
441.016FALSE
441.0162FALSE
441.0164FALSE
441.0161FALSE
441.016FALSE
441.016FALSE
441.0162FALSE
441.0164FALSE
441.0161FALSE
441.016FALSE
441.016FALSE
441.0162FALSE
441.0164FALSE
441.0161FALSE
441.016FALSE
441.016FALSE
441.0162FALSE
441.0164FALSE
441.0161FALSE
441.016FALSE
441.016FALSE
441.0162FALSE
441.0164FALSE
441.0161FALSE
441.016FALSE
441.016FALSE
441.0162FALSE
441.0164FALSE
441.0161FALSE
441.016FALSE
441.016FALSE
441.0162FALSE
441.0164FALSE
441.0161FALSE
441.016FALSE
441.016FALSE
441.0162FALSE
441.0164FALSE
441.0161FALSE
441.016FALSE
441.016FALSE
441.0162FALSE
441.0164FALSE
441.0161FALSE
441.016FALSE
$par
smooth_log_cases_lag0.bw         time_ind_lag0.bw 
               -2.298073                -1.974209 

$value
[1] 441.016

$counts
function gradient 
      33       33 

$convergence
[1] 0

$message
[1] "CONVERGENCE: REL_REDUCTION_OF_F <= FACTR*EPSMCH"

453.0705FALSE
441.7281FALSE
453.066FALSE
441.7222FALSE
453.075FALSE
441.7339FALSE
465.6607FALSE
441.7229FALSE
465.7397FALSE
441.7332FALSE
465.5817FALSE
441.723FALSE
451.6891FALSE
441.7332FALSE
451.6855FALSE
449.0801FALSE
451.6927FALSE
535.6395FALSE
449.0824FALSE
535.7448FALSE
449.0777FALSE
535.5341FALSE
449.083FALSE
451.6175FALSE
449.0771FALSE
451.6154FALSE
451.6197FALSE
449.1144FALSE
451.5446FALSE
449.0458FALSE
451.5426FALSE
440.0399FALSE
451.5465FALSE
440.0358FALSE
451.4915FALSE
440.0441FALSE
451.4941FALSE
440.0384FALSE
451.4888FALSE
440.0415FALSE
451.4756FALSE
440.042FALSE
451.4751FALSE
451.4762FALSE
440.0379FALSE
451.4622FALSE
439.5993FALSE
451.462FALSE
439.5988FALSE
451.4625FALSE
451.474FALSE
439.5997FALSE
451.4748FALSE
439.6025FALSE
451.4732FALSE
439.596FALSE
451.4616FALSE
439.6042FALSE
451.4617FALSE
451.4615FALSE
439.5944FALSE
451.4613FALSE
439.0673FALSE
451.4614FALSE
439.0655FALSE
451.4612FALSE
439.0691FALSE
451.4642FALSE
439.0701FALSE
451.4639FALSE
439.0645FALSE
451.4646FALSE
439.0698FALSE
451.4612FALSE
439.0649FALSE
451.4613FALSE
451.4614FALSE
441.5717FALSE
451.4612FALSE
441.5719FALSE
451.4614FALSE
441.5715FALSE
451.4613FALSE
441.5746FALSE
451.4612FALSE
441.5688FALSE
451.4613FALSE
451.4614FALSE
441.5576FALSE
451.4612FALSE
441.5859FALSE
451.4613FALSE
439.1688FALSE
451.4614FALSE
439.1677FALSE
451.4612FALSE
439.1699FALSE
451.4613FALSE
451.4614FALSE
439.167FALSE
451.4612FALSE
439.1707FALSE
451.4613FALSE
439.1644FALSE
451.4614FALSE
439.1733FALSE
451.4612FALSE
438.9626FALSE
451.4613FALSE
438.9612FALSE
451.4614FALSE
451.4612FALSE
438.964FALSE
451.4613FALSE
438.9613FALSE
451.4614FALSE
438.9639FALSE
451.4612FALSE
438.9597FALSE
451.4613FALSE
438.9655FALSE
451.4614FALSE
438.9506FALSE
451.4612FALSE
451.4613FALSE
438.9508FALSE
451.4614FALSE
438.9503FALSE
451.4612FALSE
438.9533FALSE
451.4613FALSE
438.9478FALSE
451.4614FALSE
438.9512FALSE
451.4612FALSE
451.4613FALSE
438.95FALSE
451.4614FALSE
438.9225FALSE
451.4612FALSE
438.9218FALSE
451.4613FALSE
438.9232FALSE
451.4614FALSE
438.9231FALSE
451.4612FALSE
451.4613FALSE
438.9219FALSE
451.4614FALSE
451.4612FALSE
438.9216FALSE
451.4613FALSE
438.9234FALSE
451.4614FALSE
438.9027FALSE
451.4612FALSE
438.9022FALSE
451.4613FALSE
438.9032FALSE
451.4614FALSE
451.4612FALSE
438.9036FALSE
451.4613FALSE
438.9018FALSE
451.4614FALSE
438.9025FALSE
451.4612FALSE
451.4613FALSE
438.9029FALSE
451.4614FALSE
$par
time_ind_lag0.bw 
       -1.538975 

$value
[1] 451.4612

$counts
function gradient 
      31       31 

$convergence
[1] 0

$message
[1] "CONVERGENCE: REL_REDUCTION_OF_F <= FACTR*EPSMCH"

439.0361FALSE
439.0345FALSE
439.0376FALSE
439.0333FALSE
439.0388FALSE
439.037FALSE
439.0351FALSE
438.8854FALSE
438.8845FALSE
438.8863FALSE
438.8837FALSE
438.887FALSE
438.8844FALSE
438.8863FALSE
438.8702FALSE
438.8693FALSE
438.871FALSE
438.8696FALSE
438.8708FALSE
438.8694FALSE
438.871FALSE
439.3357FALSE
439.3363FALSE
439.3351FALSE
439.344FALSE
439.3274FALSE
439.3333FALSE
439.3381FALSE
438.8315FALSE
438.8317FALSE
438.8313FALSE
438.8349FALSE
438.8281FALSE
438.8327FALSE
438.8303FALSE
438.8146FALSE
438.8148FALSE
438.8145FALSE
438.817FALSE
438.8128FALSE
438.8156FALSE
438.8137FALSE
438.8047FALSE
438.8041FALSE
438.8054FALSE
438.8036FALSE
438.8059FALSE
438.8036FALSE
438.8059FALSE
438.782FALSE
438.7815FALSE
438.7825FALSE
438.781FALSE
438.783FALSE
438.7795FALSE
438.7845FALSE
438.742FALSE
438.7417FALSE
438.7423FALSE
438.7397FALSE
438.7443FALSE
438.7408FALSE
438.7433FALSE
438.6965FALSE
438.6961FALSE
438.697FALSE
438.695FALSE
438.6981FALSE
438.6953FALSE
438.6978FALSE
438.6883FALSE
438.688FALSE
438.6887FALSE
438.6871FALSE
438.6899FALSE
438.6881FALSE
438.6894FALSE
438.6781FALSE
438.6779FALSE
438.6784FALSE
438.6759FALSE
438.6804FALSE
438.677FALSE
438.6793FALSE
438.7743FALSE
438.7744FALSE
438.7742FALSE
438.781FALSE
438.7676FALSE
438.7758FALSE
438.7729FALSE
438.5782FALSE
438.5782FALSE
438.5783FALSE
438.5789FALSE
438.5775FALSE
438.5787FALSE
438.5778FALSE
438.5714FALSE
438.5713FALSE
438.5715FALSE
438.57FALSE
438.5729FALSE
438.5704FALSE
438.5724FALSE
438.5527FALSE
438.5526FALSE
438.5527FALSE
438.5512FALSE
438.5541FALSE
438.5517FALSE
438.5537FALSE
438.5423FALSE
438.5423FALSE
438.5424FALSE
438.543FALSE
438.5417FALSE
438.543FALSE
438.5417FALSE
438.535FALSE
438.535FALSE
438.535FALSE
438.5357FALSE
438.5344FALSE
438.5356FALSE
438.5349FALSE
438.6013FALSE
438.6013FALSE
438.6013FALSE
438.5989FALSE
438.6038FALSE
438.6006FALSE
438.602FALSE
438.5336FALSE
438.5335FALSE
438.5336FALSE
438.5327FALSE
438.5348FALSE
438.5339FALSE
438.5341FALSE
438.5312FALSE
438.5312FALSE
438.5312FALSE
438.5315FALSE
438.5317FALSE
438.531FALSE
438.5314FALSE
438.5299FALSE
438.5299FALSE
438.5299FALSE
438.5302FALSE
438.5303FALSE
438.5301FALSE
438.5301FALSE
438.528FALSE
438.528FALSE
438.528FALSE
438.5277FALSE
438.5292FALSE
438.5274FALSE
438.5287FALSE
438.5265FALSE
438.5265FALSE
438.5265FALSE
438.5268FALSE
438.5277FALSE
438.5267FALSE
438.527FALSE
438.5268FALSE
438.5268FALSE
438.5268FALSE
438.5271FALSE
438.5265FALSE
438.5272FALSE
438.5269FALSE
438.5266FALSE
438.5266FALSE
438.5266FALSE
438.5268FALSE
438.5274FALSE
438.5268FALSE
438.5268FALSE
438.5265FALSE
438.5265FALSE
438.5265FALSE
438.5268FALSE
438.5276FALSE
438.5267FALSE
438.527FALSE
438.5265FALSE
438.5265FALSE
438.5265FALSE
438.5268FALSE
438.5277FALSE
438.5267FALSE
438.527FALSE
438.5265FALSE
438.5265FALSE
438.5265FALSE
438.5268FALSE
438.5277FALSE
438.5267FALSE
438.527FALSE
438.5265FALSE
438.5265FALSE
438.5265FALSE
438.5268FALSE
438.5277FALSE
438.5267FALSE
438.527FALSE
438.5265FALSE
438.5265FALSE
438.5265FALSE
438.5268FALSE
438.5277FALSE
438.5267FALSE
438.527FALSE
438.5265FALSE
438.5265FALSE
438.5265FALSE
438.5268FALSE
438.5277FALSE
438.5267FALSE
438.527FALSE
438.5265FALSE
438.5265FALSE
438.5265FALSE
438.5268FALSE
438.5277FALSE
438.5267FALSE
438.527FALSE
438.5265FALSE
438.5265FALSE
438.5265FALSE
438.5268FALSE
438.5277FALSE
438.5267FALSE
438.527FALSE
438.5265FALSE
438.5265FALSE
438.5265FALSE
438.5268FALSE
438.5277FALSE
438.5267FALSE
438.527FALSE
438.5265FALSE
438.5265FALSE
438.5265FALSE
438.5268FALSE
438.5277FALSE
438.5267FALSE
438.527FALSE
438.5265FALSE
438.5265FALSE
438.5265FALSE
438.5268FALSE
438.5277FALSE
438.5267FALSE
438.527FALSE
438.5265FALSE
438.5265FALSE
438.5265FALSE
438.5268FALSE
438.5277FALSE
438.5267FALSE
438.527FALSE
438.5265FALSE
438.5265FALSE
438.5265FALSE
438.5268FALSE
438.5277FALSE
438.5267FALSE
438.527FALSE
438.5265FALSE
438.5265FALSE
438.5265FALSE
438.5268FALSE
438.5277FALSE
438.5267FALSE
438.527FALSE
438.5265FALSE
438.5265FALSE
438.5265FALSE
438.5268FALSE
438.5277FALSE
438.5267FALSE
438.527FALSE
438.5265FALSE
438.5265FALSE
438.5265FALSE
438.5268FALSE
438.5277FALSE
438.5267FALSE
438.527FALSE
438.5265FALSE
438.5265FALSE
438.5265FALSE
438.5268FALSE
438.5277FALSE
438.5267FALSE
438.527FALSE
438.5265FALSE
438.5265FALSE
438.5265FALSE
438.5268FALSE
438.5277FALSE
438.5267FALSE
438.527FALSE
443.4766FALSE
443.4767FALSE
443.4766FALSE
443.4917FALSE
443.4616FALSE
443.4847FALSE
443.4687FALSE
438.533FALSE
438.533FALSE
438.533FALSE
438.5336FALSE
438.5323FALSE
438.5337FALSE
438.5322FALSE
438.5267FALSE
438.5267FALSE
438.5267FALSE
438.5273FALSE
438.5266FALSE
438.5274FALSE
438.5268FALSE
438.5265FALSE
438.5265FALSE
438.5265FALSE
438.5268FALSE
438.5274FALSE
438.5268FALSE
438.5268FALSE
438.5265FALSE
438.5265FALSE
438.5265FALSE
438.5268FALSE
438.5276FALSE
438.5267FALSE
438.527FALSE
438.5265FALSE
438.5265FALSE
438.5265FALSE
438.5268FALSE
438.5277FALSE
438.5267FALSE
438.527FALSE
438.5265FALSE
438.5265FALSE
438.5265FALSE
438.5268FALSE
438.5277FALSE
438.5267FALSE
438.527FALSE
438.5265FALSE
438.5265FALSE
438.5265FALSE
438.5268FALSE
438.5277FALSE
438.5267FALSE
438.527FALSE
438.5265FALSE
438.5265FALSE
438.5265FALSE
438.5268FALSE
438.5277FALSE
438.5267FALSE
438.527FALSE
438.5265FALSE
438.5265FALSE
438.5265FALSE
438.5268FALSE
438.5277FALSE
438.5267FALSE
438.527FALSE
438.5265FALSE
438.5265FALSE
438.5265FALSE
438.5268FALSE
438.5277FALSE
438.5267FALSE
438.527FALSE
438.5265FALSE
438.5265FALSE
438.5265FALSE
438.5268FALSE
438.5277FALSE
438.5267FALSE
438.527FALSE
438.5265FALSE
438.5265FALSE
438.5265FALSE
438.5268FALSE
438.5277FALSE
438.5267FALSE
438.527FALSE
438.5265FALSE
438.5265FALSE
438.5265FALSE
438.5268FALSE
438.5277FALSE
438.5267FALSE
438.527FALSE
438.5265FALSE
438.5265FALSE
438.5265FALSE
438.5268FALSE
438.5277FALSE
438.5267FALSE
438.527FALSE
438.5265FALSE
438.5265FALSE
438.5265FALSE
438.5268FALSE
438.5277FALSE
438.5267FALSE
438.527FALSE
438.5265FALSE
438.5265FALSE
438.5265FALSE
438.5268FALSE
438.5277FALSE
438.5267FALSE
438.527FALSE
438.5265FALSE
438.5265FALSE
438.5265FALSE
438.5268FALSE
438.5277FALSE
438.5267FALSE
438.527FALSE
438.5265FALSE
438.5265FALSE
438.5265FALSE
438.5268FALSE
438.5277FALSE
438.5267FALSE
438.527FALSE
438.5265FALSE
438.5265FALSE
438.5265FALSE
438.5268FALSE
438.5277FALSE
438.5267FALSE
438.527FALSE
$par
smooth_log_cases_lag0.bw smooth_log_cases_lag1.bw         time_ind_lag0.bw 
                1.708659                -2.309602                -2.011175 

$value
[1] 438.5265

$counts
function gradient 
      75       75 

$convergence
[1] 52

$message
[1] "ERROR: ABNORMAL_TERMINATION_IN_LNSRCH"

> 
> save(ssr_fit,
+     file=paste0("/home/ngr67a/2015-cdc-flu-competition/fit-competition-ssr-ph", prediction_horizon_limit, "-", data_set, ".Rdata"))
> 
> proc.time()
    user   system  elapsed 
1574.676    1.040 2145.443 
