
R version 3.2.2 (2015-08-14) -- "Fire Safety"
Copyright (C) 2015 The R Foundation for Statistical Computing
Platform: x86_64-pc-linux-gnu (64-bit)

R is free software and comes with ABSOLUTELY NO WARRANTY.
You are welcome to redistribute it under certain conditions.
Type 'license()' or 'licence()' for distribution details.

  Natural language support but running in an English locale

R is a collaborative project with many contributors.
Type 'contributors()' for more information and
'citation()' on how to cite R or R packages in publications.

Type 'demo()' for some demos, 'help()' for on-line help, or
'help.start()' for an HTML browser interface to help.
Type 'q()' to quit R.

> ### get ssr fit -- prediction horizons 1:52
> library(lubridate)
> library(ggplot2)
> library(plyr)

Attaching package: ‘plyr’

The following object is masked from ‘package:lubridate’:

    here

> library(dplyr)

Attaching package: ‘dplyr’

The following objects are masked from ‘package:plyr’:

    arrange, count, desc, failwith, id, mutate, rename, summarise,
    summarize

The following objects are masked from ‘package:lubridate’:

    intersect, setdiff, union

The following objects are masked from ‘package:stats’:

    filter, lag

The following objects are masked from ‘package:base’:

    intersect, setdiff, setequal, union

> library(reshape)

Attaching package: ‘reshape’

The following object is masked from ‘package:dplyr’:

    rename

The following objects are masked from ‘package:plyr’:

    rename, round_any

The following object is masked from ‘package:lubridate’:

    stamp

> library(ssrFlu)
> library(doMC)
Loading required package: foreach
Loading required package: iterators
Loading required package: parallel
> 
> registerDoMC(cores=3)
> 
> args <- commandArgs(trailingOnly=TRUE)
> 
> data_set <- args[1]
> prediction_horizon_limit <- as.integer(args[2])
> 
> ## load dataset
> if(identical(data_set, "ili_national")) {
+     data <- ili_national
+ } 
> if(identical(data_set, "ili_region1")) {
+     data <- ili_region1
+ } 
> if(identical(data_set, "ili_region2")) {
+     data <- ili_region2
+ } 
> if(identical(data_set, "ili_region3")) {
+     data <- ili_region3
+ } 
> if(identical(data_set, "ili_region4")) {
+     data <- ili_region4
+ } 
> if(identical(data_set, "ili_region5")) {
+     data <- ili_region5
+ } 
> if(identical(data_set, "ili_region6")) {
+     data <- ili_region6
+ } 
> if(identical(data_set, "ili_region7")) {
+     data <- ili_region7
+ } 
> if(identical(data_set, "ili_region8")) {
+     data <- ili_region8
+ } 
> if(identical(data_set, "ili_region9")) {
+     data <- ili_region9
+ } 
> if(identical(data_set, "ili_region10")) {
+     data <- ili_region10
+ } 
> 
> 
> 
> ## add log column
> data$log_total_cases <- log(data$total_cases + 1)
> 
> ## add week_start_date
> char_dates <- paste(data$year, data$week, "1")
> data$week_start_date <- as.Date(char_dates, format="%Y %W %w")
> 
> ## remove week 53s
> data <- data[-which(is.na(data$week_start_date)),]
> data <- data[262:nrow(data),]
> 
> ## add smooth log column -- or not, since it is already pretty smooth...
> sm <- loess(log_total_cases ~ as.numeric(week_start_date), data=data, span= 26 / nrow(data))
> data$smooth_log_cases <- sm$fitted
> 
> ## add time column
> data$time_ind <- seq_len(nrow(data))
> 
> ssr_control <- create_ssr_control(X_names=c("smooth_log_cases", "time_ind"),
+     y_names="total_cases",
+     time_name=NULL,
+     max_lag=list(smooth_log_cases=1,
+         time_ind=0),
+     prediction_horizons=as.integer(prediction_horizon_limit),
+     kernel_fns=list(smooth_log_cases="squared_exp_kernel",
+         time_ind="periodic_kernel"),
+     theta_est=list(smooth_log_cases="bw",
+         time_ind="bw"),
+     theta_fixed=list(time_ind=list(period=pi / 52)),
+     theta_transform_fns=list(
+         squared_exp_kernel=list(
+             bw=list(transform="log",
+                 detransform="exp")
+         ),
+         periodic_kernel=list(
+             bw=list(transform="log",
+                 detransform="exp")
+         )
+     ),
+     crossval_buffer=52,
+     loss_fn_name="mae_from_kernel_weights_and_centers",
+     loss_fn_args=list())
> 
> 
> ssr_fit <- ssr(X_names=c("smooth_log_cases", "time_ind"),
+     y_names="total_cases",
+     time_name=NULL,
+     data=data,
+     ssr_control=ssr_control)
938.0935FALSE
946.63FALSE
691.0993FALSE
938.0694FALSE
691.0897FALSE
946.6396FALSE
938.1175FALSE
691.1088FALSE
691.4829FALSE
930.9612FALSE
946.6203FALSE
691.525FALSE
930.9826FALSE
691.441FALSE
957.9874FALSE
930.9405FALSE
686.7327FALSE
927.8654FALSE
686.7283FALSE
957.9699FALSE
927.857FALSE
958.0049FALSE
686.737FALSE
927.8744FALSE
944.3516FALSE
691.9174FALSE
927.267FALSE
944.3733FALSE
927.2696FALSE
691.9618FALSE
944.3298FALSE
927.2645FALSE
691.8731FALSE
927.2322FALSE
941.2977FALSE
686.3277FALSE
927.231FALSE
941.3061FALSE
686.3256FALSE
927.2335FALSE
686.3298FALSE
941.2892FALSE
686.2493FALSE
927.2316FALSE
1007.002FALSE
927.2322FALSE
686.2504FALSE
927.2311FALSE
686.2482FALSE
1006.966FALSE
927.23FALSE
686.2418FALSE
1007.038FALSE
927.2305FALSE
686.2417FALSE
927.2296FALSE
686.2418FALSE
927.2359FALSE
941.6998FALSE
686.2416FALSE
927.2347FALSE
686.2415FALSE
927.2372FALSE
941.6884FALSE
686.2416FALSE
927.2294FALSE
686.2416FALSE
927.2298FALSE
941.7111FALSE
686.2417FALSE
927.229FALSE
686.2415FALSE
941.1469FALSE
927.2325FALSE
686.2412FALSE
927.2313FALSE
941.1459FALSE
927.2337FALSE
686.2411FALSE
927.2291FALSE
686.2413FALSE
941.1479FALSE
927.2294FALSE
686.2414FALSE
941.1419FALSE
927.2292FALSE
686.2415FALSE
927.2291FALSE
941.1405FALSE
686.2412FALSE
927.2291FALSE
941.1432FALSE
686.2411FALSE
927.2297FALSE
941.1298FALSE
686.2412FALSE
927.229FALSE
941.1364FALSE
686.2412FALSE
927.2293FALSE
941.123FALSE
686.2413FALSE
927.2294FALSE
941.1376FALSE
686.2414FALSE
927.229FALSE
941.1359FALSE
686.2412FALSE
927.2293FALSE
941.1391FALSE
686.2411FALSE
927.2293FALSE
941.1176FALSE
927.229FALSE
941.115FALSE
686.2412FALSE
927.2293FALSE
941.12FALSE
686.2412FALSE
927.2294FALSE
941.1144FALSE
686.2411FALSE
927.229FALSE
941.1137FALSE
686.2412FALSE
927.2293FALSE
686.2412FALSE
941.1169FALSE
927.2294FALSE
686.2411FALSE
927.229FALSE
686.2412FALSE
927.2293FALSE
941.1133FALSE
686.2412FALSE
927.2294FALSE
941.1166FALSE
927.229FALSE
686.2411FALSE
941.1159FALSE
927.2293FALSE
686.2412FALSE
941.1249FALSE
927.2294FALSE
686.2412FALSE
941.1227FALSE
927.229FALSE
686.2411FALSE
941.1271FALSE
927.2293FALSE
941.1137FALSE
686.2412FALSE
927.2294FALSE
941.1156FALSE
686.2412FALSE
927.229FALSE
941.1163FALSE
686.2411FALSE
927.2293FALSE
941.1133FALSE
927.2294FALSE
686.2412FALSE
941.1166FALSE
927.229FALSE
686.2412FALSE
927.2293FALSE
941.1159FALSE
686.2411FALSE
927.2294FALSE
941.1133FALSE
686.2412FALSE
927.229FALSE
686.2412FALSE
941.1166FALSE
927.2293FALSE
686.2411FALSE
941.1159FALSE
927.2294FALSE
686.2412FALSE
927.229FALSE
941.1133FALSE
686.2412FALSE
927.2293FALSE
686.2411FALSE
941.1166FALSE
927.2294FALSE
686.2412FALSE
927.229FALSE
941.1159FALSE
927.2293FALSE
686.2412FALSE
941.1133FALSE
927.2294FALSE
686.2411FALSE
941.1166FALSE
927.229FALSE
686.2412FALSE
941.1159FALSE
927.2293FALSE
686.2412FALSE
941.1133FALSE
927.2294FALSE
686.2411FALSE
941.1166FALSE
927.229FALSE
686.2412FALSE
941.1159FALSE
686.2412FALSE
927.2293FALSE
686.2411FALSE
941.1133FALSE
927.2294FALSE
686.2412FALSE
941.1166FALSE
927.229FALSE
686.2412FALSE
941.1159FALSE
927.2293FALSE
686.2411FALSE
941.1133FALSE
927.2294FALSE
686.2412FALSE
941.1166FALSE
927.229FALSE
686.2412FALSE
941.1159FALSE
927.2293FALSE
686.2411FALSE
941.1133FALSE
927.2294FALSE
686.2412FALSE
927.229FALSE
941.1166FALSE
927.2293FALSE
686.2412FALSE
927.2294FALSE
941.1159FALSE
686.2411FALSE
927.229FALSE
941.1133FALSE
927.2293FALSE
686.2412FALSE
941.1166FALSE
686.2412FALSE
927.2294FALSE
686.2411FALSE
927.229FALSE
941.1159FALSE
686.2412FALSE
927.2293FALSE
686.2412FALSE
941.1133FALSE
927.2294FALSE
686.2411FALSE
941.1166FALSE
927.229FALSE
686.2412FALSE
941.1159FALSE
927.2293FALSE
686.2412FALSE
941.1133FALSE
927.2294FALSE
686.2411FALSE
941.1166FALSE
927.229FALSE
686.2412FALSE
941.1159FALSE
927.2293FALSE
686.2412FALSE
941.1133FALSE
927.2294FALSE
686.2411FALSE
927.2414FALSE
941.1166FALSE
686.2412FALSE
927.2428FALSE
941.1159FALSE
686.2412FALSE
927.2401FALSE
941.1133FALSE
686.2411FALSE
927.229FALSE
686.2412FALSE
941.1166FALSE
927.2294FALSE
686.2412FALSE
927.2293FALSE
941.1159FALSE
686.2411FALSE
927.229FALSE
941.1133FALSE
686.2412FALSE
927.2293FALSE
941.1166FALSE
686.2412FALSE
927.2294FALSE
941.1159FALSE
941.1133FALSE
686.2411FALSE
927.229FALSE
941.1166FALSE
686.2412FALSE
941.1159FALSE
927.2293FALSE
686.2412FALSE
941.1133FALSE
686.2411FALSE
927.2294FALSE
941.1166FALSE
927.229FALSE
686.2412FALSE
941.1159FALSE
927.2293FALSE
686.2412FALSE
941.1133FALSE
927.2294FALSE
686.2411FALSE
941.1166FALSE
927.229FALSE
686.2412FALSE
941.1159FALSE
927.2293FALSE
941.1133FALSE
927.2294FALSE
686.2412FALSE
941.1166FALSE
927.229FALSE
941.1159FALSE
686.2411FALSE
927.2293FALSE
948.9086FALSE
927.2294FALSE
686.2412FALSE
948.8732FALSE
927.229FALSE
686.2412FALSE
948.9439FALSE
927.2293FALSE
686.2411FALSE
941.1176FALSE
927.2294FALSE
941.1151FALSE
686.2412FALSE
927.229FALSE
941.1201FALSE
686.2412FALSE
927.2293FALSE
941.1134FALSE
686.2411FALSE
927.2294FALSE
941.1162FALSE
686.2412FALSE
927.229FALSE
941.116FALSE
686.2412FALSE
927.2293FALSE
941.1133FALSE
927.2294FALSE
686.2411FALSE
941.1166FALSE
686.2412FALSE
927.229FALSE
941.1159FALSE
686.2412FALSE
927.2293FALSE
941.1133FALSE
686.2411FALSE
927.2294FALSE
941.1166FALSE
686.2412FALSE
927.229FALSE
941.1159FALSE
927.2293FALSE
686.2412FALSE
927.2294FALSE
941.1133FALSE
686.2411FALSE
927.229FALSE
686.2412FALSE
941.1166FALSE
927.2293FALSE
686.2412FALSE
927.2294FALSE
941.1159FALSE
927.229FALSE
686.2411FALSE
941.1133FALSE
927.2293FALSE
686.2412FALSE
941.1166FALSE
927.2294FALSE
686.2412FALSE
941.1159FALSE
927.229FALSE
686.2411FALSE
927.2293FALSE
941.1133FALSE
686.2412FALSE
927.2294FALSE
941.1166FALSE
686.2412FALSE
927.229FALSE
941.1159FALSE
686.2411FALSE
927.2293FALSE
686.2412FALSE
941.1133FALSE
927.2294FALSE
686.2412FALSE
927.229FALSE
941.1166FALSE
927.2293FALSE
686.2411FALSE
941.1159FALSE
927.2294FALSE
$par
smooth_log_cases_lag0.bw 
               -1.659117 

$value
[1] 927.229

$counts
function gradient 
      50       50 

$convergence
[1] 0

$message
[1] "CONVERGENCE: REL_REDUCTION_OF_F <= FACTR*EPSMCH"

686.2412FALSE
941.1133FALSE
686.2412FALSE
941.1166FALSE
686.2411FALSE
686.2412FALSE
941.1159FALSE
686.2412FALSE
941.1133FALSE
686.2411FALSE
941.1166FALSE
686.2412FALSE
686.2412FALSE
941.1159FALSE
686.2411FALSE
941.1133FALSE
686.2412FALSE
941.1166FALSE
686.2412FALSE
941.1159FALSE
686.2411FALSE
686.2412FALSE
941.1133FALSE
686.2412FALSE
941.1166FALSE
686.2411FALSE
686.2412FALSE
941.1159FALSE
686.2412FALSE
941.1133FALSE
686.2411FALSE
941.1166FALSE
686.2412FALSE
941.1159FALSE
686.2412FALSE
941.1133FALSE
686.2411FALSE
941.1166FALSE
941.1159FALSE
686.2412FALSE
941.1133FALSE
686.2412FALSE
941.1166FALSE
686.2411FALSE
941.1159FALSE
686.2412FALSE
941.1133FALSE
686.2412FALSE
$par
time_ind_lag0.bw 
       -1.571046 

$value
[1] 686.2411

$counts
function gradient 
      55       55 

$convergence
[1] 52

$message
[1] "ERROR: ABNORMAL_TERMINATION_IN_LNSRCH"

941.1166FALSE
941.1159FALSE
941.1133FALSE
941.1166FALSE
941.1159FALSE
941.1133FALSE
941.1166FALSE
941.1159FALSE
941.1133FALSE
941.1166FALSE
941.1159FALSE
$par
smooth_log_cases_lag1.bw 
                -2.61615 

$value
[1] 941.1133

$counts
function gradient 
      53       53 

$convergence
[1] 0

$message
[1] "CONVERGENCE: REL_REDUCTION_OF_F <= FACTR*EPSMCH"

741.4124FALSE
740.3967FALSE
741.3694FALSE
740.3589FALSE
741.4554FALSE
740.4345FALSE
741.439FALSE
740.4107FALSE
741.3862FALSE
740.3826FALSE
702.0418FALSE
700.7422FALSE
702.0169FALSE
700.7196FALSE
702.0667FALSE
700.7649FALSE
702.0347FALSE
700.7352FALSE
700.7492FALSE
702.0489FALSE
687.6679FALSE
691.6252FALSE
687.6654FALSE
691.6211FALSE
687.6704FALSE
691.6293FALSE
687.6673FALSE
691.6181FALSE
687.6686FALSE
691.6322FALSE
687.2096FALSE
689.5408FALSE
687.2077FALSE
689.5371FALSE
687.2114FALSE
689.5446FALSE
687.2108FALSE
689.5369FALSE
687.2084FALSE
689.5448FALSE
686.565FALSE
686.5644FALSE
688.8917FALSE
686.5656FALSE
688.8904FALSE
686.564FALSE
688.893FALSE
686.566FALSE
688.9156FALSE
686.4017FALSE
686.4014FALSE
688.8678FALSE
686.402FALSE
688.0144FALSE
686.4019FALSE
688.0116FALSE
686.4015FALSE
686.3317FALSE
688.0172FALSE
686.3315FALSE
688.0115FALSE
686.3319FALSE
688.0173FALSE
686.3319FALSE
694.2487FALSE
686.3315FALSE
694.2478FALSE
686.2909FALSE
694.2497FALSE
686.2909FALSE
694.3026FALSE
686.291FALSE
694.195FALSE
686.2895FALSE
687.3941FALSE
687.392FALSE
686.2929FALSE
687.3963FALSE
686.2675FALSE
687.3955FALSE
686.2674FALSE
687.3928FALSE
686.2675FALSE
687.0087FALSE
686.2676FALSE
687.0072FALSE
686.2673FALSE
687.0102FALSE
686.2577FALSE
687.0114FALSE
686.2577FALSE
687.0063FALSE
686.2578FALSE
686.4965FALSE
686.2579FALSE
686.496FALSE
686.2576FALSE
686.497FALSE
686.2486FALSE
686.4967FALSE
686.2486FALSE
686.4963FALSE
686.2486FALSE
686.3872FALSE
686.2485FALSE
686.3869FALSE
686.3875FALSE
686.2487FALSE
686.3874FALSE
686.2454FALSE
686.3871FALSE
686.2454FALSE
686.3101FALSE
686.3099FALSE
686.2454FALSE
686.3102FALSE
686.2453FALSE
686.31FALSE
686.2455FALSE
686.3101FALSE
686.277FALSE
686.2441FALSE
686.2769FALSE
686.2441FALSE
686.277FALSE
686.2769FALSE
686.2441FALSE
686.277FALSE
687.303FALSE
686.2443FALSE
687.3029FALSE
687.303FALSE
686.244FALSE
687.3206FALSE
687.2853FALSE
686.2431FALSE
686.276FALSE
686.2431FALSE
686.2431FALSE
686.276FALSE
686.2761FALSE
686.2432FALSE
686.276FALSE
686.2429FALSE
686.2761FALSE
686.2432FALSE
686.6073FALSE
686.2432FALSE
686.6073FALSE
686.2432FALSE
686.6074FALSE
686.2431FALSE
686.6192FALSE
686.5956FALSE
686.2433FALSE
686.2424FALSE
686.2736FALSE
686.2736FALSE
686.2424FALSE
686.2737FALSE
686.2424FALSE
686.2738FALSE
686.2423FALSE
686.2735FALSE
686.2424FALSE
686.259FALSE
686.242FALSE
686.2589FALSE
686.242FALSE
686.259FALSE
686.242FALSE
686.2589FALSE
686.2419FALSE
686.2591FALSE
686.2421FALSE
686.25FALSE
686.2439FALSE
686.25FALSE
686.2439FALSE
686.2501FALSE
686.2439FALSE
686.2502FALSE
686.2441FALSE
686.2499FALSE
686.2437FALSE
686.2468FALSE
686.2417FALSE
686.2468FALSE
686.2417FALSE
686.2468FALSE
686.2417FALSE
686.247FALSE
686.2418FALSE
686.2466FALSE
686.2416FALSE
686.2434FALSE
686.2416FALSE
686.2434FALSE
686.2416FALSE
686.2434FALSE
686.2416FALSE
686.2433FALSE
686.2415FALSE
686.2435FALSE
686.2416FALSE
686.2428FALSE
686.2414FALSE
686.2414FALSE
686.2428FALSE
686.2414FALSE
686.2428FALSE
686.2414FALSE
686.2427FALSE
686.2415FALSE
686.2429FALSE
686.2412FALSE
686.2412FALSE
686.2803FALSE
686.2412FALSE
686.2803FALSE
686.2413FALSE
686.2803FALSE
686.2413FALSE
686.2412FALSE
686.284FALSE
686.2412FALSE
686.2412FALSE
686.2766FALSE
686.2413FALSE
686.2427FALSE
686.2413FALSE
686.2427FALSE
686.2412FALSE
686.2427FALSE
686.2412FALSE
686.2428FALSE
686.2412FALSE
686.2412FALSE
686.2425FALSE
686.2412FALSE
686.2423FALSE
686.2411FALSE
686.2423FALSE
686.2411FALSE
686.2411FALSE
686.2423FALSE
686.2412FALSE
686.2423FALSE
686.2412FALSE
686.2424FALSE
686.2426FALSE
686.2808FALSE
686.2426FALSE
686.2808FALSE
686.2808FALSE
686.2426FALSE
686.2789FALSE
686.2427FALSE
686.2827FALSE
686.2411FALSE
686.2424FALSE
686.2411FALSE
686.2422FALSE
686.2411FALSE
686.2412FALSE
686.2422FALSE
686.2412FALSE
686.2422FALSE
686.2411FALSE
686.2424FALSE
686.2411FALSE
686.2421FALSE
686.2411FALSE
686.2414FALSE
686.2414FALSE
686.2412FALSE
686.2414FALSE
686.2412FALSE
686.2415FALSE
686.2411FALSE
686.2415FALSE
686.2411FALSE
686.2413FALSE
686.2411FALSE
686.2413FALSE
686.2412FALSE
686.2413FALSE
686.2412FALSE
686.2414FALSE
686.2414FALSE
686.2411FALSE
686.2412FALSE
686.2411FALSE
686.2412FALSE
686.2411FALSE
686.2412FALSE
686.2412FALSE
686.2413FALSE
686.2412FALSE
686.2413FALSE
686.2411FALSE
686.2412FALSE
686.2412FALSE
686.2411FALSE
686.2412FALSE
686.2411FALSE
686.2412FALSE
686.2412FALSE
686.2412FALSE
686.2411FALSE
686.2412FALSE
686.2411FALSE
686.2411FALSE
686.2411FALSE
686.2411FALSE
686.2412FALSE
686.2411FALSE
686.2412FALSE
686.2412FALSE
686.2421FALSE
686.2412FALSE
686.2421FALSE
686.2411FALSE
686.2421FALSE
686.2411FALSE
686.242FALSE
686.2411FALSE
686.2422FALSE
686.2412FALSE
686.2412FALSE
686.2412FALSE
686.2412FALSE
686.2411FALSE
686.2412FALSE
686.2411FALSE
686.2412FALSE
686.2411FALSE
686.2412FALSE
686.2412FALSE
686.2411FALSE
686.2412FALSE
686.2411FALSE
686.2411FALSE
686.2411FALSE
686.2411FALSE
686.2412FALSE
686.2411FALSE
686.2412FALSE
686.2412FALSE
686.2411FALSE
686.2412FALSE
686.2411FALSE
686.2411FALSE
686.2411FALSE
686.2411FALSE
686.2412FALSE
686.2411FALSE
686.2412FALSE
686.2412FALSE
686.2411FALSE
686.2412FALSE
686.2411FALSE
686.2411FALSE
686.2411FALSE
686.2411FALSE
686.2412FALSE
686.2411FALSE
686.2412FALSE
686.2412FALSE
686.2411FALSE
686.2412FALSE
686.2411FALSE
686.2411FALSE
686.2411FALSE
686.2411FALSE
686.2412FALSE
686.2411FALSE
686.2412FALSE
686.2412FALSE
686.2411FALSE
686.2412FALSE
686.2411FALSE
686.2411FALSE
686.2411FALSE
686.2411FALSE
686.2412FALSE
686.2411FALSE
686.2412FALSE
686.2412FALSE
686.2411FALSE
686.2412FALSE
686.2411FALSE
686.2411FALSE
686.2411FALSE
686.2411FALSE
686.2412FALSE
686.2411FALSE
686.2412FALSE
686.2412FALSE
686.2411FALSE
686.2412FALSE
686.2411FALSE
686.2411FALSE
686.2411FALSE
686.2412FALSE
686.2411FALSE
686.2412FALSE
686.2411FALSE
686.2411FALSE
686.2412FALSE
686.2411FALSE
686.2412FALSE
686.2411FALSE
686.2411FALSE
686.2412FALSE
686.2411FALSE
686.2412FALSE
686.2411FALSE
686.2411FALSE
686.2412FALSE
686.2411FALSE
686.2412FALSE
686.2411FALSE
686.2411FALSE
686.2412FALSE
686.2411FALSE
686.2412FALSE
686.2411FALSE
686.2411FALSE
686.2412FALSE
686.2411FALSE
686.2412FALSE
686.2411FALSE
686.2411FALSE
686.2412FALSE
686.2411FALSE
686.2412FALSE
686.2411FALSE
686.2411FALSE
686.2412FALSE
686.2411FALSE
686.2412FALSE
686.2411FALSE
686.2411FALSE
686.2412FALSE
686.2411FALSE
686.2412FALSE
686.2411FALSE
686.2411FALSE
686.2412FALSE
686.2411FALSE
686.2412FALSE
686.2411FALSE
686.2412FALSE
686.2412FALSE
686.2412FALSE
686.2412FALSE
$par
smooth_log_cases_lag0.bw         time_ind_lag0.bw 
                5.919343                -1.571032 

$value
[1] 686.2411

$counts
function gradient 
      46       46 

$convergence
[1] 0

$message
[1] "CONVERGENCE: REL_REDUCTION_OF_F <= FACTR*EPSMCH"

686.2412FALSE
686.2412FALSE
686.2412FALSE
686.2411FALSE
686.2411FALSE
686.2411FALSE
686.2412FALSE
686.2412FALSE
686.2411FALSE
686.2411FALSE
686.2411FALSE
686.2412FALSE
686.2412FALSE
686.2411FALSE
686.2411FALSE
686.2411FALSE
686.2412FALSE
686.2412FALSE
686.2411FALSE
686.2411FALSE
686.2411FALSE
686.2412FALSE
686.2412FALSE
686.2411FALSE
686.2411FALSE
686.2411FALSE
686.2412FALSE
686.2412FALSE
686.2411FALSE
686.2411FALSE
686.2411FALSE
686.2412FALSE
686.2412FALSE
686.2411FALSE
686.2411FALSE
686.2411FALSE
686.2412FALSE
686.2412FALSE
686.2411FALSE
686.2411FALSE
686.2411FALSE
686.2412FALSE
686.2412FALSE
686.2411FALSE
686.2411FALSE
686.2411FALSE
686.2412FALSE
686.2412FALSE
686.2411FALSE
686.2411FALSE
686.2411FALSE
686.2412FALSE
686.2412FALSE
686.2411FALSE
686.2411FALSE
686.2411FALSE
686.2412FALSE
686.2412FALSE
686.2411FALSE
686.2411FALSE
686.2411FALSE
686.2412FALSE
686.2412FALSE
686.2411FALSE
686.2411FALSE
686.2411FALSE
686.2412FALSE
686.2412FALSE
686.2411FALSE
686.2411FALSE
686.2411FALSE
686.2412FALSE
686.2412FALSE
686.2411FALSE
686.2411FALSE
686.2411FALSE
686.2412FALSE
686.2412FALSE
686.2411FALSE
686.2411FALSE
686.2411FALSE
686.2412FALSE
686.2412FALSE
686.2411FALSE
686.2411FALSE
686.2411FALSE
686.2412FALSE
686.2412FALSE
686.2411FALSE
686.2411FALSE
686.2411FALSE
686.2412FALSE
686.2412FALSE
686.2411FALSE
686.2411FALSE
686.2411FALSE
686.2412FALSE
686.2412FALSE
$par
smooth_log_cases_lag1.bw         time_ind_lag0.bw 
                6.102949                -1.571046 

$value
[1] 686.2411

$counts
function gradient 
      65       65 

$convergence
[1] 52

$message
[1] "ERROR: ABNORMAL_TERMINATION_IN_LNSRCH"

> 
> save(ssr_fit,
+     file=paste0("/home/ngr67a/2015-cdc-flu-competition/fit-competition-ssr-ph", prediction_horizon_limit, "-", data_set, ".Rdata"))
> 
> proc.time()
    user   system  elapsed 
1598.785    1.096 1151.149 
