
R version 3.2.2 (2015-08-14) -- "Fire Safety"
Copyright (C) 2015 The R Foundation for Statistical Computing
Platform: x86_64-pc-linux-gnu (64-bit)

R is free software and comes with ABSOLUTELY NO WARRANTY.
You are welcome to redistribute it under certain conditions.
Type 'license()' or 'licence()' for distribution details.

  Natural language support but running in an English locale

R is a collaborative project with many contributors.
Type 'contributors()' for more information and
'citation()' on how to cite R or R packages in publications.

Type 'demo()' for some demos, 'help()' for on-line help, or
'help.start()' for an HTML browser interface to help.
Type 'q()' to quit R.

> ### get ssr fit -- prediction horizons 1:52
> library(lubridate)
> library(ggplot2)
> library(plyr)

Attaching package: ‘plyr’

The following object is masked from ‘package:lubridate’:

    here

> library(dplyr)

Attaching package: ‘dplyr’

The following objects are masked from ‘package:plyr’:

    arrange, count, desc, failwith, id, mutate, rename, summarise,
    summarize

The following objects are masked from ‘package:lubridate’:

    intersect, setdiff, union

The following objects are masked from ‘package:stats’:

    filter, lag

The following objects are masked from ‘package:base’:

    intersect, setdiff, setequal, union

> library(reshape)

Attaching package: ‘reshape’

The following object is masked from ‘package:dplyr’:

    rename

The following objects are masked from ‘package:plyr’:

    rename, round_any

The following object is masked from ‘package:lubridate’:

    stamp

> library(ssrFlu)
> library(doMC)
Loading required package: foreach
Loading required package: iterators
Loading required package: parallel
> 
> registerDoMC(cores=3)
> 
> args <- commandArgs(trailingOnly=TRUE)
> 
> data_set <- args[1]
> prediction_horizon_limit <- as.integer(args[2])
> 
> ## load dataset
> if(identical(data_set, "ili_national")) {
+     data <- ili_national
+ } 
> if(identical(data_set, "ili_region1")) {
+     data <- ili_region1
+ } 
> if(identical(data_set, "ili_region2")) {
+     data <- ili_region2
+ } 
> if(identical(data_set, "ili_region3")) {
+     data <- ili_region3
+ } 
> if(identical(data_set, "ili_region4")) {
+     data <- ili_region4
+ } 
> if(identical(data_set, "ili_region5")) {
+     data <- ili_region5
+ } 
> if(identical(data_set, "ili_region6")) {
+     data <- ili_region6
+ } 
> if(identical(data_set, "ili_region7")) {
+     data <- ili_region7
+ } 
> if(identical(data_set, "ili_region8")) {
+     data <- ili_region8
+ } 
> if(identical(data_set, "ili_region9")) {
+     data <- ili_region9
+ } 
> if(identical(data_set, "ili_region10")) {
+     data <- ili_region10
+ } 
> 
> 
> 
> ## add log column
> data$log_total_cases <- log(data$total_cases + 1)
> 
> ## add week_start_date
> char_dates <- paste(data$year, data$week, "1")
> data$week_start_date <- as.Date(char_dates, format="%Y %W %w")
> 
> ## remove week 53s
> data <- data[-which(is.na(data$week_start_date)),]
> data <- data[262:nrow(data),]
> 
> ## add smooth log column -- or not, since it is already pretty smooth...
> sm <- loess(log_total_cases ~ as.numeric(week_start_date), data=data, span= 26 / nrow(data))
> data$smooth_log_cases <- sm$fitted
> 
> ## add time column
> data$time_ind <- seq_len(nrow(data))
> 
> ssr_control <- create_ssr_control(X_names=c("smooth_log_cases", "time_ind"),
+     y_names="total_cases",
+     time_name=NULL,
+     max_lag=list(smooth_log_cases=1,
+         time_ind=0),
+     prediction_horizons=as.integer(prediction_horizon_limit),
+     kernel_fns=list(smooth_log_cases="squared_exp_kernel",
+         time_ind="periodic_kernel"),
+     theta_est=list(smooth_log_cases="bw",
+         time_ind="bw"),
+     theta_fixed=list(time_ind=list(period=pi / 52)),
+     theta_transform_fns=list(
+         squared_exp_kernel=list(
+             bw=list(transform="log",
+                 detransform="exp")
+         ),
+         periodic_kernel=list(
+             bw=list(transform="log",
+                 detransform="exp")
+         )
+     ),
+     crossval_buffer=52,
+     loss_fn_name="mae_from_kernel_weights_and_centers",
+     loss_fn_args=list())
> 
> 
> ssr_fit <- ssr(X_names=c("smooth_log_cases", "time_ind"),
+     y_names="total_cases",
+     time_name=NULL,
+     data=data,
+     ssr_control=ssr_control)
447.9135FALSE
494.9257FALSE
529.9829FALSE
447.9081FALSE
494.9182FALSE
529.9741FALSE
447.9189FALSE
494.9332FALSE
460.9693FALSE
529.9916FALSE
503.8539FALSE
461.0123FALSE
526.4933FALSE
503.8915FALSE
460.9263FALSE
526.509FALSE
503.8169FALSE
447.5488FALSE
493.3916FALSE
447.5492FALSE
526.4784FALSE
447.5484FALSE
493.3894FALSE
526.8497FALSE
447.5465FALSE
493.3938FALSE
526.8419FALSE
493.3728FALSE
447.546FALSE
526.8575FALSE
493.3745FALSE
447.5469FALSE
493.3711FALSE
650.7859FALSE
447.5466FALSE
650.7923FALSE
493.3288FALSE
447.5467FALSE
650.7795FALSE
447.5465FALSE
493.3291FALSE
447.5462FALSE
493.3289FALSE
526.1865FALSE
447.5463FALSE
493.3294FALSE
526.18FALSE
447.546FALSE
526.193FALSE
493.329FALSE
447.5507FALSE
525.7543FALSE
493.3297FALSE
447.5502FALSE
493.3288FALSE
525.7656FALSE
447.5512FALSE
493.3289FALSE
525.7431FALSE
447.546FALSE
493.3289FALSE
525.1986FALSE
447.5462FALSE
493.3288FALSE
525.1945FALSE
447.5459FALSE
493.329FALSE
525.2029FALSE
447.5488FALSE
493.3289FALSE
447.5484FALSE
493.3288FALSE
525.8197FALSE
493.3289FALSE
447.5493FALSE
525.8316FALSE
493.3289FALSE
447.546FALSE
525.8078FALSE
493.3288FALSE
447.5461FALSE
524.8766FALSE
493.329FALSE
447.546FALSE
493.3289FALSE
524.8751FALSE
447.547FALSE
493.3288FALSE
524.8782FALSE
447.5466FALSE
493.329FALSE
447.5475FALSE
524.8694FALSE
447.5459FALSE
493.3289FALSE
524.872FALSE
447.5461FALSE
493.3288FALSE
524.8668FALSE
447.546FALSE
493.329FALSE
524.8448FALSE
447.5459FALSE
524.8441FALSE
447.5461FALSE
493.3289FALSE
524.8454FALSE
447.5461FALSE
493.3288FALSE
524.8365FALSE
447.5459FALSE
524.8363FALSE
493.329FALSE
447.5461FALSE
524.8368FALSE
447.5461FALSE
493.3289FALSE
524.8446FALSE
447.5459FALSE
524.8457FALSE
493.3288FALSE
447.5461FALSE
524.8434FALSE
493.329FALSE
447.5461FALSE
524.8363FALSE
493.3289FALSE
447.5459FALSE
524.8361FALSE
493.3288FALSE
447.5461FALSE
493.329FALSE
447.5461FALSE
524.8365FALSE
447.5459FALSE
493.3289FALSE
524.8407FALSE
447.5461FALSE
524.8418FALSE
493.3288FALSE
447.5461FALSE
524.8397FALSE
493.329FALSE
447.5459FALSE
524.8362FALSE
447.5461FALSE
493.3289FALSE
524.836FALSE
447.5461FALSE
493.3288FALSE
524.8364FALSE
447.5459FALSE
493.329FALSE
524.8441FALSE
447.5461FALSE
493.3289FALSE
524.8452FALSE
447.5461FALSE
493.3288FALSE
524.8429FALSE
447.5459FALSE
493.329FALSE
524.8361FALSE
447.5461FALSE
493.3289FALSE
524.836FALSE
447.5461FALSE
493.3288FALSE
447.5459FALSE
524.8363FALSE
493.329FALSE
447.5461FALSE
493.3289FALSE
524.8359FALSE
447.5461FALSE
493.3288FALSE
524.8368FALSE
447.5459FALSE
493.329FALSE
524.8361FALSE
447.5461FALSE
493.3289FALSE
524.836FALSE
447.5461FALSE
493.3288FALSE
524.8362FALSE
447.5459FALSE
524.8362FALSE
447.5461FALSE
493.329FALSE
447.5461FALSE
524.836FALSE
493.3289FALSE
447.5459FALSE
524.8362FALSE
493.3288FALSE
447.5461FALSE
524.8362FALSE
$par
time_ind_lag0.bw 
       -1.498969 

$value
[1] 524.836

$counts
function gradient 
      21       21 

$convergence
[1] 0

$message
[1] "CONVERGENCE: REL_REDUCTION_OF_F <= FACTR*EPSMCH"

493.329FALSE
447.5461FALSE
493.3289FALSE
447.5459FALSE
493.3288FALSE
447.5461FALSE
493.329FALSE
447.5461FALSE
493.3289FALSE
447.5459FALSE
493.3288FALSE
447.5461FALSE
493.329FALSE
447.5461FALSE
447.5459FALSE
493.3289FALSE
447.5461FALSE
493.3288FALSE
447.5461FALSE
493.329FALSE
447.5459FALSE
493.3289FALSE
447.5461FALSE
493.3288FALSE
447.5461FALSE
493.329FALSE
447.5459FALSE
493.3289FALSE
$par
smooth_log_cases_lag1.bw 
               -1.946253 

$value
[1] 493.3288

$counts
function gradient 
      26       26 

$convergence
[1] 0

$message
[1] "CONVERGENCE: REL_REDUCTION_OF_F <= FACTR*EPSMCH"

447.5461FALSE
447.5461FALSE
447.5459FALSE
447.5461FALSE
447.5461FALSE
447.5459FALSE
447.5461FALSE
447.5461FALSE
447.5459FALSE
447.5461FALSE
447.5461FALSE
447.5459FALSE
447.5461FALSE
447.5461FALSE
447.5459FALSE
447.5461FALSE
447.5461FALSE
447.5459FALSE
447.5461FALSE
447.5461FALSE
447.5459FALSE
447.5461FALSE
447.5461FALSE
447.5459FALSE
447.5461FALSE
447.5461FALSE
447.5459FALSE
447.5461FALSE
447.5461FALSE
447.5459FALSE
447.5461FALSE
447.5461FALSE
447.5459FALSE
447.5461FALSE
447.5461FALSE
447.5459FALSE
447.5461FALSE
447.5461FALSE
447.5459FALSE
447.5461FALSE
447.5461FALSE
447.5459FALSE
447.5461FALSE
447.5461FALSE
447.5459FALSE
447.5461FALSE
447.5461FALSE
447.5459FALSE
447.5461FALSE
447.5461FALSE
447.5459FALSE
447.5461FALSE
447.5461FALSE
447.5459FALSE
447.5461FALSE
447.5461FALSE
447.5459FALSE
447.5461FALSE
447.5461FALSE
447.5459FALSE
447.5461FALSE
447.5461FALSE
447.5459FALSE
447.5461FALSE
447.5461FALSE
447.5459FALSE
447.5461FALSE
447.5461FALSE
447.5459FALSE
447.5461FALSE
447.5461FALSE
447.5459FALSE
447.5461FALSE
447.5461FALSE
$par
smooth_log_cases_lag0.bw 
               -2.120141 

$value
[1] 447.5459

$counts
function gradient 
      53       53 

$convergence
[1] 52

$message
[1] "ERROR: ABNORMAL_TERMINATION_IN_LNSRCH"

427.1715FALSE
427.4468FALSE
427.4019FALSE
427.232FALSE
427.1109FALSE
427.4913FALSE
427.1799FALSE
427.4466FALSE
427.4467FALSE
427.1631FALSE
461.896FALSE
376.8859FALSE
461.9198FALSE
376.9009FALSE
461.872FALSE
376.8709FALSE
461.8737FALSE
376.9462FALSE
461.9182FALSE
376.8255FALSE
428.8972FALSE
354.3675FALSE
428.9224FALSE
354.3313FALSE
428.8719FALSE
354.4037FALSE
428.8382FALSE
354.4069FALSE
428.956FALSE
354.3281FALSE
427.0262FALSE
334.032FALSE
427.0305FALSE
334.0331FALSE
427.0223FALSE
334.0308FALSE
426.9892FALSE
334.0153FALSE
427.0635FALSE
334.0486FALSE
426.3547FALSE
332.5219FALSE
426.3563FALSE
332.5161FALSE
426.3534FALSE
332.5276FALSE
426.32FALSE
332.5267FALSE
426.3897FALSE
332.5171FALSE
423.8687FALSE
331.446FALSE
423.8661FALSE
423.8717FALSE
331.4315FALSE
423.8407FALSE
331.4604FALSE
423.8969FALSE
331.4634FALSE
409.6415FALSE
331.4286FALSE
409.67FALSE
345.9005FALSE
409.6132FALSE
345.9408FALSE
409.6164FALSE
345.8603FALSE
409.6667FALSE
345.9228FALSE
407.9446FALSE
345.8784FALSE
407.9795FALSE
330.7529FALSE
407.9098FALSE
330.7385FALSE
407.9253FALSE
330.7672FALSE
407.9639FALSE
330.7781FALSE
405.4684FALSE
330.7276FALSE
405.5007FALSE
330.7949FALSE
405.436FALSE
330.7897FALSE
405.4554FALSE
330.8001FALSE
405.4813FALSE
330.8251FALSE
401.3731FALSE
330.7647FALSE
401.3827FALSE
330.6291FALSE
401.3636FALSE
330.6225FALSE
401.3888FALSE
330.6356FALSE
401.3581FALSE
330.6525FALSE
399.5597FALSE
330.6056FALSE
328.8166FALSE
399.5629FALSE
399.5566FALSE
328.8102FALSE
399.5532FALSE
328.8237FALSE
399.5663FALSE
328.8512FALSE
399.2376FALSE
328.7819FALSE
399.2401FALSE
346.9972FALSE
399.2352FALSE
347.0479FALSE
399.2339FALSE
346.9465FALSE
399.2413FALSE
346.9988FALSE
399.1986FALSE
346.9957FALSE
399.1989FALSE
328.2145FALSE
328.2237FALSE
399.1983FALSE
328.2055FALSE
399.2034FALSE
328.2446FALSE
399.1937FALSE
328.1844FALSE
399.0666FALSE
339.0586FALSE
399.0677FALSE
339.1044FALSE
399.0654FALSE
339.0127FALSE
399.0673FALSE
339.0338FALSE
399.0666FALSE
339.0834FALSE
399.0422FALSE
329.2679FALSE
399.0431FALSE
329.2953FALSE
399.0412FALSE
329.2404FALSE
399.0402FALSE
399.0441FALSE
329.2652FALSE
399.0542FALSE
329.2706FALSE
399.0538FALSE
327.4912FALSE
399.0546FALSE
327.5283FALSE
399.0543FALSE
327.4541FALSE
399.0541FALSE
327.4903FALSE
399.0428FALSE
327.4922FALSE
399.0425FALSE
324.4798FALSE
399.0431FALSE
324.4496FALSE
399.0423FALSE
324.5101FALSE
399.0433FALSE
399.039FALSE
324.5147FALSE
399.0389FALSE
324.4448FALSE
399.0393FALSE
324.018FALSE
399.0387FALSE
324.0352FALSE
399.0398FALSE
324.0006FALSE
399.0369FALSE
324.0037FALSE
399.0369FALSE
324.0321FALSE
399.037FALSE
323.7392FALSE
399.0368FALSE
323.76FALSE
399.037FALSE
323.7182FALSE
399.0367FALSE
323.7223FALSE
399.0366FALSE
323.756FALSE
399.0368FALSE
324.4958FALSE
399.0366FALSE
324.4484FALSE
399.0367FALSE
324.5432FALSE
399.0414FALSE
324.5443FALSE
399.0415FALSE
324.4471FALSE
399.0412FALSE
323.3399FALSE
399.0438FALSE
323.3645FALSE
399.039FALSE
323.3152FALSE
399.0366FALSE
323.3201FALSE
399.0366FALSE
323.3597FALSE
399.0367FALSE
323.2466FALSE
399.0365FALSE
323.2102FALSE
399.0367FALSE
323.2832FALSE
399.0364FALSE
323.29FALSE
399.0367FALSE
323.2032FALSE
399.0365FALSE
399.0365FALSE
323.2717FALSE
399.0368FALSE
323.2968FALSE
399.0364FALSE
323.2464FALSE
399.0366FALSE
323.2516FALSE
399.0365FALSE
323.2918FALSE
399.0366FALSE
323.2466FALSE
399.0366FALSE
323.2102FALSE
399.0365FALSE
323.2832FALSE
399.0365FALSE
323.29FALSE
399.0366FALSE
323.2032FALSE
399.0365FALSE
323.4882FALSE
399.0366FALSE
323.5118FALSE
399.0364FALSE
323.4643FALSE
399.0365FALSE
323.4662FALSE
399.0365FALSE
323.51FALSE
399.0365FALSE
399.0366FALSE
323.2409FALSE
399.0364FALSE
323.2669FALSE
399.0366FALSE
399.0365FALSE
323.2147FALSE
399.0366FALSE
323.2203FALSE
399.0366FALSE
323.2614FALSE
399.0364FALSE
322.687FALSE
399.0366FALSE
322.7251FALSE
399.0365FALSE
322.6486FALSE
399.0366FALSE
399.0366FALSE
322.6498FALSE
399.0364FALSE
322.7241FALSE
322.5981FALSE
399.0366FALSE
322.5379FALSE
399.0365FALSE
322.6586FALSE
399.0366FALSE
399.0366FALSE
322.6593FALSE
322.537FALSE
399.0364FALSE
399.0366FALSE
322.552FALSE
399.0365FALSE
322.5939FALSE
399.0366FALSE
322.5253FALSE
399.0366FALSE
322.527FALSE
399.0364FALSE
322.594FALSE
324.6695FALSE
399.0366FALSE
324.5692FALSE
399.0365FALSE
399.0366FALSE
324.7689FALSE
399.0366FALSE
324.7564FALSE
399.0364FALSE
324.5814FALSE
322.5618FALSE
399.0366FALSE
322.5035FALSE
399.0365FALSE
322.6205FALSE
399.0366FALSE
322.6214FALSE
399.0366FALSE
322.5024FALSE
399.0364FALSE
322.5111FALSE
322.5545FALSE
399.0366FALSE
322.5637FALSE
399.0365FALSE
322.5653FALSE
399.0366FALSE
322.5542FALSE
399.0366FALSE
322.5043FALSE
322.5498FALSE
399.0364FALSE
399.0366FALSE
322.5508FALSE
399.0365FALSE
322.5514FALSE
399.0366FALSE
322.5505FALSE
322.5048FALSE
399.0366FALSE
322.5503FALSE
399.0364FALSE
322.55FALSE
399.0366FALSE
322.5508FALSE
399.0365FALSE
322.5509FALSE
399.0366FALSE
322.5043FALSE
399.0366FALSE
322.5498FALSE
399.0364FALSE
322.5508FALSE
399.0366FALSE
322.5514FALSE
399.0365FALSE
322.5505FALSE
399.0366FALSE
322.5043FALSE
399.0366FALSE
322.5498FALSE
399.0364FALSE
322.5508FALSE
399.0366FALSE
322.5514FALSE
322.5505FALSE
399.0365FALSE
322.5043FALSE
399.0366FALSE
322.5498FALSE
399.0366FALSE
322.5508FALSE
399.0364FALSE
322.5514FALSE
399.0366FALSE
322.5505FALSE
399.0365FALSE
322.5043FALSE
399.0366FALSE
322.5498FALSE
399.0366FALSE
322.5508FALSE
322.5514FALSE
399.0364FALSE
322.5505FALSE
399.0366FALSE
399.0365FALSE
322.5043FALSE
399.0366FALSE
322.5498FALSE
399.0366FALSE
322.5508FALSE
322.5514FALSE
399.0364FALSE
322.5505FALSE
399.0366FALSE
322.5043FALSE
399.0365FALSE
322.5498FALSE
399.0366FALSE
322.5508FALSE
399.0366FALSE
322.5514FALSE
399.0364FALSE
322.5505FALSE
399.0366FALSE
322.5043FALSE
399.0365FALSE
322.5498FALSE
399.0366FALSE
322.5508FALSE
399.0366FALSE
322.5514FALSE
399.0364FALSE
322.5505FALSE
399.0366FALSE
322.5043FALSE
399.0365FALSE
322.5498FALSE
399.0366FALSE
322.5508FALSE
399.0366FALSE
$par
smooth_log_cases_lag0.bw         time_ind_lag0.bw 
               -2.036487                -1.095544 

$value
[1] 399.0364

$counts
function gradient 
      42       42 

$convergence
[1] 0

$message
[1] "CONVERGENCE: REL_REDUCTION_OF_F <= FACTR*EPSMCH"

322.5514FALSE
322.5505FALSE
322.5043FALSE
322.5498FALSE
322.5508FALSE
322.5514FALSE
322.5505FALSE
322.5043FALSE
322.5498FALSE
322.5508FALSE
322.5514FALSE
322.5505FALSE
322.5043FALSE
322.5498FALSE
322.5508FALSE
322.5514FALSE
322.5505FALSE
322.5043FALSE
322.5498FALSE
322.5508FALSE
322.5514FALSE
322.5505FALSE
$par
smooth_log_cases_lag0.bw smooth_log_cases_lag1.bw 
               -4.112809                -3.908778 

$value
[1] 322.5043

$counts
function gradient 
      46       46 

$convergence
[1] 0

$message
[1] "CONVERGENCE: REL_REDUCTION_OF_F <= FACTR*EPSMCH"

509.8473FALSE
367.5611FALSE
509.83FALSE
367.5337FALSE
509.8646FALSE
499.1664FALSE
367.5885FALSE
499.1609FALSE
367.5957FALSE
499.172FALSE
367.5268FALSE
495.9345FALSE
367.5208FALSE
495.9264FALSE
367.6017FALSE
495.9425FALSE
564.5863FALSE
346.9729FALSE
564.6919FALSE
346.9788FALSE
564.4807FALSE
346.9667FALSE
494.1715FALSE
346.9449FALSE
494.1652FALSE
494.1778FALSE
347.0009FALSE
493.6339FALSE
346.9584FALSE
493.6379FALSE
346.9872FALSE
493.6299FALSE
337.364FALSE
494.6328FALSE
337.3571FALSE
494.6259FALSE
494.6397FALSE
337.3711FALSE
493.3344FALSE
337.3688FALSE
493.3348FALSE
337.3593FALSE
493.3339FALSE
337.3318FALSE
493.329FALSE
337.3963FALSE
493.3288FALSE
419.1374FALSE
493.3292FALSE
419.1325FALSE
493.3298FALSE
419.1429FALSE
493.3301FALSE
419.1913FALSE
493.3295FALSE
419.0834FALSE
493.3288FALSE
419.1375FALSE
493.3289FALSE
419.1372FALSE
493.3289FALSE
325.2287FALSE
493.3288FALSE
493.3289FALSE
325.2362FALSE
493.3289FALSE
325.2212FALSE
493.3288FALSE
325.2194FALSE
493.3289FALSE
325.238FALSE
493.3289FALSE
325.2305FALSE
493.3288FALSE
493.3289FALSE
325.2272FALSE
493.3289FALSE
324.2345FALSE
493.3288FALSE
324.2434FALSE
493.3289FALSE
324.2256FALSE
493.3289FALSE
324.2271FALSE
493.3288FALSE
324.242FALSE
493.3289FALSE
324.2354FALSE
493.3289FALSE
493.3288FALSE
324.2337FALSE
493.3289FALSE
330.8882FALSE
493.3289FALSE
493.3288FALSE
330.8745FALSE
493.3289FALSE
330.9024FALSE
493.3289FALSE
330.9178FALSE
493.3288FALSE
330.8613FALSE
493.3289FALSE
493.3289FALSE
330.8923FALSE
493.3288FALSE
330.8841FALSE
493.3289FALSE
324.2528FALSE
493.3289FALSE
324.2575FALSE
493.3288FALSE
324.2479FALSE
493.3289FALSE
324.248FALSE
493.3289FALSE
493.3288FALSE
324.2575FALSE
493.3289FALSE
324.2513FALSE
493.3289FALSE
324.2544FALSE
493.3288FALSE
438.3493FALSE
493.3289FALSE
438.3172FALSE
493.3289FALSE
438.3814FALSE
493.3288FALSE
493.3289FALSE
438.4193FALSE
493.3289FALSE
438.2792FALSE
493.3288FALSE
438.3497FALSE
493.3289FALSE
438.3489FALSE
493.3289FALSE
323.2563FALSE
493.3288FALSE
323.2699FALSE
493.3289FALSE
323.2426FALSE
493.3289FALSE
323.2462FALSE
493.3288FALSE
493.3289FALSE
323.2663FALSE
493.3289FALSE
323.2548FALSE
493.3288FALSE
323.2578FALSE
493.3289FALSE
327.0523FALSE
493.3289FALSE
327.0333FALSE
493.3288FALSE
327.0712FALSE
493.3289FALSE
327.0659FALSE
493.3289FALSE
493.3288FALSE
327.0386FALSE
493.3289FALSE
327.0533FALSE
493.3289FALSE
327.0514FALSE
493.3288FALSE
323.4938FALSE
493.3289FALSE
323.4621FALSE
493.3289FALSE
323.5255FALSE
493.3288FALSE
493.3289FALSE
323.5265FALSE
493.3289FALSE
323.4611FALSE
493.3316FALSE
323.4953FALSE
493.3311FALSE
323.4923FALSE
493.332FALSE
493.3288FALSE
323.2389FALSE
493.3289FALSE
323.2526FALSE
493.3289FALSE
323.225FALSE
493.3288FALSE
323.2287FALSE
493.3289FALSE
493.3289FALSE
323.2489FALSE
493.3288FALSE
323.2374FALSE
493.3289FALSE
323.2403FALSE
493.3289FALSE
323.2389FALSE
493.3288FALSE
323.2526FALSE
493.3289FALSE
493.3289FALSE
323.225FALSE
493.3288FALSE
323.2287FALSE
493.3289FALSE
323.2489FALSE
493.3289FALSE
323.2374FALSE
493.3288FALSE
323.2403FALSE
493.3289FALSE
493.3289FALSE
516.1618FALSE
493.3288FALSE
516.1184FALSE
493.3289FALSE
516.205FALSE
493.3289FALSE
516.1647FALSE
493.3288FALSE
516.1588FALSE
493.3289FALSE
493.3289FALSE
516.1618FALSE
493.3288FALSE
516.1617FALSE
493.3289FALSE
328.2416FALSE
493.3289FALSE
328.2375FALSE
493.3288FALSE
328.2456FALSE
493.3289FALSE
328.2487FALSE
493.3289FALSE
493.3288FALSE
328.2344FALSE
493.3289FALSE
328.242FALSE
493.3289FALSE
328.2412FALSE
493.3288FALSE
324.0471FALSE
493.3289FALSE
493.3289FALSE
324.0152FALSE
493.3288FALSE
324.079FALSE
493.3289FALSE
324.0787FALSE
493.3289FALSE
324.0153FALSE
493.3288FALSE
324.0488FALSE
493.3289FALSE
324.0454FALSE
493.3289FALSE
323.2362FALSE
493.3288FALSE
493.3289FALSE
323.2257FALSE
493.3289FALSE
323.2673FALSE
493.3288FALSE
323.2689FALSE
493.3289FALSE
323.2221FALSE
493.3289FALSE
$par
smooth_log_cases_lag1.bw 
               -1.946628 

$value
[1] 493.3288

$counts
function gradient 
      49       49 

$convergence
[1] 0

$message
[1] "CONVERGENCE: REL_REDUCTION_OF_F <= FACTR*EPSMCH"

323.2376FALSE
323.2347FALSE
323.2295FALSE
323.2433FALSE
323.2213FALSE
323.223FALSE
323.2396FALSE
323.228FALSE
323.231FALSE
323.5047FALSE
323.474FALSE
323.5355FALSE
323.5366FALSE
323.4728FALSE
323.5064FALSE
323.503FALSE
323.2232FALSE
323.237FALSE
323.2423FALSE
323.2439FALSE
323.2333FALSE
323.2217FALSE
323.2247FALSE
323.2137FALSE
323.2275FALSE
323.2437FALSE
323.2454FALSE
323.2238FALSE
323.214FALSE
323.2152FALSE
323.1563FALSE
323.1705FALSE
323.1842FALSE
323.1865FALSE
323.1664FALSE
323.1548FALSE
323.1578FALSE
322.9927FALSE
323.0127FALSE
322.9727FALSE
322.9747FALSE
323.0108FALSE
322.9922FALSE
322.9932FALSE
322.9828FALSE
323.0029FALSE
322.9626FALSE
322.9647FALSE
323.0009FALSE
322.9823FALSE
322.9833FALSE
322.95FALSE
322.9609FALSE
322.9823FALSE
322.9836FALSE
322.9584FALSE
322.9519FALSE
322.9482FALSE
322.9331FALSE
322.9543FALSE
322.9502FALSE
322.9517FALSE
322.9518FALSE
322.9324FALSE
322.9338FALSE
322.8843FALSE
322.9075FALSE
322.861FALSE
322.8646FALSE
322.9039FALSE
322.8836FALSE
322.8851FALSE
322.9865FALSE
323.0164FALSE
322.9563FALSE
322.9592FALSE
323.0137FALSE
322.986FALSE
322.987FALSE
322.8366FALSE
322.8611FALSE
322.8123FALSE
322.8158FALSE
322.8576FALSE
322.8365FALSE
322.8368FALSE
326.7642FALSE
326.7705FALSE
326.7571FALSE
326.7407FALSE
326.7872FALSE
326.7646FALSE
326.7638FALSE
322.9035FALSE
322.9289FALSE
322.878FALSE
322.8785FALSE
322.9284FALSE
322.9031FALSE
322.9039FALSE
322.8442FALSE
322.8674FALSE
322.8209FALSE
322.8211FALSE
322.8674FALSE
322.8439FALSE
322.8446FALSE
322.8351FALSE
322.8594FALSE
322.8108FALSE
322.8141FALSE
322.8563FALSE
322.835FALSE
322.8353FALSE
322.7912FALSE
322.8086FALSE
322.7851FALSE
322.784FALSE
322.8086FALSE
322.7891FALSE
322.7932FALSE
322.7787FALSE
322.8025FALSE
322.7548FALSE
322.7556FALSE
322.8018FALSE
322.7775FALSE
322.7799FALSE
322.7563FALSE
322.7801FALSE
322.7487FALSE
322.7486FALSE
322.7794FALSE
322.7552FALSE
322.7575FALSE
322.8553FALSE
322.8177FALSE
322.8937FALSE
322.8959FALSE
322.8151FALSE
322.8572FALSE
322.8533FALSE
322.7411FALSE
322.7649FALSE
322.7687FALSE
322.7685FALSE
322.7642FALSE
322.7399FALSE
322.7423FALSE
322.9246FALSE
322.8848FALSE
322.9646FALSE
322.9644FALSE
322.8848FALSE
322.9261FALSE
322.9231FALSE
322.7479FALSE
322.7477FALSE
322.7867FALSE
322.7863FALSE
322.7471FALSE
322.749FALSE
322.7467FALSE
322.7362FALSE
322.76FALSE
322.7733FALSE
322.7731FALSE
322.7592FALSE
322.7357FALSE
322.7373FALSE
322.7377FALSE
322.753FALSE
322.7766FALSE
322.7763FALSE
322.7524FALSE
322.7389FALSE
322.7365FALSE
322.7356FALSE
322.7569FALSE
322.7743FALSE
322.774FALSE
322.7563FALSE
322.7368FALSE
322.7343FALSE
322.735FALSE
322.7584FALSE
322.7737FALSE
322.7735FALSE
322.7576FALSE
322.7361FALSE
322.7357FALSE
322.7369FALSE
322.7607FALSE
322.7686FALSE
322.7683FALSE
322.76FALSE
322.7358FALSE
322.738FALSE
322.7347FALSE
322.7586FALSE
322.7732FALSE
322.7731FALSE
322.7578FALSE
322.7357FALSE
322.7359FALSE
322.7348FALSE
322.7587FALSE
322.7729FALSE
322.7728FALSE
322.7579FALSE
322.7353FALSE
322.736FALSE
322.7347FALSE
322.7586FALSE
322.7732FALSE
322.7731FALSE
322.7578FALSE
322.7356FALSE
322.7359FALSE
322.7347FALSE
322.7586FALSE
322.7732FALSE
322.7731FALSE
322.7578FALSE
322.7357FALSE
322.7359FALSE
322.7367FALSE
322.7605FALSE
322.7684FALSE
322.7681FALSE
322.7599FALSE
322.7357FALSE
322.7377FALSE
322.7348FALSE
322.7587FALSE
322.7728FALSE
322.7727FALSE
322.7579FALSE
322.7353FALSE
322.736FALSE
322.7347FALSE
322.7586FALSE
322.7732FALSE
322.7731FALSE
322.7578FALSE
322.7356FALSE
322.7359FALSE
322.7347FALSE
322.7586FALSE
322.7732FALSE
322.7731FALSE
322.7578FALSE
322.7357FALSE
322.7359FALSE
322.7347FALSE
322.7586FALSE
322.7732FALSE
322.7731FALSE
322.7578FALSE
322.7357FALSE
322.7359FALSE
322.7347FALSE
322.7586FALSE
322.7732FALSE
322.7731FALSE
322.7578FALSE
322.7357FALSE
322.7359FALSE
322.7347FALSE
322.7586FALSE
322.7732FALSE
322.7731FALSE
322.7578FALSE
322.7357FALSE
322.7359FALSE
322.7347FALSE
322.7586FALSE
322.7732FALSE
322.7731FALSE
322.7578FALSE
322.7357FALSE
322.7359FALSE
322.7347FALSE
322.7586FALSE
322.7732FALSE
322.7731FALSE
322.7578FALSE
322.7357FALSE
322.7359FALSE
322.7347FALSE
322.7586FALSE
322.7732FALSE
322.7731FALSE
322.7578FALSE
322.7357FALSE
322.7359FALSE
322.7347FALSE
322.7586FALSE
322.7732FALSE
322.7731FALSE
322.7578FALSE
322.7357FALSE
322.7359FALSE
322.7347FALSE
322.7586FALSE
322.7732FALSE
322.7731FALSE
322.7578FALSE
322.7357FALSE
322.7359FALSE
322.7347FALSE
322.7586FALSE
322.7732FALSE
322.7731FALSE
322.7578FALSE
322.7357FALSE
322.7359FALSE
322.7347FALSE
322.7586FALSE
322.7732FALSE
322.7731FALSE
322.7578FALSE
322.7357FALSE
322.7359FALSE
322.7347FALSE
322.7586FALSE
322.7732FALSE
322.7731FALSE
322.7578FALSE
322.7357FALSE
322.7359FALSE
322.7347FALSE
322.7586FALSE
322.7732FALSE
322.7731FALSE
322.7578FALSE
322.7357FALSE
322.7359FALSE
322.7347FALSE
322.7586FALSE
322.7732FALSE
322.7731FALSE
322.7578FALSE
322.7357FALSE
322.7359FALSE
322.7347FALSE
322.7586FALSE
322.7732FALSE
322.7731FALSE
322.7578FALSE
322.7357FALSE
322.7359FALSE
322.7347FALSE
322.7586FALSE
322.7732FALSE
322.7731FALSE
322.7578FALSE
322.7357FALSE
322.7359FALSE
$par
smooth_log_cases_lag0.bw smooth_log_cases_lag1.bw         time_ind_lag0.bw 
              -3.8776311               -3.6598718               -0.1014512 

$value
[1] 322.7347

$counts
function gradient 
      69       69 

$convergence
[1] 0

$message
[1] "CONVERGENCE: REL_REDUCTION_OF_F <= FACTR*EPSMCH"

> 
> save(ssr_fit,
+     file=paste0("/home/ngr67a/2015-cdc-flu-competition/fit-competition-ssr-ph", prediction_horizon_limit, "-", data_set, ".Rdata"))
> 
> proc.time()
    user   system  elapsed 
2224.039    1.375 2360.158 
