
R version 3.2.2 (2015-08-14) -- "Fire Safety"
Copyright (C) 2015 The R Foundation for Statistical Computing
Platform: x86_64-pc-linux-gnu (64-bit)

R is free software and comes with ABSOLUTELY NO WARRANTY.
You are welcome to redistribute it under certain conditions.
Type 'license()' or 'licence()' for distribution details.

  Natural language support but running in an English locale

R is a collaborative project with many contributors.
Type 'contributors()' for more information and
'citation()' on how to cite R or R packages in publications.

Type 'demo()' for some demos, 'help()' for on-line help, or
'help.start()' for an HTML browser interface to help.
Type 'q()' to quit R.

> ### get ssr fit -- prediction horizons 1:52
> library(lubridate)
> library(ggplot2)
> library(plyr)

Attaching package: ‘plyr’

The following object is masked from ‘package:lubridate’:

    here

> library(dplyr)

Attaching package: ‘dplyr’

The following objects are masked from ‘package:plyr’:

    arrange, count, desc, failwith, id, mutate, rename, summarise,
    summarize

The following objects are masked from ‘package:lubridate’:

    intersect, setdiff, union

The following objects are masked from ‘package:stats’:

    filter, lag

The following objects are masked from ‘package:base’:

    intersect, setdiff, setequal, union

> library(reshape)

Attaching package: ‘reshape’

The following object is masked from ‘package:dplyr’:

    rename

The following objects are masked from ‘package:plyr’:

    rename, round_any

The following object is masked from ‘package:lubridate’:

    stamp

> library(ssrFlu)
> library(doMC)
Loading required package: foreach
Loading required package: iterators
Loading required package: parallel
> 
> registerDoMC(cores=3)
> 
> args <- commandArgs(trailingOnly=TRUE)
> 
> data_set <- args[1]
> prediction_horizon_limit <- as.integer(args[2])
> 
> ## load dataset
> if(identical(data_set, "ili_national")) {
+     data <- ili_national
+ } 
> if(identical(data_set, "ili_region1")) {
+     data <- ili_region1
+ } 
> if(identical(data_set, "ili_region2")) {
+     data <- ili_region2
+ } 
> if(identical(data_set, "ili_region3")) {
+     data <- ili_region3
+ } 
> if(identical(data_set, "ili_region4")) {
+     data <- ili_region4
+ } 
> if(identical(data_set, "ili_region5")) {
+     data <- ili_region5
+ } 
> if(identical(data_set, "ili_region6")) {
+     data <- ili_region6
+ } 
> if(identical(data_set, "ili_region7")) {
+     data <- ili_region7
+ } 
> if(identical(data_set, "ili_region8")) {
+     data <- ili_region8
+ } 
> if(identical(data_set, "ili_region9")) {
+     data <- ili_region9
+ } 
> if(identical(data_set, "ili_region10")) {
+     data <- ili_region10
+ } 
> 
> 
> 
> ## add log column
> data$log_total_cases <- log(data$total_cases + 1)
> 
> ## add week_start_date
> char_dates <- paste(data$year, data$week, "1")
> data$week_start_date <- as.Date(char_dates, format="%Y %W %w")
> 
> ## remove week 53s
> data <- data[-which(is.na(data$week_start_date)),]
> data <- data[262:nrow(data),]
> 
> ## add smooth log column -- or not, since it is already pretty smooth...
> sm <- loess(log_total_cases ~ as.numeric(week_start_date), data=data, span= 26 / nrow(data))
> data$smooth_log_cases <- sm$fitted
> 
> ## add time column
> data$time_ind <- seq_len(nrow(data))
> 
> ssr_control <- create_ssr_control(X_names=c("smooth_log_cases", "time_ind"),
+     y_names="total_cases",
+     time_name=NULL,
+     max_lag=list(smooth_log_cases=1,
+         time_ind=0),
+     prediction_horizons=as.integer(prediction_horizon_limit),
+     kernel_fns=list(smooth_log_cases="squared_exp_kernel",
+         time_ind="periodic_kernel"),
+     theta_est=list(smooth_log_cases="bw",
+         time_ind="bw"),
+     theta_fixed=list(time_ind=list(period=pi / 52)),
+     theta_transform_fns=list(
+         squared_exp_kernel=list(
+             bw=list(transform="log",
+                 detransform="exp")
+         ),
+         periodic_kernel=list(
+             bw=list(transform="log",
+                 detransform="exp")
+         )
+     ),
+     crossval_buffer=52,
+     loss_fn_name="mae_from_kernel_weights_and_centers",
+     loss_fn_args=list())
> 
> 
> ssr_fit <- ssr(X_names=c("smooth_log_cases", "time_ind"),
+     y_names="total_cases",
+     time_name=NULL,
+     data=data,
+     ssr_control=ssr_control)
173.2519FALSE
225.8505FALSE
367.3386FALSE
173.2609FALSE
225.8582FALSE
367.331FALSE
173.2429FALSE
225.8428FALSE
367.3461FALSE
167.6935FALSE
222.0897FALSE
370.0936FALSE
167.6942FALSE
222.0891FALSE
370.1323FALSE
167.6928FALSE
222.0904FALSE
370.055FALSE
167.7122FALSE
222.0731FALSE
364.3743FALSE
167.7108FALSE
222.0733FALSE
364.3699FALSE
167.7136FALSE
222.073FALSE
364.3787FALSE
167.6786FALSE
375.5442FALSE
222.072FALSE
167.6787FALSE
375.6038FALSE
222.072FALSE
167.6785FALSE
222.072FALSE
375.4848FALSE
167.6781FALSE
222.072FALSE
364.001FALSE
167.6781FALSE
363.999FALSE
222.072FALSE
167.6781FALSE
364.003FALSE
222.072FALSE
167.678FALSE
364.1411FALSE
222.072FALSE
167.678FALSE
364.1459FALSE
222.072FALSE
167.678FALSE
364.1362FALSE
222.072FALSE
$par
smooth_log_cases_lag1.bw 
               -3.243639 

$value
[1] 222.072

$counts
function gradient 
       6        6 

$convergence
[1] 0

$message
[1] "CONVERGENCE: REL_REDUCTION_OF_F <= FACTR*EPSMCH"

167.678FALSE
363.9735FALSE
167.678FALSE
363.9738FALSE
167.678FALSE
363.9731FALSE
167.678FALSE
363.9724FALSE
167.678FALSE
363.9725FALSE
167.678FALSE
$par
smooth_log_cases_lag0.bw 
               -3.350849 

$value
[1] 167.678

$counts
function gradient 
       8        8 

$convergence
[1] 0

$message
[1] "CONVERGENCE: REL_REDUCTION_OF_F <= FACTR*EPSMCH"

363.9724FALSE
363.9724FALSE
363.9725FALSE
363.9723FALSE
363.9736FALSE
363.973FALSE
363.9742FALSE
363.9724FALSE
363.9724FALSE
363.9723FALSE
363.9729FALSE
363.9723FALSE
363.9735FALSE
363.9724FALSE
363.9724FALSE
363.9723FALSE
363.9744FALSE
363.9738FALSE
363.975FALSE
363.9724FALSE
363.9724FALSE
363.9724FALSE
363.9724FALSE
363.9724FALSE
363.9724FALSE
363.9724FALSE
363.9724FALSE
363.9724FALSE
$par
time_ind_lag0.bw 
       -1.699751 

$value
[1] 363.9724

$counts
function gradient 
      17       17 

$convergence
[1] 0

$message
[1] "CONVERGENCE: REL_REDUCTION_OF_F <= FACTR*EPSMCH"

159.7515FALSE
178.2933FALSE
159.7563FALSE
178.2791FALSE
159.7467FALSE
178.3074FALSE
159.7605FALSE
178.3037FALSE
159.7424FALSE
178.2828FALSE
157.0172FALSE
183.7645FALSE
157.0107FALSE
183.7894FALSE
157.0238FALSE
183.7394FALSE
157.0061FALSE
183.7496FALSE
157.0284FALSE
183.7791FALSE
155.5884FALSE
171.9476FALSE
155.5868FALSE
171.9529FALSE
155.59FALSE
171.9422FALSE
155.5955FALSE
171.948FALSE
155.5813FALSE
171.9472FALSE
165.7259FALSE
172.1445FALSE
165.719FALSE
165.7327FALSE
172.1358FALSE
165.706FALSE
172.1537FALSE
165.7457FALSE
172.1578FALSE
154.7635FALSE
172.1325FALSE
154.7626FALSE
171.815FALSE
154.7644FALSE
171.8159FALSE
154.7653FALSE
171.8202FALSE
154.7616FALSE
171.8287FALSE
154.6627FALSE
171.8102FALSE
154.6619FALSE
171.6105FALSE
154.6635FALSE
171.6143FALSE
154.6635FALSE
171.6067FALSE
154.662FALSE
171.6088FALSE
154.7419FALSE
171.6124FALSE
154.7426FALSE
171.6215FALSE
154.7412FALSE
171.6098FALSE
154.7392FALSE
171.6333FALSE
154.7446FALSE
171.6329FALSE
154.6556FALSE
171.6101FALSE
154.6546FALSE
171.5339FALSE
154.6566FALSE
171.5369FALSE
154.6552FALSE
171.5311FALSE
154.656FALSE
171.532FALSE
154.6955FALSE
171.5371FALSE
154.6968FALSE
171.6549FALSE
154.6943FALSE
171.6436FALSE
154.6953FALSE
171.6664FALSE
154.6958FALSE
171.6662FALSE
154.6509FALSE
171.6436FALSE
154.6518FALSE
171.5297FALSE
154.6502FALSE
171.5328FALSE
154.6508FALSE
171.5266FALSE
154.6511FALSE
171.5278FALSE
154.6516FALSE
171.5331FALSE
154.6506FALSE
171.5264FALSE
154.6526FALSE
171.5295FALSE
154.6512FALSE
171.5344FALSE
154.6521FALSE
171.5364FALSE
154.6498FALSE
171.5297FALSE
154.6505FALSE
171.5326FALSE
154.6504FALSE
171.5354FALSE
154.6496FALSE
171.5299FALSE
154.6499FALSE
171.5278FALSE
154.6497FALSE
171.5376FALSE
154.6494FALSE
171.5268FALSE
154.6507FALSE
171.5298FALSE
154.6493FALSE
171.5323FALSE
154.6502FALSE
171.5344FALSE
154.6598FALSE
171.5301FALSE
154.6591FALSE
171.5264FALSE
154.6605FALSE
171.5295FALSE
154.6607FALSE
171.5341FALSE
154.659FALSE
171.5361FALSE
154.6497FALSE
171.5298FALSE
154.649FALSE
171.5264FALSE
154.6507FALSE
171.5295FALSE
154.6493FALSE
171.5343FALSE
154.6501FALSE
171.5364FALSE
154.649FALSE
171.5297FALSE
154.6486FALSE
171.5264FALSE
154.65FALSE
171.5295FALSE
154.6492FALSE
171.5344FALSE
154.6494FALSE
171.5364FALSE
154.6484FALSE
171.5297FALSE
154.6491FALSE
171.5264FALSE
154.6494FALSE
171.5295FALSE
154.6487FALSE
171.5344FALSE
154.6488FALSE
154.6484FALSE
171.5364FALSE
171.5297FALSE
154.6492FALSE
171.5264FALSE
154.6492FALSE
154.649FALSE
171.5295FALSE
154.6486FALSE
171.5344FALSE
154.6483FALSE
171.5364FALSE
154.6492FALSE
171.5297FALSE
154.6493FALSE
171.5264FALSE
154.6489FALSE
171.5295FALSE
154.6487FALSE
171.5344FALSE
154.6487FALSE
171.5364FALSE
154.6496FALSE
171.5297FALSE
154.649FALSE
171.5264FALSE
154.6491FALSE
171.5295FALSE
154.6488FALSE
171.5344FALSE
154.6483FALSE
171.5364FALSE
154.6492FALSE
171.5297FALSE
154.6493FALSE
171.5264FALSE
154.6489FALSE
171.5295FALSE
154.6487FALSE
171.5344FALSE
154.6483FALSE
171.5364FALSE
154.6492FALSE
171.5297FALSE
154.6493FALSE
171.5264FALSE
154.6489FALSE
171.5295FALSE
154.6487FALSE
171.5344FALSE
154.6483FALSE
171.5364FALSE
154.6492FALSE
171.5297FALSE
154.6493FALSE
171.5264FALSE
154.6489FALSE
171.5295FALSE
154.6487FALSE
171.5344FALSE
154.6483FALSE
171.5364FALSE
154.6492FALSE
171.5297FALSE
154.6493FALSE
171.5264FALSE
154.6489FALSE
171.5295FALSE
154.6487FALSE
171.5344FALSE
154.6483FALSE
171.5364FALSE
154.6492FALSE
171.5297FALSE
154.6493FALSE
171.5264FALSE
154.6489FALSE
171.5295FALSE
154.6487FALSE
171.5344FALSE
154.6483FALSE
171.5364FALSE
154.6492FALSE
171.5297FALSE
154.6493FALSE
171.5264FALSE
154.6489FALSE
171.5295FALSE
154.6487FALSE
171.5344FALSE
154.6483FALSE
171.5364FALSE
154.6492FALSE
171.5297FALSE
154.6493FALSE
171.5264FALSE
154.6489FALSE
171.5295FALSE
154.6487FALSE
171.5344FALSE
154.6483FALSE
171.5364FALSE
154.6492FALSE
171.5297FALSE
154.6493FALSE
171.5264FALSE
154.6489FALSE
171.5295FALSE
154.6487FALSE
171.5344FALSE
154.6483FALSE
171.5364FALSE
154.6492FALSE
171.5297FALSE
154.6493FALSE
171.5264FALSE
154.6489FALSE
171.5295FALSE
154.6487FALSE
171.5344FALSE
154.6483FALSE
171.5364FALSE
154.6492FALSE
171.5297FALSE
154.6493FALSE
171.5264FALSE
154.6489FALSE
171.5295FALSE
154.6487FALSE
171.5344FALSE
154.6483FALSE
171.5364FALSE
154.6492FALSE
171.5297FALSE
154.6493FALSE
171.5264FALSE
154.6489FALSE
171.5295FALSE
154.6487FALSE
171.5344FALSE
154.6483FALSE
171.5364FALSE
154.6492FALSE
171.5297FALSE
$par
smooth_log_cases_lag0.bw         time_ind_lag0.bw 
               -3.168651                -2.612848 

$value
[1] 171.5264

$counts
function gradient 
      31       31 

$convergence
[1] 0

$message
[1] "CONVERGENCE: REL_REDUCTION_OF_F <= FACTR*EPSMCH"

154.6493FALSE
154.6489FALSE
154.6487FALSE
154.6483FALSE
154.6492FALSE
154.6493FALSE
154.6489FALSE
154.6487FALSE
154.6483FALSE
154.6492FALSE
154.6493FALSE
154.6489FALSE
154.6487FALSE
154.6483FALSE
154.6492FALSE
154.6493FALSE
154.6489FALSE
154.6487FALSE
154.6483FALSE
154.6492FALSE
154.6493FALSE
154.6489FALSE
154.6487FALSE
154.6483FALSE
154.6492FALSE
154.6493FALSE
154.6489FALSE
154.6487FALSE
154.6483FALSE
154.6492FALSE
154.6493FALSE
154.6489FALSE
154.6487FALSE
$par
smooth_log_cases_lag0.bw smooth_log_cases_lag1.bw 
               -3.539707                -2.963329 

$value
[1] 154.6483

$counts
function gradient 
      38       38 

$convergence
[1] 0

$message
[1] "CONVERGENCE: REL_REDUCTION_OF_F <= FACTR*EPSMCH"

175.8547FALSE
222.4608FALSE
175.8498FALSE
222.4633FALSE
175.8598FALSE
222.4584FALSE
175.8572FALSE
226.3386FALSE
175.8523FALSE
226.3258FALSE
175.8418FALSE
226.3515FALSE
222.0913FALSE
175.8675FALSE
222.0921FALSE
157.3756FALSE
222.0905FALSE
157.3919FALSE
222.0856FALSE
157.3594FALSE
222.0851FALSE
157.3766FALSE
222.0862FALSE
157.3748FALSE
222.0723FALSE
157.3657FALSE
222.0722FALSE
157.3856FALSE
222.0724FALSE
222.072FALSE
157.0853FALSE
157.0924FALSE
222.072FALSE
222.072FALSE
157.0783FALSE
222.072FALSE
157.0701FALSE
222.072FALSE
157.1006FALSE
222.072FALSE
157.0878FALSE
222.072FALSE
157.0829FALSE
222.072FALSE
153.0798FALSE
222.072FALSE
$par
smooth_log_cases_lag1.bw 
               -3.243639 

$value
[1] 222.072

$counts
function gradient 
       8        8 

$convergence
[1] 0

$message
[1] "CONVERGENCE: REL_REDUCTION_OF_F <= FACTR*EPSMCH"

153.081FALSE
153.0787FALSE
153.0812FALSE
153.0785FALSE
153.0832FALSE
153.0764FALSE
151.3837FALSE
151.3815FALSE
151.3859FALSE
151.3841FALSE
151.3833FALSE
151.3882FALSE
151.3792FALSE
176.2226FALSE
176.2149FALSE
176.2303FALSE
176.226FALSE
176.2193FALSE
176.2095FALSE
176.2355FALSE
150.9136FALSE
150.9142FALSE
150.9129FALSE
150.9126FALSE
150.9145FALSE
150.9162FALSE
150.9109FALSE
178.7422FALSE
178.723FALSE
178.7612FALSE
178.7357FALSE
178.7486FALSE
178.7572FALSE
178.7268FALSE
150.7335FALSE
150.7355FALSE
150.7316FALSE
150.7349FALSE
150.7321FALSE
150.7349FALSE
150.7322FALSE
150.6633FALSE
150.6638FALSE
150.6629FALSE
150.6608FALSE
150.6659FALSE
150.6618FALSE
150.6648FALSE
150.5436FALSE
150.5433FALSE
150.5439FALSE
150.5415FALSE
150.5457FALSE
150.5438FALSE
150.5434FALSE
150.5631FALSE
150.5642FALSE
150.5619FALSE
150.5652FALSE
150.5609FALSE
150.5632FALSE
150.5629FALSE
150.5311FALSE
150.531FALSE
150.5311FALSE
150.5304FALSE
150.5317FALSE
150.5319FALSE
150.5304FALSE
150.5434FALSE
150.5446FALSE
150.5422FALSE
150.5454FALSE
150.5414FALSE
150.5431FALSE
150.5437FALSE
150.5299FALSE
150.5312FALSE
150.5286FALSE
150.5318FALSE
150.528FALSE
150.5297FALSE
150.5301FALSE
150.5252FALSE
150.5253FALSE
150.5257FALSE
150.525FALSE
150.5271FALSE
150.5254FALSE
150.5251FALSE
150.5238FALSE
150.5246FALSE
150.5237FALSE
150.5247FALSE
150.525FALSE
150.5234FALSE
150.5244FALSE
150.7041FALSE
150.7FALSE
150.7082FALSE
150.7084FALSE
150.6997FALSE
150.7058FALSE
150.7023FALSE
150.5232FALSE
150.5244FALSE
150.5221FALSE
150.5251FALSE
150.523FALSE
150.523FALSE
150.5235FALSE
153.2409FALSE
153.2332FALSE
153.2487FALSE
153.2489FALSE
153.233FALSE
153.2398FALSE
153.2421FALSE
150.5236FALSE
150.5247FALSE
150.5225FALSE
150.5256FALSE
150.5217FALSE
150.5234FALSE
150.5239FALSE
150.5233FALSE
150.5245FALSE
150.5222FALSE
150.5252FALSE
150.5225FALSE
150.523FALSE
150.5236FALSE
150.5232FALSE
150.5244FALSE
150.5221FALSE
150.5252FALSE
150.5229FALSE
150.523FALSE
150.5235FALSE
150.5232FALSE
150.5244FALSE
150.5221FALSE
150.5251FALSE
150.523FALSE
150.523FALSE
150.5235FALSE
150.5232FALSE
150.5244FALSE
150.5221FALSE
150.5251FALSE
150.523FALSE
150.523FALSE
150.5235FALSE
150.5232FALSE
150.5244FALSE
150.5221FALSE
150.5251FALSE
150.523FALSE
150.523FALSE
150.5235FALSE
150.5232FALSE
150.5244FALSE
150.5221FALSE
150.5251FALSE
150.523FALSE
150.523FALSE
150.5235FALSE
150.5232FALSE
150.5244FALSE
150.5221FALSE
150.5251FALSE
150.523FALSE
150.523FALSE
150.5235FALSE
150.5232FALSE
150.5244FALSE
150.5221FALSE
150.5251FALSE
150.523FALSE
150.523FALSE
150.5235FALSE
150.5232FALSE
150.5244FALSE
150.5221FALSE
150.5251FALSE
150.523FALSE
150.523FALSE
150.5235FALSE
150.5232FALSE
150.5244FALSE
150.5221FALSE
150.5251FALSE
150.523FALSE
150.523FALSE
150.5235FALSE
150.5232FALSE
150.5244FALSE
150.5221FALSE
150.5251FALSE
150.523FALSE
150.523FALSE
150.5235FALSE
150.5232FALSE
150.5244FALSE
150.5221FALSE
150.5251FALSE
150.523FALSE
150.523FALSE
150.5235FALSE
150.5232FALSE
150.5244FALSE
150.5221FALSE
150.5251FALSE
150.523FALSE
150.523FALSE
150.5235FALSE
150.5232FALSE
150.5244FALSE
150.5221FALSE
150.5251FALSE
150.523FALSE
150.523FALSE
150.5235FALSE
150.5232FALSE
150.5244FALSE
150.5221FALSE
150.5251FALSE
150.523FALSE
150.523FALSE
150.5235FALSE
150.5232FALSE
150.5244FALSE
150.5221FALSE
150.5251FALSE
150.523FALSE
150.523FALSE
150.5235FALSE
150.5232FALSE
150.5244FALSE
150.5221FALSE
150.5251FALSE
150.523FALSE
150.523FALSE
150.5235FALSE
150.5232FALSE
150.5244FALSE
150.5221FALSE
150.5251FALSE
150.523FALSE
150.523FALSE
150.5235FALSE
177.7259FALSE
177.7171FALSE
177.7345FALSE
177.7061FALSE
177.7455FALSE
177.7287FALSE
177.723FALSE
150.5979FALSE
150.597FALSE
150.5988FALSE
150.5957FALSE
150.6002FALSE
150.5983FALSE
150.5975FALSE
150.5296FALSE
150.529FALSE
150.5302FALSE
150.5278FALSE
150.5314FALSE
150.5298FALSE
150.5294FALSE
150.5227FALSE
150.5226FALSE
150.5232FALSE
150.5233FALSE
150.5244FALSE
150.5229FALSE
150.5224FALSE
150.5222FALSE
150.5231FALSE
150.5228FALSE
150.5238FALSE
150.5239FALSE
150.5227FALSE
150.5227FALSE
150.5222FALSE
150.5231FALSE
150.5228FALSE
150.5238FALSE
150.5239FALSE
150.5227FALSE
150.5227FALSE
150.5221FALSE
150.5231FALSE
150.5227FALSE
150.5238FALSE
150.5238FALSE
150.5227FALSE
150.5226FALSE
150.522FALSE
150.5231FALSE
150.5224FALSE
150.5238FALSE
150.5235FALSE
150.5226FALSE
150.5223FALSE
150.522FALSE
150.5231FALSE
150.5223FALSE
150.5239FALSE
150.5224FALSE
150.5226FALSE
150.5222FALSE
150.522FALSE
150.5224FALSE
150.5223FALSE
150.5233FALSE
150.5225FALSE
150.5226FALSE
150.5216FALSE
150.522FALSE
150.5229FALSE
150.5223FALSE
150.5238FALSE
150.5224FALSE
150.5226FALSE
150.5221FALSE
150.522FALSE
150.5231FALSE
150.5223FALSE
150.5239FALSE
150.5224FALSE
150.5226FALSE
150.5222FALSE
150.522FALSE
150.5231FALSE
150.5223FALSE
150.5239FALSE
150.5224FALSE
150.5226FALSE
150.5222FALSE
150.522FALSE
150.5231FALSE
150.5223FALSE
150.5239FALSE
150.5224FALSE
150.5226FALSE
150.5222FALSE
150.522FALSE
150.5231FALSE
150.5223FALSE
150.5239FALSE
150.5224FALSE
150.5226FALSE
150.5222FALSE
150.522FALSE
150.5231FALSE
150.5223FALSE
150.5239FALSE
150.5224FALSE
150.5226FALSE
150.5222FALSE
150.522FALSE
150.5231FALSE
150.5223FALSE
150.5239FALSE
150.5224FALSE
150.5226FALSE
150.5222FALSE
150.522FALSE
150.5231FALSE
150.5223FALSE
150.5239FALSE
150.5224FALSE
150.5226FALSE
150.5222FALSE
150.522FALSE
150.5231FALSE
150.5223FALSE
150.5239FALSE
150.5224FALSE
150.5226FALSE
150.5222FALSE
150.522FALSE
150.5231FALSE
150.5223FALSE
150.5239FALSE
150.5224FALSE
150.5226FALSE
150.5222FALSE
150.522FALSE
150.5231FALSE
150.5223FALSE
150.5239FALSE
150.5224FALSE
150.5226FALSE
150.5222FALSE
150.522FALSE
150.5231FALSE
150.5223FALSE
150.5239FALSE
150.5224FALSE
150.5226FALSE
150.5222FALSE
150.522FALSE
150.5231FALSE
150.5223FALSE
150.5239FALSE
150.5224FALSE
150.5226FALSE
150.5222FALSE
150.522FALSE
150.5231FALSE
150.5223FALSE
150.5239FALSE
150.5224FALSE
150.5226FALSE
150.5222FALSE
150.522FALSE
150.5231FALSE
150.5223FALSE
150.5239FALSE
150.5224FALSE
150.5226FALSE
150.5222FALSE
150.522FALSE
150.5231FALSE
150.5223FALSE
150.5239FALSE
150.5224FALSE
150.5226FALSE
150.5222FALSE
150.522FALSE
150.5231FALSE
150.5223FALSE
150.5239FALSE
150.5224FALSE
150.5226FALSE
150.5222FALSE
150.522FALSE
150.5231FALSE
150.5223FALSE
150.5239FALSE
150.5224FALSE
150.5226FALSE
150.5222FALSE
150.522FALSE
150.5231FALSE
150.5223FALSE
150.5239FALSE
150.5224FALSE
150.5226FALSE
150.5222FALSE
160.021FALSE
160.0122FALSE
160.0298FALSE
160.0058FALSE
160.0363FALSE
160.0275FALSE
160.0145FALSE
150.5608FALSE
150.56FALSE
150.5616FALSE
150.5587FALSE
150.5629FALSE
150.5611FALSE
150.5605FALSE
150.5238FALSE
150.5232FALSE
150.5245FALSE
150.5223FALSE
150.5255FALSE
150.5241FALSE
150.5236FALSE
150.5221FALSE
150.5225FALSE
150.5224FALSE
150.5233FALSE
150.5228FALSE
150.5227FALSE
150.5216FALSE
150.522FALSE
150.523FALSE
150.5223FALSE
150.5238FALSE
150.5225FALSE
150.5226FALSE
150.5221FALSE
150.522FALSE
150.5231FALSE
150.5223FALSE
150.5239FALSE
150.5224FALSE
150.5226FALSE
150.5222FALSE
150.522FALSE
150.5231FALSE
150.5223FALSE
150.5239FALSE
150.5224FALSE
150.5226FALSE
150.5222FALSE
150.522FALSE
150.5231FALSE
150.5223FALSE
150.5239FALSE
150.5224FALSE
150.5226FALSE
150.5222FALSE
150.522FALSE
150.5231FALSE
150.5223FALSE
150.5239FALSE
150.5224FALSE
150.5226FALSE
150.5222FALSE
150.522FALSE
150.5231FALSE
150.5223FALSE
150.5239FALSE
150.5224FALSE
150.5226FALSE
150.5222FALSE
150.522FALSE
150.5231FALSE
150.5223FALSE
150.5239FALSE
150.5224FALSE
150.5226FALSE
150.5222FALSE
150.522FALSE
150.5231FALSE
150.5223FALSE
150.5239FALSE
150.5224FALSE
150.5226FALSE
150.5222FALSE
150.522FALSE
150.5231FALSE
150.5223FALSE
150.5239FALSE
150.5224FALSE
150.5226FALSE
150.5222FALSE
150.522FALSE
150.5231FALSE
150.5223FALSE
150.5239FALSE
150.5224FALSE
150.5226FALSE
150.5222FALSE
150.522FALSE
150.5231FALSE
150.5223FALSE
150.5239FALSE
150.5224FALSE
150.5226FALSE
150.5222FALSE
150.522FALSE
150.5231FALSE
150.5223FALSE
150.5239FALSE
150.5224FALSE
150.5226FALSE
150.5222FALSE
150.522FALSE
150.5231FALSE
150.5223FALSE
150.5239FALSE
150.5224FALSE
150.5226FALSE
150.5222FALSE
150.522FALSE
150.5231FALSE
150.5223FALSE
150.5239FALSE
150.5224FALSE
150.5226FALSE
150.5222FALSE
150.522FALSE
150.5231FALSE
150.5223FALSE
150.5239FALSE
150.5224FALSE
150.5226FALSE
150.5222FALSE
150.522FALSE
150.5231FALSE
150.5223FALSE
150.5239FALSE
150.5224FALSE
150.5226FALSE
150.5222FALSE
$par
smooth_log_cases_lag0.bw smooth_log_cases_lag1.bw         time_ind_lag0.bw 
              -3.5376978               -2.9208211               -0.7910713 

$value
[1] 150.522

$counts
function gradient 
      88       88 

$convergence
[1] 52

$message
[1] "ERROR: ABNORMAL_TERMINATION_IN_LNSRCH"

201.0871FALSE
166.1104FALSE
201.088FALSE
166.1124FALSE
201.0863FALSE
166.1084FALSE
201.1023FALSE
166.105FALSE
166.1159FALSE
201.0719FALSE
166.5881FALSE
209.2683FALSE
166.5891FALSE
209.2707FALSE
209.2659FALSE
166.5871FALSE
166.5899FALSE
209.2555FALSE
166.5863FALSE
209.2809FALSE
165.4584FALSE
198.9249FALSE
165.4602FALSE
198.9238FALSE
165.4566FALSE
198.926FALSE
165.4618FALSE
198.9299FALSE
165.455FALSE
198.9199FALSE
165.1505FALSE
199.0729FALSE
165.1518FALSE
199.07FALSE
165.1492FALSE
199.0757FALSE
165.1522FALSE
199.0682FALSE
165.1489FALSE
199.0775FALSE
164.9842FALSE
198.883FALSE
164.9844FALSE
198.8803FALSE
164.9839FALSE
164.9834FALSE
198.8856FALSE
164.9849FALSE
198.8811FALSE
164.9645FALSE
198.8849FALSE
164.9647FALSE
198.8411FALSE
164.9643FALSE
198.8386FALSE
164.9643FALSE
198.8437FALSE
164.9647FALSE
198.8393FALSE
164.9519FALSE
198.843FALSE
164.9523FALSE
198.7044FALSE
164.9516FALSE
198.7035FALSE
164.9517FALSE
198.7054FALSE
164.9521FALSE
198.7093FALSE
164.9592FALSE
198.6996FALSE
164.9592FALSE
198.5114FALSE
164.9592FALSE
198.5114FALSE
164.9598FALSE
198.5114FALSE
164.9587FALSE
198.5161FALSE
164.9402FALSE
198.5066FALSE
164.9402FALSE
198.4397FALSE
164.9402FALSE
198.4409FALSE
164.9405FALSE
198.4386FALSE
164.94FALSE
198.4437FALSE
164.9551FALSE
198.4371FALSE
164.9554FALSE
198.4783FALSE
164.9548FALSE
164.9548FALSE
198.4774FALSE
164.9554FALSE
198.4793FALSE
164.9383FALSE
198.4753FALSE
164.9382FALSE
198.4813FALSE
164.9383FALSE
198.4417FALSE
164.9385FALSE
198.441FALSE
164.938FALSE
198.4425FALSE
164.9367FALSE
198.4391FALSE
164.9366FALSE
198.4444FALSE
164.9367FALSE
198.4368FALSE
164.9369FALSE
198.4373FALSE
164.9364FALSE
198.4375FALSE
164.9425FALSE
198.4401FALSE
164.9429FALSE
198.4394FALSE
164.9422FALSE
164.9422FALSE
198.4426FALSE
164.9428FALSE
198.4418FALSE
198.4433FALSE
164.937FALSE
164.9372FALSE
198.44FALSE
164.9368FALSE
198.4452FALSE
198.4375FALSE
164.9371FALSE
198.4368FALSE
164.9369FALSE
198.4382FALSE
164.9368FALSE
198.4391FALSE
164.9367FALSE
198.4401FALSE
164.9369FALSE
198.4368FALSE
164.9368FALSE
198.4372FALSE
164.9368FALSE
198.4376FALSE
164.9363FALSE
198.44FALSE
164.9361FALSE
198.4395FALSE
164.9364FALSE
198.4368FALSE
164.9362FALSE
198.4373FALSE
164.9363FALSE
198.4375FALSE
164.9392FALSE
198.4401FALSE
164.9395FALSE
198.4394FALSE
164.939FALSE
198.4368FALSE
164.9393FALSE
198.4373FALSE
164.9391FALSE
198.4375FALSE
164.9359FALSE
198.4401FALSE
164.9359FALSE
198.4394FALSE
164.936FALSE
198.4368FALSE
164.9359FALSE
198.4373FALSE
164.9359FALSE
198.4375FALSE
164.9559FALSE
198.4401FALSE
164.9562FALSE
198.4394FALSE
164.9556FALSE
198.4368FALSE
164.9557FALSE
198.4373FALSE
164.9561FALSE
198.4375FALSE
164.9364FALSE
198.4401FALSE
164.9366FALSE
198.4394FALSE
164.9362FALSE
198.4368FALSE
164.9362FALSE
198.4373FALSE
164.9366FALSE
198.4375FALSE
164.9359FALSE
198.4401FALSE
164.9359FALSE
198.4394FALSE
164.936FALSE
198.4368FALSE
164.9358FALSE
198.4373FALSE
164.9359FALSE
198.4375FALSE
164.9359FALSE
198.4401FALSE
164.9359FALSE
198.4394FALSE
164.936FALSE
198.4368FALSE
164.9361FALSE
198.4373FALSE
198.4375FALSE
164.9358FALSE
198.4401FALSE
164.9358FALSE
198.4394FALSE
164.9358FALSE
198.4368FALSE
164.9359FALSE
198.4373FALSE
164.9359FALSE
198.4375FALSE
164.9358FALSE
198.4401FALSE
164.9358FALSE
198.4394FALSE
164.9359FALSE
198.4368FALSE
164.9359FALSE
198.4373FALSE
164.9358FALSE
198.4375FALSE
164.9359FALSE
198.4401FALSE
164.9358FALSE
198.4394FALSE
164.9359FALSE
198.4368FALSE
164.9359FALSE
198.4373FALSE
164.9359FALSE
198.4375FALSE
164.9359FALSE
198.4401FALSE
164.9358FALSE
198.4394FALSE
164.9359FALSE
198.4368FALSE
164.9359FALSE
198.4373FALSE
164.9359FALSE
198.4375FALSE
164.9359FALSE
198.4401FALSE
198.4394FALSE
164.9358FALSE
198.4368FALSE
164.9359FALSE
198.4373FALSE
164.9359FALSE
198.4375FALSE
164.9359FALSE
198.4401FALSE
164.9359FALSE
198.4394FALSE
164.9358FALSE
198.4368FALSE
164.9359FALSE
198.4373FALSE
164.9359FALSE
198.4375FALSE
164.9359FALSE
198.4401FALSE
164.9359FALSE
198.4394FALSE
164.9358FALSE
198.4368FALSE
164.9359FALSE
198.4373FALSE
164.9359FALSE
198.4375FALSE
164.9359FALSE
198.4401FALSE
164.9359FALSE
198.4394FALSE
164.9358FALSE
198.4368FALSE
164.9359FALSE
198.4373FALSE
164.9359FALSE
198.4375FALSE
164.9359FALSE
198.4401FALSE
164.9359FALSE
198.4394FALSE
$par
smooth_log_cases_lag1.bw         time_ind_lag0.bw 
               -2.585101                -1.093125 

$value
[1] 198.4368

$counts
function gradient 
      30       30 

$convergence
[1] 0

$message
[1] "CONVERGENCE: REL_REDUCTION_OF_F <= FACTR*EPSMCH"

164.9358FALSE
164.9359FALSE
164.9359FALSE
164.9359FALSE
164.9359FALSE
164.9358FALSE
164.9359FALSE
164.9359FALSE
164.9359FALSE
164.9359FALSE
164.9358FALSE
164.9359FALSE
164.9359FALSE
164.9359FALSE
164.9359FALSE
164.9358FALSE
164.9359FALSE
164.9359FALSE
164.9359FALSE
164.9359FALSE
164.9358FALSE
164.9359FALSE
164.9359FALSE
164.9359FALSE
164.9359FALSE
164.9358FALSE
164.9359FALSE
164.9359FALSE
164.9359FALSE
164.9359FALSE
164.9358FALSE
164.9359FALSE
164.9359FALSE
164.9359FALSE
164.9359FALSE
$par
smooth_log_cases_lag0.bw         time_ind_lag0.bw 
              -3.2599738               -0.6270191 

$value
[1] 164.9358

$counts
function gradient 
      37       37 

$convergence
[1] 0

$message
[1] "CONVERGENCE: REL_REDUCTION_OF_F <= FACTR*EPSMCH"

> 
> save(ssr_fit,
+     file=paste0("/home/ngr67a/2015-cdc-flu-competition/fit-competition-ssr-ph", prediction_horizon_limit, "-", data_set, ".Rdata"))
> 
> proc.time()
    user   system  elapsed 
3493.065    1.099 3039.815 
