
R version 3.2.2 (2015-08-14) -- "Fire Safety"
Copyright (C) 2015 The R Foundation for Statistical Computing
Platform: x86_64-pc-linux-gnu (64-bit)

R is free software and comes with ABSOLUTELY NO WARRANTY.
You are welcome to redistribute it under certain conditions.
Type 'license()' or 'licence()' for distribution details.

  Natural language support but running in an English locale

R is a collaborative project with many contributors.
Type 'contributors()' for more information and
'citation()' on how to cite R or R packages in publications.

Type 'demo()' for some demos, 'help()' for on-line help, or
'help.start()' for an HTML browser interface to help.
Type 'q()' to quit R.

> ### get ssr fit -- prediction horizons 1:52
> library(lubridate)
> library(ggplot2)
> library(plyr)

Attaching package: ‘plyr’

The following object is masked from ‘package:lubridate’:

    here

> library(dplyr)

Attaching package: ‘dplyr’

The following objects are masked from ‘package:plyr’:

    arrange, count, desc, failwith, id, mutate, rename, summarise,
    summarize

The following objects are masked from ‘package:lubridate’:

    intersect, setdiff, union

The following objects are masked from ‘package:stats’:

    filter, lag

The following objects are masked from ‘package:base’:

    intersect, setdiff, setequal, union

> library(reshape)

Attaching package: ‘reshape’

The following object is masked from ‘package:dplyr’:

    rename

The following objects are masked from ‘package:plyr’:

    rename, round_any

The following object is masked from ‘package:lubridate’:

    stamp

> library(ssrFlu)
> library(doMC)
Loading required package: foreach
Loading required package: iterators
Loading required package: parallel
> 
> registerDoMC(cores=3)
> 
> args <- commandArgs(trailingOnly=TRUE)
> 
> data_set <- args[1]
> prediction_horizon_limit <- as.integer(args[2])
> 
> ## load dataset
> if(identical(data_set, "ili_national")) {
+     data <- ili_national
+ } 
> if(identical(data_set, "ili_region1")) {
+     data <- ili_region1
+ } 
> if(identical(data_set, "ili_region2")) {
+     data <- ili_region2
+ } 
> if(identical(data_set, "ili_region3")) {
+     data <- ili_region3
+ } 
> if(identical(data_set, "ili_region4")) {
+     data <- ili_region4
+ } 
> if(identical(data_set, "ili_region5")) {
+     data <- ili_region5
+ } 
> if(identical(data_set, "ili_region6")) {
+     data <- ili_region6
+ } 
> if(identical(data_set, "ili_region7")) {
+     data <- ili_region7
+ } 
> if(identical(data_set, "ili_region8")) {
+     data <- ili_region8
+ } 
> if(identical(data_set, "ili_region9")) {
+     data <- ili_region9
+ } 
> if(identical(data_set, "ili_region10")) {
+     data <- ili_region10
+ } 
> 
> 
> 
> ## add log column
> data$log_total_cases <- log(data$total_cases + 1)
> 
> ## add week_start_date
> char_dates <- paste(data$year, data$week, "1")
> data$week_start_date <- as.Date(char_dates, format="%Y %W %w")
> 
> ## remove week 53s
> data <- data[-which(is.na(data$week_start_date)),]
> data <- data[262:nrow(data),]
> 
> ## add smooth log column -- or not, since it is already pretty smooth...
> sm <- loess(log_total_cases ~ as.numeric(week_start_date), data=data, span= 26 / nrow(data))
> data$smooth_log_cases <- sm$fitted
> 
> ## add time column
> data$time_ind <- seq_len(nrow(data))
> 
> ssr_control <- create_ssr_control(X_names=c("smooth_log_cases", "time_ind"),
+     y_names="total_cases",
+     time_name=NULL,
+     max_lag=list(smooth_log_cases=1,
+         time_ind=0),
+     prediction_horizons=as.integer(prediction_horizon_limit),
+     kernel_fns=list(smooth_log_cases="squared_exp_kernel",
+         time_ind="periodic_kernel"),
+     theta_est=list(smooth_log_cases="bw",
+         time_ind="bw"),
+     theta_fixed=list(time_ind=list(period=pi / 52)),
+     theta_transform_fns=list(
+         squared_exp_kernel=list(
+             bw=list(transform="log",
+                 detransform="exp")
+         ),
+         periodic_kernel=list(
+             bw=list(transform="log",
+                 detransform="exp")
+         )
+     ),
+     crossval_buffer=52,
+     loss_fn_name="mae_from_kernel_weights_and_centers",
+     loss_fn_args=list())
> 
> 
> ssr_fit <- ssr(X_names=c("smooth_log_cases", "time_ind"),
+     y_names="total_cases",
+     time_name=NULL,
+     data=data,
+     ssr_control=ssr_control)
651.3073FALSE
471.3114FALSE
644.2043FALSE
471.31FALSE
644.1971FALSE
651.2976FALSE
644.2116FALSE
471.3128FALSE
651.3169FALSE
650.7236FALSE
475.7279FALSE
654.4292FALSE
650.7408FALSE
654.4409FALSE
650.7063FALSE
475.7617FALSE
654.4174FALSE
643.3062FALSE
475.6942FALSE
649.4251FALSE
643.3056FALSE
470.4898FALSE
649.4242FALSE
643.3068FALSE
470.4882FALSE
643.2982FALSE
649.426FALSE
643.298FALSE
470.4914FALSE
649.4154FALSE
649.4156FALSE
643.2985FALSE
470.6602FALSE
649.4153FALSE
643.2964FALSE
649.4149FALSE
643.2964FALSE
470.6626FALSE
649.415FALSE
643.2964FALSE
649.4149FALSE
643.2964FALSE
470.6577FALSE
649.4148FALSE
643.2964FALSE
643.2964FALSE
$par
smooth_log_cases_lag0.bw 
               -2.038724 

$value
[1] 643.2964

$counts
function gradient 
       6        6 

$convergence
[1] 0

$message
[1] "CONVERGENCE: REL_REDUCTION_OF_F <= FACTR*EPSMCH"

649.4148FALSE
470.4369FALSE
649.4148FALSE
470.4365FALSE
649.4148FALSE
470.4372FALSE
649.4148FALSE
649.4148FALSE
$par
smooth_log_cases_lag1.bw 
               -1.955224 

$value
[1] 649.4148

$counts
function gradient 
       7        7 

$convergence
[1] 0

$message
[1] "CONVERGENCE: REL_REDUCTION_OF_F <= FACTR*EPSMCH"

470.5585FALSE
470.561FALSE
470.5559FALSE
470.4317FALSE
470.4315FALSE
470.4319FALSE
470.4275FALSE
470.4274FALSE
470.4276FALSE
470.4615FALSE
470.4632FALSE
470.4599FALSE
470.4275FALSE
470.4273FALSE
470.4276FALSE
470.4274FALSE
470.4275FALSE
470.4275FALSE
470.4274FALSE
470.4276FALSE
470.4275FALSE
470.4274FALSE
470.4275FALSE
470.4275FALSE
470.4274FALSE
470.4275FALSE
470.4275FALSE
$par
time_ind_lag0.bw 
       -1.846013 

$value
[1] 470.4274

$counts
function gradient 
      14       14 

$convergence
[1] 0

$message
[1] "CONVERGENCE: REL_REDUCTION_OF_F <= FACTR*EPSMCH"

473.7586FALSE
484.4185FALSE
484.3599FALSE
473.7148FALSE
473.8024FALSE
484.477FALSE
473.7539FALSE
484.4205FALSE
473.7632FALSE
484.4164FALSE
446.2143FALSE
451.446FALSE
446.2172FALSE
451.4431FALSE
446.2114FALSE
451.4488FALSE
446.2165FALSE
451.4501FALSE
446.2122FALSE
451.4418FALSE
446.0332FALSE
451.3205FALSE
446.0348FALSE
451.3223FALSE
446.0315FALSE
451.3186FALSE
446.0337FALSE
451.3218FALSE
446.0326FALSE
451.3192FALSE
446.5137FALSE
451.2534FALSE
446.5049FALSE
451.2545FALSE
446.5225FALSE
451.2523FALSE
446.5166FALSE
451.2532FALSE
446.5108FALSE
451.2536FALSE
446.0368FALSE
451.2324FALSE
451.2333FALSE
446.0304FALSE
451.2315FALSE
446.0432FALSE
451.232FALSE
446.0413FALSE
446.0323FALSE
451.2327FALSE
446.0299FALSE
451.6841FALSE
446.0311FALSE
451.6724FALSE
446.0297FALSE
451.6959FALSE
446.0303FALSE
451.6881FALSE
446.0294FALSE
451.6802FALSE
451.233FALSE
446.0278FALSE
451.2328FALSE
446.0278FALSE
451.2333FALSE
446.0277FALSE
451.2327FALSE
446.0282FALSE
451.2333FALSE
446.0274FALSE
451.2312FALSE
446.025FALSE
451.231FALSE
446.0246FALSE
446.0253FALSE
451.2314FALSE
451.231FALSE
446.025FALSE
451.2314FALSE
446.025FALSE
451.2301FALSE
446.0247FALSE
446.0244FALSE
451.2299FALSE
446.0251FALSE
451.2302FALSE
446.0247FALSE
451.2298FALSE
446.0247FALSE
451.2303FALSE
446.0283FALSE
451.2385FALSE
446.0296FALSE
451.2392FALSE
446.027FALSE
451.2382FALSE
446.0283FALSE
451.2398FALSE
446.0282FALSE
451.2373FALSE
446.0244FALSE
451.2292FALSE
446.0243FALSE
451.2291FALSE
446.0247FALSE
451.2294FALSE
446.0244FALSE
451.229FALSE
446.0245FALSE
451.2295FALSE
446.0306FALSE
451.2288FALSE
446.0322FALSE
451.2287FALSE
446.0291FALSE
451.2289FALSE
446.031FALSE
451.2289FALSE
446.0303FALSE
451.2291FALSE
446.0243FALSE
451.2327FALSE
446.0242FALSE
451.2327FALSE
446.0245FALSE
451.2327FALSE
446.0242FALSE
451.2336FALSE
446.0244FALSE
451.2318FALSE
446.0296FALSE
451.2287FALSE
446.0311FALSE
451.2286FALSE
446.028FALSE
451.2288FALSE
446.03FALSE
451.2291FALSE
446.0292FALSE
451.229FALSE
446.0242FALSE
451.2287FALSE
446.0241FALSE
451.2286FALSE
446.0244FALSE
451.2288FALSE
446.0242FALSE
451.229FALSE
446.0243FALSE
451.229FALSE
446.0263FALSE
451.2288FALSE
446.0277FALSE
451.2298FALSE
446.0249FALSE
451.2286FALSE
446.0263FALSE
451.229FALSE
446.0263FALSE
451.2293FALSE
451.2286FALSE
446.0242FALSE
451.2287FALSE
446.0243FALSE
451.2287FALSE
446.0243FALSE
451.229FALSE
446.0241FALSE
451.2289FALSE
446.0242FALSE
451.2286FALSE
446.0241FALSE
451.2294FALSE
446.0244FALSE
451.2287FALSE
446.0243FALSE
451.2289FALSE
446.0241FALSE
451.2289FALSE
451.2286FALSE
446.0242FALSE
451.2287FALSE
446.0241FALSE
451.2287FALSE
451.229FALSE
446.0247FALSE
451.2289FALSE
446.0244FALSE
451.2286FALSE
446.0242FALSE
451.2287FALSE
446.0241FALSE
451.2287FALSE
446.0241FALSE
451.2289FALSE
446.0245FALSE
451.2289FALSE
446.0244FALSE
451.2286FALSE
446.0241FALSE
451.2287FALSE
446.0241FALSE
451.2287FALSE
446.0241FALSE
451.229FALSE
446.0245FALSE
451.2289FALSE
451.2286FALSE
446.0244FALSE
451.2287FALSE
446.0242FALSE
451.2287FALSE
446.0241FALSE
451.229FALSE
446.0241FALSE
451.2289FALSE
446.0245FALSE
451.2286FALSE
446.0244FALSE
451.2287FALSE
451.2287FALSE
446.0241FALSE
451.229FALSE
446.0241FALSE
451.2289FALSE
446.0241FALSE
451.2286FALSE
446.0244FALSE
451.2287FALSE
446.0244FALSE
451.2287FALSE
451.229FALSE
446.0241FALSE
451.2289FALSE
446.0241FALSE
451.2286FALSE
451.2287FALSE
446.0241FALSE
451.2287FALSE
446.0245FALSE
451.229FALSE
451.2289FALSE
446.0244FALSE
451.2286FALSE
446.0241FALSE
451.2287FALSE
446.0241FALSE
451.2287FALSE
446.0241FALSE
451.229FALSE
446.0245FALSE
451.2289FALSE
446.0244FALSE
451.2286FALSE
446.0241FALSE
451.2287FALSE
446.0241FALSE
451.2287FALSE
446.0241FALSE
451.229FALSE
446.0245FALSE
451.2289FALSE
446.0244FALSE
451.2286FALSE
451.2287FALSE
446.0241FALSE
451.2287FALSE
446.0241FALSE
451.229FALSE
446.0241FALSE
451.2289FALSE
446.0245FALSE
451.2286FALSE
451.2287FALSE
446.0244FALSE
451.2287FALSE
446.0241FALSE
451.229FALSE
446.0241FALSE
451.2289FALSE
446.0241FALSE
451.2286FALSE
446.0245FALSE
451.2287FALSE
446.0244FALSE
451.2287FALSE
451.229FALSE
446.0241FALSE
451.2289FALSE
446.0241FALSE
451.2286FALSE
446.0241FALSE
451.2287FALSE
446.0245FALSE
451.2287FALSE
446.0244FALSE
451.229FALSE
446.0241FALSE
451.2289FALSE
446.0241FALSE
451.2286FALSE
446.0241FALSE
451.2287FALSE
451.2287FALSE
446.0245FALSE
451.229FALSE
446.0244FALSE
451.2289FALSE
446.0241FALSE
451.2286FALSE
446.0241FALSE
451.2287FALSE
446.0241FALSE
451.2287FALSE
446.0245FALSE
451.229FALSE
446.0244FALSE
451.2289FALSE
451.2286FALSE
446.0241FALSE
451.2287FALSE
446.0241FALSE
451.2287FALSE
446.0241FALSE
451.229FALSE
446.0245FALSE
451.2289FALSE
446.0244FALSE
451.2286FALSE
446.0241FALSE
451.2287FALSE
446.0241FALSE
451.2287FALSE
446.0241FALSE
451.229FALSE
446.0245FALSE
451.2289FALSE
446.0244FALSE
451.2286FALSE
446.0241FALSE
451.2287FALSE
451.2287FALSE
446.0241FALSE
451.229FALSE
446.0241FALSE
451.2289FALSE
451.2286FALSE
446.0245FALSE
451.2287FALSE
446.0244FALSE
451.2287FALSE
446.0241FALSE
451.229FALSE
446.0241FALSE
451.2289FALSE
446.0241FALSE
451.2286FALSE
446.0245FALSE
451.2287FALSE
446.0244FALSE
451.2287FALSE
451.229FALSE
446.0241FALSE
451.2289FALSE
446.0241FALSE
451.2286FALSE
446.0241FALSE
451.2287FALSE
446.0245FALSE
451.2287FALSE
446.0244FALSE
451.229FALSE
451.2289FALSE
446.0241FALSE
446.0241FALSE
451.2334FALSE
451.2341FALSE
446.0241FALSE
451.2332FALSE
446.0245FALSE
451.2333FALSE
446.0244FALSE
451.2335FALSE
446.0241FALSE
451.229FALSE
451.2291FALSE
446.0241FALSE
446.0241FALSE
451.2291FALSE
446.0245FALSE
451.2287FALSE
451.2292FALSE
446.0244FALSE
451.2286FALSE
446.0241FALSE
451.2287FALSE
446.0241FALSE
451.2287FALSE
451.2289FALSE
446.0241FALSE
451.2289FALSE
446.0245FALSE
451.2286FALSE
446.0244FALSE
451.2287FALSE
446.0241FALSE
451.2287FALSE
446.0241FALSE
451.229FALSE
446.0241FALSE
451.2289FALSE
446.0245FALSE
451.2286FALSE
446.0244FALSE
451.2287FALSE
446.0241FALSE
451.2287FALSE
446.0241FALSE
451.229FALSE
446.0241FALSE
451.2289FALSE
446.0245FALSE
451.2286FALSE
446.0244FALSE
451.2287FALSE
446.0241FALSE
451.2287FALSE
446.0241FALSE
451.229FALSE
446.0241FALSE
451.2289FALSE
446.0245FALSE
451.2286FALSE
446.0244FALSE
451.2287FALSE
446.0241FALSE
451.2287FALSE
446.0241FALSE
451.229FALSE
446.3437FALSE
451.2289FALSE
446.3363FALSE
451.2286FALSE
446.351FALSE
451.2287FALSE
446.3468FALSE
451.2287FALSE
446.3406FALSE
451.229FALSE
446.0241FALSE
451.2289FALSE
446.0243FALSE
451.2286FALSE
446.0245FALSE
451.2287FALSE
446.0242FALSE
451.2287FALSE
446.0241FALSE
451.229FALSE
446.0241FALSE
451.2289FALSE
446.0245FALSE
451.2286FALSE
446.0244FALSE
451.2287FALSE
446.0241FALSE
451.2287FALSE
446.0241FALSE
451.229FALSE
446.0241FALSE
451.2289FALSE
446.0245FALSE
451.2286FALSE
446.0244FALSE
451.2287FALSE
446.0241FALSE
451.2287FALSE
451.229FALSE
446.0241FALSE
451.2289FALSE
446.0241FALSE
446.0245FALSE
451.2286FALSE
446.0244FALSE
451.2287FALSE
446.0241FALSE
451.2287FALSE
446.0241FALSE
451.229FALSE
446.0241FALSE
451.2289FALSE
446.0245FALSE
451.2286FALSE
446.0244FALSE
451.2287FALSE
446.0241FALSE
451.2287FALSE
446.0241FALSE
451.229FALSE
446.0241FALSE
451.2289FALSE
446.0245FALSE
451.2286FALSE
446.0244FALSE
451.2287FALSE
446.0241FALSE
451.2287FALSE
446.0241FALSE
451.229FALSE
446.0241FALSE
451.2289FALSE
446.0245FALSE
451.2286FALSE
446.0244FALSE
451.2287FALSE
446.0241FALSE
451.2287FALSE
451.229FALSE
446.0241FALSE
451.2289FALSE
446.0241FALSE
451.2286FALSE
446.0245FALSE
446.0244FALSE
451.2287FALSE
446.0241FALSE
451.2287FALSE
446.0241FALSE
451.229FALSE
446.0241FALSE
451.2289FALSE
446.0245FALSE
451.2286FALSE
446.0244FALSE
451.2287FALSE
446.0241FALSE
451.2287FALSE
446.0241FALSE
451.229FALSE
446.0241FALSE
451.2289FALSE
451.2286FALSE
446.0245FALSE
446.0244FALSE
451.2287FALSE
446.0241FALSE
451.2287FALSE
446.0241FALSE
451.229FALSE
446.0241FALSE
451.2289FALSE
446.0245FALSE
451.2286FALSE
446.0244FALSE
451.2287FALSE
446.0241FALSE
451.2287FALSE
446.0241FALSE
451.229FALSE
446.0241FALSE
451.2289FALSE
446.0245FALSE
451.2286FALSE
451.2287FALSE
446.0244FALSE
451.2287FALSE
446.0241FALSE
451.229FALSE
446.0241FALSE
451.2289FALSE
$par
smooth_log_cases_lag1.bw         time_ind_lag0.bw 
               -1.289552                -1.985260 

$value
[1] 451.2286

$counts
function gradient 
      59       59 

$convergence
[1] 52

$message
[1] "ERROR: ABNORMAL_TERMINATION_IN_LNSRCH"

446.0241FALSE
446.0245FALSE
446.0244FALSE
446.0241FALSE
446.0241FALSE
446.0241FALSE
446.0245FALSE
446.0244FALSE
446.0241FALSE
446.0241FALSE
446.0241FALSE
446.0245FALSE
446.0244FALSE
446.0241FALSE
446.0241FALSE
446.0241FALSE
446.0245FALSE
446.0244FALSE
446.0241FALSE
446.0241FALSE
446.0241FALSE
446.0245FALSE
446.0244FALSE
446.0241FALSE
446.0241FALSE
$par
smooth_log_cases_lag0.bw         time_ind_lag0.bw 
               -1.370221                -1.801065 

$value
[1] 446.0241

$counts
function gradient 
      60       60 

$convergence
[1] 0

$message
[1] "CONVERGENCE: REL_REDUCTION_OF_F <= FACTR*EPSMCH"

470.4927FALSE
486.4823FALSE
470.4943FALSE
486.4789FALSE
470.4911FALSE
486.4858FALSE
472.1802FALSE
486.4339FALSE
472.1786FALSE
486.5307FALSE
472.1819FALSE
470.4472FALSE
486.4756FALSE
470.4468FALSE
486.489FALSE
470.4477FALSE
455.3578FALSE
470.4406FALSE
470.4403FALSE
455.3474FALSE
470.4408FALSE
455.3682FALSE
470.4318FALSE
455.3407FALSE
470.4316FALSE
455.3749FALSE
470.432FALSE
455.3754FALSE
470.6523FALSE
470.6547FALSE
455.3402FALSE
449.578FALSE
470.6498FALSE
449.5896FALSE
470.4304FALSE
470.4302FALSE
449.5664FALSE
470.4307FALSE
449.5798FALSE
470.4286FALSE
449.5762FALSE
470.4283FALSE
449.5755FALSE
470.4289FALSE
449.5805FALSE
470.505FALSE
470.5065FALSE
447.3051FALSE
470.5034FALSE
447.3108FALSE
470.4281FALSE
447.2994FALSE
470.4281FALSE
447.3046FALSE
470.4282FALSE
447.3056FALSE
470.428FALSE
447.302FALSE
470.428FALSE
470.4281FALSE
447.3083FALSE
447.9528FALSE
470.429FALSE
470.4299FALSE
447.9459FALSE
470.4285FALSE
447.9598FALSE
470.4277FALSE
447.9504FALSE
470.4276FALSE
447.9553FALSE
470.4278FALSE
447.9495FALSE
470.4275FALSE
447.9562FALSE
470.4274FALSE
470.4276FALSE
447.0666FALSE
470.4274FALSE
447.0669FALSE
470.4274FALSE
447.0663FALSE
470.4275FALSE
447.0652FALSE
470.4274FALSE
447.068FALSE
470.4275FALSE
470.4275FALSE
447.0666FALSE
470.4277FALSE
447.0666FALSE
470.4276FALSE
447.0071FALSE
470.4277FALSE
447.0065FALSE
470.4274FALSE
447.0078FALSE
470.4275FALSE
447.0057FALSE
470.4275FALSE
447.0086FALSE
470.4274FALSE
470.4275FALSE
447.0072FALSE
470.4275FALSE
447.0071FALSE
470.4274FALSE
446.7286FALSE
470.4275FALSE
446.7241FALSE
470.4275FALSE
446.7331FALSE
470.4274FALSE
446.7277FALSE
470.4275FALSE
470.4275FALSE
446.7294FALSE
470.4274FALSE
446.7276FALSE
470.4275FALSE
446.7295FALSE
470.4275FALSE
446.578FALSE
470.4274FALSE
446.5768FALSE
470.4275FALSE
446.5793FALSE
470.4275FALSE
446.5775FALSE
470.4274FALSE
470.4275FALSE
446.5785FALSE
470.4275FALSE
446.5778FALSE
470.4274FALSE
446.5782FALSE
470.4275FALSE
446.4739FALSE
470.4275FALSE
446.4737FALSE
470.4274FALSE
470.4275FALSE
446.4741FALSE
470.4275FALSE
446.4737FALSE
470.4274FALSE
446.4742FALSE
470.4275FALSE
446.4733FALSE
470.4275FALSE
446.4745FALSE
470.4274FALSE
446.3617FALSE
470.4275FALSE
470.4275FALSE
446.3616FALSE
470.4274FALSE
446.362FALSE
470.4275FALSE
446.3616FALSE
470.4275FALSE
446.3618FALSE
470.4274FALSE
470.4275FALSE
446.3608FALSE
470.4275FALSE
446.3626FALSE
470.4274FALSE
451.8859FALSE
470.4275FALSE
451.8657FALSE
470.4275FALSE
451.906FALSE
470.4274FALSE
470.4275FALSE
451.8859FALSE
470.4275FALSE
451.8859FALSE
470.4274FALSE
451.914FALSE
470.4275FALSE
451.8578FALSE
470.4275FALSE
446.1979FALSE
470.4274FALSE
446.1958FALSE
470.4275FALSE
446.2FALSE
470.4275FALSE
$par
time_ind_lag0.bw 
       -1.845981 

$value
[1] 470.4274

$counts
function gradient 
      34       34 

$convergence
[1] 0

$message
[1] "CONVERGENCE: REL_REDUCTION_OF_F <= FACTR*EPSMCH"

446.1978FALSE
446.198FALSE
446.1962FALSE
446.1996FALSE
446.1404FALSE
446.1385FALSE
446.1423FALSE
446.1403FALSE
446.1404FALSE
446.1394FALSE
446.1414FALSE
459.0447FALSE
459.0278FALSE
459.0615FALSE
459.0447FALSE
459.0447FALSE
459.0963FALSE
458.9931FALSE
446.1118FALSE
446.1105FALSE
446.1131FALSE
446.1118FALSE
446.1119FALSE
446.1105FALSE
446.1131FALSE
446.0664FALSE
446.0652FALSE
446.0675FALSE
446.0663FALSE
446.0664FALSE
446.0655FALSE
446.0672FALSE
456.0262FALSE
456.0076FALSE
456.0448FALSE
456.0262FALSE
456.0262FALSE
456.0667FALSE
455.9857FALSE
446.0573FALSE
446.0566FALSE
446.0581FALSE
446.0573FALSE
446.0574FALSE
446.0567FALSE
446.0579FALSE
446.0411FALSE
446.0409FALSE
446.0413FALSE
446.0411FALSE
446.0412FALSE
446.0409FALSE
446.0414FALSE
446.2831FALSE
446.2773FALSE
446.2894FALSE
446.2831FALSE
446.2832FALSE
446.2873FALSE
446.279FALSE
446.0409FALSE
446.0408FALSE
446.0411FALSE
446.0409FALSE
446.041FALSE
446.0407FALSE
446.0412FALSE
446.0407FALSE
446.0406FALSE
446.0409FALSE
446.0407FALSE
446.0407FALSE
446.0405FALSE
446.041FALSE
446.1575FALSE
446.1512FALSE
446.1638FALSE
446.1575FALSE
446.1575FALSE
446.1617FALSE
446.1533FALSE
446.0406FALSE
446.0405FALSE
446.0422FALSE
446.0406FALSE
446.0406FALSE
446.0404FALSE
446.0409FALSE
446.094FALSE
446.0874FALSE
446.1006FALSE
446.094FALSE
446.0941FALSE
446.098FALSE
446.0901FALSE
446.0405FALSE
446.0404FALSE
446.0434FALSE
446.0405FALSE
446.0405FALSE
446.0406FALSE
446.0408FALSE
446.0463FALSE
446.0396FALSE
446.0531FALSE
446.0463FALSE
446.0464FALSE
446.0504FALSE
446.0423FALSE
446.0403FALSE
446.0402FALSE
446.0444FALSE
446.0403FALSE
446.0404FALSE
446.0415FALSE
446.0406FALSE
446.0401FALSE
446.04FALSE
446.0435FALSE
446.0401FALSE
446.0401FALSE
446.0407FALSE
446.0403FALSE
446.0392FALSE
446.039FALSE
446.0403FALSE
446.0391FALSE
446.0392FALSE
446.039FALSE
446.0394FALSE
446.0367FALSE
446.0366FALSE
446.0368FALSE
446.0367FALSE
446.0367FALSE
446.0366FALSE
446.0368FALSE
446.0354FALSE
446.0353FALSE
446.0354FALSE
446.0354FALSE
446.0354FALSE
446.0354FALSE
446.0354FALSE
446.0376FALSE
446.0393FALSE
446.0371FALSE
446.0376FALSE
446.0376FALSE
446.0381FALSE
446.0372FALSE
446.0355FALSE
446.0355FALSE
446.0354FALSE
446.0354FALSE
446.0355FALSE
446.0358FALSE
446.0351FALSE
446.0351FALSE
446.0352FALSE
446.0351FALSE
446.0351FALSE
446.0352FALSE
446.0354FALSE
446.035FALSE
446.0349FALSE
446.035FALSE
446.0349FALSE
446.0349FALSE
446.0349FALSE
446.0352FALSE
446.0348FALSE
446.0342FALSE
446.0342FALSE
446.0343FALSE
446.0342FALSE
446.0343FALSE
446.0343FALSE
446.0343FALSE
446.0333FALSE
446.0312FALSE
446.04FALSE
446.0333FALSE
446.0333FALSE
446.0374FALSE
446.0314FALSE
446.0327FALSE
446.0326FALSE
446.0357FALSE
446.0327FALSE
446.0327FALSE
446.0332FALSE
446.0327FALSE
446.03FALSE
446.0301FALSE
446.0317FALSE
446.03FALSE
446.0301FALSE
446.0303FALSE
446.03FALSE
446.0282FALSE
446.0283FALSE
446.0294FALSE
446.0282FALSE
446.0282FALSE
446.0285FALSE
446.0279FALSE
446.0264FALSE
446.0261FALSE
446.0266FALSE
446.0264FALSE
446.0264FALSE
446.0263FALSE
446.0264FALSE
446.0261FALSE
446.0259FALSE
446.0263FALSE
446.0261FALSE
446.0261FALSE
446.0261FALSE
446.0261FALSE
446.0253FALSE
446.0251FALSE
446.0255FALSE
446.0253FALSE
446.0253FALSE
446.0254FALSE
446.0253FALSE
446.0716FALSE
446.0729FALSE
446.0702FALSE
446.0716FALSE
446.0716FALSE
446.0725FALSE
446.0707FALSE
446.0252FALSE
446.025FALSE
446.0254FALSE
446.0252FALSE
446.0252FALSE
446.0253FALSE
446.0251FALSE
446.025FALSE
446.0249FALSE
446.0251FALSE
446.025FALSE
446.025FALSE
446.0254FALSE
446.0248FALSE
446.0357FALSE
446.0372FALSE
446.0343FALSE
446.0357FALSE
446.0357FALSE
446.0362FALSE
446.0353FALSE
446.0249FALSE
446.0248FALSE
446.025FALSE
446.0249FALSE
446.0249FALSE
446.0253FALSE
446.0247FALSE
446.0248FALSE
446.0248FALSE
446.025FALSE
446.0248FALSE
446.0248FALSE
446.0252FALSE
446.0246FALSE
446.0296FALSE
446.0311FALSE
446.028FALSE
446.0296FALSE
446.0296FALSE
446.0299FALSE
446.0292FALSE
446.0248FALSE
446.025FALSE
446.0249FALSE
446.0248FALSE
446.0248FALSE
446.0252FALSE
446.0246FALSE
446.0242FALSE
446.0254FALSE
446.0245FALSE
446.0242FALSE
446.0242FALSE
446.0243FALSE
446.0241FALSE
446.0244FALSE
446.0241FALSE
446.0248FALSE
446.0244FALSE
446.0244FALSE
446.0245FALSE
446.0244FALSE
446.0243FALSE
446.0248FALSE
446.0246FALSE
446.0243FALSE
446.0243FALSE
446.0244FALSE
446.0242FALSE
446.0242FALSE
446.0253FALSE
446.0245FALSE
446.0242FALSE
446.0242FALSE
446.0243FALSE
446.0241FALSE
446.0242FALSE
446.0254FALSE
446.0245FALSE
446.0242FALSE
446.0242FALSE
446.0243FALSE
446.0241FALSE
446.0242FALSE
446.0254FALSE
446.0245FALSE
446.0242FALSE
446.0242FALSE
446.0243FALSE
446.0241FALSE
446.0242FALSE
446.0254FALSE
446.0245FALSE
446.0242FALSE
446.0242FALSE
446.0243FALSE
446.0241FALSE
446.0242FALSE
446.0254FALSE
446.0245FALSE
446.0242FALSE
446.0242FALSE
446.0243FALSE
446.0241FALSE
446.0242FALSE
446.0254FALSE
446.0245FALSE
446.0242FALSE
446.0242FALSE
446.0243FALSE
446.0241FALSE
446.0242FALSE
446.0254FALSE
446.0245FALSE
446.0242FALSE
446.0242FALSE
446.0243FALSE
446.0241FALSE
446.0242FALSE
446.0254FALSE
446.0245FALSE
446.0242FALSE
446.0242FALSE
446.0243FALSE
446.0241FALSE
446.0242FALSE
446.0254FALSE
446.0245FALSE
446.0242FALSE
446.0242FALSE
446.0243FALSE
446.0241FALSE
446.0242FALSE
446.0254FALSE
446.0245FALSE
446.0242FALSE
446.0242FALSE
446.0243FALSE
446.0241FALSE
446.0242FALSE
446.0254FALSE
446.0245FALSE
446.0242FALSE
446.0242FALSE
446.0243FALSE
446.0241FALSE
446.0242FALSE
446.0254FALSE
446.0245FALSE
446.0242FALSE
446.0242FALSE
446.0243FALSE
446.0241FALSE
446.0242FALSE
446.0254FALSE
446.0245FALSE
446.0242FALSE
446.0242FALSE
446.0243FALSE
446.0241FALSE
446.0242FALSE
446.0254FALSE
446.0245FALSE
446.0242FALSE
446.0242FALSE
446.0243FALSE
446.0241FALSE
446.0242FALSE
446.0254FALSE
446.0245FALSE
446.0242FALSE
446.0242FALSE
446.0243FALSE
446.0241FALSE
446.0242FALSE
446.0254FALSE
446.0245FALSE
446.0242FALSE
446.0242FALSE
446.0243FALSE
446.0241FALSE
$par
smooth_log_cases_lag0.bw smooth_log_cases_lag1.bw         time_ind_lag0.bw 
               -1.369712                 4.105644                -1.798554 

$value
[1] 446.0242

$counts
function gradient 
      72       72 

$convergence
[1] 0

$message
[1] "CONVERGENCE: REL_REDUCTION_OF_F <= FACTR*EPSMCH"

> 
> save(ssr_fit,
+     file=paste0("/home/ngr67a/2015-cdc-flu-competition/fit-competition-ssr-ph", prediction_horizon_limit, "-", data_set, ".Rdata"))
> 
> proc.time()
    user   system  elapsed 
2022.779    1.296 2386.827 
