
R version 3.2.2 (2015-08-14) -- "Fire Safety"
Copyright (C) 2015 The R Foundation for Statistical Computing
Platform: x86_64-pc-linux-gnu (64-bit)

R is free software and comes with ABSOLUTELY NO WARRANTY.
You are welcome to redistribute it under certain conditions.
Type 'license()' or 'licence()' for distribution details.

  Natural language support but running in an English locale

R is a collaborative project with many contributors.
Type 'contributors()' for more information and
'citation()' on how to cite R or R packages in publications.

Type 'demo()' for some demos, 'help()' for on-line help, or
'help.start()' for an HTML browser interface to help.
Type 'q()' to quit R.

> ### get ssr fit -- prediction horizons 1:52
> library(lubridate)
> library(ggplot2)
> library(plyr)

Attaching package: ‘plyr’

The following object is masked from ‘package:lubridate’:

    here

> library(dplyr)

Attaching package: ‘dplyr’

The following objects are masked from ‘package:plyr’:

    arrange, count, desc, failwith, id, mutate, rename, summarise,
    summarize

The following objects are masked from ‘package:lubridate’:

    intersect, setdiff, union

The following objects are masked from ‘package:stats’:

    filter, lag

The following objects are masked from ‘package:base’:

    intersect, setdiff, setequal, union

> library(reshape)

Attaching package: ‘reshape’

The following object is masked from ‘package:dplyr’:

    rename

The following objects are masked from ‘package:plyr’:

    rename, round_any

The following object is masked from ‘package:lubridate’:

    stamp

> library(ssrFlu)
> library(doMC)
Loading required package: foreach
Loading required package: iterators
Loading required package: parallel
> 
> registerDoMC(cores=3)
> 
> args <- commandArgs(trailingOnly=TRUE)
> 
> data_set <- args[1]
> prediction_horizon_limit <- as.integer(args[2])
> 
> ## load dataset
> if(identical(data_set, "ili_national")) {
+     data <- ili_national
+ } 
> if(identical(data_set, "ili_region1")) {
+     data <- ili_region1
+ } 
> if(identical(data_set, "ili_region2")) {
+     data <- ili_region2
+ } 
> if(identical(data_set, "ili_region3")) {
+     data <- ili_region3
+ } 
> if(identical(data_set, "ili_region4")) {
+     data <- ili_region4
+ } 
> if(identical(data_set, "ili_region5")) {
+     data <- ili_region5
+ } 
> if(identical(data_set, "ili_region6")) {
+     data <- ili_region6
+ } 
> if(identical(data_set, "ili_region7")) {
+     data <- ili_region7
+ } 
> if(identical(data_set, "ili_region8")) {
+     data <- ili_region8
+ } 
> if(identical(data_set, "ili_region9")) {
+     data <- ili_region9
+ } 
> if(identical(data_set, "ili_region10")) {
+     data <- ili_region10
+ } 
> 
> 
> 
> ## add log column
> data$log_total_cases <- log(data$total_cases + 1)
> 
> ## add week_start_date
> char_dates <- paste(data$year, data$week, "1")
> data$week_start_date <- as.Date(char_dates, format="%Y %W %w")
> 
> ## remove week 53s
> data <- data[-which(is.na(data$week_start_date)),]
> data <- data[262:nrow(data),]
> 
> ## add smooth log column -- or not, since it is already pretty smooth...
> sm <- loess(log_total_cases ~ as.numeric(week_start_date), data=data, span= 26 / nrow(data))
> data$smooth_log_cases <- sm$fitted
> 
> ## add time column
> data$time_ind <- seq_len(nrow(data))
> 
> ssr_control <- create_ssr_control(X_names=c("smooth_log_cases", "time_ind"),
+     y_names="total_cases",
+     time_name=NULL,
+     max_lag=list(smooth_log_cases=1,
+         time_ind=0),
+     prediction_horizons=as.integer(prediction_horizon_limit),
+     kernel_fns=list(smooth_log_cases="squared_exp_kernel",
+         time_ind="periodic_kernel"),
+     theta_est=list(smooth_log_cases="bw",
+         time_ind="bw"),
+     theta_fixed=list(time_ind=list(period=pi / 52)),
+     theta_transform_fns=list(
+         squared_exp_kernel=list(
+             bw=list(transform="log",
+                 detransform="exp")
+         ),
+         periodic_kernel=list(
+             bw=list(transform="log",
+                 detransform="exp")
+         )
+     ),
+     crossval_buffer=52,
+     loss_fn_name="mae_from_kernel_weights_and_centers",
+     loss_fn_args=list())
> 
> 
> ssr_fit <- ssr(X_names=c("smooth_log_cases", "time_ind"),
+     y_names="total_cases",
+     time_name=NULL,
+     data=data,
+     ssr_control=ssr_control)
419.7303FALSE
406.5588FALSE
357.9003FALSE
357.8909FALSE
419.7292FALSE
406.5592FALSE
357.9098FALSE
419.7315FALSE
406.5583FALSE
412.4456FALSE
436.8349FALSE
356.2289FALSE
412.4386FALSE
436.8842FALSE
356.2572FALSE
412.4525FALSE
436.7856FALSE
356.2006FALSE
406.5526FALSE
419.6809FALSE
355.788FALSE
406.5528FALSE
419.6805FALSE
355.7793FALSE
406.5524FALSE
355.7967FALSE
419.6814FALSE
406.551FALSE
406.5511FALSE
419.6698FALSE
352.8177FALSE
406.5509FALSE
352.8165FALSE
419.6697FALSE
406.5516FALSE
419.6698FALSE
352.8194FALSE
406.5514FALSE
419.6697FALSE
353.1924FALSE
406.5517FALSE
419.6697FALSE
419.6697FALSE
353.1984FALSE
406.5508FALSE
419.6697FALSE
406.5508FALSE
353.1863FALSE
419.6697FALSE
352.8077FALSE
419.6697FALSE
$par
smooth_log_cases_lag0.bw 
               -2.194757 

$value
[1] 419.6697

$counts
function gradient 
       6        6 

$convergence
[1] 0

$message
[1] "CONVERGENCE: REL_REDUCTION_OF_F <= FACTR*EPSMCH"

406.5507FALSE
352.8081FALSE
406.5516FALSE
352.8077FALSE
406.5515FALSE
352.8078FALSE
406.5518FALSE
352.8077FALSE
406.5507FALSE
352.8079FALSE
406.5507FALSE
352.8077FALSE
406.5507FALSE
352.8079FALSE
406.5507FALSE
352.8078FALSE
406.5507FALSE
352.8077FALSE
406.5507FALSE
406.5507FALSE
352.8078FALSE
406.5507FALSE
352.8078FALSE
352.8077FALSE
406.5507FALSE
352.8079FALSE
406.5507FALSE
352.8078FALSE
406.5507FALSE
352.8077FALSE
352.8079FALSE
406.5507FALSE
352.8078FALSE
406.5507FALSE
352.8077FALSE
406.5507FALSE
352.8079FALSE
352.8078FALSE
406.5507FALSE
352.8077FALSE
406.5507FALSE
352.8079FALSE
406.5507FALSE
352.8078FALSE
406.5507FALSE
352.8077FALSE
406.5507FALSE
406.5507FALSE
352.8079FALSE
406.5507FALSE
352.8078FALSE
406.5507FALSE
352.8077FALSE
352.8079FALSE
406.5507FALSE
406.5507FALSE
352.8078FALSE
406.5507FALSE
352.8077FALSE
406.5507FALSE
352.8079FALSE
406.5507FALSE
352.8078FALSE
352.8077FALSE
406.5507FALSE
352.8079FALSE
406.5507FALSE
352.8078FALSE
406.5507FALSE
352.8077FALSE
406.5507FALSE
406.5507FALSE
352.8079FALSE
406.5507FALSE
352.8078FALSE
352.8077FALSE
406.5507FALSE
352.8079FALSE
406.5507FALSE
352.8078FALSE
406.5507FALSE
352.8077FALSE
406.5507FALSE
352.8079FALSE
406.5507FALSE
352.8078FALSE
406.5507FALSE
352.8077FALSE
406.5507FALSE
352.8079FALSE
406.5507FALSE
352.8078FALSE
406.5507FALSE
352.8077FALSE
406.5507FALSE
352.8079FALSE
406.5507FALSE
352.8078FALSE
406.5507FALSE
352.8077FALSE
406.5507FALSE
352.8079FALSE
406.5507FALSE
352.8078FALSE
406.5507FALSE
352.8077FALSE
406.5507FALSE
352.8079FALSE
406.5507FALSE
352.8078FALSE
406.5507FALSE
352.8077FALSE
406.5507FALSE
352.8079FALSE
406.5507FALSE
352.8078FALSE
406.5507FALSE
352.8077FALSE
352.8079FALSE
352.8078FALSE
406.5507FALSE
352.8077FALSE
406.5507FALSE
352.8079FALSE
406.5507FALSE
352.8078FALSE
406.5507FALSE
352.8077FALSE
406.5507FALSE
352.8079FALSE
406.5507FALSE
352.8078FALSE
406.5507FALSE
352.9153FALSE
406.5507FALSE
$par
smooth_log_cases_lag1.bw 
               -2.338852 

$value
[1] 406.5507

$counts
function gradient 
      28       28 

$convergence
[1] 0

$message
[1] "CONVERGENCE: REL_REDUCTION_OF_F <= FACTR*EPSMCH"

352.9122FALSE
352.9184FALSE
352.8078FALSE
352.8077FALSE
352.8078FALSE
352.8077FALSE
352.8079FALSE
352.8078FALSE
352.8077FALSE
352.8079FALSE
352.8078FALSE
352.8077FALSE
352.8079FALSE
352.8078FALSE
352.8077FALSE
352.8079FALSE
352.8078FALSE
352.8077FALSE
352.8079FALSE
352.8078FALSE
352.8077FALSE
352.8079FALSE
352.8078FALSE
352.8077FALSE
352.8079FALSE
352.8078FALSE
352.8077FALSE
352.8079FALSE
352.8078FALSE
352.8077FALSE
352.8079FALSE
352.8078FALSE
352.8077FALSE
352.8079FALSE
352.8078FALSE
352.8077FALSE
352.8079FALSE
352.8078FALSE
352.8077FALSE
352.8079FALSE
352.8078FALSE
352.8077FALSE
352.8079FALSE
352.8078FALSE
352.8077FALSE
352.8079FALSE
352.8078FALSE
352.8077FALSE
352.8079FALSE
352.8078FALSE
352.8077FALSE
352.8079FALSE
352.8078FALSE
352.8077FALSE
352.8079FALSE
352.8078FALSE
$par
time_ind_lag0.bw 
       -1.590345 

$value
[1] 352.8077

$counts
function gradient 
      47       47 

$convergence
[1] 0

$message
[1] "CONVERGENCE: REL_REDUCTION_OF_F <= FACTR*EPSMCH"

349.1707FALSE
350.1717FALSE
349.161FALSE
350.1632FALSE
349.1805FALSE
350.1803FALSE
349.1888FALSE
350.1891FALSE
349.1526FALSE
350.1544FALSE
340.9373FALSE
343.4687FALSE
340.9439FALSE
343.477FALSE
340.9307FALSE
340.9351FALSE
343.4604FALSE
340.9395FALSE
343.464FALSE
339.9798FALSE
343.4734FALSE
339.9787FALSE
342.5281FALSE
339.9811FALSE
342.5299FALSE
339.9835FALSE
342.5264FALSE
339.9762FALSE
342.5284FALSE
339.6562FALSE
342.5279FALSE
339.6532FALSE
342.4904FALSE
339.6592FALSE
342.4892FALSE
339.6601FALSE
339.6523FALSE
342.4918FALSE
341.4631FALSE
342.4907FALSE
341.4685FALSE
342.4902FALSE
341.4576FALSE
342.4941FALSE
341.4566FALSE
342.4948FALSE
341.4695FALSE
342.4933FALSE
339.5468FALSE
342.494FALSE
339.5516FALSE
342.4942FALSE
339.5419FALSE
342.4817FALSE
339.5458FALSE
342.4823FALSE
339.5478FALSE
342.481FALSE
339.6427FALSE
339.6378FALSE
342.4813FALSE
339.6474FALSE
342.4821FALSE
339.6457FALSE
342.4802FALSE
339.6396FALSE
342.4794FALSE
339.5086FALSE
342.4815FALSE
339.5039FALSE
342.4805FALSE
339.5132FALSE
339.512FALSE
342.4799FALSE
339.5051FALSE
342.4801FALSE
339.4681FALSE
342.4808FALSE
339.4738FALSE
342.4797FALSE
339.4625FALSE
342.4798FALSE
339.465FALSE
342.4805FALSE
339.4717FALSE
342.4883FALSE
339.4368FALSE
342.4869FALSE
339.4412FALSE
342.4896FALSE
339.4324FALSE
342.4887FALSE
339.4347FALSE
342.4879FALSE
339.4389FALSE
339.5005FALSE
342.4795FALSE
339.4955FALSE
342.48FALSE
339.5055FALSE
342.4808FALSE
339.5037FALSE
342.4798FALSE
339.4973FALSE
342.4796FALSE
339.4273FALSE
342.4797FALSE
339.4301FALSE
342.4803FALSE
339.4328FALSE
342.4799FALSE
339.4308FALSE
342.4794FALSE
339.428FALSE
342.4799FALSE
339.42FALSE
342.4794FALSE
339.4232FALSE
339.4259FALSE
342.48FALSE
339.4235FALSE
342.4807FALSE
339.4219FALSE
342.4797FALSE
339.4215FALSE
342.4796FALSE
339.4259FALSE
342.4794FALSE
342.48FALSE
339.4223FALSE
339.4199FALSE
342.4806FALSE
339.4246FALSE
342.4796FALSE
339.4197FALSE
342.4796FALSE
339.4234FALSE
342.4794FALSE
339.4255FALSE
342.48FALSE
339.4231FALSE
342.4807FALSE
339.4221FALSE
342.4797FALSE
339.4589FALSE
342.4796FALSE
339.4641FALSE
339.4541FALSE
342.4793FALSE
339.4564FALSE
342.48FALSE
339.4616FALSE
342.4807FALSE
339.4213FALSE
342.4797FALSE
339.4257FALSE
342.4796FALSE
339.423FALSE
342.4794FALSE
339.4211FALSE
342.48FALSE
339.4236FALSE
342.4806FALSE
342.4796FALSE
339.4195FALSE
342.4796FALSE
339.4235FALSE
342.4793FALSE
339.4254FALSE
342.48FALSE
339.423FALSE
342.4807FALSE
339.4222FALSE
342.4797FALSE
339.4202FALSE
342.4796FALSE
339.4246FALSE
342.4794FALSE
339.4241FALSE
342.48FALSE
339.4222FALSE
342.4807FALSE
342.4796FALSE
339.4226FALSE
342.4796FALSE
339.4194FALSE
342.4793FALSE
339.4236FALSE
342.48FALSE
339.4253FALSE
342.4807FALSE
339.423FALSE
339.4222FALSE
342.4797FALSE
339.4194FALSE
342.4796FALSE
339.4236FALSE
342.4796FALSE
339.4253FALSE
339.423FALSE
342.4803FALSE
339.4222FALSE
342.4795FALSE
339.4197FALSE
342.4794FALSE
339.4241FALSE
342.4799FALSE
339.4246FALSE
342.4794FALSE
339.4226FALSE
339.4224FALSE
342.4801FALSE
339.4194FALSE
342.4805FALSE
339.4236FALSE
342.4795FALSE
339.4253FALSE
342.4796FALSE
339.423FALSE
342.4794FALSE
339.4222FALSE
342.48FALSE
339.4199FALSE
342.4806FALSE
339.4244FALSE
342.4796FALSE
339.4243FALSE
342.4796FALSE
339.4224FALSE
342.4793FALSE
339.4225FALSE
342.48FALSE
339.4193FALSE
342.4807FALSE
339.4237FALSE
342.4796FALSE
339.4252FALSE
342.4796FALSE
339.4229FALSE
342.4793FALSE
339.4222FALSE
342.48FALSE
339.4193FALSE
342.4807FALSE
339.4237FALSE
342.4797FALSE
339.4252FALSE
342.4796FALSE
339.4229FALSE
342.4793FALSE
339.4222FALSE
342.48FALSE
339.4196FALSE
342.4807FALSE
339.424FALSE
342.4797FALSE
339.4247FALSE
342.4796FALSE
339.4227FALSE
339.4223FALSE
342.4793FALSE
339.4193FALSE
342.48FALSE
339.4237FALSE
342.4807FALSE
339.4252FALSE
342.4797FALSE
339.4229FALSE
342.4796FALSE
339.4222FALSE
339.4193FALSE
342.4793FALSE
339.4237FALSE
342.48FALSE
339.4252FALSE
342.4807FALSE
342.4797FALSE
339.4229FALSE
342.4796FALSE
339.4222FALSE
339.4194FALSE
342.4793FALSE
342.48FALSE
339.4238FALSE
342.4807FALSE
339.425FALSE
342.4797FALSE
339.4228FALSE
342.4796FALSE
339.4223FALSE
342.4793FALSE
339.4193FALSE
339.4237FALSE
342.48FALSE
339.4252FALSE
342.4807FALSE
339.4229FALSE
342.4797FALSE
339.4222FALSE
342.4796FALSE
339.4193FALSE
342.4793FALSE
339.4237FALSE
342.48FALSE
339.4252FALSE
342.4807FALSE
339.4229FALSE
342.4797FALSE
339.4222FALSE
342.4796FALSE
339.4193FALSE
339.4238FALSE
342.4793FALSE
339.4251FALSE
342.48FALSE
342.4807FALSE
339.4229FALSE
342.4797FALSE
339.4223FALSE
342.4796FALSE
339.4199FALSE
342.4793FALSE
339.4243FALSE
342.48FALSE
339.4244FALSE
342.4807FALSE
339.4224FALSE
342.4797FALSE
339.4224FALSE
342.4796FALSE
339.4194FALSE
342.4793FALSE
339.4238FALSE
342.48FALSE
339.4251FALSE
342.4807FALSE
339.4228FALSE
342.4797FALSE
339.4223FALSE
342.4796FALSE
339.4193FALSE
342.4793FALSE
339.4238FALSE
342.48FALSE
339.4251FALSE
342.4807FALSE
339.4229FALSE
342.4797FALSE
339.4223FALSE
342.4796FALSE
339.4193FALSE
342.4793FALSE
339.4238FALSE
342.48FALSE
339.4251FALSE
342.4807FALSE
339.4229FALSE
342.4797FALSE
339.4223FALSE
342.4796FALSE
339.4193FALSE
342.4793FALSE
339.4238FALSE
342.48FALSE
339.4251FALSE
342.4807FALSE
339.4229FALSE
342.4797FALSE
339.4223FALSE
342.4796FALSE
339.4193FALSE
342.4793FALSE
339.4238FALSE
342.48FALSE
339.4251FALSE
342.4807FALSE
339.4229FALSE
342.4797FALSE
339.4223FALSE
342.4796FALSE
339.4193FALSE
342.4793FALSE
339.4238FALSE
342.48FALSE
339.4251FALSE
342.4807FALSE
339.4229FALSE
342.4797FALSE
342.4796FALSE
$par
smooth_log_cases_lag1.bw         time_ind_lag0.bw 
               -2.158440                -2.323904 

$value
[1] 342.4793

$counts
function gradient 
      38       38 

$convergence
[1] 0

$message
[1] "CONVERGENCE: REL_REDUCTION_OF_F <= FACTR*EPSMCH"

339.4223FALSE
339.4193FALSE
339.4238FALSE
339.4251FALSE
339.4229FALSE
339.4223FALSE
339.4193FALSE
339.4238FALSE
339.4251FALSE
339.4229FALSE
339.4223FALSE
339.4193FALSE
339.4238FALSE
339.4251FALSE
339.4229FALSE
339.4223FALSE
339.4193FALSE
339.4238FALSE
339.4251FALSE
339.4229FALSE
339.4223FALSE
339.4193FALSE
339.4238FALSE
339.4251FALSE
339.4229FALSE
339.4223FALSE
339.4193FALSE
339.4238FALSE
339.4251FALSE
339.4229FALSE
339.4223FALSE
339.4193FALSE
339.4238FALSE
339.4251FALSE
339.4229FALSE
339.4223FALSE
339.4193FALSE
339.4238FALSE
339.4251FALSE
339.4229FALSE
339.4223FALSE
339.4193FALSE
339.4238FALSE
339.4251FALSE
339.4229FALSE
339.4223FALSE
339.4193FALSE
339.4238FALSE
339.4251FALSE
339.4229FALSE
339.4223FALSE
339.4193FALSE
339.4238FALSE
339.4251FALSE
339.4229FALSE
339.4223FALSE
339.4193FALSE
339.4238FALSE
339.4251FALSE
339.4229FALSE
339.4223FALSE
339.4193FALSE
339.4238FALSE
339.4251FALSE
339.4229FALSE
339.4223FALSE
349.9165FALSE
349.9348FALSE
349.8982FALSE
349.9067FALSE
349.9263FALSE
339.48FALSE
339.4859FALSE
339.4743FALSE
339.4768FALSE
339.4838FALSE
339.4209FALSE
339.4254FALSE
339.423FALSE
339.4207FALSE
339.4239FALSE
339.4194FALSE
339.4238FALSE
339.425FALSE
339.4228FALSE
339.4223FALSE
339.4193FALSE
339.4238FALSE
339.4251FALSE
339.4229FALSE
339.4223FALSE
339.4193FALSE
339.4238FALSE
339.4251FALSE
339.4229FALSE
339.4223FALSE
339.4193FALSE
339.4238FALSE
339.4251FALSE
339.4229FALSE
339.4223FALSE
339.4193FALSE
339.4238FALSE
339.4251FALSE
339.4229FALSE
339.4223FALSE
339.4193FALSE
339.4238FALSE
339.4251FALSE
339.4229FALSE
339.4223FALSE
339.4193FALSE
339.4238FALSE
339.4251FALSE
339.4229FALSE
339.4223FALSE
339.4193FALSE
339.4238FALSE
339.4251FALSE
339.4229FALSE
339.4223FALSE
339.4193FALSE
339.4238FALSE
339.4251FALSE
339.4229FALSE
339.4223FALSE
339.4193FALSE
339.4238FALSE
339.4251FALSE
339.4229FALSE
339.4223FALSE
339.4193FALSE
339.4238FALSE
339.4251FALSE
339.4229FALSE
339.4223FALSE
339.4193FALSE
339.4238FALSE
339.4251FALSE
339.4229FALSE
339.4223FALSE
339.4193FALSE
339.4238FALSE
339.4251FALSE
339.4229FALSE
339.4223FALSE
339.4193FALSE
339.4238FALSE
339.4251FALSE
339.4229FALSE
339.4223FALSE
339.4193FALSE
339.4238FALSE
339.4251FALSE
339.4229FALSE
339.4223FALSE
339.4193FALSE
339.4238FALSE
339.4251FALSE
339.4229FALSE
339.4223FALSE
339.4193FALSE
339.4238FALSE
339.4251FALSE
339.4229FALSE
339.4223FALSE
$par
smooth_log_cases_lag0.bw         time_ind_lag0.bw 
               -2.105196                -2.648531 

$value
[1] 339.4193

$counts
function gradient 
      73       73 

$convergence
[1] 52

$message
[1] "ERROR: ABNORMAL_TERMINATION_IN_LNSRCH"

360.9304FALSE
344.4424FALSE
360.9225FALSE
344.4383FALSE
360.9383FALSE
344.4466FALSE
352.9003FALSE
344.4341FALSE
352.8976FALSE
344.4507FALSE
352.9034FALSE
344.4445FALSE
368.126FALSE
344.4403FALSE
368.2065FALSE
343.7151FALSE
368.0456FALSE
343.7253FALSE
352.8077FALSE
343.7049FALSE
352.8079FALSE
352.8078FALSE
343.7182FALSE
352.8078FALSE
343.712FALSE
352.8077FALSE
343.7028FALSE
352.8079FALSE
343.7275FALSE
352.8077FALSE
341.7178FALSE
352.8079FALSE
341.7257FALSE
352.8078FALSE
341.7099FALSE
352.8077FALSE
341.7194FALSE
352.8079FALSE
352.8078FALSE
341.7162FALSE
352.8077FALSE
341.7083FALSE
352.8079FALSE
341.7272FALSE
352.8078FALSE
341.4161FALSE
352.8077FALSE
341.4109FALSE
352.8079FALSE
341.4214FALSE
352.8078FALSE
341.41FALSE
352.8077FALSE
341.4223FALSE
352.8079FALSE
341.4177FALSE
352.8078FALSE
341.4145FALSE
352.8077FALSE
340.9027FALSE
352.8079FALSE
340.9009FALSE
352.8078FALSE
340.9044FALSE
352.8077FALSE
340.8998FALSE
352.8079FALSE
340.9056FALSE
352.8078FALSE
352.8077FALSE
340.9045FALSE
352.8079FALSE
340.9008FALSE
352.8078FALSE
340.5353FALSE
352.8077FALSE
340.5329FALSE
352.8079FALSE
340.5376FALSE
352.8078FALSE
340.5325FALSE
352.8077FALSE
340.538FALSE
352.8079FALSE
340.5369FALSE
352.8078FALSE
340.5336FALSE
352.8077FALSE
352.8079FALSE
341.6667FALSE
352.8078FALSE
341.6721FALSE
352.8077FALSE
341.6611FALSE
352.8079FALSE
341.6663FALSE
352.8078FALSE
341.667FALSE
352.8077FALSE
341.6599FALSE
352.8079FALSE
341.6734FALSE
352.8078FALSE
352.8077FALSE
340.5813FALSE
352.8079FALSE
340.5891FALSE
352.8078FALSE
340.5737FALSE
352.8077FALSE
352.8079FALSE
340.5817FALSE
352.8078FALSE
340.5809FALSE
352.8077FALSE
340.5748FALSE
352.8079FALSE
340.5887FALSE
352.8078FALSE
352.8077FALSE
340.3494FALSE
352.8079FALSE
340.3468FALSE
352.8078FALSE
340.3518FALSE
352.8077FALSE
352.8079FALSE
340.3472FALSE
352.8078FALSE
340.3515FALSE
352.8077FALSE
340.352FALSE
352.8079FALSE
340.3467FALSE
352.8078FALSE
$par
time_ind_lag0.bw 
       -1.590326 

$value
[1] 352.8077

$counts
function gradient 
      24       24 

$convergence
[1] 0

$message
[1] "CONVERGENCE: REL_REDUCTION_OF_F <= FACTR*EPSMCH"

340.1616FALSE
340.1587FALSE
340.1645FALSE
340.16FALSE
340.1632FALSE
340.1653FALSE
340.1579FALSE
339.9221FALSE
339.9178FALSE
339.9264FALSE
339.9211FALSE
339.9232FALSE
339.9247FALSE
339.9195FALSE
339.702FALSE
339.6971FALSE
339.7069FALSE
339.7012FALSE
339.7027FALSE
339.7057FALSE
339.6985FALSE
340.318FALSE
340.3289FALSE
340.3073FALSE
340.318FALSE
340.318FALSE
340.3117FALSE
340.325FALSE
339.7115FALSE
339.7179FALSE
339.7059FALSE
339.7113FALSE
339.7116FALSE
339.7083FALSE
339.7147FALSE
339.6796FALSE
339.684FALSE
339.6753FALSE
339.6794FALSE
339.6799FALSE
339.6774FALSE
339.6819FALSE
339.5746FALSE
339.5694FALSE
339.5796FALSE
339.5742FALSE
339.575FALSE
339.5781FALSE
339.571FALSE
339.5412FALSE
339.5352FALSE
339.5471FALSE
339.5409FALSE
339.5414FALSE
339.544FALSE
339.5384FALSE
339.507FALSE
339.5015FALSE
339.5125FALSE
339.5069FALSE
339.5072FALSE
339.5104FALSE
339.5036FALSE
339.4765FALSE
339.4806FALSE
339.4727FALSE
339.4765FALSE
339.4766FALSE
339.4746FALSE
339.4784FALSE
339.4689FALSE
339.4632FALSE
339.4745FALSE
339.4688FALSE
339.469FALSE
339.4725FALSE
339.4653FALSE
339.454FALSE
339.4529FALSE
339.4595FALSE
339.454FALSE
339.4541FALSE
339.4576FALSE
339.4507FALSE
345.0122FALSE
345.0055FALSE
345.0188FALSE
345.0122FALSE
345.0122FALSE
345.0007FALSE
345.0236FALSE
339.5182FALSE
339.5239FALSE
339.5125FALSE
339.5182FALSE
339.5182FALSE
339.5135FALSE
339.5229FALSE
339.4434FALSE
339.4483FALSE
339.439FALSE
339.4434FALSE
339.4434FALSE
339.441FALSE
339.446FALSE
339.4318FALSE
339.4361FALSE
339.4275FALSE
339.4318FALSE
339.4318FALSE
339.4295FALSE
339.4341FALSE
339.4644FALSE
339.4592FALSE
339.4701FALSE
339.4644FALSE
339.4644FALSE
339.4678FALSE
339.461FALSE
339.4244FALSE
339.4278FALSE
339.43FALSE
339.4244FALSE
339.4244FALSE
339.4279FALSE
339.4258FALSE
339.4227FALSE
339.4271FALSE
339.4272FALSE
339.4227FALSE
339.4227FALSE
339.4252FALSE
339.425FALSE
339.4218FALSE
339.426FALSE
339.4274FALSE
339.4218FALSE
339.4218FALSE
339.4254FALSE
339.424FALSE
339.4236FALSE
339.4227FALSE
339.4294FALSE
339.4236FALSE
339.4236FALSE
339.4265FALSE
339.4216FALSE
339.4219FALSE
339.4256FALSE
339.4274FALSE
339.4219FALSE
339.4219FALSE
339.4255FALSE
339.4235FALSE
339.4218FALSE
339.426FALSE
339.4274FALSE
339.4218FALSE
339.4218FALSE
339.4254FALSE
339.4239FALSE
339.4218FALSE
339.426FALSE
339.4274FALSE
339.4218FALSE
339.4218FALSE
339.4254FALSE
339.424FALSE
339.4205FALSE
339.4245FALSE
339.4264FALSE
339.4205FALSE
339.4205FALSE
339.424FALSE
339.4231FALSE
339.4225FALSE
339.4268FALSE
339.4236FALSE
339.4225FALSE
339.4225FALSE
339.4211FALSE
339.4255FALSE
339.4204FALSE
339.4245FALSE
339.4263FALSE
339.4204FALSE
339.4204FALSE
339.4239FALSE
339.4232FALSE
339.4245FALSE
339.4289FALSE
339.4222FALSE
339.4245FALSE
339.4245FALSE
339.4222FALSE
339.4268FALSE
339.4203FALSE
339.4247FALSE
339.4261FALSE
339.4203FALSE
339.4203FALSE
339.4238FALSE
339.4233FALSE
339.4204FALSE
339.4248FALSE
339.426FALSE
339.4204FALSE
339.4204FALSE
339.4237FALSE
339.4234FALSE
339.4203FALSE
339.4247FALSE
339.4261FALSE
339.4203FALSE
339.4203FALSE
339.4238FALSE
339.4233FALSE
339.4203FALSE
339.4247FALSE
339.4261FALSE
339.4203FALSE
339.4203FALSE
339.4238FALSE
339.4233FALSE
339.4254FALSE
339.4299FALSE
339.4214FALSE
339.4254FALSE
339.4254FALSE
339.4232FALSE
339.4278FALSE
339.4204FALSE
339.4249FALSE
339.4259FALSE
339.4204FALSE
339.4204FALSE
339.4236FALSE
339.4234FALSE
339.4203FALSE
339.4247FALSE
339.4261FALSE
339.4203FALSE
339.4203FALSE
339.4238FALSE
339.4233FALSE
339.4203FALSE
339.4247FALSE
339.4261FALSE
339.4203FALSE
339.4203FALSE
339.4238FALSE
339.4233FALSE
339.4203FALSE
339.4247FALSE
339.4261FALSE
339.4203FALSE
339.4203FALSE
339.4238FALSE
339.4233FALSE
339.4203FALSE
339.4247FALSE
339.4261FALSE
339.4203FALSE
339.4203FALSE
339.4238FALSE
339.4233FALSE
339.4203FALSE
339.4247FALSE
339.4261FALSE
339.4203FALSE
339.4203FALSE
339.4238FALSE
339.4233FALSE
339.4203FALSE
339.4247FALSE
339.4261FALSE
339.4203FALSE
339.4203FALSE
339.4238FALSE
339.4233FALSE
339.4203FALSE
339.4247FALSE
339.4261FALSE
339.4203FALSE
339.4203FALSE
339.4238FALSE
339.4233FALSE
339.4203FALSE
339.4247FALSE
339.4261FALSE
339.4203FALSE
339.4203FALSE
339.4238FALSE
339.4233FALSE
339.4203FALSE
339.4247FALSE
339.4261FALSE
339.4203FALSE
339.4203FALSE
339.4238FALSE
339.4233FALSE
339.4203FALSE
339.4247FALSE
339.4261FALSE
339.4203FALSE
339.4203FALSE
339.4238FALSE
339.4233FALSE
339.4203FALSE
339.4247FALSE
339.4261FALSE
339.4203FALSE
339.4203FALSE
339.4238FALSE
339.4233FALSE
339.4203FALSE
339.4247FALSE
339.4261FALSE
339.4203FALSE
339.4203FALSE
339.4238FALSE
339.4233FALSE
339.4203FALSE
339.4247FALSE
339.4261FALSE
339.4203FALSE
339.4203FALSE
339.4238FALSE
339.4233FALSE
339.4203FALSE
339.4247FALSE
339.4261FALSE
339.4203FALSE
339.4203FALSE
339.4238FALSE
339.4233FALSE
339.4203FALSE
339.4247FALSE
339.4261FALSE
339.4203FALSE
339.4203FALSE
339.4238FALSE
339.4233FALSE
339.4203FALSE
339.4247FALSE
339.4261FALSE
339.4203FALSE
339.4203FALSE
339.4238FALSE
339.4233FALSE
339.4203FALSE
339.4247FALSE
339.4261FALSE
339.4203FALSE
339.4203FALSE
339.4238FALSE
339.4233FALSE
$par
smooth_log_cases_lag0.bw smooth_log_cases_lag1.bw         time_ind_lag0.bw 
               -2.105173                 1.911123                -2.648640 

$value
[1] 339.4203

$counts
function gradient 
      60       60 

$convergence
[1] 0

$message
[1] "CONVERGENCE: REL_REDUCTION_OF_F <= FACTR*EPSMCH"

> 
> save(ssr_fit,
+     file=paste0("/home/ngr67a/2015-cdc-flu-competition/fit-competition-ssr-ph", prediction_horizon_limit, "-", data_set, ".Rdata"))
> 
> proc.time()
    user   system  elapsed 
2098.053    1.236 2312.118 
