
R version 3.2.2 (2015-08-14) -- "Fire Safety"
Copyright (C) 2015 The R Foundation for Statistical Computing
Platform: x86_64-pc-linux-gnu (64-bit)

R is free software and comes with ABSOLUTELY NO WARRANTY.
You are welcome to redistribute it under certain conditions.
Type 'license()' or 'licence()' for distribution details.

  Natural language support but running in an English locale

R is a collaborative project with many contributors.
Type 'contributors()' for more information and
'citation()' on how to cite R or R packages in publications.

Type 'demo()' for some demos, 'help()' for on-line help, or
'help.start()' for an HTML browser interface to help.
Type 'q()' to quit R.

> ### get ssr fit -- prediction horizons 1:52
> library(lubridate)
> library(ggplot2)
> library(plyr)

Attaching package: ‘plyr’

The following object is masked from ‘package:lubridate’:

    here

> library(dplyr)

Attaching package: ‘dplyr’

The following objects are masked from ‘package:plyr’:

    arrange, count, desc, failwith, id, mutate, rename, summarise,
    summarize

The following objects are masked from ‘package:lubridate’:

    intersect, setdiff, union

The following objects are masked from ‘package:stats’:

    filter, lag

The following objects are masked from ‘package:base’:

    intersect, setdiff, setequal, union

> library(reshape)

Attaching package: ‘reshape’

The following object is masked from ‘package:dplyr’:

    rename

The following objects are masked from ‘package:plyr’:

    rename, round_any

The following object is masked from ‘package:lubridate’:

    stamp

> library(ssrFlu)
> library(doMC)
Loading required package: foreach
Loading required package: iterators
Loading required package: parallel
> 
> registerDoMC(cores=3)
> 
> args <- commandArgs(trailingOnly=TRUE)
> 
> data_set <- args[1]
> prediction_horizon_limit <- as.integer(args[2])
> 
> ## load dataset
> if(identical(data_set, "ili_national")) {
+     data <- ili_national
+ } 
> if(identical(data_set, "ili_region1")) {
+     data <- ili_region1
+ } 
> if(identical(data_set, "ili_region2")) {
+     data <- ili_region2
+ } 
> if(identical(data_set, "ili_region3")) {
+     data <- ili_region3
+ } 
> if(identical(data_set, "ili_region4")) {
+     data <- ili_region4
+ } 
> if(identical(data_set, "ili_region5")) {
+     data <- ili_region5
+ } 
> if(identical(data_set, "ili_region6")) {
+     data <- ili_region6
+ } 
> if(identical(data_set, "ili_region7")) {
+     data <- ili_region7
+ } 
> if(identical(data_set, "ili_region8")) {
+     data <- ili_region8
+ } 
> if(identical(data_set, "ili_region9")) {
+     data <- ili_region9
+ } 
> if(identical(data_set, "ili_region10")) {
+     data <- ili_region10
+ } 
> 
> 
> 
> ## add log column
> data$log_total_cases <- log(data$total_cases + 1)
> 
> ## add week_start_date
> char_dates <- paste(data$year, data$week, "1")
> data$week_start_date <- as.Date(char_dates, format="%Y %W %w")
> 
> ## remove week 53s
> data <- data[-which(is.na(data$week_start_date)),]
> data <- data[262:nrow(data),]
> 
> ## add smooth log column -- or not, since it is already pretty smooth...
> sm <- loess(log_total_cases ~ as.numeric(week_start_date), data=data, span= 26 / nrow(data))
> data$smooth_log_cases <- sm$fitted
> 
> ## add time column
> data$time_ind <- seq_len(nrow(data))
> 
> ssr_control <- create_ssr_control(X_names=c("smooth_log_cases", "time_ind"),
+     y_names="total_cases",
+     time_name=NULL,
+     max_lag=list(smooth_log_cases=1,
+         time_ind=0),
+     prediction_horizons=as.integer(prediction_horizon_limit),
+     kernel_fns=list(smooth_log_cases="squared_exp_kernel",
+         time_ind="periodic_kernel"),
+     theta_est=list(smooth_log_cases="bw",
+         time_ind="bw"),
+     theta_fixed=list(time_ind=list(period=pi / 52)),
+     theta_transform_fns=list(
+         squared_exp_kernel=list(
+             bw=list(transform="log",
+                 detransform="exp")
+         ),
+         periodic_kernel=list(
+             bw=list(transform="log",
+                 detransform="exp")
+         )
+     ),
+     crossval_buffer=52,
+     loss_fn_name="mae_from_kernel_weights_and_centers",
+     loss_fn_args=list())
> 
> 
> ssr_fit <- ssr(X_names=c("smooth_log_cases", "time_ind"),
+     y_names="total_cases",
+     time_name=NULL,
+     data=data,
+     ssr_control=ssr_control)
547.9071FALSE
551.1634FALSE
393.6001FALSE
547.9187FALSE
547.8955FALSE
393.6007FALSE
551.171FALSE
393.5995FALSE
545.8818FALSE
551.1558FALSE
396.2133FALSE
550.7282FALSE
545.8778FALSE
396.2073FALSE
550.7235FALSE
545.8858FALSE
396.2194FALSE
550.7329FALSE
545.0988FALSE
393.5889FALSE
549.7626FALSE
545.0967FALSE
393.5884FALSE
549.7616FALSE
549.7637FALSE
393.5893FALSE
545.1008FALSE
549.6966FALSE
393.5795FALSE
544.9742FALSE
549.6965FALSE
393.5796FALSE
544.9755FALSE
549.6967FALSE
393.5794FALSE
544.9731FALSE
549.6962FALSE
393.5784FALSE
544.9112FALSE
549.6961FALSE
393.5785FALSE
549.6962FALSE
544.9114FALSE
393.5783FALSE
549.6993FALSE
544.9111FALSE
393.5905FALSE
549.7001FALSE
544.9103FALSE
393.5901FALSE
549.6985FALSE
544.9103FALSE
393.591FALSE
549.6961FALSE
544.9103FALSE
393.5781FALSE
544.9104FALSE
549.6961FALSE
393.5782FALSE
549.6962FALSE
544.9103FALSE
393.5782FALSE
549.6968FALSE
393.5781FALSE
544.9106FALSE
549.6976FALSE
393.5782FALSE
549.6961FALSE
544.9103FALSE
393.5781FALSE
549.6961FALSE
544.9103FALSE
393.5781FALSE
549.696FALSE
544.9103FALSE
393.5782FALSE
549.6961FALSE
544.9104FALSE
549.6994FALSE
393.5782FALSE
544.9103FALSE
549.7002FALSE
393.5781FALSE
544.9106FALSE
549.6986FALSE
393.5782FALSE
544.9103FALSE
549.6961FALSE
393.5782FALSE
544.9103FALSE
549.696FALSE
393.5781FALSE
544.9103FALSE
549.6961FALSE
544.9103FALSE
549.6975FALSE
393.5782FALSE
544.9103FALSE
549.6982FALSE
393.5781FALSE
549.6967FALSE
544.9103FALSE
$par
smooth_log_cases_lag1.bw 
               -2.884512 

$value
[1] 544.9103

$counts
function gradient 
      11       11 

$convergence
[1] 0

$message
[1] "CONVERGENCE: REL_REDUCTION_OF_F <= FACTR*EPSMCH"

393.5782FALSE
549.6961FALSE
549.696FALSE
393.5782FALSE
549.6961FALSE
393.5781FALSE
549.6963FALSE
393.5782FALSE
549.697FALSE
549.696FALSE
393.5782FALSE
549.696FALSE
393.5781FALSE
549.696FALSE
393.5782FALSE
549.6961FALSE
549.6994FALSE
393.5782FALSE
549.7002FALSE
393.5781FALSE
549.6986FALSE
393.5782FALSE
549.696FALSE
393.5782FALSE
549.696FALSE
393.5781FALSE
549.6961FALSE
393.5782FALSE
549.6978FALSE
393.5782FALSE
549.6986FALSE
393.5781FALSE
549.6971FALSE
393.5782FALSE
549.696FALSE
393.5782FALSE
549.696FALSE
393.5781FALSE
393.5782FALSE
549.6961FALSE
393.5782FALSE
549.696FALSE
393.5781FALSE
549.6965FALSE
393.5782FALSE
549.696FALSE
393.5782FALSE
549.696FALSE
393.5781FALSE
549.6961FALSE
393.5782FALSE
549.696FALSE
393.5782FALSE
549.696FALSE
393.5781FALSE
549.696FALSE
393.5782FALSE
549.696FALSE
393.5782FALSE
393.5781FALSE
549.696FALSE
393.5782FALSE
549.696FALSE
393.5782FALSE
549.696FALSE
$par
smooth_log_cases_lag0.bw 
               -2.794577 

$value
[1] 549.696

$counts
function gradient 
      23       23 

$convergence
[1] 0

$message
[1] "CONVERGENCE: REL_REDUCTION_OF_F <= FACTR*EPSMCH"

393.5781FALSE
393.5782FALSE
393.5782FALSE
393.5781FALSE
393.5782FALSE
393.5782FALSE
393.5781FALSE
393.5782FALSE
393.5782FALSE
393.5781FALSE
393.5782FALSE
393.5782FALSE
$par
time_ind_lag0.bw 
       -2.370391 

$value
[1] 393.5781

$counts
function gradient 
      26       26 

$convergence
[1] 0

$message
[1] "CONVERGENCE: REL_REDUCTION_OF_F <= FACTR*EPSMCH"

368.8922FALSE
373.4329FALSE
368.8535FALSE
373.3928FALSE
368.9305FALSE
373.4722FALSE
368.8965FALSE
373.4439FALSE
368.8876FALSE
367.7798FALSE
373.4212FALSE
367.8032FALSE
374.5286FALSE
367.7564FALSE
374.545FALSE
367.7718FALSE
374.5122FALSE
367.7878FALSE
374.5222FALSE
359.7103FALSE
374.535FALSE
359.7199FALSE
369.7772FALSE
359.7007FALSE
369.7629FALSE
359.6923FALSE
369.7911FALSE
359.7283FALSE
369.7695FALSE
377.509FALSE
369.7846FALSE
377.4722FALSE
367.8026FALSE
377.5458FALSE
367.8079FALSE
377.5148FALSE
367.7972FALSE
377.5033FALSE
367.787FALSE
359.0902FALSE
367.8181FALSE
359.0843FALSE
365.672FALSE
359.096FALSE
365.6865FALSE
359.0788FALSE
365.6575FALSE
359.1015FALSE
365.6556FALSE
357.7782FALSE
365.6884FALSE
357.7698FALSE
428.8185FALSE
428.8399FALSE
357.7865FALSE
428.797FALSE
357.7716FALSE
428.9721FALSE
357.7847FALSE
428.6649FALSE
356.7987FALSE
365.0146FALSE
356.7889FALSE
365.0165FALSE
356.8084FALSE
365.0125FALSE
356.8141FALSE
365.0186FALSE
356.7832FALSE
365.0104FALSE
355.9887FALSE
364.7461FALSE
355.9924FALSE
355.9849FALSE
364.7449FALSE
355.9837FALSE
364.7472FALSE
364.7482FALSE
355.9937FALSE
364.7439FALSE
355.805FALSE
364.7244FALSE
355.8003FALSE
355.8096FALSE
364.734FALSE
355.808FALSE
355.8018FALSE
364.7147FALSE
355.8611FALSE
364.7153FALSE
355.8672FALSE
364.7334FALSE
355.8551FALSE
364.7263FALSE
355.856FALSE
364.7243FALSE
355.8663FALSE
364.7283FALSE
355.7806FALSE
364.7292FALSE
355.7753FALSE
364.7233FALSE
355.7857FALSE
364.6744FALSE
355.7843FALSE
355.7768FALSE
364.6704FALSE
355.7793FALSE
364.6784FALSE
355.7858FALSE
364.6786FALSE
355.7732FALSE
364.6701FALSE
364.6716FALSE
355.7728FALSE
364.6817FALSE
355.7857FALSE
364.6654FALSE
355.7745FALSE
364.6656FALSE
355.7784FALSE
364.681FALSE
355.7797FALSE
364.6696FALSE
355.7783FALSE
364.6655FALSE
355.7783FALSE
364.6737FALSE
355.7719FALSE
364.6739FALSE
355.7789FALSE
364.6652FALSE
355.7725FALSE
364.6696FALSE
364.6655FALSE
355.7719FALSE
364.6737FALSE
355.778FALSE
364.6739FALSE
355.851FALSE
364.6652FALSE
355.8479FALSE
365.108FALSE
355.8542FALSE
365.1113FALSE
355.8572FALSE
365.1046FALSE
355.8448FALSE
365.1006FALSE
355.7705FALSE
365.1153FALSE
355.7776FALSE
355.7735FALSE
364.704FALSE
355.7729FALSE
364.7138FALSE
355.7766FALSE
364.6941FALSE
355.7708FALSE
364.6948FALSE
355.7748FALSE
364.7132FALSE
355.7753FALSE
364.6666FALSE
355.7749FALSE
364.6713FALSE
355.7738FALSE
364.6707FALSE
355.7699FALSE
364.671FALSE
355.7769FALSE
364.6705FALSE
355.7739FALSE
364.6642FALSE
364.6709FALSE
355.7734FALSE
364.6685FALSE
355.7759FALSE
364.6687FALSE
355.7717FALSE
364.6702FALSE
355.7731FALSE
364.6726FALSE
355.7763FALSE
364.6782FALSE
364.6787FALSE
355.7757FALSE
355.7721FALSE
364.6771FALSE
355.7696FALSE
364.6793FALSE
355.7767FALSE
364.6624FALSE
355.7741FALSE
364.6691FALSE
355.7735FALSE
364.667FALSE
364.667FALSE
355.7757FALSE
364.6685FALSE
355.7696FALSE
364.6697FALSE
355.7767FALSE
364.6738FALSE
355.7741FALSE
364.6757FALSE
355.7735FALSE
364.6741FALSE
355.7757FALSE
364.6748FALSE
355.7706FALSE
364.6627FALSE
355.7749FALSE
364.6685FALSE
355.7752FALSE
364.6679FALSE
355.7746FALSE
364.6672FALSE
355.7739FALSE
364.6686FALSE
355.7695FALSE
364.6623FALSE
355.7766FALSE
364.6689FALSE
355.7741FALSE
364.6672FALSE
355.7736FALSE
364.6669FALSE
355.7756FALSE
364.6683FALSE
364.6627FALSE
355.7695FALSE
364.668FALSE
355.7766FALSE
364.6678FALSE
355.7741FALSE
364.6672FALSE
355.7736FALSE
364.6674FALSE
355.7756FALSE
364.6623FALSE
355.7695FALSE
364.6689FALSE
355.7766FALSE
364.6672FALSE
355.7741FALSE
364.6669FALSE
355.7736FALSE
364.6683FALSE
355.7756FALSE
364.6623FALSE
355.7743FALSE
364.6689FALSE
364.6672FALSE
355.7708FALSE
364.6669FALSE
355.7793FALSE
364.6683FALSE
355.778FALSE
364.6623FALSE
355.7705FALSE
364.6689FALSE
355.7697FALSE
364.6672FALSE
355.7762FALSE
364.6669FALSE
355.7743FALSE
364.6683FALSE
355.7738FALSE
364.6623FALSE
355.7753FALSE
364.6689FALSE
355.7695FALSE
364.6672FALSE
355.7765FALSE
364.6669FALSE
355.7742FALSE
364.6683FALSE
355.7736FALSE
364.6623FALSE
355.7756FALSE
364.6689FALSE
355.7695FALSE
364.6672FALSE
355.7766FALSE
364.6669FALSE
355.7741FALSE
364.6683FALSE
364.6623FALSE
355.7736FALSE
364.6689FALSE
355.7756FALSE
364.6672FALSE
355.7695FALSE
364.6669FALSE
355.7766FALSE
364.6683FALSE
355.7741FALSE
364.6623FALSE
355.7736FALSE
364.6689FALSE
355.7756FALSE
364.6672FALSE
355.7695FALSE
364.6669FALSE
364.6683FALSE
355.7766FALSE
364.6623FALSE
355.7741FALSE
364.6689FALSE
355.7736FALSE
364.6672FALSE
355.7756FALSE
364.6669FALSE
364.6683FALSE
355.7695FALSE
364.6623FALSE
355.7766FALSE
364.6689FALSE
364.6672FALSE
355.7741FALSE
364.6669FALSE
355.7736FALSE
364.6683FALSE
355.7756FALSE
364.6623FALSE
355.7695FALSE
364.6689FALSE
355.7766FALSE
364.6672FALSE
355.7741FALSE
364.6669FALSE
364.6683FALSE
355.7736FALSE
364.6623FALSE
355.7756FALSE
364.6689FALSE
355.7695FALSE
364.6672FALSE
355.7766FALSE
364.6669FALSE
355.7741FALSE
364.6683FALSE
355.7736FALSE
364.6623FALSE
364.6689FALSE
355.7756FALSE
364.6672FALSE
355.7695FALSE
364.6669FALSE
355.7766FALSE
364.6683FALSE
355.7741FALSE
364.6623FALSE
355.7736FALSE
364.6689FALSE
355.7756FALSE
364.6672FALSE
355.7695FALSE
364.6669FALSE
355.7766FALSE
364.6683FALSE
355.7741FALSE
364.6623FALSE
364.6689FALSE
355.7736FALSE
364.6672FALSE
355.7756FALSE
364.6669FALSE
355.7695FALSE
364.6683FALSE
355.7766FALSE
364.6623FALSE
364.6689FALSE
355.7741FALSE
364.6672FALSE
355.7736FALSE
364.6669FALSE
355.7756FALSE
364.6683FALSE
355.7695FALSE
364.6623FALSE
364.6689FALSE
355.7766FALSE
364.6672FALSE
355.7741FALSE
364.6669FALSE
355.7736FALSE
364.6683FALSE
364.6623FALSE
355.7756FALSE
364.6689FALSE
355.7695FALSE
364.6672FALSE
355.7766FALSE
364.6669FALSE
364.6683FALSE
355.7741FALSE
364.6623FALSE
364.6689FALSE
355.7736FALSE
364.6672FALSE
355.7756FALSE
364.6669FALSE
355.7695FALSE
364.6683FALSE
355.7766FALSE
364.6623FALSE
364.6689FALSE
355.7741FALSE
364.6672FALSE
355.7736FALSE
364.6669FALSE
355.7756FALSE
364.6683FALSE
$par
smooth_log_cases_lag1.bw         time_ind_lag0.bw 
               -1.584081                -2.057156 

$value
[1] 364.6623

$counts
function gradient 
      43       43 

$convergence
[1] 0

$message
[1] "CONVERGENCE: REL_REDUCTION_OF_F <= FACTR*EPSMCH"

355.7695FALSE
355.7766FALSE
355.7741FALSE
355.7736FALSE
355.7756FALSE
355.7695FALSE
355.7766FALSE
355.7741FALSE
355.7736FALSE
355.7756FALSE
355.7695FALSE
355.7766FALSE
355.7741FALSE
355.7736FALSE
355.7756FALSE
355.7695FALSE
355.7766FALSE
355.7741FALSE
355.7736FALSE
355.7756FALSE
355.7695FALSE
355.7766FALSE
355.7741FALSE
355.7736FALSE
355.7756FALSE
$par
smooth_log_cases_lag0.bw         time_ind_lag0.bw 
               -1.618476                -1.912116 

$value
[1] 355.7695

$counts
function gradient 
      45       45 

$convergence
[1] 0

$message
[1] "CONVERGENCE: REL_REDUCTION_OF_F <= FACTR*EPSMCH"

394.7128FALSE
375.4419FALSE
394.7176FALSE
375.4386FALSE
394.7079FALSE
375.4452FALSE
394.5584FALSE
375.4207FALSE
394.5553FALSE
375.463FALSE
394.5616FALSE
375.4443FALSE
393.6631FALSE
393.6618FALSE
375.4394FALSE
393.6644FALSE
359.5078FALSE
393.6459FALSE
359.5127FALSE
393.6468FALSE
359.5028FALSE
393.6449FALSE
359.5046FALSE
393.5785FALSE
359.511FALSE
393.5786FALSE
359.4972FALSE
393.5784FALSE
359.5183FALSE
393.5818FALSE
361.2093FALSE
393.5815FALSE
361.2072FALSE
393.5821FALSE
393.5783FALSE
361.2115FALSE
393.5784FALSE
361.2059FALSE
393.5781FALSE
361.2128FALSE
393.5803FALSE
393.5799FALSE
361.2256FALSE
393.5806FALSE
361.193FALSE
393.5781FALSE
358.5368FALSE
393.5783FALSE
393.578FALSE
358.5408FALSE
393.5794FALSE
358.5328FALSE
393.579FALSE
358.5332FALSE
393.5797FALSE
358.5405FALSE
393.5781FALSE
358.5341FALSE
393.5782FALSE
358.5395FALSE
393.5781FALSE
358.7512FALSE
393.5783FALSE
358.7449FALSE
393.578FALSE
393.5787FALSE
358.7575FALSE
393.5781FALSE
358.748FALSE
393.5782FALSE
358.7544FALSE
393.5782FALSE
358.766FALSE
393.5781FALSE
393.5782FALSE
358.7364FALSE
358.1826FALSE
393.5782FALSE
393.5781FALSE
358.1756FALSE
393.5782FALSE
358.1895FALSE
393.5782FALSE
$par
time_ind_lag0.bw 
       -2.370385 

$value
[1] 393.5781

$counts
function gradient 
      15       15 

$convergence
[1] 0

$message
[1] "CONVERGENCE: NORM OF PROJECTED GRADIENT <= PGTOL"

358.1769FALSE
358.1883FALSE
358.1984FALSE
358.1667FALSE
356.9578FALSE
356.9488FALSE
356.9667FALSE
356.9561FALSE
356.9594FALSE
356.9746FALSE
356.9409FALSE
356.4214FALSE
356.4229FALSE
356.4199FALSE
356.4205FALSE
356.4223FALSE
356.4178FALSE
356.4251FALSE
356.3645FALSE
356.3526FALSE
356.3764FALSE
356.3633FALSE
356.3657FALSE
356.3759FALSE
356.3531FALSE
356.1506FALSE
356.1399FALSE
356.1624FALSE
356.1499FALSE
356.1514FALSE
356.1675FALSE
356.135FALSE
356.034FALSE
356.0345FALSE
356.0335FALSE
356.0338FALSE
356.0343FALSE
356.0343FALSE
356.0337FALSE
355.9792FALSE
355.9796FALSE
355.9787FALSE
355.979FALSE
355.9794FALSE
355.9788FALSE
355.9796FALSE
355.9291FALSE
355.9298FALSE
355.9283FALSE
355.929FALSE
355.9292FALSE
355.9281FALSE
355.93FALSE
355.9815FALSE
355.9691FALSE
355.994FALSE
355.9815FALSE
355.9816FALSE
355.9933FALSE
355.9698FALSE
355.9223FALSE
355.9232FALSE
355.9213FALSE
355.9222FALSE
355.9224FALSE
355.9212FALSE
355.9234FALSE
355.9494FALSE
355.9368FALSE
355.962FALSE
355.9493FALSE
355.9495FALSE
355.9615FALSE
355.9373FALSE
355.9189FALSE
355.9199FALSE
355.9179FALSE
355.9188FALSE
355.919FALSE
355.9177FALSE
355.9201FALSE
356.3441FALSE
356.3325FALSE
356.3557FALSE
356.3441FALSE
356.3441FALSE
356.3512FALSE
356.3369FALSE
355.9216FALSE
355.915FALSE
355.9343FALSE
355.9215FALSE
355.9217FALSE
355.934FALSE
355.9153FALSE
355.9171FALSE
355.9181FALSE
355.9217FALSE
355.917FALSE
355.9172FALSE
355.9215FALSE
355.9184FALSE
355.9141FALSE
355.9151FALSE
355.9145FALSE
355.9141FALSE
355.9142FALSE
355.9142FALSE
355.9154FALSE
355.8949FALSE
355.8959FALSE
355.8938FALSE
355.8949FALSE
355.8949FALSE
355.8931FALSE
355.8967FALSE
355.8881FALSE
355.8891FALSE
355.887FALSE
355.8881FALSE
355.8881FALSE
355.8876FALSE
355.8885FALSE
355.8861FALSE
355.887FALSE
355.8873FALSE
355.8861FALSE
355.8861FALSE
355.8872FALSE
355.8871FALSE
355.8853FALSE
355.8862FALSE
355.8881FALSE
355.8853FALSE
355.8853FALSE
355.888FALSE
355.8863FALSE
355.8844FALSE
355.8853FALSE
355.8875FALSE
355.8844FALSE
355.8844FALSE
355.8875FALSE
355.8853FALSE
355.8981FALSE
355.8982FALSE
355.898FALSE
355.8981FALSE
355.8981FALSE
355.897FALSE
355.8992FALSE
355.8856FALSE
355.8863FALSE
355.8848FALSE
355.8856FALSE
355.8856FALSE
355.8847FALSE
355.8864FALSE
355.8846FALSE
355.8855FALSE
355.8837FALSE
355.8846FALSE
355.8846FALSE
355.8837FALSE
355.8855FALSE
355.8845FALSE
355.8854FALSE
355.886FALSE
355.8845FALSE
355.8845FALSE
355.886FALSE
355.8853FALSE
355.8844FALSE
355.8853FALSE
355.8872FALSE
355.8844FALSE
355.8844FALSE
355.8872FALSE
355.8853FALSE
355.8844FALSE
355.8853FALSE
355.8875FALSE
355.8844FALSE
355.8844FALSE
355.8875FALSE
355.8853FALSE
355.8844FALSE
355.8853FALSE
355.8875FALSE
355.8844FALSE
355.8844FALSE
355.8875FALSE
355.8853FALSE
355.8844FALSE
355.8853FALSE
355.8875FALSE
355.8844FALSE
355.8844FALSE
355.8875FALSE
355.8853FALSE
355.8844FALSE
355.8853FALSE
355.8875FALSE
355.8844FALSE
355.8844FALSE
355.8875FALSE
355.8853FALSE
355.8844FALSE
355.8853FALSE
355.8875FALSE
355.8844FALSE
355.8844FALSE
355.8875FALSE
355.8853FALSE
355.8844FALSE
355.8853FALSE
355.8875FALSE
355.8844FALSE
355.8844FALSE
355.8875FALSE
355.8853FALSE
355.8844FALSE
355.8853FALSE
355.8875FALSE
355.8844FALSE
355.8844FALSE
355.8875FALSE
355.8853FALSE
355.8844FALSE
355.8853FALSE
355.8875FALSE
355.8844FALSE
355.8844FALSE
355.8875FALSE
355.8853FALSE
355.8844FALSE
355.8853FALSE
355.8875FALSE
355.8844FALSE
355.8844FALSE
355.8875FALSE
355.8853FALSE
355.8844FALSE
355.8853FALSE
355.8875FALSE
355.8844FALSE
355.8844FALSE
355.8875FALSE
355.8853FALSE
355.8844FALSE
355.8853FALSE
355.8875FALSE
355.8844FALSE
355.8844FALSE
355.8875FALSE
355.8853FALSE
355.8844FALSE
355.8853FALSE
355.8875FALSE
355.8844FALSE
355.8844FALSE
355.8875FALSE
355.8853FALSE
355.8844FALSE
355.8853FALSE
355.8875FALSE
355.8844FALSE
355.8844FALSE
355.8875FALSE
355.8853FALSE
355.8844FALSE
355.8853FALSE
355.8875FALSE
355.8844FALSE
355.8844FALSE
355.8875FALSE
355.8853FALSE
355.8844FALSE
355.8853FALSE
355.8875FALSE
355.8844FALSE
355.8844FALSE
355.8875FALSE
355.8853FALSE
384.9175FALSE
384.9325FALSE
384.9025FALSE
384.9175FALSE
384.9175FALSE
384.9131FALSE
384.9219FALSE
355.8625FALSE
355.8596FALSE
355.8653FALSE
355.8625FALSE
355.8625FALSE
355.8643FALSE
355.8606FALSE
356.0139FALSE
356.0172FALSE
356.0105FALSE
356.0139FALSE
356.0139FALSE
356.0099FALSE
356.0178FALSE
355.8294FALSE
355.8258FALSE
355.8329FALSE
355.8294FALSE
355.8294FALSE
355.8315FALSE
355.8272FALSE
355.8014FALSE
355.7968FALSE
355.806FALSE
355.8014FALSE
355.8014FALSE
355.8045FALSE
355.7982FALSE
355.8935FALSE
355.8987FALSE
355.8883FALSE
355.8935FALSE
355.8935FALSE
355.888FALSE
355.8993FALSE
355.7836FALSE
355.7784FALSE
355.7887FALSE
355.7836FALSE
355.7837FALSE
355.7873FALSE
355.7799FALSE
355.7823FALSE
355.7888FALSE
355.7762FALSE
355.7823FALSE
355.7823FALSE
355.7758FALSE
355.7888FALSE
355.7823FALSE
355.7888FALSE
355.7762FALSE
355.7823FALSE
355.7823FALSE
355.7758FALSE
355.7888FALSE
355.8897FALSE
355.8897FALSE
355.8896FALSE
355.8897FALSE
355.8897FALSE
355.8895FALSE
355.8899FALSE
355.8182FALSE
355.8142FALSE
355.8221FALSE
355.8182FALSE
355.8182FALSE
355.8207FALSE
355.8156FALSE
355.7817FALSE
355.7765FALSE
355.7869FALSE
355.7817FALSE
355.7817FALSE
355.7854FALSE
355.7779FALSE
355.7772FALSE
355.7797FALSE
355.7825FALSE
355.7772FALSE
355.7772FALSE
355.7811FALSE
355.7796FALSE
355.7758FALSE
355.7817FALSE
355.7811FALSE
355.7758FALSE
355.7758FALSE
355.7796FALSE
355.7816FALSE
355.7762FALSE
355.7811FALSE
355.7815FALSE
355.7762FALSE
355.7762FALSE
355.78FALSE
355.781FALSE
355.7758FALSE
355.7817FALSE
355.7811FALSE
355.7758FALSE
355.7758FALSE
355.7797FALSE
355.7816FALSE
355.7758FALSE
355.7817FALSE
355.7811FALSE
355.7758FALSE
355.7758FALSE
355.7796FALSE
355.7816FALSE
355.7758FALSE
355.7817FALSE
355.7811FALSE
355.7758FALSE
355.7758FALSE
355.7796FALSE
355.7816FALSE
355.7758FALSE
355.7817FALSE
355.7811FALSE
355.7758FALSE
355.7758FALSE
355.7796FALSE
355.7816FALSE
355.7758FALSE
355.7817FALSE
355.7811FALSE
355.7758FALSE
355.7758FALSE
355.7796FALSE
355.7816FALSE
355.7758FALSE
355.7817FALSE
355.7811FALSE
355.7758FALSE
355.7758FALSE
355.7796FALSE
355.7816FALSE
355.7758FALSE
355.7817FALSE
355.7811FALSE
355.7758FALSE
355.7758FALSE
355.7796FALSE
355.7816FALSE
355.7758FALSE
355.7817FALSE
355.7811FALSE
355.7758FALSE
355.7758FALSE
355.7796FALSE
355.7816FALSE
355.7758FALSE
355.7817FALSE
355.7811FALSE
355.7758FALSE
355.7758FALSE
355.7796FALSE
355.7816FALSE
355.7758FALSE
355.7817FALSE
355.7811FALSE
355.7758FALSE
355.7758FALSE
355.7796FALSE
355.7816FALSE
355.7758FALSE
355.7817FALSE
355.7811FALSE
355.7758FALSE
355.7758FALSE
355.7796FALSE
355.7816FALSE
355.7758FALSE
355.7817FALSE
355.7811FALSE
355.7758FALSE
355.7758FALSE
355.7796FALSE
355.7816FALSE
355.7758FALSE
355.7817FALSE
355.7811FALSE
355.7758FALSE
355.7758FALSE
355.7796FALSE
355.7816FALSE
355.7758FALSE
355.7817FALSE
355.7811FALSE
355.7758FALSE
355.7758FALSE
355.7796FALSE
355.7816FALSE
355.7758FALSE
355.7817FALSE
355.7811FALSE
355.7758FALSE
355.7758FALSE
355.7796FALSE
355.7816FALSE
355.7758FALSE
355.7817FALSE
355.7811FALSE
355.7758FALSE
355.7758FALSE
355.7796FALSE
355.7816FALSE
355.7758FALSE
355.7817FALSE
355.7811FALSE
355.7758FALSE
355.7758FALSE
355.7796FALSE
355.7816FALSE
355.7758FALSE
355.7817FALSE
355.7811FALSE
355.7758FALSE
355.7758FALSE
355.7796FALSE
355.7816FALSE
355.7758FALSE
355.7817FALSE
355.7811FALSE
355.7758FALSE
355.7758FALSE
355.7796FALSE
355.7816FALSE
393.4616FALSE
393.4694FALSE
393.4538FALSE
393.4616FALSE
393.4616FALSE
393.5718FALSE
393.3515FALSE
355.8728FALSE
355.871FALSE
355.8744FALSE
355.8728FALSE
355.8728FALSE
355.8748FALSE
355.8709FALSE
355.7836FALSE
355.7784FALSE
355.7887FALSE
355.7836FALSE
355.7836FALSE
355.7872FALSE
355.7798FALSE
355.7761FALSE
355.7812FALSE
355.7814FALSE
355.7761FALSE
355.7761FALSE
355.78FALSE
355.7811FALSE
355.7758FALSE
355.7817FALSE
355.7811FALSE
355.7758FALSE
355.7758FALSE
355.7797FALSE
355.7816FALSE
355.7758FALSE
355.7817FALSE
355.7811FALSE
355.7758FALSE
355.7758FALSE
355.7796FALSE
355.7816FALSE
355.7758FALSE
355.7817FALSE
355.7811FALSE
355.7758FALSE
355.7758FALSE
355.7796FALSE
355.7816FALSE
355.7758FALSE
355.7817FALSE
355.7811FALSE
355.7758FALSE
355.7758FALSE
355.7796FALSE
355.7816FALSE
355.7758FALSE
355.7817FALSE
355.7811FALSE
355.7758FALSE
355.7758FALSE
355.7796FALSE
355.7816FALSE
355.7758FALSE
355.7817FALSE
355.7811FALSE
355.7758FALSE
355.7758FALSE
355.7796FALSE
355.7816FALSE
355.7758FALSE
355.7817FALSE
355.7811FALSE
355.7758FALSE
355.7758FALSE
355.7796FALSE
355.7816FALSE
355.7758FALSE
355.7817FALSE
355.7811FALSE
355.7758FALSE
355.7758FALSE
355.7796FALSE
355.7816FALSE
355.7758FALSE
355.7817FALSE
355.7811FALSE
355.7758FALSE
355.7758FALSE
355.7796FALSE
355.7816FALSE
355.7758FALSE
355.7817FALSE
355.7811FALSE
355.7758FALSE
355.7758FALSE
355.7796FALSE
355.7816FALSE
355.7758FALSE
355.7817FALSE
355.7811FALSE
355.7758FALSE
355.7758FALSE
355.7796FALSE
355.7816FALSE
355.7758FALSE
355.7817FALSE
355.7811FALSE
355.7758FALSE
355.7758FALSE
355.7796FALSE
355.7816FALSE
355.7758FALSE
355.7817FALSE
355.7811FALSE
355.7758FALSE
355.7758FALSE
355.7796FALSE
355.7816FALSE
355.7758FALSE
355.7817FALSE
355.7811FALSE
355.7758FALSE
355.7758FALSE
355.7796FALSE
355.7816FALSE
355.7758FALSE
355.7817FALSE
355.7811FALSE
355.7758FALSE
355.7758FALSE
355.7796FALSE
355.7816FALSE
355.7758FALSE
355.7817FALSE
355.7811FALSE
355.7758FALSE
355.7758FALSE
355.7796FALSE
355.7816FALSE
$par
smooth_log_cases_lag0.bw smooth_log_cases_lag1.bw         time_ind_lag0.bw 
               -1.628585                 2.647983                -1.923800 

$value
[1] 355.7758

$counts
function gradient 
     100      100 

$convergence
[1] 52

$message
[1] "ERROR: ABNORMAL_TERMINATION_IN_LNSRCH"

> 
> save(ssr_fit,
+     file=paste0("/home/ngr67a/2015-cdc-flu-competition/fit-competition-ssr-ph", prediction_horizon_limit, "-", data_set, ".Rdata"))
> 
> proc.time()
    user   system  elapsed 
1527.212    0.872 2367.030 
