
R version 3.2.2 (2015-08-14) -- "Fire Safety"
Copyright (C) 2015 The R Foundation for Statistical Computing
Platform: x86_64-pc-linux-gnu (64-bit)

R is free software and comes with ABSOLUTELY NO WARRANTY.
You are welcome to redistribute it under certain conditions.
Type 'license()' or 'licence()' for distribution details.

  Natural language support but running in an English locale

R is a collaborative project with many contributors.
Type 'contributors()' for more information and
'citation()' on how to cite R or R packages in publications.

Type 'demo()' for some demos, 'help()' for on-line help, or
'help.start()' for an HTML browser interface to help.
Type 'q()' to quit R.

> ### get ssr fit -- prediction horizons 1:52
> library(lubridate)
> library(ggplot2)
> library(plyr)

Attaching package: ‘plyr’

The following object is masked from ‘package:lubridate’:

    here

> library(dplyr)

Attaching package: ‘dplyr’

The following objects are masked from ‘package:plyr’:

    arrange, count, desc, failwith, id, mutate, rename, summarise,
    summarize

The following objects are masked from ‘package:lubridate’:

    intersect, setdiff, union

The following objects are masked from ‘package:stats’:

    filter, lag

The following objects are masked from ‘package:base’:

    intersect, setdiff, setequal, union

> library(reshape)

Attaching package: ‘reshape’

The following object is masked from ‘package:dplyr’:

    rename

The following objects are masked from ‘package:plyr’:

    rename, round_any

The following object is masked from ‘package:lubridate’:

    stamp

> library(ssrFlu)
> library(doMC)
Loading required package: foreach
Loading required package: iterators
Loading required package: parallel
> 
> registerDoMC(cores=3)
> 
> args <- commandArgs(trailingOnly=TRUE)
> 
> data_set <- args[1]
> prediction_horizon_limit <- as.integer(args[2])
> 
> ## load dataset
> if(identical(data_set, "ili_national")) {
+     data <- ili_national
+ } 
> if(identical(data_set, "ili_region1")) {
+     data <- ili_region1
+ } 
> if(identical(data_set, "ili_region2")) {
+     data <- ili_region2
+ } 
> if(identical(data_set, "ili_region3")) {
+     data <- ili_region3
+ } 
> if(identical(data_set, "ili_region4")) {
+     data <- ili_region4
+ } 
> if(identical(data_set, "ili_region5")) {
+     data <- ili_region5
+ } 
> if(identical(data_set, "ili_region6")) {
+     data <- ili_region6
+ } 
> if(identical(data_set, "ili_region7")) {
+     data <- ili_region7
+ } 
> if(identical(data_set, "ili_region8")) {
+     data <- ili_region8
+ } 
> if(identical(data_set, "ili_region9")) {
+     data <- ili_region9
+ } 
> if(identical(data_set, "ili_region10")) {
+     data <- ili_region10
+ } 
> 
> 
> 
> ## add log column
> data$log_total_cases <- log(data$total_cases + 1)
> 
> ## add week_start_date
> char_dates <- paste(data$year, data$week, "1")
> data$week_start_date <- as.Date(char_dates, format="%Y %W %w")
> 
> ## remove week 53s
> data <- data[-which(is.na(data$week_start_date)),]
> data <- data[262:nrow(data),]
> 
> ## add smooth log column -- or not, since it is already pretty smooth...
> sm <- loess(log_total_cases ~ as.numeric(week_start_date), data=data, span= 26 / nrow(data))
> data$smooth_log_cases <- sm$fitted
> 
> ## add time column
> data$time_ind <- seq_len(nrow(data))
> 
> ssr_control <- create_ssr_control(X_names=c("smooth_log_cases", "time_ind"),
+     y_names="total_cases",
+     time_name=NULL,
+     max_lag=list(smooth_log_cases=1,
+         time_ind=0),
+     prediction_horizons=as.integer(prediction_horizon_limit),
+     kernel_fns=list(smooth_log_cases="squared_exp_kernel",
+         time_ind="periodic_kernel"),
+     theta_est=list(smooth_log_cases="bw",
+         time_ind="bw"),
+     theta_fixed=list(time_ind=list(period=pi / 52)),
+     theta_transform_fns=list(
+         squared_exp_kernel=list(
+             bw=list(transform="log",
+                 detransform="exp")
+         ),
+         periodic_kernel=list(
+             bw=list(transform="log",
+                 detransform="exp")
+         )
+     ),
+     crossval_buffer=52,
+     loss_fn_name="mae_from_kernel_weights_and_centers",
+     loss_fn_args=list())
> 
> 
> ssr_fit <- ssr(X_names=c("smooth_log_cases", "time_ind"),
+     y_names="total_cases",
+     time_name=NULL,
+     data=data,
+     ssr_control=ssr_control)
652.8064FALSE
524.6075FALSE
658.3959FALSE
652.8046FALSE
524.5981FALSE
658.3943FALSE
652.8082FALSE
524.617FALSE
658.3974FALSE
654.7641FALSE
520.3005FALSE
658.2093FALSE
654.7614FALSE
658.2063FALSE
520.3161FALSE
654.7668FALSE
658.2122FALSE
520.2856FALSE
652.7005FALSE
648.1256FALSE
521.1233FALSE
652.7014FALSE
648.1255FALSE
521.1152FALSE
652.6997FALSE
648.1256FALSE
521.1314FALSE
652.7151FALSE
634.1811FALSE
648.1253FALSE
652.714FALSE
634.2081FALSE
648.1253FALSE
652.7167FALSE
634.154FALSE
648.1253FALSE
520.5578FALSE
652.6955FALSE
648.1243FALSE
520.55FALSE
652.6963FALSE
648.1243FALSE
652.6961FALSE
520.5656FALSE
648.1243FALSE
652.6959FALSE
592.5983FALSE
648.1224FALSE
652.6956FALSE
592.6859FALSE
648.1223FALSE
652.6965FALSE
592.5106FALSE
648.1224FALSE
652.6955FALSE
648.1217FALSE
652.6962FALSE
519.9667FALSE
648.1217FALSE
652.6961FALSE
519.9596FALSE
648.1217FALSE
652.6955FALSE
519.9738FALSE
652.6963FALSE
648.1213FALSE
556.8384FALSE
648.1213FALSE
652.6961FALSE
556.9458FALSE
652.6955FALSE
648.1213FALSE
556.7309FALSE
652.6963FALSE
648.1211FALSE
519.2035FALSE
652.6961FALSE
648.1211FALSE
519.2FALSE
652.6955FALSE
648.1211FALSE
652.6963FALSE
519.2069FALSE
648.121FALSE
518.9078FALSE
652.6961FALSE
518.9074FALSE
648.121FALSE
652.6955FALSE
652.6963FALSE
518.9082FALSE
648.121FALSE
652.6961FALSE
648.1209FALSE
518.9048FALSE
518.9048FALSE
652.6955FALSE
648.1209FALSE
652.6963FALSE
648.1209FALSE
518.9048FALSE
652.6961FALSE
518.9048FALSE
648.1209FALSE
652.6955FALSE
518.9048FALSE
648.1209FALSE
652.6963FALSE
648.1209FALSE
518.9048FALSE
652.6961FALSE
648.1209FALSE
518.9048FALSE
652.6955FALSE
648.1209FALSE
518.9048FALSE
518.9048FALSE
$par
time_ind_lag0.bw 
       -1.484152 

$value
[1] 518.9048

$counts
function gradient 
      13       13 

$convergence
[1] 0

$message
[1] "CONVERGENCE: REL_REDUCTION_OF_F <= FACTR*EPSMCH"

652.6963FALSE
648.1209FALSE
652.6961FALSE
648.1209FALSE
648.1209FALSE
652.6955FALSE
648.1209FALSE
652.6963FALSE
648.1209FALSE
652.6961FALSE
648.1209FALSE
652.6955FALSE
648.1209FALSE
652.6963FALSE
648.1209FALSE
652.6961FALSE
648.1209FALSE
652.6955FALSE
648.1209FALSE
652.6963FALSE
648.1209FALSE
652.6961FALSE
648.1209FALSE
652.6955FALSE
648.1209FALSE
$par
smooth_log_cases_lag0.bw 
                7.069095 

$value
[1] 648.1209

$counts
function gradient 
      17       17 

$convergence
[1] 0

$message
[1] "CONVERGENCE: REL_REDUCTION_OF_F <= FACTR*EPSMCH"

652.6963FALSE
652.6961FALSE
652.6955FALSE
652.6963FALSE
652.6961FALSE
652.6955FALSE
652.6963FALSE
652.6961FALSE
652.6955FALSE
652.6963FALSE
652.6961FALSE
652.6955FALSE
652.6963FALSE
652.6961FALSE
652.6955FALSE
652.6963FALSE
652.6961FALSE
$par
smooth_log_cases_lag1.bw 
               -2.228761 

$value
[1] 652.6955

$counts
function gradient 
      23       23 

$convergence
[1] 0

$message
[1] "CONVERGENCE: REL_REDUCTION_OF_F <= FACTR*EPSMCH"

490.2661FALSE
489.3873FALSE
490.2585FALSE
489.3841FALSE
490.2736FALSE
489.3905FALSE
490.312FALSE
489.4251FALSE
490.2201FALSE
489.3495FALSE
480.7382FALSE
478.0787FALSE
480.7414FALSE
478.0844FALSE
480.7348FALSE
478.0731FALSE
480.7211FALSE
478.0597FALSE
480.755FALSE
478.0978FALSE
478.3604FALSE
477.7261FALSE
478.3616FALSE
477.7137FALSE
477.7384FALSE
478.3592FALSE
478.3491FALSE
477.7265FALSE
478.3718FALSE
477.7257FALSE
483.6004FALSE
476.3093FALSE
483.5956FALSE
476.2955FALSE
483.6051FALSE
476.3231FALSE
483.6325FALSE
476.3153FALSE
483.5682FALSE
476.3034FALSE
477.3132FALSE
477.1996FALSE
477.3113FALSE
477.2043FALSE
477.3151FALSE
477.1948FALSE
477.3131FALSE
477.205FALSE
477.3133FALSE
477.1942FALSE
477.2749FALSE
475.6435FALSE
477.274FALSE
475.6505FALSE
477.2758FALSE
475.6365FALSE
477.2747FALSE
475.6442FALSE
477.2751FALSE
477.268FALSE
475.6429FALSE
477.2684FALSE
477.2677FALSE
525.597FALSE
477.268FALSE
525.5502FALSE
477.2682FALSE
525.6436FALSE
477.2665FALSE
525.5944FALSE
477.2667FALSE
525.5994FALSE
477.2663FALSE
475.6262FALSE
477.2666FALSE
475.6233FALSE
477.2665FALSE
475.6289FALSE
477.2749FALSE
475.6244FALSE
477.2739FALSE
475.6278FALSE
477.276FALSE
475.4484FALSE
477.2749FALSE
475.4448FALSE
477.2751FALSE
475.4519FALSE
477.2655FALSE
475.4498FALSE
477.2656FALSE
475.447FALSE
477.2654FALSE
476.3086FALSE
477.2657FALSE
476.3163FALSE
477.2654FALSE
476.3009FALSE
477.2895FALSE
476.3082FALSE
477.2885FALSE
476.309FALSE
477.2906FALSE
475.3791FALSE
477.2894FALSE
475.3762FALSE
477.2897FALSE
475.382FALSE
477.2651FALSE
475.3823FALSE
477.2652FALSE
475.376FALSE
477.265FALSE
475.5395FALSE
477.2653FALSE
475.5479FALSE
477.265FALSE
477.277FALSE
475.5312FALSE
477.2761FALSE
475.5379FALSE
477.278FALSE
475.5412FALSE
477.2768FALSE
475.3255FALSE
477.2773FALSE
475.3212FALSE
477.2648FALSE
475.3297FALSE
477.265FALSE
475.3295FALSE
477.2648FALSE
475.3214FALSE
477.265FALSE
475.3011FALSE
477.2647FALSE
475.2979FALSE
477.301FALSE
475.3043FALSE
477.3FALSE
475.3064FALSE
477.3021FALSE
475.2958FALSE
477.3FALSE
475.3975FALSE
477.3021FALSE
477.2645FALSE
475.4043FALSE
477.2646FALSE
475.3907FALSE
475.397FALSE
477.2644FALSE
475.3981FALSE
477.2647FALSE
477.2644FALSE
475.2944FALSE
475.2947FALSE
477.28FALSE
475.2977FALSE
477.2792FALSE
475.2998FALSE
477.2808FALSE
475.2891FALSE
477.2796FALSE
476.0311FALSE
477.2804FALSE
476.04FALSE
477.2644FALSE
476.0222FALSE
477.2645FALSE
476.0267FALSE
477.2643FALSE
476.0355FALSE
477.2645FALSE
475.328FALSE
477.2643FALSE
475.3346FALSE
477.2732FALSE
475.3214FALSE
477.2724FALSE
475.3276FALSE
477.274FALSE
475.3283FALSE
477.2729FALSE
475.293FALSE
477.2736FALSE
475.2992FALSE
477.2643FALSE
475.2938FALSE
477.2644FALSE
475.2958FALSE
477.2642FALSE
475.2932FALSE
477.2644FALSE
475.282FALSE
477.2642FALSE
475.2769FALSE
477.2981FALSE
475.287FALSE
477.297FALSE
475.2865FALSE
477.2992FALSE
475.2775FALSE
477.2972FALSE
475.2774FALSE
477.2991FALSE
475.2722FALSE
477.2643FALSE
475.2825FALSE
477.2642FALSE
475.2819FALSE
477.2651FALSE
475.2729FALSE
477.2642FALSE
475.2687FALSE
477.2647FALSE
475.2727FALSE
477.2642FALSE
475.2648FALSE
477.2643FALSE
475.2675FALSE
477.2644FALSE
475.27FALSE
477.2643FALSE
475.2612FALSE
477.2641FALSE
475.2652FALSE
477.2641FALSE
475.2644FALSE
477.2642FALSE
475.2635FALSE
475.2627FALSE
477.2648FALSE
475.2567FALSE
477.2642FALSE
475.2607FALSE
477.2645FALSE
475.2592FALSE
477.2641FALSE
475.2583FALSE
477.2642FALSE
475.2583FALSE
477.2646FALSE
475.2449FALSE
477.2643FALSE
475.2491FALSE
477.2642FALSE
475.2492FALSE
477.2642FALSE
475.248FALSE
475.2469FALSE
477.2643FALSE
475.3659FALSE
477.2643FALSE
475.3677FALSE
477.2642FALSE
475.3662FALSE
477.2642FALSE
475.3608FALSE
477.2641FALSE
475.371FALSE
477.2643FALSE
475.2433FALSE
477.2645FALSE
475.2477FALSE
475.2477FALSE
477.2642FALSE
475.2462FALSE
477.2642FALSE
475.246FALSE
477.2641FALSE
477.2642FALSE
475.2459FALSE
475.2485FALSE
477.2646FALSE
475.2514FALSE
477.2643FALSE
475.2476FALSE
477.2642FALSE
475.2491FALSE
477.2641FALSE
475.2433FALSE
477.2642FALSE
475.2477FALSE
477.2646FALSE
475.2477FALSE
477.2643FALSE
475.2461FALSE
477.2642FALSE
475.246FALSE
477.2641FALSE
475.2432FALSE
477.2642FALSE
475.2476FALSE
477.2646FALSE
475.2479FALSE
477.2643FALSE
475.246FALSE
477.2642FALSE
475.246FALSE
477.2641FALSE
475.2433FALSE
477.2642FALSE
475.2477FALSE
477.2646FALSE
475.2478FALSE
477.2643FALSE
475.2461FALSE
477.2642FALSE
475.246FALSE
475.2433FALSE
477.2641FALSE
475.2478FALSE
477.2642FALSE
475.2476FALSE
477.2646FALSE
475.2459FALSE
475.2461FALSE
477.2643FALSE
475.2433FALSE
477.2642FALSE
475.2477FALSE
477.2641FALSE
475.2478FALSE
477.2642FALSE
475.2461FALSE
477.2646FALSE
475.246FALSE
477.2643FALSE
477.2642FALSE
475.2433FALSE
475.2477FALSE
477.2641FALSE
477.2642FALSE
475.2478FALSE
477.2646FALSE
475.2461FALSE
477.2643FALSE
475.246FALSE
477.2642FALSE
475.2433FALSE
477.2641FALSE
475.2477FALSE
477.2642FALSE
475.2478FALSE
477.2646FALSE
475.2461FALSE
477.2643FALSE
475.246FALSE
477.2642FALSE
475.2433FALSE
477.2641FALSE
475.2477FALSE
477.2642FALSE
475.2478FALSE
477.2646FALSE
475.2461FALSE
477.2643FALSE
475.246FALSE
477.2642FALSE
475.2433FALSE
477.2641FALSE
475.2477FALSE
477.2642FALSE
475.2478FALSE
477.2646FALSE
475.2461FALSE
477.2643FALSE
475.246FALSE
477.2642FALSE
475.2433FALSE
477.2641FALSE
475.2477FALSE
477.2642FALSE
475.2478FALSE
475.2461FALSE
477.2646FALSE
475.246FALSE
477.2643FALSE
475.2433FALSE
477.2642FALSE
475.2477FALSE
477.2641FALSE
475.2478FALSE
477.2642FALSE
475.2461FALSE
477.2646FALSE
475.246FALSE
475.2433FALSE
477.2643FALSE
475.2477FALSE
477.2642FALSE
475.2478FALSE
477.2641FALSE
475.2461FALSE
477.2642FALSE
475.246FALSE
477.2646FALSE
475.2433FALSE
477.2643FALSE
475.2477FALSE
477.2642FALSE
475.2478FALSE
477.2641FALSE
475.2461FALSE
477.2642FALSE
475.246FALSE
477.2646FALSE
475.2433FALSE
477.2643FALSE
475.2477FALSE
477.2642FALSE
475.2478FALSE
477.2641FALSE
475.2461FALSE
477.2642FALSE
475.246FALSE
477.2646FALSE
475.2433FALSE
477.2643FALSE
475.2477FALSE
477.2642FALSE
475.2478FALSE
477.2641FALSE
475.2461FALSE
477.2642FALSE
475.246FALSE
477.2646FALSE
475.2433FALSE
477.2643FALSE
475.2477FALSE
477.2642FALSE
475.2478FALSE
477.2641FALSE
475.2461FALSE
477.2642FALSE
475.246FALSE
477.2646FALSE
475.2433FALSE
477.2643FALSE
475.2477FALSE
477.2642FALSE
475.2478FALSE
477.2641FALSE
475.2461FALSE
477.2642FALSE
475.246FALSE
477.2646FALSE
475.2433FALSE
477.2643FALSE
475.2477FALSE
477.2642FALSE
475.2478FALSE
478.0235FALSE
475.2461FALSE
478.0274FALSE
475.246FALSE
478.0195FALSE
475.2433FALSE
478.0257FALSE
475.2477FALSE
478.0214FALSE
475.2478FALSE
477.2643FALSE
475.2461FALSE
477.2645FALSE
475.246FALSE
477.2642FALSE
475.2433FALSE
477.2644FALSE
477.2643FALSE
475.2477FALSE
477.2641FALSE
475.2478FALSE
477.2643FALSE
475.2461FALSE
477.2644FALSE
475.246FALSE
477.2643FALSE
475.2433FALSE
477.2641FALSE
475.2477FALSE
477.2641FALSE
475.2478FALSE
477.2642FALSE
475.2461FALSE
477.2645FALSE
475.246FALSE
477.2643FALSE
475.2433FALSE
477.2642FALSE
475.2477FALSE
477.2641FALSE
475.2478FALSE
477.2642FALSE
475.2461FALSE
477.2646FALSE
475.246FALSE
477.2643FALSE
475.2433FALSE
477.2642FALSE
475.2477FALSE
477.2641FALSE
475.2478FALSE
477.2642FALSE
475.2461FALSE
477.2646FALSE
475.246FALSE
477.2643FALSE
475.7167FALSE
477.2642FALSE
475.7268FALSE
477.2641FALSE
475.7066FALSE
477.2642FALSE
475.7109FALSE
477.2646FALSE
475.7225FALSE
477.2643FALSE
475.2439FALSE
477.2642FALSE
475.2483FALSE
477.2641FALSE
475.2467FALSE
477.2642FALSE
475.2452FALSE
477.2646FALSE
477.2643FALSE
475.2466FALSE
477.2642FALSE
475.2433FALSE
477.2641FALSE
475.2477FALSE
477.2642FALSE
475.2478FALSE
477.2646FALSE
475.2461FALSE
477.2643FALSE
475.246FALSE
477.2642FALSE
475.2433FALSE
477.2641FALSE
475.2477FALSE
477.2642FALSE
475.2478FALSE
477.2646FALSE
475.2461FALSE
477.2643FALSE
475.246FALSE
477.2642FALSE
475.2433FALSE
477.2641FALSE
475.2477FALSE
477.2642FALSE
475.2478FALSE
477.2646FALSE
475.2461FALSE
477.2643FALSE
477.2642FALSE
475.246FALSE
477.2641FALSE
475.2433FALSE
477.2642FALSE
475.2477FALSE
477.2646FALSE
475.2478FALSE
477.2643FALSE
475.2461FALSE
477.2642FALSE
477.2641FALSE
475.246FALSE
477.2642FALSE
475.2433FALSE
477.2646FALSE
475.2477FALSE
477.2643FALSE
477.2642FALSE
475.2478FALSE
477.2641FALSE
475.2461FALSE
477.2642FALSE
475.246FALSE
477.2646FALSE
475.2433FALSE
477.2643FALSE
477.2642FALSE
475.2477FALSE
477.2641FALSE
475.2478FALSE
477.2642FALSE
475.2461FALSE
477.2646FALSE
475.246FALSE
477.2643FALSE
475.2433FALSE
477.2642FALSE
477.2641FALSE
475.2477FALSE
477.2642FALSE
475.2478FALSE
475.2461FALSE
477.2646FALSE
475.246FALSE
477.2643FALSE
475.2433FALSE
477.2642FALSE
475.2477FALSE
477.2641FALSE
475.2478FALSE
477.2642FALSE
475.2461FALSE
477.2646FALSE
475.246FALSE
477.2643FALSE
475.2433FALSE
477.2642FALSE
477.2641FALSE
475.2477FALSE
477.2642FALSE
475.2478FALSE
477.2646FALSE
475.2461FALSE
477.2643FALSE
475.246FALSE
477.2642FALSE
475.2433FALSE
475.2477FALSE
477.2641FALSE
475.2478FALSE
477.2642FALSE
477.2646FALSE
475.2461FALSE
475.246FALSE
477.2643FALSE
475.2433FALSE
477.2642FALSE
$par
smooth_log_cases_lag1.bw         time_ind_lag0.bw 
               -2.141974                -2.028564 

$value
[1] 477.2641

$counts
function gradient 
      64       64 

$convergence
[1] 0

$message
[1] "CONVERGENCE: REL_REDUCTION_OF_F <= FACTR*EPSMCH"

475.2477FALSE
475.2478FALSE
475.2461FALSE
475.246FALSE
475.2433FALSE
475.2477FALSE
475.2478FALSE
475.2461FALSE
475.246FALSE
475.2433FALSE
475.2477FALSE
475.2478FALSE
475.2461FALSE
475.246FALSE
475.2433FALSE
475.2477FALSE
475.2478FALSE
475.2461FALSE
475.246FALSE
475.2433FALSE
475.2477FALSE
475.2478FALSE
475.2461FALSE
475.246FALSE
475.2433FALSE
475.2477FALSE
475.2478FALSE
475.2461FALSE
475.246FALSE
475.2433FALSE
475.2477FALSE
475.2478FALSE
475.2461FALSE
475.246FALSE
475.2433FALSE
475.2477FALSE
475.2478FALSE
475.2461FALSE
475.246FALSE
$par
smooth_log_cases_lag0.bw         time_ind_lag0.bw 
               -2.003853                -2.157157 

$value
[1] 475.2433

$counts
function gradient 
      71       71 

$convergence
[1] 52

$message
[1] "ERROR: ABNORMAL_TERMINATION_IN_LNSRCH"

523.2286FALSE
480.323FALSE
480.3161FALSE
523.219FALSE
480.3298FALSE
523.2382FALSE
480.3138FALSE
523.9944FALSE
480.3321FALSE
524.0289FALSE
480.3259FALSE
523.9599FALSE
480.3199FALSE
519.1825FALSE
479.5568FALSE
519.1791FALSE
479.5661FALSE
519.1859FALSE
479.5475FALSE
519.8805FALSE
479.5628FALSE
519.8937FALSE
479.5508FALSE
519.8676FALSE
479.5433FALSE
518.9216FALSE
479.5705FALSE
518.9205FALSE
477.1264FALSE
477.1275FALSE
518.9227FALSE
477.1254FALSE
518.9088FALSE
477.1252FALSE
518.9096FALSE
477.1276FALSE
518.9081FALSE
477.1133FALSE
518.9052FALSE
477.1396FALSE
518.9051FALSE
475.925FALSE
518.9054FALSE
475.9189FALSE
518.9049FALSE
518.9048FALSE
475.931FALSE
518.9049FALSE
475.9184FALSE
518.9048FALSE
475.9315FALSE
518.9048FALSE
475.9298FALSE
518.9048FALSE
475.9201FALSE
518.9048FALSE
479.3113FALSE
518.9048FALSE
479.3131FALSE
518.9048FALSE
$par
time_ind_lag0.bw 
       -1.484152 

$value
[1] 518.9048

$counts
function gradient 
      10       10 

$convergence
[1] 0

$message
[1] "CONVERGENCE: REL_REDUCTION_OF_F <= FACTR*EPSMCH"

479.3095FALSE
479.3119FALSE
479.3108FALSE
479.3236FALSE
479.299FALSE
475.9939FALSE
475.9979FALSE
475.9899FALSE
475.997FALSE
475.9908FALSE
475.9926FALSE
475.9953FALSE
475.8548FALSE
475.8562FALSE
475.8534FALSE
475.8554FALSE
475.8542FALSE
475.8536FALSE
475.856FALSE
475.85FALSE
475.8512FALSE
475.8487FALSE
475.8505FALSE
475.8495FALSE
475.849FALSE
475.8509FALSE
475.8875FALSE
475.8833FALSE
475.8917FALSE
475.8838FALSE
475.8912FALSE
475.893FALSE
475.882FALSE
475.8428FALSE
475.8439FALSE
475.8416FALSE
475.8431FALSE
475.8424FALSE
475.8422FALSE
475.8435FALSE
475.9359FALSE
475.9311FALSE
475.9407FALSE
475.9313FALSE
475.9405FALSE
475.941FALSE
475.9308FALSE
475.8401FALSE
475.8411FALSE
475.839FALSE
475.8404FALSE
475.8398FALSE
475.8398FALSE
475.8406FALSE
475.9549FALSE
475.9495FALSE
475.9603FALSE
475.9496FALSE
475.9603FALSE
475.9599FALSE
475.95FALSE
475.8378FALSE
475.8388FALSE
475.8368FALSE
475.838FALSE
475.8375FALSE
475.8375FALSE
475.8382FALSE
475.9013FALSE
475.8957FALSE
475.9068FALSE
475.8957FALSE
475.9069FALSE
475.9066FALSE
475.8959FALSE
475.8362FALSE
475.8372FALSE
475.8352FALSE
475.8364FALSE
475.8359FALSE
475.836FALSE
475.8365FALSE
475.87FALSE
475.8649FALSE
475.8751FALSE
475.8651FALSE
475.8749FALSE
475.8755FALSE
475.8645FALSE
475.8351FALSE
475.8361FALSE
475.8342FALSE
475.8354FALSE
475.8349FALSE
475.8349FALSE
475.8354FALSE
475.8518FALSE
475.8473FALSE
475.8569FALSE
475.8479FALSE
475.8568FALSE
475.8574FALSE
475.8462FALSE
475.8343FALSE
475.8353FALSE
475.8334FALSE
475.8345FALSE
475.8341FALSE
475.8341FALSE
475.8345FALSE
475.8425FALSE
475.838FALSE
475.847FALSE
475.8386FALSE
475.8463FALSE
475.8481FALSE
475.8368FALSE
475.8338FALSE
475.8347FALSE
475.8328FALSE
475.834FALSE
475.8335FALSE
475.8336FALSE
475.834FALSE
475.8372FALSE
475.8327FALSE
475.8417FALSE
475.8333FALSE
475.8411FALSE
475.8429FALSE
475.8318FALSE
475.8333FALSE
475.8342FALSE
475.8336FALSE
475.8335FALSE
475.8331FALSE
475.8348FALSE
475.8335FALSE
475.8872FALSE
475.8815FALSE
475.8929FALSE
475.8815FALSE
475.8929FALSE
475.8923FALSE
475.8821FALSE
475.8327FALSE
475.8337FALSE
475.8354FALSE
475.8329FALSE
475.8348FALSE
475.8366FALSE
475.833FALSE
475.8337FALSE
475.8339FALSE
475.8334FALSE
475.8328FALSE
475.8345FALSE
475.8331FALSE
475.8342FALSE
475.8323FALSE
475.8333FALSE
475.8329FALSE
475.8326FALSE
475.8323FALSE
475.834FALSE
475.8328FALSE
475.865FALSE
475.8645FALSE
475.8655FALSE
475.8629FALSE
475.8671FALSE
475.8636FALSE
475.8665FALSE
475.8325FALSE
475.833FALSE
475.8326FALSE
475.8323FALSE
475.8334FALSE
475.8328FALSE
475.833FALSE
475.8322FALSE
475.8332FALSE
475.8325FALSE
475.8325FALSE
475.8324FALSE
475.8334FALSE
475.8328FALSE
475.833FALSE
475.8332FALSE
475.8341FALSE
475.8321FALSE
475.8339FALSE
475.8342FALSE
475.8336FALSE
475.8318FALSE
475.8328FALSE
475.8328FALSE
475.8321FALSE
475.8327FALSE
475.833FALSE
475.8324FALSE
475.8318FALSE
475.8324FALSE
475.8328FALSE
475.8317FALSE
475.8327FALSE
475.833FALSE
475.8323FALSE
475.8314FALSE
475.8318FALSE
475.8324FALSE
475.8311FALSE
475.8323FALSE
475.8326FALSE
475.8319FALSE
475.83FALSE
475.8304FALSE
475.8298FALSE
475.8297FALSE
475.8309FALSE
475.8293FALSE
475.8307FALSE
475.8259FALSE
475.8265FALSE
475.8257FALSE
475.8258FALSE
475.8268FALSE
475.825FALSE
475.8268FALSE
476.0442FALSE
476.0365FALSE
476.0518FALSE
476.0394FALSE
476.049FALSE
476.0462FALSE
476.0421FALSE
475.8242FALSE
475.8248FALSE
475.824FALSE
475.824FALSE
475.8251FALSE
475.8232FALSE
475.8252FALSE
475.8615FALSE
475.8555FALSE
475.8676FALSE
475.8563FALSE
475.8668FALSE
475.8645FALSE
475.8586FALSE
475.8229FALSE
475.8232FALSE
475.8229FALSE
475.8225FALSE
475.8242FALSE
475.822FALSE
475.8243FALSE
475.9369FALSE
475.931FALSE
475.9427FALSE
475.932FALSE
475.9418FALSE
475.9412FALSE
475.9325FALSE
475.8213FALSE
475.8215FALSE
475.8229FALSE
475.8206FALSE
475.8225FALSE
475.8225FALSE
475.8226FALSE
475.8208FALSE
475.8218FALSE
475.8206FALSE
475.821FALSE
475.8217FALSE
475.8199FALSE
475.8219FALSE
475.8214FALSE
475.823FALSE
475.8199FALSE
475.8223FALSE
475.8205FALSE
475.8192FALSE
475.824FALSE
475.8206FALSE
475.8216FALSE
475.8196FALSE
475.8209FALSE
475.8205FALSE
475.8196FALSE
475.8222FALSE
475.8194FALSE
475.8204FALSE
475.8184FALSE
475.8196FALSE
475.8191FALSE
475.8184FALSE
475.8204FALSE
475.818FALSE
475.8168FALSE
475.8229FALSE
475.8161FALSE
475.8217FALSE
475.8232FALSE
475.8168FALSE
475.8191FALSE
475.8141FALSE
475.824FALSE
475.8155FALSE
475.8227FALSE
475.8242FALSE
475.8139FALSE
475.8181FALSE
475.8139FALSE
475.823FALSE
475.8144FALSE
475.8218FALSE
475.8232FALSE
475.8139FALSE
475.818FALSE
475.8161FALSE
475.8229FALSE
475.8153FALSE
475.8217FALSE
475.8232FALSE
475.8161FALSE
475.818FALSE
475.8155FALSE
475.8229FALSE
475.8148FALSE
475.8217FALSE
475.8232FALSE
475.8155FALSE
475.818FALSE
475.816FALSE
475.8229FALSE
475.8152FALSE
475.8217FALSE
475.8232FALSE
475.816FALSE
475.818FALSE
475.8161FALSE
475.8229FALSE
475.8153FALSE
475.8217FALSE
475.8232FALSE
475.8161FALSE
475.818FALSE
475.8161FALSE
475.8229FALSE
475.8153FALSE
475.8217FALSE
475.8232FALSE
475.8161FALSE
$par
smooth_log_cases_lag0.bw smooth_log_cases_lag1.bw         time_ind_lag0.bw 
               -1.717058                -1.779022                -2.104212 

$value
[1] 475.818

$counts
function gradient 
      55       55 

$convergence
[1] 0

$message
[1] "CONVERGENCE: REL_REDUCTION_OF_F <= FACTR*EPSMCH"

> 
> save(ssr_fit,
+     file=paste0("/home/ngr67a/2015-cdc-flu-competition/fit-competition-ssr-ph", prediction_horizon_limit, "-", data_set, ".Rdata"))
> 
> proc.time()
    user   system  elapsed 
2219.409    1.627 2264.451 
