
R version 3.2.2 (2015-08-14) -- "Fire Safety"
Copyright (C) 2015 The R Foundation for Statistical Computing
Platform: x86_64-pc-linux-gnu (64-bit)

R is free software and comes with ABSOLUTELY NO WARRANTY.
You are welcome to redistribute it under certain conditions.
Type 'license()' or 'licence()' for distribution details.

  Natural language support but running in an English locale

R is a collaborative project with many contributors.
Type 'contributors()' for more information and
'citation()' on how to cite R or R packages in publications.

Type 'demo()' for some demos, 'help()' for on-line help, or
'help.start()' for an HTML browser interface to help.
Type 'q()' to quit R.

> ### get ssr fit -- prediction horizons 1:52
> library(lubridate)
> library(ggplot2)
> library(plyr)

Attaching package: ‘plyr’

The following object is masked from ‘package:lubridate’:

    here

> library(dplyr)

Attaching package: ‘dplyr’

The following objects are masked from ‘package:plyr’:

    arrange, count, desc, failwith, id, mutate, rename, summarise,
    summarize

The following objects are masked from ‘package:lubridate’:

    intersect, setdiff, union

The following objects are masked from ‘package:stats’:

    filter, lag

The following objects are masked from ‘package:base’:

    intersect, setdiff, setequal, union

> library(reshape)

Attaching package: ‘reshape’

The following object is masked from ‘package:dplyr’:

    rename

The following objects are masked from ‘package:plyr’:

    rename, round_any

The following object is masked from ‘package:lubridate’:

    stamp

> library(ssrFlu)
> library(doMC)
Loading required package: foreach
Loading required package: iterators
Loading required package: parallel
> 
> registerDoMC(cores=3)
> 
> args <- commandArgs(trailingOnly=TRUE)
> 
> data_set <- args[1]
> prediction_horizon_limit <- as.integer(args[2])
> 
> ## load dataset
> if(identical(data_set, "ili_national")) {
+     data <- ili_national
+ } 
> if(identical(data_set, "ili_region1")) {
+     data <- ili_region1
+ } 
> if(identical(data_set, "ili_region2")) {
+     data <- ili_region2
+ } 
> if(identical(data_set, "ili_region3")) {
+     data <- ili_region3
+ } 
> if(identical(data_set, "ili_region4")) {
+     data <- ili_region4
+ } 
> if(identical(data_set, "ili_region5")) {
+     data <- ili_region5
+ } 
> if(identical(data_set, "ili_region6")) {
+     data <- ili_region6
+ } 
> if(identical(data_set, "ili_region7")) {
+     data <- ili_region7
+ } 
> if(identical(data_set, "ili_region8")) {
+     data <- ili_region8
+ } 
> if(identical(data_set, "ili_region9")) {
+     data <- ili_region9
+ } 
> if(identical(data_set, "ili_region10")) {
+     data <- ili_region10
+ } 
> 
> 
> 
> ## add log column
> data$log_total_cases <- log(data$total_cases + 1)
> 
> ## add week_start_date
> char_dates <- paste(data$year, data$week, "1")
> data$week_start_date <- as.Date(char_dates, format="%Y %W %w")
> 
> ## remove week 53s
> data <- data[-which(is.na(data$week_start_date)),]
> data <- data[262:nrow(data),]
> 
> ## add smooth log column -- or not, since it is already pretty smooth...
> sm <- loess(log_total_cases ~ as.numeric(week_start_date), data=data, span= 26 / nrow(data))
> data$smooth_log_cases <- sm$fitted
> 
> ## add time column
> data$time_ind <- seq_len(nrow(data))
> 
> ssr_control <- create_ssr_control(X_names=c("smooth_log_cases", "time_ind"),
+     y_names="total_cases",
+     time_name=NULL,
+     max_lag=list(smooth_log_cases=1,
+         time_ind=0),
+     prediction_horizons=as.integer(prediction_horizon_limit),
+     kernel_fns=list(smooth_log_cases="squared_exp_kernel",
+         time_ind="periodic_kernel"),
+     theta_est=list(smooth_log_cases="bw",
+         time_ind="bw"),
+     theta_fixed=list(time_ind=list(period=pi / 52)),
+     theta_transform_fns=list(
+         squared_exp_kernel=list(
+             bw=list(transform="log",
+                 detransform="exp")
+         ),
+         periodic_kernel=list(
+             bw=list(transform="log",
+                 detransform="exp")
+         )
+     ),
+     crossval_buffer=52,
+     loss_fn_name="mae_from_kernel_weights_and_centers",
+     loss_fn_args=list())
> 
> 
> ssr_fit <- ssr(X_names=c("smooth_log_cases", "time_ind"),
+     y_names="total_cases",
+     time_name=NULL,
+     data=data,
+     ssr_control=ssr_control)
501.227FALSE
484.0072FALSE
359.5988FALSE
501.2261FALSE
484.0085FALSE
359.5973FALSE
501.2279FALSE
484.0059FALSE
511.6229FALSE
486.6813FALSE
359.6003FALSE
511.6554FALSE
486.6748FALSE
511.5904FALSE
486.6878FALSE
369.1497FALSE
501.1359FALSE
501.1353FALSE
483.9011FALSE
369.1911FALSE
501.1368FALSE
483.9012FALSE
504.6888FALSE
483.901FALSE
369.1084FALSE
504.703FALSE
483.9047FALSE
504.6746FALSE
483.9043FALSE
359.2778FALSE
501.1132FALSE
483.905FALSE
359.2781FALSE
483.9009FALSE
501.1127FALSE
501.1137FALSE
359.2774FALSE
483.901FALSE
501.1255FALSE
359.2701FALSE
483.9008FALSE
501.1266FALSE
483.9008FALSE
359.2692FALSE
501.1244FALSE
483.9009FALSE
501.1004FALSE
359.271FALSE
501.1004FALSE
483.9006FALSE
359.2733FALSE
501.1005FALSE
483.9024FALSE
501.1002FALSE
359.2737FALSE
359.2728FALSE
483.902FALSE
501.1002FALSE
483.9027FALSE
359.2651FALSE
501.1003FALSE
483.9007FALSE
359.265FALSE
483.9008FALSE
501.1021FALSE
359.2651FALSE
483.9006FALSE
501.1025FALSE
483.9006FALSE
359.265FALSE
501.1017FALSE
483.9007FALSE
501.1002FALSE
359.265FALSE
483.9008FALSE
359.265FALSE
501.1002FALSE
483.9007FALSE
359.2654FALSE
501.1003FALSE
483.9008FALSE
501.1012FALSE
483.9006FALSE
359.2659FALSE
483.9006FALSE
501.1016FALSE
359.2649FALSE
483.9007FALSE
501.1009FALSE
483.9008FALSE
359.265FALSE
501.1002FALSE
501.1002FALSE
483.9006FALSE
501.1003FALSE
359.265FALSE
501.1007FALSE
483.9007FALSE
359.265FALSE
501.1011FALSE
483.9008FALSE
501.1004FALSE
359.265FALSE
483.9006FALSE
359.265FALSE
501.1002FALSE
483.9007FALSE
501.1002FALSE
359.265FALSE
483.9008FALSE
359.265FALSE
501.1002FALSE
483.9006FALSE
359.265FALSE
483.9007FALSE
501.1002FALSE
359.265FALSE
483.9008FALSE
359.265FALSE
501.1003FALSE
359.265FALSE
501.1002FALSE
483.9006FALSE
359.265FALSE
501.1002FALSE
359.265FALSE
483.9007FALSE
501.1002FALSE
359.265FALSE
483.9008FALSE
501.1002FALSE
359.265FALSE
483.9006FALSE
501.1002FALSE
359.265FALSE
483.9007FALSE
501.1002FALSE
483.9008FALSE
359.265FALSE
501.1002FALSE
$par
smooth_log_cases_lag0.bw 
               -2.130445 

$value
[1] 501.1002

$counts
function gradient 
      17       17 

$convergence
[1] 0

$message
[1] "CONVERGENCE: REL_REDUCTION_OF_F <= FACTR*EPSMCH"

483.9006FALSE
359.265FALSE
483.9007FALSE
359.265FALSE
483.9008FALSE
359.265FALSE
483.9006FALSE
359.265FALSE
483.9007FALSE
359.265FALSE
483.9008FALSE
359.265FALSE
483.9006FALSE
359.265FALSE
483.9007FALSE
483.9008FALSE
359.265FALSE
483.9006FALSE
359.265FALSE
483.9007FALSE
359.265FALSE
483.9008FALSE
359.265FALSE
483.9006FALSE
359.265FALSE
483.9007FALSE
359.265FALSE
483.9008FALSE
359.265FALSE
483.9006FALSE
359.265FALSE
483.9007FALSE
359.265FALSE
483.9008FALSE
$par
smooth_log_cases_lag1.bw 
               -2.465393 

$value
[1] 483.9006

$counts
function gradient 
      22       22 

$convergence
[1] 0

$message
[1] "CONVERGENCE: REL_REDUCTION_OF_F <= FACTR*EPSMCH"

359.265FALSE
359.265FALSE
359.265FALSE
359.265FALSE
359.265FALSE
359.265FALSE
359.265FALSE
359.265FALSE
359.265FALSE
359.265FALSE
359.265FALSE
359.265FALSE
$par
time_ind_lag0.bw 
       -2.109934 

$value
[1] 359.265

$counts
function gradient 
      23       23 

$convergence
[1] 0

$message
[1] "CONVERGENCE: REL_REDUCTION_OF_F <= FACTR*EPSMCH"

334.9171FALSE
330.4831FALSE
334.939FALSE
330.5055FALSE
334.895FALSE
330.4606FALSE
334.918FALSE
330.4843FALSE
334.9161FALSE
330.4818FALSE
331.0484FALSE
328.4601FALSE
331.0298FALSE
328.4416FALSE
331.067FALSE
328.4785FALSE
331.0709FALSE
328.4776FALSE
331.0259FALSE
328.4425FALSE
329.0686FALSE
325.0696FALSE
329.0609FALSE
325.051FALSE
329.0761FALSE
325.0881FALSE
329.0751FALSE
325.0846FALSE
329.062FALSE
330.4634FALSE
325.0545FALSE
330.4632FALSE
344.7348FALSE
330.4635FALSE
344.7534FALSE
344.7162FALSE
330.4652FALSE
344.7312FALSE
330.4616FALSE
344.7385FALSE
328.6891FALSE
328.7064FALSE
326.3136FALSE
328.6717FALSE
326.3239FALSE
326.3029FALSE
328.6731FALSE
326.3041FALSE
328.7052FALSE
326.3228FALSE
328.9484FALSE
325.6283FALSE
328.9384FALSE
328.9582FALSE
325.6343FALSE
328.9569FALSE
325.6222FALSE
328.9398FALSE
325.6219FALSE
328.6494FALSE
325.6346FALSE
328.6364FALSE
327.6769FALSE
328.6622FALSE
327.6598FALSE
328.6606FALSE
327.6939FALSE
328.6381FALSE
327.6978FALSE
328.6198FALSE
327.6559FALSE
328.6373FALSE
326.0929FALSE
328.6248FALSE
326.0886FALSE
328.6232FALSE
326.0971FALSE
328.6358FALSE
326.0953FALSE
328.8509FALSE
326.0904FALSE
328.8396FALSE
325.1547FALSE
328.8621FALSE
325.166FALSE
328.8606FALSE
325.1434FALSE
328.841FALSE
325.1434FALSE
328.6354FALSE
325.166FALSE
328.6225FALSE
324.8181FALSE
328.6484FALSE
324.8294FALSE
328.6468FALSE
324.8347FALSE
328.6241FALSE
324.8324FALSE
328.6153FALSE
324.8276FALSE
328.6328FALSE
325.0828FALSE
328.6281FALSE
325.0943FALSE
328.6265FALSE
325.0712FALSE
328.6313FALSE
325.072FALSE
328.6165FALSE
325.0941FALSE
328.6306FALSE
324.8307FALSE
324.8421FALSE
328.6295FALSE
328.6279FALSE
324.8194FALSE
328.6291FALSE
324.8212FALSE
328.6152FALSE
324.8403FALSE
328.6327FALSE
324.8187FALSE
328.6282FALSE
324.83FALSE
328.6265FALSE
324.8336FALSE
328.6312FALSE
324.8313FALSE
328.6152FALSE
328.6327FALSE
324.8283FALSE
328.6282FALSE
324.8181FALSE
328.6265FALSE
324.8294FALSE
328.6312FALSE
324.8347FALSE
328.6158FALSE
324.8323FALSE
328.6317FALSE
324.8277FALSE
328.6288FALSE
324.8181FALSE
328.6272FALSE
324.8294FALSE
328.6302FALSE
324.8347FALSE
324.8324FALSE
328.6152FALSE
324.8276FALSE
328.6327FALSE
324.8181FALSE
328.6282FALSE
324.8294FALSE
324.8347FALSE
328.6266FALSE
328.6312FALSE
324.8324FALSE
324.8276FALSE
328.6152FALSE
324.8181FALSE
328.6327FALSE
328.6282FALSE
324.8294FALSE
324.8347FALSE
328.6266FALSE
324.8324FALSE
328.6312FALSE
324.8276FALSE
328.6152FALSE
324.8181FALSE
328.6327FALSE
324.8294FALSE
324.8347FALSE
328.6282FALSE
324.8324FALSE
328.6266FALSE
324.8276FALSE
328.6312FALSE
324.8181FALSE
328.6163FALSE
324.8294FALSE
328.6304FALSE
324.8347FALSE
328.6293FALSE
324.8324FALSE
328.628FALSE
328.6289FALSE
324.8276FALSE
324.8181FALSE
328.6153FALSE
324.8294FALSE
328.6325FALSE
324.8347FALSE
328.6283FALSE
324.8324FALSE
328.6266FALSE
324.8276FALSE
328.631FALSE
324.8181FALSE
328.6152FALSE
324.8294FALSE
328.6327FALSE
324.8347FALSE
328.6282FALSE
324.8324FALSE
328.6266FALSE
324.8276FALSE
328.6312FALSE
324.8181FALSE
328.6152FALSE
324.8294FALSE
328.6327FALSE
324.8347FALSE
328.6282FALSE
324.8324FALSE
324.8276FALSE
328.6266FALSE
328.6312FALSE
324.8181FALSE
328.6152FALSE
324.8294FALSE
328.6327FALSE
324.8347FALSE
328.6282FALSE
324.8324FALSE
324.8276FALSE
328.6266FALSE
324.8181FALSE
328.6312FALSE
324.8294FALSE
328.6152FALSE
328.6327FALSE
324.8347FALSE
328.6282FALSE
324.8324FALSE
328.6266FALSE
324.8276FALSE
328.6312FALSE
324.8181FALSE
328.6152FALSE
324.8294FALSE
328.6327FALSE
324.8347FALSE
328.6282FALSE
324.8324FALSE
328.6266FALSE
324.8276FALSE
328.6312FALSE
324.8181FALSE
328.6152FALSE
324.8294FALSE
328.6327FALSE
324.8347FALSE
328.6282FALSE
324.8324FALSE
328.6266FALSE
324.8276FALSE
328.6312FALSE
324.8181FALSE
328.6152FALSE
324.8294FALSE
328.6327FALSE
324.8347FALSE
328.6282FALSE
324.8324FALSE
328.6266FALSE
324.8276FALSE
328.6312FALSE
324.8181FALSE
328.6152FALSE
324.8294FALSE
328.6327FALSE
324.8347FALSE
328.6282FALSE
324.8324FALSE
328.6266FALSE
324.8276FALSE
328.6312FALSE
324.8181FALSE
328.6152FALSE
324.8294FALSE
328.6327FALSE
324.8347FALSE
324.8324FALSE
328.6282FALSE
324.8276FALSE
328.6266FALSE
324.8181FALSE
328.6312FALSE
328.6152FALSE
324.8294FALSE
328.6327FALSE
324.8347FALSE
328.6282FALSE
324.8324FALSE
328.6266FALSE
324.8276FALSE
328.6312FALSE
363.5869FALSE
328.6152FALSE
363.5905FALSE
328.6327FALSE
363.5832FALSE
328.6282FALSE
363.5869FALSE
328.6266FALSE
363.5869FALSE
328.6312FALSE
325.9397FALSE
328.6152FALSE
325.9394FALSE
328.6327FALSE
325.94FALSE
328.6282FALSE
325.939FALSE
328.6266FALSE
325.9404FALSE
328.6312FALSE
325.0276FALSE
325.0391FALSE
328.6152FALSE
325.016FALSE
328.6327FALSE
325.017FALSE
328.6282FALSE
325.0382FALSE
328.6266FALSE
324.828FALSE
328.6312FALSE
328.6152FALSE
324.8393FALSE
328.6327FALSE
324.8174FALSE
328.6282FALSE
324.8185FALSE
328.6266FALSE
324.8376FALSE
328.6312FALSE
324.8186FALSE
328.6152FALSE
324.8299FALSE
328.6327FALSE
324.8339FALSE
328.6282FALSE
324.8315FALSE
328.6266FALSE
324.8281FALSE
328.6312FALSE
324.8181FALSE
328.6152FALSE
328.6327FALSE
324.8294FALSE
328.6282FALSE
324.8347FALSE
328.6266FALSE
324.8324FALSE
328.6312FALSE
324.8276FALSE
328.6152FALSE
324.8181FALSE
328.6327FALSE
324.8294FALSE
328.6282FALSE
324.8347FALSE
328.6266FALSE
324.8324FALSE
328.6312FALSE
324.8276FALSE
328.6152FALSE
324.8181FALSE
328.6327FALSE
324.8294FALSE
328.6282FALSE
324.8347FALSE
328.6266FALSE
324.8324FALSE
328.6312FALSE
$par
smooth_log_cases_lag1.bw         time_ind_lag0.bw 
               -2.955959                -2.393323 

$value
[1] 328.6152

$counts
function gradient 
      38       38 

$convergence
[1] 0

$message
[1] "CONVERGENCE: REL_REDUCTION_OF_F <= FACTR*EPSMCH"

324.8276FALSE
324.8181FALSE
324.8294FALSE
324.8347FALSE
324.8324FALSE
324.8276FALSE
324.8181FALSE
324.8294FALSE
324.8347FALSE
324.8324FALSE
324.8276FALSE
324.8181FALSE
324.8294FALSE
324.8347FALSE
324.8324FALSE
324.8276FALSE
324.8181FALSE
324.8294FALSE
324.8347FALSE
324.8324FALSE
324.8276FALSE
324.8181FALSE
324.8294FALSE
324.8347FALSE
324.8324FALSE
324.8276FALSE
324.8181FALSE
324.8294FALSE
324.8347FALSE
324.8324FALSE
324.8276FALSE
324.8181FALSE
324.8294FALSE
324.8347FALSE
324.8324FALSE
324.8276FALSE
324.8181FALSE
324.8294FALSE
324.8347FALSE
324.8324FALSE
324.8276FALSE
324.8181FALSE
324.8294FALSE
324.8347FALSE
324.8324FALSE
324.8276FALSE
324.8181FALSE
324.8294FALSE
324.8347FALSE
324.8324FALSE
324.8276FALSE
324.8181FALSE
324.8294FALSE
324.8347FALSE
324.8324FALSE
324.8276FALSE
324.8181FALSE
324.8294FALSE
324.8347FALSE
324.8324FALSE
324.8276FALSE
$par
smooth_log_cases_lag0.bw         time_ind_lag0.bw 
               -2.939747                -2.362054 

$value
[1] 324.8181

$counts
function gradient 
      50       50 

$convergence
[1] 52

$message
[1] "ERROR: ABNORMAL_TERMINATION_IN_LNSRCH"

359.6981FALSE
325.9054FALSE
359.6964FALSE
325.8973FALSE
359.6997FALSE
325.9135FALSE
366.9506FALSE
325.9044FALSE
366.982FALSE
325.9065FALSE
366.9192FALSE
325.9104FALSE
359.2767FALSE
325.9004FALSE
359.2749FALSE
329.1622FALSE
359.2785FALSE
329.1496FALSE
359.341FALSE
329.1747FALSE
359.3415FALSE
329.1505FALSE
359.3404FALSE
329.1738FALSE
359.2774FALSE
329.1909FALSE
359.2777FALSE
329.1333FALSE
359.277FALSE
326.1326FALSE
359.5065FALSE
326.14FALSE
359.5048FALSE
326.1251FALSE
359.5083FALSE
326.1329FALSE
359.2738FALSE
326.1323FALSE
359.2742FALSE
326.1222FALSE
359.2733FALSE
359.2695FALSE
326.1429FALSE
359.27FALSE
325.4323FALSE
359.269FALSE
325.4189FALSE
359.3624FALSE
325.4456FALSE
359.3601FALSE
325.4302FALSE
359.3647FALSE
325.4344FALSE
359.2657FALSE
325.4434FALSE
359.2662FALSE
325.421FALSE
359.2651FALSE
325.3963FALSE
359.2651FALSE
325.4073FALSE
359.2651FALSE
325.3852FALSE
359.2651FALSE
325.3969FALSE
359.265FALSE
325.3957FALSE
359.265FALSE
359.2651FALSE
325.3836FALSE
359.2687FALSE
325.409FALSE
359.2692FALSE
325.3334FALSE
359.2682FALSE
325.326FALSE
359.265FALSE
325.3474FALSE
359.265FALSE
325.3312FALSE
359.265FALSE
359.265FALSE
325.3356FALSE
359.2649FALSE
325.3454FALSE
359.265FALSE
325.3275FALSE
359.2664FALSE
325.3527FALSE
359.267FALSE
325.3636FALSE
359.2659FALSE
325.3417FALSE
359.265FALSE
325.3533FALSE
359.2649FALSE
325.3521FALSE
359.265FALSE
325.3402FALSE
359.265FALSE
325.3652FALSE
359.2649FALSE
325.3334FALSE
359.265FALSE
359.2654FALSE
325.326FALSE
359.2659FALSE
325.3474FALSE
359.2649FALSE
325.3312FALSE
359.265FALSE
325.3356FALSE
359.265FALSE
325.3454FALSE
359.265FALSE
325.3275FALSE
359.2672FALSE
364.327FALSE
359.2678FALSE
364.327FALSE
359.2667FALSE
364.327FALSE
359.265FALSE
364.3288FALSE
359.265FALSE
364.3251FALSE
359.265FALSE
364.327FALSE
359.265FALSE
364.327FALSE
359.265FALSE
346.4075FALSE
359.265FALSE
359.265FALSE
346.409FALSE
359.265FALSE
346.406FALSE
359.265FALSE
346.4261FALSE
359.265FALSE
346.3888FALSE
359.265FALSE
346.4075FALSE
346.4075FALSE
359.265FALSE
328.7975FALSE
359.265FALSE
328.7952FALSE
359.265FALSE
328.7995FALSE
359.265FALSE
328.7944FALSE
359.265FALSE
328.8005FALSE
359.265FALSE
328.8019FALSE
359.265FALSE
359.265FALSE
328.7926FALSE
359.265FALSE
326.5687FALSE
359.265FALSE
326.57FALSE
359.265FALSE
326.5673FALSE
359.265FALSE
326.5678FALSE
359.265FALSE
326.5696FALSE
359.265FALSE
326.5643FALSE
359.265FALSE
359.265FALSE
326.573FALSE
359.265FALSE
325.5806FALSE
359.265FALSE
325.5914FALSE
359.265FALSE
325.5696FALSE
359.265FALSE
325.5811FALSE
359.265FALSE
325.58FALSE
359.265FALSE
325.5675FALSE
359.265FALSE
325.5937FALSE
359.265FALSE
325.3503FALSE
359.265FALSE
325.3613FALSE
359.265FALSE
325.3394FALSE
359.265FALSE
325.3509FALSE
359.265FALSE
325.3497FALSE
359.265FALSE
325.3378FALSE
359.265FALSE
325.3629FALSE
359.265FALSE
$par
time_ind_lag0.bw 
       -2.109934 

$value
[1] 359.265

$counts
function gradient 
      35       35 

$convergence
[1] 0

$message
[1] "CONVERGENCE: REL_REDUCTION_OF_F <= FACTR*EPSMCH"

325.3241FALSE
325.3341FALSE
325.3381FALSE
325.3238FALSE
325.3264FALSE
325.3362FALSE
325.3356FALSE
325.3244FALSE
325.3353FALSE
325.3366FALSE
325.325FALSE
325.3248FALSE
325.3346FALSE
325.3368FALSE
325.3239FALSE
325.3342FALSE
325.3379FALSE
325.3239FALSE
325.3262FALSE
325.336FALSE
325.3357FALSE
325.3245FALSE
325.3354FALSE
325.3362FALSE
325.3251FALSE
325.3245FALSE
325.3343FALSE
325.3369FALSE
325.3238FALSE
325.3343FALSE
325.3378FALSE
325.324FALSE
325.3261FALSE
325.3359FALSE
325.3358FALSE
325.3238FALSE
325.3343FALSE
325.3378FALSE
325.324FALSE
325.326FALSE
325.3359FALSE
325.3358FALSE
325.3239FALSE
325.3349FALSE
325.337FALSE
325.3245FALSE
325.3253FALSE
325.3351FALSE
325.3364FALSE
325.3247FALSE
325.3356FALSE
325.3356FALSE
325.3253FALSE
325.3241FALSE
325.3336FALSE
325.3371FALSE
325.324FALSE
325.3349FALSE
325.3369FALSE
325.3246FALSE
325.3252FALSE
325.335FALSE
325.3364FALSE
325.3239FALSE
325.3349FALSE
325.337FALSE
325.3245FALSE
325.3253FALSE
325.3351FALSE
325.3364FALSE
325.3239FALSE
325.3349FALSE
325.337FALSE
325.3245FALSE
325.3253FALSE
325.3351FALSE
325.3364FALSE
325.3239FALSE
325.3349FALSE
325.337FALSE
325.3245FALSE
325.3253FALSE
325.3351FALSE
325.3364FALSE
325.3239FALSE
325.3349FALSE
325.337FALSE
325.3245FALSE
325.3253FALSE
325.3351FALSE
325.3364FALSE
325.3239FALSE
325.3349FALSE
325.337FALSE
325.3245FALSE
325.3253FALSE
325.3351FALSE
325.3364FALSE
325.3239FALSE
325.3349FALSE
325.337FALSE
325.3245FALSE
325.3253FALSE
325.3351FALSE
325.3364FALSE
325.3239FALSE
325.3349FALSE
325.337FALSE
325.3245FALSE
325.3253FALSE
325.3351FALSE
325.3364FALSE
325.3239FALSE
325.3349FALSE
325.337FALSE
325.3245FALSE
325.3253FALSE
325.3351FALSE
325.3364FALSE
325.3239FALSE
325.3349FALSE
325.337FALSE
325.3245FALSE
325.3253FALSE
325.3351FALSE
325.3364FALSE
325.3239FALSE
325.3349FALSE
325.337FALSE
325.3245FALSE
325.3253FALSE
325.3351FALSE
325.3364FALSE
$par
smooth_log_cases_lag0.bw smooth_log_cases_lag1.bw         time_ind_lag0.bw 
               -2.904719                -2.298068                -2.383672 

$value
[1] 325.3239

$counts
function gradient 
      33       33 

$convergence
[1] 0

$message
[1] "CONVERGENCE: REL_REDUCTION_OF_F <= FACTR*EPSMCH"

> 
> save(ssr_fit,
+     file=paste0("/home/ngr67a/2015-cdc-flu-competition/fit-competition-ssr-ph", prediction_horizon_limit, "-", data_set, ".Rdata"))
> 
> proc.time()
    user   system  elapsed 
2099.249    2.016 1713.882 
