
R version 3.2.2 (2015-08-14) -- "Fire Safety"
Copyright (C) 2015 The R Foundation for Statistical Computing
Platform: x86_64-pc-linux-gnu (64-bit)

R is free software and comes with ABSOLUTELY NO WARRANTY.
You are welcome to redistribute it under certain conditions.
Type 'license()' or 'licence()' for distribution details.

  Natural language support but running in an English locale

R is a collaborative project with many contributors.
Type 'contributors()' for more information and
'citation()' on how to cite R or R packages in publications.

Type 'demo()' for some demos, 'help()' for on-line help, or
'help.start()' for an HTML browser interface to help.
Type 'q()' to quit R.

> ### get ssr fit -- prediction horizons 1:52
> library(lubridate)
> library(ggplot2)
> library(plyr)

Attaching package: ‘plyr’

The following object is masked from ‘package:lubridate’:

    here

> library(dplyr)

Attaching package: ‘dplyr’

The following objects are masked from ‘package:plyr’:

    arrange, count, desc, failwith, id, mutate, rename, summarise,
    summarize

The following objects are masked from ‘package:lubridate’:

    intersect, setdiff, union

The following objects are masked from ‘package:stats’:

    filter, lag

The following objects are masked from ‘package:base’:

    intersect, setdiff, setequal, union

> library(reshape)

Attaching package: ‘reshape’

The following object is masked from ‘package:dplyr’:

    rename

The following objects are masked from ‘package:plyr’:

    rename, round_any

The following object is masked from ‘package:lubridate’:

    stamp

> library(ssrFlu)
> library(doMC)
Loading required package: foreach
Loading required package: iterators
Loading required package: parallel
> 
> registerDoMC(cores=3)
> 
> args <- commandArgs(trailingOnly=TRUE)
> 
> data_set <- args[1]
> prediction_horizon_limit <- as.integer(args[2])
> 
> ## load dataset
> if(identical(data_set, "ili_national")) {
+     data <- ili_national
+ } 
> if(identical(data_set, "ili_region1")) {
+     data <- ili_region1
+ } 
> if(identical(data_set, "ili_region2")) {
+     data <- ili_region2
+ } 
> if(identical(data_set, "ili_region3")) {
+     data <- ili_region3
+ } 
> if(identical(data_set, "ili_region4")) {
+     data <- ili_region4
+ } 
> if(identical(data_set, "ili_region5")) {
+     data <- ili_region5
+ } 
> if(identical(data_set, "ili_region6")) {
+     data <- ili_region6
+ } 
> if(identical(data_set, "ili_region7")) {
+     data <- ili_region7
+ } 
> if(identical(data_set, "ili_region8")) {
+     data <- ili_region8
+ } 
> if(identical(data_set, "ili_region9")) {
+     data <- ili_region9
+ } 
> if(identical(data_set, "ili_region10")) {
+     data <- ili_region10
+ } 
> 
> 
> 
> ## add log column
> data$log_total_cases <- log(data$total_cases + 1)
> 
> ## add week_start_date
> char_dates <- paste(data$year, data$week, "1")
> data$week_start_date <- as.Date(char_dates, format="%Y %W %w")
> 
> ## remove week 53s
> data <- data[-which(is.na(data$week_start_date)),]
> data <- data[262:nrow(data),]
> 
> ## add smooth log column -- or not, since it is already pretty smooth...
> sm <- loess(log_total_cases ~ as.numeric(week_start_date), data=data, span= 26 / nrow(data))
> data$smooth_log_cases <- sm$fitted
> 
> ## add time column
> data$time_ind <- seq_len(nrow(data))
> 
> ssr_control <- create_ssr_control(X_names=c("smooth_log_cases", "time_ind"),
+     y_names="total_cases",
+     time_name=NULL,
+     max_lag=list(smooth_log_cases=1,
+         time_ind=0),
+     prediction_horizons=as.integer(prediction_horizon_limit),
+     kernel_fns=list(smooth_log_cases="squared_exp_kernel",
+         time_ind="periodic_kernel"),
+     theta_est=list(smooth_log_cases="bw",
+         time_ind="bw"),
+     theta_fixed=list(time_ind=list(period=pi / 52)),
+     theta_transform_fns=list(
+         squared_exp_kernel=list(
+             bw=list(transform="log",
+                 detransform="exp")
+         ),
+         periodic_kernel=list(
+             bw=list(transform="log",
+                 detransform="exp")
+         )
+     ),
+     crossval_buffer=52,
+     loss_fn_name="mae_from_kernel_weights_and_centers",
+     loss_fn_args=list())
> 
> 
> ssr_fit <- ssr(X_names=c("smooth_log_cases", "time_ind"),
+     y_names="total_cases",
+     time_name=NULL,
+     data=data,
+     ssr_control=ssr_control)
388.6506FALSE
389.0908FALSE
355.7789FALSE
388.6531FALSE
389.0924FALSE
355.7696FALSE
388.6481FALSE
389.0893FALSE
355.7882FALSE
412.3117FALSE
354.1397FALSE
408.4787FALSE
412.2788FALSE
408.4536FALSE
354.1674FALSE
412.3444FALSE
408.5038FALSE
354.1121FALSE
388.623FALSE
389.0731FALSE
353.5788FALSE
388.6232FALSE
389.0736FALSE
353.5702FALSE
388.6229FALSE
389.0727FALSE
353.5874FALSE
388.6227FALSE
350.802FALSE
389.07FALSE
388.6228FALSE
350.8013FALSE
389.0703FALSE
388.6225FALSE
389.0697FALSE
350.8028FALSE
388.6222FALSE
389.0906FALSE
350.8176FALSE
388.6222FALSE
389.0887FALSE
350.8193FALSE
388.6222FALSE
389.0924FALSE
350.816FALSE
388.6222FALSE
389.0693FALSE
350.7896FALSE
388.6222FALSE
389.0696FALSE
350.7898FALSE
388.6222FALSE
$par
smooth_log_cases_lag1.bw 
               -2.341753 

$value
[1] 388.6222

$counts
function gradient 
       6        6 

$convergence
[1] 0

$message
[1] "CONVERGENCE: REL_REDUCTION_OF_F <= FACTR*EPSMCH"

389.0691FALSE
350.7893FALSE
389.0904FALSE
350.7904FALSE
389.0885FALSE
350.79FALSE
389.0922FALSE
350.7908FALSE
389.0689FALSE
350.7891FALSE
389.0692FALSE
350.7894FALSE
350.789FALSE
389.0692FALSE
350.7902FALSE
389.0689FALSE
350.7898FALSE
389.0692FALSE
350.7906FALSE
389.0692FALSE
350.789FALSE
389.0689FALSE
350.7893FALSE
389.0692FALSE
350.7892FALSE
389.0692FALSE
$par
smooth_log_cases_lag0.bw 
               -2.336397 

$value
[1] 389.0689

$counts
function gradient 
      10       10 

$convergence
[1] 0

$message
[1] "CONVERGENCE: REL_REDUCTION_OF_F <= FACTR*EPSMCH"

350.789FALSE
350.7892FALSE
350.7892FALSE
350.789FALSE
350.7892FALSE
350.7892FALSE
$par
time_ind_lag0.bw 
       -1.589419 

$value
[1] 350.789

$counts
function gradient 
      12       12 

$convergence
[1] 0

$message
[1] "CONVERGENCE: REL_REDUCTION_OF_F <= FACTR*EPSMCH"

354.1862FALSE
352.837FALSE
354.1783FALSE
352.8294FALSE
354.1942FALSE
352.8446FALSE
354.1933FALSE
352.8465FALSE
354.1792FALSE
352.8274FALSE
353.7725FALSE
351.7062FALSE
353.7759FALSE
351.7086FALSE
353.7689FALSE
351.7038FALSE
353.7647FALSE
351.6998FALSE
353.7802FALSE
351.7126FALSE
351.1427FALSE
349.4694FALSE
351.1444FALSE
349.4663FALSE
351.1413FALSE
349.4726FALSE
351.139FALSE
349.4654FALSE
351.1465FALSE
349.4734FALSE
351.9006FALSE
350.1564FALSE
351.8952FALSE
350.155FALSE
351.906FALSE
350.1577FALSE
351.9069FALSE
350.1636FALSE
351.8942FALSE
350.1491FALSE
350.7909FALSE
349.0619FALSE
350.7919FALSE
349.0614FALSE
349.0625FALSE
350.79FALSE
349.0622FALSE
350.7903FALSE
349.0617FALSE
350.7916FALSE
349.0465FALSE
350.7876FALSE
349.0462FALSE
350.7877FALSE
349.0469FALSE
350.7875FALSE
349.0471FALSE
350.7889FALSE
349.0465FALSE
350.7863FALSE
349.1689FALSE
350.7697FALSE
349.1744FALSE
350.77FALSE
350.7694FALSE
349.1634FALSE
350.7701FALSE
349.1651FALSE
350.7693FALSE
349.1727FALSE
350.7484FALSE
349.0326FALSE
350.7488FALSE
349.0316FALSE
350.7479FALSE
349.0335FALSE
350.7483FALSE
349.0322FALSE
350.7484FALSE
349.0329FALSE
351.8948FALSE
350.3221FALSE
351.8878FALSE
350.3249FALSE
351.9018FALSE
350.3193FALSE
351.8936FALSE
350.3166FALSE
351.896FALSE
350.3276FALSE
350.7458FALSE
349.0294FALSE
350.7463FALSE
350.7473FALSE
349.0283FALSE
350.7459FALSE
349.0305FALSE
350.7458FALSE
349.0291FALSE
350.7472FALSE
349.0297FALSE
350.7477FALSE
349.0248FALSE
350.7468FALSE
349.0237FALSE
350.7472FALSE
349.0261FALSE
350.7472FALSE
349.0245FALSE
350.746FALSE
349.0253FALSE
350.7465FALSE
349.546FALSE
350.7462FALSE
349.5509FALSE
350.746FALSE
349.541FALSE
350.746FALSE
349.5417FALSE
350.7524FALSE
349.5503FALSE
350.7488FALSE
349.024FALSE
350.7559FALSE
349.0231FALSE
350.7541FALSE
349.0249FALSE
350.7507FALSE
349.0233FALSE
350.746FALSE
349.0247FALSE
350.7464FALSE
349.0094FALSE
350.7465FALSE
349.0086FALSE
350.746FALSE
349.0102FALSE
350.7459FALSE
349.0088FALSE
350.746FALSE
349.0101FALSE
350.7464FALSE
349.3124FALSE
350.746FALSE
349.317FALSE
350.746FALSE
349.3079FALSE
350.7459FALSE
349.3086FALSE
350.7455FALSE
350.7462FALSE
349.3163FALSE
350.7448FALSE
349.0077FALSE
350.7456FALSE
349.0073FALSE
350.7455FALSE
349.0084FALSE
350.7598FALSE
349.0068FALSE
350.7614FALSE
349.0087FALSE
350.7581FALSE
349.0075FALSE
350.7591FALSE
349.0122FALSE
350.7604FALSE
349.0028FALSE
350.7454FALSE
349.0041FALSE
350.7462FALSE
349.0109FALSE
350.7447FALSE
348.9991FALSE
350.7455FALSE
348.9985FALSE
350.7454FALSE
348.9997FALSE
350.7453FALSE
348.9982FALSE
350.7461FALSE
349FALSE
350.7445FALSE
348.9856FALSE
350.7454FALSE
348.9847FALSE
350.7453FALSE
348.9865FALSE
350.7456FALSE
348.9846FALSE
350.7467FALSE
348.9866FALSE
350.7445FALSE
348.9831FALSE
350.7453FALSE
348.9822FALSE
350.7461FALSE
348.984FALSE
350.7449FALSE
348.9822FALSE
350.7459FALSE
348.9841FALSE
350.7439FALSE
348.9814FALSE
350.7449FALSE
350.7449FALSE
348.985FALSE
348.9824FALSE
350.7451FALSE
350.7461FALSE
348.9804FALSE
350.744FALSE
348.9834FALSE
350.745FALSE
348.9648FALSE
350.7451FALSE
348.9638FALSE
350.7448FALSE
348.9657FALSE
350.7458FALSE
348.9655FALSE
350.7438FALSE
348.964FALSE
348.9567FALSE
350.7449FALSE
350.7448FALSE
348.9553FALSE
348.958FALSE
350.7449FALSE
348.9571FALSE
350.746FALSE
348.9562FALSE
350.7439FALSE
349.4038FALSE
350.7449FALSE
349.4082FALSE
350.745FALSE
349.3994FALSE
350.7448FALSE
349.3999FALSE
350.7458FALSE
349.4077FALSE
350.7438FALSE
348.9515FALSE
350.7449FALSE
348.9501FALSE
350.7448FALSE
350.7493FALSE
348.9529FALSE
350.7507FALSE
348.952FALSE
350.748FALSE
348.951FALSE
348.9551FALSE
350.7487FALSE
348.9593FALSE
350.7499FALSE
348.9508FALSE
350.7448FALSE
348.9528FALSE
350.7458FALSE
348.9574FALSE
350.7437FALSE
348.9498FALSE
350.7448FALSE
348.9486FALSE
350.7448FALSE
348.9512FALSE
350.7447FALSE
348.9503FALSE
350.7458FALSE
348.9493FALSE
350.7437FALSE
348.9511FALSE
350.7448FALSE
350.7448FALSE
348.9553FALSE
350.7445FALSE
348.949FALSE
350.7456FALSE
348.9494FALSE
350.7435FALSE
348.9533FALSE
350.7446FALSE
348.949FALSE
350.7446FALSE
348.9508FALSE
350.7439FALSE
348.9505FALSE
350.7449FALSE
348.9495FALSE
350.7428FALSE
348.9485FALSE
350.7438FALSE
349.0521FALSE
350.7439FALSE
349.0567FALSE
350.741FALSE
349.0475FALSE
350.7422FALSE
349.0486FALSE
350.7399FALSE
349.0556FALSE
350.741FALSE
348.9493FALSE
350.7411FALSE
348.9535FALSE
348.9497FALSE
350.7321FALSE
348.9487FALSE
350.7334FALSE
348.9516FALSE
350.7308FALSE
348.9487FALSE
350.7319FALSE
348.9519FALSE
350.7324FALSE
348.9502FALSE
350.9208FALSE
348.9492FALSE
350.9149FALSE
348.9495FALSE
350.9267FALSE
348.9497FALSE
350.9171FALSE
348.9492FALSE
350.9245FALSE
348.9511FALSE
350.7267FALSE
348.9502FALSE
350.7281FALSE
348.9497FALSE
350.7252FALSE
348.9488FALSE
350.7265FALSE
348.9516FALSE
350.7269FALSE
348.9503FALSE
350.7224FALSE
348.9493FALSE
350.7238FALSE
348.9493FALSE
350.721FALSE
348.9487FALSE
350.7222FALSE
348.9519FALSE
350.7226FALSE
348.9502FALSE
350.7534FALSE
348.9492FALSE
350.75FALSE
348.9495FALSE
350.7582FALSE
348.9487FALSE
350.753FALSE
348.9519FALSE
350.754FALSE
348.9502FALSE
350.7184FALSE
348.9492FALSE
350.72FALSE
348.9495FALSE
350.7169FALSE
348.9487FALSE
350.7182FALSE
348.9519FALSE
350.7187FALSE
348.9502FALSE
350.7177FALSE
348.9492FALSE
350.719FALSE
348.9495FALSE
350.7165FALSE
348.9487FALSE
350.717FALSE
348.9519FALSE
350.7184FALSE
348.9502FALSE
350.8473FALSE
348.9492FALSE
350.8421FALSE
348.9495FALSE
350.8527FALSE
348.9487FALSE
350.8462FALSE
348.9519FALSE
350.8488FALSE
348.9502FALSE
350.7162FALSE
348.9492FALSE
350.7175FALSE
348.9495FALSE
350.715FALSE
348.9487FALSE
350.7155FALSE
348.9519FALSE
350.7169FALSE
348.9502FALSE
350.7148FALSE
348.9492FALSE
350.7161FALSE
348.9495FALSE
350.7136FALSE
348.9487FALSE
350.7142FALSE
348.9519FALSE
350.7156FALSE
348.9502FALSE
350.7743FALSE
348.9492FALSE
350.7694FALSE
348.9495FALSE
350.7792FALSE
348.9487FALSE
350.774FALSE
348.9519FALSE
350.7746FALSE
348.9502FALSE
350.7142FALSE
348.9492FALSE
350.7155FALSE
348.9495FALSE
350.7142FALSE
348.9487FALSE
350.7136FALSE
348.9519FALSE
350.7161FALSE
348.9502FALSE
350.8241FALSE
348.9492FALSE
350.8197FALSE
348.9495FALSE
350.8288FALSE
348.9487FALSE
350.8254FALSE
348.9519FALSE
350.8231FALSE
348.9502FALSE
350.7179FALSE
348.9492FALSE
350.7143FALSE
348.9495FALSE
350.7221FALSE
348.9487FALSE
350.719FALSE
348.9519FALSE
350.7172FALSE
348.9502FALSE
350.7136FALSE
348.9492FALSE
350.7147FALSE
348.9495FALSE
350.7152FALSE
348.9487FALSE
350.713FALSE
348.9519FALSE
350.7153FALSE
348.9502FALSE
350.7262FALSE
348.9492FALSE
350.7231FALSE
348.9495FALSE
350.7294FALSE
348.9487FALSE
350.728FALSE
348.9519FALSE
350.7245FALSE
348.9502FALSE
350.713FALSE
350.7137FALSE
348.9492FALSE
350.7164FALSE
348.9495FALSE
350.7143FALSE
348.9487FALSE
350.7131FALSE
348.9519FALSE
350.7133FALSE
348.9502FALSE
350.7144FALSE
348.9492FALSE
350.7145FALSE
348.9495FALSE
350.7128FALSE
348.9487FALSE
350.7138FALSE
348.9519FALSE
350.7128FALSE
348.9502FALSE
348.9492FALSE
350.7139FALSE
348.9495FALSE
350.716FALSE
348.9487FALSE
350.7139FALSE
348.9519FALSE
350.7133FALSE
350.7135FALSE
348.9502FALSE
350.7146FALSE
348.9492FALSE
350.7137FALSE
348.9495FALSE
$par
smooth_log_cases_lag0.bw         time_ind_lag0.bw 
               -1.688643                -1.896949 

$value
[1] 348.9487

$counts
function gradient 
      50       50 

$convergence
[1] 0

$message
[1] "CONVERGENCE: REL_REDUCTION_OF_F <= FACTR*EPSMCH"

350.713FALSE
350.714FALSE
350.7128FALSE
350.714FALSE
350.7157FALSE
350.7137FALSE
350.7133FALSE
350.7128FALSE
350.7139FALSE
350.716FALSE
350.7139FALSE
350.7133FALSE
350.7128FALSE
350.7139FALSE
350.716FALSE
350.7139FALSE
350.7133FALSE
350.7128FALSE
350.7139FALSE
350.716FALSE
350.7139FALSE
350.7133FALSE
350.7128FALSE
350.7139FALSE
350.716FALSE
350.7139FALSE
350.7133FALSE
350.7128FALSE
350.7139FALSE
350.716FALSE
350.7139FALSE
350.7133FALSE
350.7128FALSE
350.7139FALSE
350.716FALSE
350.7139FALSE
350.7133FALSE
350.7128FALSE
350.7139FALSE
350.716FALSE
350.7139FALSE
350.7133FALSE
350.7128FALSE
350.7139FALSE
350.716FALSE
350.7139FALSE
350.7133FALSE
350.7128FALSE
350.7139FALSE
350.716FALSE
350.7139FALSE
350.7133FALSE
350.7128FALSE
350.7139FALSE
350.716FALSE
350.7139FALSE
350.7133FALSE
350.7128FALSE
350.7139FALSE
350.716FALSE
350.7139FALSE
350.7133FALSE
350.7128FALSE
350.7139FALSE
350.716FALSE
350.7139FALSE
350.7133FALSE
350.7128FALSE
350.7139FALSE
350.716FALSE
350.7139FALSE
350.7133FALSE
350.7128FALSE
350.7139FALSE
350.716FALSE
350.7139FALSE
350.7133FALSE
350.7128FALSE
350.7139FALSE
350.716FALSE
350.7139FALSE
350.7133FALSE
350.7128FALSE
350.7139FALSE
350.716FALSE
350.7139FALSE
350.7133FALSE
350.7128FALSE
350.7139FALSE
350.716FALSE
350.7139FALSE
350.7133FALSE
$par
smooth_log_cases_lag1.bw         time_ind_lag0.bw 
               -1.980860                -1.889063 

$value
[1] 350.7128

$counts
function gradient 
      69       69 

$convergence
[1] 0

$message
[1] "CONVERGENCE: REL_REDUCTION_OF_F <= FACTR*EPSMCH"

352.301FALSE
353.9873FALSE
352.2938FALSE
353.9856FALSE
352.3082FALSE
353.989FALSE
384.0875FALSE
353.979FALSE
384.2197FALSE
383.9554FALSE
353.9955FALSE
350.917FALSE
353.9883FALSE
350.9135FALSE
353.9863FALSE
350.9204FALSE
350.3748FALSE
351.2225FALSE
351.2315FALSE
350.3788FALSE
351.2136FALSE
350.3709FALSE
350.79FALSE
350.3752FALSE
350.7896FALSE
350.3745FALSE
350.7904FALSE
350.3706FALSE
350.7911FALSE
350.7913FALSE
350.379FALSE
350.7908FALSE
350.0018FALSE
350.789FALSE
350.0008FALSE
350.7893FALSE
350.0029FALSE
350.7891FALSE
350.789FALSE
350.0002FALSE
350.7892FALSE
350.0034FALSE
350.7894FALSE
350.0056FALSE
350.789FALSE
350.7892FALSE
349.998FALSE
350.7892FALSE
349.7221FALSE
350.789FALSE
349.7219FALSE
350.7892FALSE
350.7892FALSE
349.7223FALSE
350.789FALSE
349.721FALSE
350.7892FALSE
349.7232FALSE
350.7892FALSE
349.7233FALSE
350.789FALSE
349.7208FALSE
350.7892FALSE
349.4947FALSE
350.7892FALSE
350.789FALSE
349.4941FALSE
350.7892FALSE
349.4952FALSE
350.7892FALSE
349.4938FALSE
350.789FALSE
349.4956FALSE
350.7892FALSE
350.7892FALSE
349.4954FALSE
350.789FALSE
349.494FALSE
350.7892FALSE
350.0447FALSE
350.7892FALSE
350.789FALSE
350.0494FALSE
350.7892FALSE
350.04FALSE
350.7892FALSE
350.0447FALSE
350.789FALSE
350.7892FALSE
350.0447FALSE
350.7892FALSE
350.0386FALSE
350.789FALSE
350.0508FALSE
350.7892FALSE
349.4502FALSE
350.7892FALSE
349.4541FALSE
350.789FALSE
349.4462FALSE
350.7892FALSE
349.45FALSE
350.7892FALSE
349.4504FALSE
350.789FALSE
349.4466FALSE
350.7892FALSE
349.4538FALSE
350.7892FALSE
350.789FALSE
349.3194FALSE
350.7892FALSE
349.3182FALSE
350.7892FALSE
349.3206FALSE
350.789FALSE
349.3186FALSE
350.7892FALSE
349.3202FALSE
350.7892FALSE
349.3195FALSE
350.789FALSE
349.3194FALSE
350.7892FALSE
349.3683FALSE
350.7892FALSE
349.3724FALSE
350.789FALSE
349.3641FALSE
350.7892FALSE
349.3681FALSE
350.7892FALSE
349.3685FALSE
350.789FALSE
349.3656FALSE
350.7892FALSE
349.3713FALSE
350.7892FALSE
$par
time_ind_lag0.bw 
       -1.589419 

$value
[1] 350.789

$counts
function gradient 
      25       25 

$convergence
[1] 0

$message
[1] "CONVERGENCE: REL_REDUCTION_OF_F <= FACTR*EPSMCH"

349.308FALSE
349.3122FALSE
349.305FALSE
349.3078FALSE
349.3082FALSE
349.3058FALSE
349.3102FALSE
349.2332FALSE
349.2321FALSE
349.2343FALSE
349.2327FALSE
349.2337FALSE
349.2339FALSE
349.2325FALSE
349.1452FALSE
349.1442FALSE
349.1463FALSE
349.145FALSE
349.1455FALSE
349.1459FALSE
349.1446FALSE
349.1035FALSE
349.1025FALSE
349.1045FALSE
349.1033FALSE
349.1037FALSE
349.1041FALSE
349.1028FALSE
349.0764FALSE
349.0757FALSE
349.0771FALSE
349.0763FALSE
349.0765FALSE
349.076FALSE
349.0768FALSE
349.0553FALSE
349.0542FALSE
349.0563FALSE
349.0552FALSE
349.0553FALSE
349.0553FALSE
349.0552FALSE
349.0195FALSE
349.0185FALSE
349.0205FALSE
349.0195FALSE
349.0196FALSE
349.021FALSE
349.0181FALSE
349.0665FALSE
349.0705FALSE
349.0625FALSE
349.0665FALSE
349.0665FALSE
349.0663FALSE
349.0666FALSE
349.0036FALSE
349.0023FALSE
349.0049FALSE
349.0036FALSE
349.0036FALSE
349.0051FALSE
349.0022FALSE
348.9965FALSE
348.9952FALSE
348.9979FALSE
348.9965FALSE
348.9966FALSE
348.998FALSE
348.9951FALSE
348.9917FALSE
348.9902FALSE
348.9931FALSE
348.9916FALSE
348.9917FALSE
348.9931FALSE
348.9902FALSE
349.025FALSE
349.0291FALSE
349.0208FALSE
349.025FALSE
349.025FALSE
349.0249FALSE
349.025FALSE
348.9895FALSE
348.9921FALSE
348.991FALSE
348.9895FALSE
348.9895FALSE
348.991FALSE
348.9889FALSE
349.0063FALSE
349.0107FALSE
349.002FALSE
349.0063FALSE
349.0063FALSE
349.004FALSE
349.0088FALSE
348.983FALSE
348.9869FALSE
348.9791FALSE
348.983FALSE
348.983FALSE
348.9819FALSE
348.9841FALSE
349.1119FALSE
349.11FALSE
349.1139FALSE
349.1119FALSE
349.112FALSE
349.1103FALSE
349.1136FALSE
348.9671FALSE
348.9658FALSE
348.9684FALSE
348.9671FALSE
348.9672FALSE
348.9676FALSE
348.9666FALSE
348.9626FALSE
348.9611FALSE
348.964FALSE
348.9626FALSE
348.9626FALSE
348.963FALSE
348.9622FALSE
348.9867FALSE
348.9905FALSE
348.9828FALSE
348.9867FALSE
348.9867FALSE
348.9856FALSE
348.9878FALSE
348.9619FALSE
348.9608FALSE
348.963FALSE
348.9619FALSE
348.9619FALSE
348.9627FALSE
348.9611FALSE
348.9722FALSE
348.9765FALSE
348.9679FALSE
348.9722FALSE
348.9722FALSE
348.9708FALSE
348.9736FALSE
348.9604FALSE
348.9599FALSE
348.9616FALSE
348.9604FALSE
348.9605FALSE
348.9612FALSE
348.9596FALSE
349.0456FALSE
349.05FALSE
349.0412FALSE
349.0456FALSE
349.0456FALSE
349.042FALSE
349.0492FALSE
348.9622FALSE
348.9666FALSE
348.9579FALSE
348.9622FALSE
348.9622FALSE
348.9609FALSE
348.9636FALSE
348.959FALSE
348.962FALSE
348.9601FALSE
348.9589FALSE
348.959FALSE
348.9598FALSE
348.959FALSE
348.9708FALSE
348.9751FALSE
348.9665FALSE
348.9708FALSE
348.9708FALSE
348.9685FALSE
348.9731FALSE
348.9587FALSE
348.9631FALSE
348.9581FALSE
348.9587FALSE
348.9587FALSE
348.9578FALSE
348.96FALSE
348.9579FALSE
348.9613FALSE
348.9591FALSE
348.9579FALSE
348.958FALSE
348.9588FALSE
348.9583FALSE
348.9581FALSE
348.9588FALSE
348.9592FALSE
348.9581FALSE
348.9581FALSE
348.9589FALSE
348.9573FALSE
348.958FALSE
348.9608FALSE
348.9591FALSE
348.958FALSE
348.958FALSE
348.9588FALSE
348.9577FALSE
348.9579FALSE
348.9612FALSE
348.9591FALSE
348.9579FALSE
348.958FALSE
348.9588FALSE
348.9582FALSE
348.9579FALSE
348.9613FALSE
348.9591FALSE
348.9579FALSE
348.958FALSE
348.9588FALSE
348.9583FALSE
348.9579FALSE
348.9613FALSE
348.9591FALSE
348.9579FALSE
348.958FALSE
348.9588FALSE
348.9583FALSE
348.9579FALSE
348.9613FALSE
348.9591FALSE
348.9579FALSE
348.958FALSE
348.9588FALSE
348.9583FALSE
348.9579FALSE
348.9613FALSE
348.9591FALSE
348.9579FALSE
348.958FALSE
348.9588FALSE
348.9583FALSE
348.9579FALSE
348.9613FALSE
348.9591FALSE
348.9579FALSE
348.958FALSE
348.9588FALSE
348.9583FALSE
348.9579FALSE
348.9613FALSE
348.9591FALSE
348.9579FALSE
348.958FALSE
348.9588FALSE
348.9583FALSE
348.9579FALSE
348.9613FALSE
348.9591FALSE
348.9579FALSE
348.958FALSE
348.9588FALSE
348.9583FALSE
348.9579FALSE
348.9613FALSE
348.9591FALSE
348.9579FALSE
348.958FALSE
348.9588FALSE
348.9583FALSE
348.9579FALSE
348.9613FALSE
348.9591FALSE
348.9579FALSE
348.958FALSE
348.9588FALSE
348.9583FALSE
348.9579FALSE
348.9613FALSE
348.9591FALSE
348.9579FALSE
348.958FALSE
348.9588FALSE
348.9583FALSE
348.9579FALSE
348.9613FALSE
348.9591FALSE
348.9579FALSE
348.958FALSE
348.9588FALSE
348.9583FALSE
348.9579FALSE
348.9613FALSE
348.9591FALSE
348.9579FALSE
348.958FALSE
348.9588FALSE
348.9583FALSE
348.9579FALSE
348.9613FALSE
348.9591FALSE
348.9579FALSE
348.958FALSE
348.9588FALSE
348.9583FALSE
348.9579FALSE
348.9613FALSE
348.9591FALSE
348.9579FALSE
348.958FALSE
348.9588FALSE
348.9583FALSE
348.9579FALSE
348.9613FALSE
348.9591FALSE
348.9579FALSE
348.958FALSE
348.9588FALSE
348.9583FALSE
348.9579FALSE
348.9613FALSE
348.9591FALSE
348.9579FALSE
348.958FALSE
348.9588FALSE
348.9583FALSE
348.9579FALSE
348.9613FALSE
348.9591FALSE
348.9579FALSE
348.958FALSE
348.9588FALSE
348.9583FALSE
356.2701FALSE
356.2574FALSE
356.2827FALSE
356.27FALSE
356.2701FALSE
356.2685FALSE
356.2715FALSE
349.0363FALSE
349.0353FALSE
349.0373FALSE
349.0363FALSE
349.0363FALSE
349.0364FALSE
349.0362FALSE
348.9708FALSE
348.9695FALSE
348.972FALSE
348.9708FALSE
348.9708FALSE
348.9712FALSE
348.9704FALSE
348.9593FALSE
348.9582FALSE
348.9604FALSE
348.9593FALSE
348.9593FALSE
348.9602FALSE
348.9585FALSE
348.9582FALSE
348.9604FALSE
348.9593FALSE
348.9581FALSE
348.9582FALSE
348.959FALSE
348.9573FALSE
348.958FALSE
348.9612FALSE
348.9591FALSE
348.9579FALSE
348.958FALSE
348.9588FALSE
348.9582FALSE
348.9579FALSE
348.9613FALSE
348.9591FALSE
348.9579FALSE
348.958FALSE
348.9588FALSE
348.9583FALSE
348.9579FALSE
348.9613FALSE
348.9591FALSE
348.9579FALSE
348.958FALSE
348.9588FALSE
348.9583FALSE
348.9579FALSE
348.9613FALSE
348.9591FALSE
348.9579FALSE
348.958FALSE
348.9588FALSE
348.9583FALSE
348.9579FALSE
348.9613FALSE
348.9591FALSE
348.9579FALSE
348.958FALSE
348.9588FALSE
348.9583FALSE
348.9579FALSE
348.9613FALSE
348.9591FALSE
348.9579FALSE
348.958FALSE
348.9588FALSE
348.9583FALSE
348.9579FALSE
348.9613FALSE
348.9591FALSE
348.9579FALSE
348.958FALSE
348.9588FALSE
348.9583FALSE
348.9579FALSE
348.9613FALSE
348.9591FALSE
348.9579FALSE
348.958FALSE
348.9588FALSE
348.9583FALSE
348.9579FALSE
348.9613FALSE
348.9591FALSE
348.9579FALSE
348.958FALSE
348.9588FALSE
348.9583FALSE
348.9579FALSE
348.9613FALSE
348.9591FALSE
348.9579FALSE
348.958FALSE
348.9588FALSE
348.9583FALSE
348.9579FALSE
348.9613FALSE
348.9591FALSE
348.9579FALSE
348.958FALSE
348.9588FALSE
348.9583FALSE
348.9579FALSE
348.9613FALSE
348.9591FALSE
348.9579FALSE
348.958FALSE
348.9588FALSE
348.9583FALSE
348.9579FALSE
348.9613FALSE
348.9591FALSE
348.9579FALSE
348.958FALSE
348.9588FALSE
348.9583FALSE
348.9579FALSE
348.9613FALSE
348.9591FALSE
348.9579FALSE
348.958FALSE
348.9588FALSE
348.9583FALSE
348.9579FALSE
348.9613FALSE
348.9591FALSE
348.9579FALSE
348.958FALSE
348.9588FALSE
348.9583FALSE
$par
smooth_log_cases_lag0.bw smooth_log_cases_lag1.bw         time_ind_lag0.bw 
               -1.683350                 1.073482                -1.886432 

$value
[1] 348.9579

$counts
function gradient 
      77       77 

$convergence
[1] 52

$message
[1] "ERROR: ABNORMAL_TERMINATION_IN_LNSRCH"

> 
> save(ssr_fit,
+     file=paste0("/home/ngr67a/2015-cdc-flu-competition/fit-competition-ssr-ph", prediction_horizon_limit, "-", data_set, ".Rdata"))
> 
> proc.time()
    user   system  elapsed 
2221.067    1.461 2765.657 
