
R version 3.2.2 (2015-08-14) -- "Fire Safety"
Copyright (C) 2015 The R Foundation for Statistical Computing
Platform: x86_64-pc-linux-gnu (64-bit)

R is free software and comes with ABSOLUTELY NO WARRANTY.
You are welcome to redistribute it under certain conditions.
Type 'license()' or 'licence()' for distribution details.

  Natural language support but running in an English locale

R is a collaborative project with many contributors.
Type 'contributors()' for more information and
'citation()' on how to cite R or R packages in publications.

Type 'demo()' for some demos, 'help()' for on-line help, or
'help.start()' for an HTML browser interface to help.
Type 'q()' to quit R.

> ### get ssr fit -- prediction horizons 1:52
> library(lubridate)
> library(ggplot2)
> library(plyr)

Attaching package: ‘plyr’

The following object is masked from ‘package:lubridate’:

    here

> library(dplyr)

Attaching package: ‘dplyr’

The following objects are masked from ‘package:plyr’:

    arrange, count, desc, failwith, id, mutate, rename, summarise,
    summarize

The following objects are masked from ‘package:lubridate’:

    intersect, setdiff, union

The following objects are masked from ‘package:stats’:

    filter, lag

The following objects are masked from ‘package:base’:

    intersect, setdiff, setequal, union

> library(reshape)

Attaching package: ‘reshape’

The following object is masked from ‘package:dplyr’:

    rename

The following objects are masked from ‘package:plyr’:

    rename, round_any

The following object is masked from ‘package:lubridate’:

    stamp

> library(ssrFlu)
> library(doMC)
Loading required package: foreach
Loading required package: iterators
Loading required package: parallel
> 
> registerDoMC(cores=3)
> 
> args <- commandArgs(trailingOnly=TRUE)
> 
> data_set <- args[1]
> prediction_horizon_limit <- as.integer(args[2])
> 
> ## load dataset
> if(identical(data_set, "ili_national")) {
+     data <- ili_national
+ } 
> if(identical(data_set, "ili_region1")) {
+     data <- ili_region1
+ } 
> if(identical(data_set, "ili_region2")) {
+     data <- ili_region2
+ } 
> if(identical(data_set, "ili_region3")) {
+     data <- ili_region3
+ } 
> if(identical(data_set, "ili_region4")) {
+     data <- ili_region4
+ } 
> if(identical(data_set, "ili_region5")) {
+     data <- ili_region5
+ } 
> if(identical(data_set, "ili_region6")) {
+     data <- ili_region6
+ } 
> if(identical(data_set, "ili_region7")) {
+     data <- ili_region7
+ } 
> if(identical(data_set, "ili_region8")) {
+     data <- ili_region8
+ } 
> if(identical(data_set, "ili_region9")) {
+     data <- ili_region9
+ } 
> if(identical(data_set, "ili_region10")) {
+     data <- ili_region10
+ } 
> 
> 
> 
> ## add log column
> data$log_total_cases <- log(data$total_cases + 1)
> 
> ## add week_start_date
> char_dates <- paste(data$year, data$week, "1")
> data$week_start_date <- as.Date(char_dates, format="%Y %W %w")
> 
> ## remove week 53s
> data <- data[-which(is.na(data$week_start_date)),]
> data <- data[262:nrow(data),]
> 
> ## add smooth log column -- or not, since it is already pretty smooth...
> sm <- loess(log_total_cases ~ as.numeric(week_start_date), data=data, span= 26 / nrow(data))
> data$smooth_log_cases <- sm$fitted
> 
> ## add time column
> data$time_ind <- seq_len(nrow(data))
> 
> ssr_control <- create_ssr_control(X_names=c("smooth_log_cases", "time_ind"),
+     y_names="total_cases",
+     time_name=NULL,
+     max_lag=list(smooth_log_cases=1,
+         time_ind=0),
+     prediction_horizons=as.integer(prediction_horizon_limit),
+     kernel_fns=list(smooth_log_cases="squared_exp_kernel",
+         time_ind="periodic_kernel"),
+     theta_est=list(smooth_log_cases="bw",
+         time_ind="bw"),
+     theta_fixed=list(time_ind=list(period=pi / 52)),
+     theta_transform_fns=list(
+         squared_exp_kernel=list(
+             bw=list(transform="log",
+                 detransform="exp")
+         ),
+         periodic_kernel=list(
+             bw=list(transform="log",
+                 detransform="exp")
+         )
+     ),
+     crossval_buffer=52,
+     loss_fn_name="mae_from_kernel_weights_and_centers",
+     loss_fn_args=list())
> 
> 
> ssr_fit <- ssr(X_names=c("smooth_log_cases", "time_ind"),
+     y_names="total_cases",
+     time_name=NULL,
+     data=data,
+     ssr_control=ssr_control)
459.7626FALSE
601.4731FALSE
594.575FALSE
459.7568FALSE
601.4592FALSE
594.5599FALSE
459.7684FALSE
601.487FALSE
594.5903FALSE
459.5357FALSE
593.5731FALSE
586.6407FALSE
459.5588FALSE
593.5786FALSE
459.5131FALSE
586.6483FALSE
593.5675FALSE
458.7446FALSE
586.6331FALSE
593.4782FALSE
458.7399FALSE
585.7519FALSE
593.4734FALSE
458.7493FALSE
585.7478FALSE
593.483FALSE
461.765FALSE
585.7559FALSE
593.2336FALSE
461.7992FALSE
585.6444FALSE
461.7308FALSE
593.2329FALSE
585.6455FALSE
457.1863FALSE
593.2342FALSE
585.6433FALSE
457.1834FALSE
593.2266FALSE
585.6279FALSE
457.1892FALSE
593.2266FALSE
585.6282FALSE
465.9407FALSE
585.6277FALSE
593.2266FALSE
466.0003FALSE
585.6264FALSE
593.2266FALSE
465.8812FALSE
585.6266FALSE
593.2266FALSE
457.0472FALSE
585.6263FALSE
593.2266FALSE
457.0487FALSE
585.6252FALSE
593.2266FALSE
457.0458FALSE
585.6252FALSE
593.2266FALSE
457.026FALSE
585.6252FALSE
593.2266FALSE
457.0261FALSE
585.6252FALSE
593.2266FALSE
457.0259FALSE
585.6252FALSE
593.2266FALSE
457.0265FALSE
585.6252FALSE
$par
smooth_log_cases_lag0.bw 
               -1.565309 

$value
[1] 585.6252

$counts
function gradient 
       8        8 

$convergence
[1] 0

$message
[1] "CONVERGENCE: REL_REDUCTION_OF_F <= FACTR*EPSMCH"

593.2266FALSE
$par
smooth_log_cases_lag1.bw 
               -1.432404 

$value
[1] 593.2266

$counts
function gradient 
       8        8 

$convergence
[1] 0

$message
[1] "CONVERGENCE: REL_REDUCTION_OF_F <= FACTR*EPSMCH"

457.0259FALSE
457.027FALSE
457.0259FALSE
457.026FALSE
457.0258FALSE
457.0259FALSE
457.026FALSE
457.0259FALSE
457.0258FALSE
457.0259FALSE
457.0263FALSE
457.0259FALSE
457.026FALSE
457.026FALSE
457.0259FALSE
457.026FALSE
457.026FALSE
457.0259FALSE
457.026FALSE
457.026FALSE
457.0259FALSE
457.026FALSE
457.026FALSE
457.0259FALSE
457.026FALSE
457.026FALSE
457.0259FALSE
457.026FALSE
457.026FALSE
457.0259FALSE
457.026FALSE
457.026FALSE
457.0259FALSE
457.026FALSE
457.026FALSE
457.0259FALSE
457.026FALSE
457.026FALSE
457.0259FALSE
457.026FALSE
457.026FALSE
457.0259FALSE
457.026FALSE
457.026FALSE
457.0259FALSE
457.026FALSE
457.026FALSE
457.0259FALSE
457.026FALSE
457.026FALSE
457.0259FALSE
457.026FALSE
457.026FALSE
457.0259FALSE
457.026FALSE
457.026FALSE
457.0259FALSE
457.026FALSE
457.026FALSE
457.0259FALSE
457.026FALSE
457.026FALSE
457.0259FALSE
457.026FALSE
457.026FALSE
457.0259FALSE
457.026FALSE
457.026FALSE
457.0259FALSE
457.026FALSE
457.026FALSE
457.0259FALSE
457.026FALSE
457.026FALSE
457.0259FALSE
457.026FALSE
457.026FALSE
457.0259FALSE
457.026FALSE
457.026FALSE
457.0259FALSE
457.026FALSE
457.026FALSE
457.0259FALSE
457.026FALSE
457.026FALSE
457.0259FALSE
457.026FALSE
457.026FALSE
457.0259FALSE
457.026FALSE
457.026FALSE
457.0259FALSE
457.026FALSE
457.026FALSE
457.0259FALSE
457.026FALSE
457.026FALSE
457.0259FALSE
457.026FALSE
457.026FALSE
457.0259FALSE
457.026FALSE
457.026FALSE
457.0259FALSE
457.026FALSE
457.026FALSE
457.0259FALSE
457.026FALSE
457.026FALSE
457.0259FALSE
457.026FALSE
457.026FALSE
457.0259FALSE
457.026FALSE
457.026FALSE
457.0259FALSE
457.026FALSE
457.026FALSE
457.0259FALSE
457.026FALSE
457.026FALSE
457.0259FALSE
457.026FALSE
457.026FALSE
457.0259FALSE
457.026FALSE
457.026FALSE
457.0259FALSE
457.026FALSE
457.026FALSE
457.0259FALSE
457.026FALSE
457.026FALSE
$par
time_ind_lag0.bw 
       -1.646009 

$value
[1] 457.0259

$counts
function gradient 
      53       53 

$convergence
[1] 52

$message
[1] "ERROR: ABNORMAL_TERMINATION_IN_LNSRCH"

489.9841FALSE
493.2354FALSE
489.9471FALSE
493.1923FALSE
490.0211FALSE
493.2785FALSE
489.9895FALSE
493.241FALSE
489.9787FALSE
493.2297FALSE
461.4903FALSE
464.1602FALSE
461.476FALSE
464.1452FALSE
464.1753FALSE
461.5046FALSE
464.1581FALSE
461.4884FALSE
464.1626FALSE
461.4921FALSE
457.0313FALSE
458.8233FALSE
457.0288FALSE
458.8172FALSE
457.0337FALSE
458.8295FALSE
457.0341FALSE
458.826FALSE
457.0294FALSE
458.8206FALSE
456.7919FALSE
457.6521FALSE
456.7912FALSE
457.6508FALSE
456.7925FALSE
457.6535FALSE
456.7904FALSE
457.651FALSE
456.7933FALSE
457.6532FALSE
456.7287FALSE
457.425FALSE
456.7284FALSE
457.4237FALSE
456.729FALSE
457.4262FALSE
456.7281FALSE
457.4233FALSE
456.7293FALSE
457.4266FALSE
456.7257FALSE
457.2137FALSE
456.7253FALSE
457.2135FALSE
456.7261FALSE
457.2139FALSE
456.7275FALSE
457.2175FALSE
456.7239FALSE
457.21FALSE
456.7161FALSE
457.0528FALSE
456.7157FALSE
457.0526FALSE
456.7164FALSE
457.053FALSE
456.7154FALSE
457.0515FALSE
456.7167FALSE
457.0542FALSE
456.7134FALSE
457.0184FALSE
456.7132FALSE
457.0184FALSE
456.7136FALSE
457.0184FALSE
456.7147FALSE
457.019FALSE
456.7122FALSE
457.018FALSE
456.7121FALSE
457.0153FALSE
456.7117FALSE
457.0153FALSE
456.7125FALSE
457.0152FALSE
456.7125FALSE
457.0148FALSE
457.0157FALSE
456.712FALSE
457.0157FALSE
456.7129FALSE
457.0157FALSE
456.7127FALSE
457.0156FALSE
456.7131FALSE
457.0162FALSE
456.7144FALSE
457.0152FALSE
456.7115FALSE
457.0144FALSE
457.0144FALSE
456.7094FALSE
457.0144FALSE
457.0147FALSE
456.7091FALSE
457.0149FALSE
456.7097FALSE
457.0144FALSE
456.7105FALSE
457.0144FALSE
457.0143FALSE
456.7083FALSE
457.0149FALSE
456.7018FALSE
457.0147FALSE
456.7017FALSE
457.0147FALSE
456.7019FALSE
457.0147FALSE
456.7012FALSE
457.0147FALSE
456.7026FALSE
457.0152FALSE
456.6971FALSE
457.0141FALSE
456.6969FALSE
457.0144FALSE
456.6972FALSE
457.0144FALSE
456.697FALSE
457.0144FALSE
456.6971FALSE
457.0149FALSE
456.6695FALSE
457.0146FALSE
456.6691FALSE
457.0144FALSE
456.6699FALSE
457.0144FALSE
456.6699FALSE
457.0143FALSE
456.6692FALSE
457.0149FALSE
456.8001FALSE
457.0147FALSE
456.8005FALSE
457.0144FALSE
456.7997FALSE
457.0144FALSE
456.8018FALSE
457.0143FALSE
456.7984FALSE
457.0149FALSE
456.6455FALSE
457.0147FALSE
456.6454FALSE
457.0144FALSE
457.0144FALSE
456.6455FALSE
457.0143FALSE
456.6472FALSE
457.0149FALSE
456.6437FALSE
457.0147FALSE
456.6448FALSE
457.0144FALSE
456.6444FALSE
457.0144FALSE
456.6452FALSE
457.0143FALSE
456.6465FALSE
457.0149FALSE
456.6431FALSE
457.0147FALSE
456.6437FALSE
457.0144FALSE
456.6437FALSE
457.0144FALSE
456.6437FALSE
457.0143FALSE
456.6455FALSE
457.0149FALSE
456.6418FALSE
457.0147FALSE
456.6437FALSE
457.0144FALSE
456.6437FALSE
457.0144FALSE
456.6437FALSE
457.0143FALSE
456.6455FALSE
457.0149FALSE
456.6418FALSE
457.0147FALSE
457.0144FALSE
456.6706FALSE
457.0144FALSE
456.6702FALSE
457.0143FALSE
456.6709FALSE
457.0149FALSE
456.671FALSE
457.0147FALSE
456.6701FALSE
457.0144FALSE
456.6427FALSE
457.0144FALSE
456.6423FALSE
457.0143FALSE
457.0149FALSE
456.6431FALSE
457.0147FALSE
456.6443FALSE
457.0144FALSE
456.641FALSE
457.0144FALSE
456.6332FALSE
457.0143FALSE
456.6328FALSE
457.0149FALSE
456.6336FALSE
457.0147FALSE
457.0144FALSE
456.6326FALSE
457.0144FALSE
456.6338FALSE
457.0143FALSE
456.6315FALSE
457.0149FALSE
456.6314FALSE
457.0147FALSE
456.6315FALSE
457.0144FALSE
456.631FALSE
457.0144FALSE
456.6319FALSE
457.0143FALSE
457.0149FALSE
456.6299FALSE
457.0147FALSE
456.6299FALSE
457.0144FALSE
456.63FALSE
457.0144FALSE
456.6302FALSE
457.0143FALSE
456.6297FALSE
457.0149FALSE
457.0147FALSE
456.6298FALSE
457.0144FALSE
456.6298FALSE
457.0144FALSE
456.6298FALSE
457.0143FALSE
456.6298FALSE
457.0149FALSE
456.6303FALSE
457.0147FALSE
457.0144FALSE
456.6295FALSE
457.0144FALSE
456.6295FALSE
457.0143FALSE
456.6296FALSE
457.0149FALSE
456.6298FALSE
457.0147FALSE
456.6299FALSE
457.0144FALSE
457.0144FALSE
456.6294FALSE
457.0143FALSE
456.6294FALSE
457.0149FALSE
456.6295FALSE
457.0147FALSE
456.6299FALSE
457.0144FALSE
456.629FALSE
457.0144FALSE
457.0143FALSE
456.6292FALSE
457.0149FALSE
456.6291FALSE
457.0147FALSE
$par
smooth_log_cases_lag0.bw         time_ind_lag0.bw 
               0.2648226               -1.6683886 

$value
[1] 457.0144

$counts
function gradient 
      30       30 

$convergence
[1] 0

$message
[1] "CONVERGENCE: REL_REDUCTION_OF_F <= FACTR*EPSMCH"

456.6293FALSE
456.6296FALSE
456.6288FALSE
456.6292FALSE
456.6294FALSE
456.6291FALSE
456.6297FALSE
456.6288FALSE
456.6287FALSE
456.6288FALSE
456.6288FALSE
456.6291FALSE
456.6283FALSE
456.6309FALSE
456.6309FALSE
456.631FALSE
456.6304FALSE
456.6315FALSE
456.6281FALSE
456.6281FALSE
456.6281FALSE
456.6285FALSE
456.6283FALSE
456.6281FALSE
456.6282FALSE
456.6281FALSE
456.6283FALSE
456.6285FALSE
456.628FALSE
456.6281FALSE
456.6281FALSE
456.6284FALSE
456.6283FALSE
456.6281FALSE
456.628FALSE
456.6281FALSE
456.6284FALSE
456.6284FALSE
456.628FALSE
456.6281FALSE
456.6281FALSE
456.6284FALSE
456.6283FALSE
456.6281FALSE
456.6282FALSE
456.6282FALSE
456.6283FALSE
456.6285FALSE
456.628FALSE
456.6281FALSE
456.6281FALSE
456.6284FALSE
456.6283FALSE
456.6281FALSE
456.6281FALSE
456.6281FALSE
456.6284FALSE
456.6284FALSE
456.628FALSE
456.6281FALSE
456.6281FALSE
456.6284FALSE
456.6283FALSE
456.628FALSE
456.6281FALSE
456.6281FALSE
456.6284FALSE
456.6283FALSE
456.628FALSE
456.6281FALSE
456.6281FALSE
456.6284FALSE
456.6283FALSE
456.628FALSE
456.6281FALSE
456.6281FALSE
456.6284FALSE
456.6283FALSE
456.628FALSE
456.6281FALSE
456.6281FALSE
456.6284FALSE
456.6283FALSE
456.628FALSE
456.6281FALSE
456.628FALSE
456.6284FALSE
456.6283FALSE
456.628FALSE
456.6281FALSE
456.6281FALSE
456.6284FALSE
456.6283FALSE
456.628FALSE
456.6281FALSE
456.6281FALSE
456.6284FALSE
456.6283FALSE
456.628FALSE
456.6281FALSE
456.6281FALSE
456.6284FALSE
456.6283FALSE
456.6283FALSE
456.6283FALSE
456.6283FALSE
456.6281FALSE
456.6288FALSE
456.628FALSE
456.6281FALSE
456.6281FALSE
456.6284FALSE
456.6283FALSE
456.628FALSE
456.6281FALSE
456.6281FALSE
456.6284FALSE
456.6283FALSE
456.628FALSE
456.6281FALSE
456.6281FALSE
456.6284FALSE
456.6283FALSE
456.628FALSE
456.6281FALSE
456.6281FALSE
456.6284FALSE
456.6283FALSE
456.628FALSE
456.6281FALSE
456.6281FALSE
456.6284FALSE
456.6283FALSE
456.628FALSE
456.6281FALSE
456.6281FALSE
456.6284FALSE
456.6283FALSE
456.628FALSE
456.6281FALSE
456.6281FALSE
456.6284FALSE
456.6283FALSE
456.628FALSE
456.6281FALSE
456.6281FALSE
456.6284FALSE
456.6283FALSE
456.628FALSE
456.6281FALSE
456.6281FALSE
456.6284FALSE
456.6283FALSE
456.628FALSE
456.6281FALSE
456.6281FALSE
456.6284FALSE
456.6283FALSE
456.628FALSE
456.6281FALSE
456.6281FALSE
456.6284FALSE
456.6283FALSE
456.628FALSE
456.6281FALSE
456.6281FALSE
456.6284FALSE
456.6283FALSE
456.628FALSE
456.6281FALSE
456.6281FALSE
456.6284FALSE
456.6283FALSE
456.628FALSE
456.6281FALSE
456.6281FALSE
456.6284FALSE
456.6283FALSE
456.628FALSE
456.6281FALSE
456.6281FALSE
456.6284FALSE
456.6283FALSE
456.628FALSE
456.6281FALSE
456.6281FALSE
456.6284FALSE
456.6283FALSE
456.628FALSE
456.6281FALSE
456.6281FALSE
456.6284FALSE
456.6283FALSE
456.628FALSE
456.6281FALSE
456.6281FALSE
456.6284FALSE
456.6283FALSE
456.628FALSE
456.6281FALSE
456.6281FALSE
456.6284FALSE
456.6283FALSE
456.6929FALSE
456.693FALSE
456.6928FALSE
456.691FALSE
456.6947FALSE
456.6282FALSE
456.6282FALSE
456.6282FALSE
456.6282FALSE
456.6286FALSE
456.628FALSE
456.6281FALSE
456.628FALSE
456.6284FALSE
456.6283FALSE
456.628FALSE
456.6281FALSE
456.6281FALSE
456.6284FALSE
456.6283FALSE
456.628FALSE
456.6281FALSE
456.6281FALSE
456.6284FALSE
456.6283FALSE
456.628FALSE
456.6281FALSE
456.6281FALSE
456.6284FALSE
456.6283FALSE
456.628FALSE
456.6281FALSE
456.6281FALSE
456.6284FALSE
456.6283FALSE
456.628FALSE
456.6281FALSE
456.6281FALSE
456.6284FALSE
456.6283FALSE
456.628FALSE
456.6281FALSE
456.6281FALSE
456.6284FALSE
456.6283FALSE
456.628FALSE
456.6281FALSE
456.6281FALSE
456.6284FALSE
456.6283FALSE
456.628FALSE
456.6281FALSE
456.6281FALSE
456.6284FALSE
456.6283FALSE
456.628FALSE
456.6281FALSE
456.6281FALSE
456.6284FALSE
456.6283FALSE
456.628FALSE
456.6281FALSE
456.6281FALSE
456.6284FALSE
456.6283FALSE
456.628FALSE
456.6281FALSE
456.6281FALSE
456.6284FALSE
456.6283FALSE
456.628FALSE
456.6281FALSE
456.6281FALSE
456.6284FALSE
456.6283FALSE
456.628FALSE
456.6281FALSE
456.6281FALSE
456.6284FALSE
456.6283FALSE
456.628FALSE
456.6281FALSE
456.6281FALSE
456.6284FALSE
456.6283FALSE
456.628FALSE
456.6281FALSE
456.6281FALSE
456.6284FALSE
456.6283FALSE
456.628FALSE
456.6281FALSE
456.6281FALSE
456.6284FALSE
456.6283FALSE
456.628FALSE
456.6281FALSE
456.6281FALSE
456.6284FALSE
456.6283FALSE
$par
smooth_log_cases_lag1.bw         time_ind_lag0.bw 
             -0.06763019              -1.66863413 

$value
[1] 456.628

$counts
function gradient 
      88       88 

$convergence
[1] 0

$message
[1] "CONVERGENCE: REL_REDUCTION_OF_F <= FACTR*EPSMCH"

457.0383FALSE
457.0379FALSE
493.2712FALSE
457.0388FALSE
523.3607FALSE
493.2284FALSE
523.5149FALSE
523.2063FALSE
493.314FALSE
457.0362FALSE
457.0357FALSE
493.2709FALSE
457.0367FALSE
457.0332FALSE
457.0326FALSE
493.2715FALSE
457.0337FALSE
464.1608FALSE
493.2765FALSE
464.2082FALSE
493.2659FALSE
464.1135FALSE
464.5313FALSE
457.0342FALSE
464.5152FALSE
457.0357FALSE
464.5473FALSE
457.0327FALSE
464.5305FALSE
457.0264FALSE
464.5321FALSE
457.0263FALSE
457.0264FALSE
464.5297FALSE
457.0261FALSE
464.5329FALSE
457.026FALSE
458.6891FALSE
457.0262FALSE
458.6843FALSE
457.0288FALSE
458.694FALSE
457.0301FALSE
458.6886FALSE
457.0276FALSE
458.6897FALSE
457.0258FALSE
458.6921FALSE
457.0258FALSE
457.0258FALSE
458.6867FALSE
457.026FALSE
457.8255FALSE
457.0258FALSE
457.8233FALSE
457.0261FALSE
457.8277FALSE
457.0258FALSE
457.8254FALSE
457.0258FALSE
457.8256FALSE
457.0257FALSE
457.8236FALSE
457.0258FALSE
457.8275FALSE
457.0258FALSE
457.3916FALSE
457.0258FALSE
457.0257FALSE
457.3903FALSE
457.0258FALSE
457.3929FALSE
457.0259FALSE
457.3916FALSE
457.0258FALSE
457.3917FALSE
457.0258FALSE
457.3905FALSE
457.0258FALSE
457.0258FALSE
457.3928FALSE
457.0258FALSE
457.0028FALSE
457.0258FALSE
457.0021FALSE
457.0258FALSE
457.0258FALSE
457.0035FALSE
457.0258FALSE
457.0027FALSE
457.0258FALSE
457.0028FALSE
457.0258FALSE
457.0258FALSE
457.0018FALSE
457.0258FALSE
457.0258FALSE
457.0037FALSE
457.0258FALSE
457.1039FALSE
457.0258FALSE
457.1037FALSE
457.0258FALSE
457.0258FALSE
457.104FALSE
457.0258FALSE
457.1041FALSE
457.0258FALSE
457.1036FALSE
457.0258FALSE
457.1085FALSE
457.0258FALSE
457.0258FALSE
457.0992FALSE
457.0258FALSE
456.925FALSE
457.0258FALSE
456.9246FALSE
457.0258FALSE
457.0258FALSE
456.9255FALSE
457.0258FALSE
457.0258FALSE
456.925FALSE
457.0258FALSE
456.9251FALSE
457.0258FALSE
456.9271FALSE
457.0258FALSE
457.0258FALSE
456.923FALSE
457.0258FALSE
456.8273FALSE
457.0258FALSE
456.827FALSE
457.0258FALSE
$par
time_ind_lag0.bw 
       -1.625919 

$value
[1] 457.0258

$counts
function gradient 
      26       26 

$convergence
[1] 0

$message
[1] "CONVERGENCE: REL_REDUCTION_OF_F <= FACTR*EPSMCH"

456.8276FALSE
456.8274FALSE
456.8271FALSE
456.8289FALSE
456.8256FALSE
456.8238FALSE
456.8237FALSE
456.824FALSE
456.824FALSE
456.8236FALSE
456.8218FALSE
456.8258FALSE
456.7715FALSE
456.7713FALSE
456.7717FALSE
456.7717FALSE
456.7713FALSE
456.7702FALSE
456.7728FALSE
456.7557FALSE
456.7555FALSE
456.7558FALSE
456.7557FALSE
456.7556FALSE
456.7573FALSE
456.754FALSE
456.7132FALSE
456.7131FALSE
456.7132FALSE
456.7133FALSE
456.713FALSE
456.7147FALSE
456.7116FALSE
456.8447FALSE
456.8446FALSE
456.8447FALSE
456.845FALSE
456.8444FALSE
456.8429FALSE
456.8464FALSE
456.7099FALSE
456.7098FALSE
456.71FALSE
456.7101FALSE
456.7098FALSE
456.7088FALSE
456.7111FALSE
456.6992FALSE
456.6992FALSE
456.6993FALSE
456.6994FALSE
456.6991FALSE
456.7007FALSE
456.6981FALSE
456.6887FALSE
456.6887FALSE
456.6888FALSE
456.6888FALSE
456.6886FALSE
456.6882FALSE
456.6892FALSE
456.6743FALSE
456.6743FALSE
456.6743FALSE
456.6744FALSE
456.6742FALSE
456.6737FALSE
456.6748FALSE
457.3121FALSE
457.3121FALSE
457.3121FALSE
457.3093FALSE
457.315FALSE
457.3139FALSE
457.3104FALSE
456.645FALSE
456.645FALSE
456.645FALSE
456.6449FALSE
456.645FALSE
456.6444FALSE
456.6455FALSE
456.6419FALSE
456.6419FALSE
456.6419FALSE
456.642FALSE
456.6417FALSE
456.6415FALSE
456.6422FALSE
456.6357FALSE
456.6357FALSE
456.6357FALSE
456.6353FALSE
456.6362FALSE
456.6358FALSE
456.6357FALSE
456.6322FALSE
456.6322FALSE
456.6322FALSE
456.6324FALSE
456.632FALSE
456.6327FALSE
456.6317FALSE
456.7107FALSE
456.7107FALSE
456.7107FALSE
456.7106FALSE
456.7108FALSE
456.7116FALSE
456.7099FALSE
456.6323FALSE
456.6323FALSE
456.6323FALSE
456.6322FALSE
456.6323FALSE
456.6325FALSE
456.632FALSE
456.6318FALSE
456.6318FALSE
456.6318FALSE
456.6317FALSE
456.6318FALSE
456.6322FALSE
456.6313FALSE
456.6373FALSE
456.6373FALSE
456.6373FALSE
456.6373FALSE
456.6373FALSE
456.636FALSE
456.6386FALSE
456.6313FALSE
456.6313FALSE
456.6313FALSE
456.6312FALSE
456.6314FALSE
456.6307FALSE
456.6318FALSE
456.6305FALSE
456.6305FALSE
456.6305FALSE
456.6304FALSE
456.6306FALSE
456.63FALSE
456.6311FALSE
456.6308FALSE
456.6307FALSE
456.6308FALSE
456.6307FALSE
456.6308FALSE
456.6311FALSE
456.6304FALSE
456.6297FALSE
456.6297FALSE
456.6297FALSE
456.6299FALSE
456.6298FALSE
456.6302FALSE
456.6293FALSE
456.7246FALSE
456.7246FALSE
456.7246FALSE
456.7248FALSE
456.7245FALSE
456.7229FALSE
456.7264FALSE
456.6305FALSE
456.6305FALSE
456.6305FALSE
456.6306FALSE
456.6304FALSE
456.63FALSE
456.6309FALSE
456.629FALSE
456.629FALSE
456.629FALSE
456.6292FALSE
456.629FALSE
456.6294FALSE
456.6292FALSE
456.6289FALSE
456.6289FALSE
456.6289FALSE
456.6289FALSE
456.6289FALSE
456.6289FALSE
456.6294FALSE
456.6287FALSE
456.6287FALSE
456.6287FALSE
456.6286FALSE
456.6287FALSE
456.629FALSE
456.629FALSE
456.6284FALSE
456.6284FALSE
456.6284FALSE
456.6284FALSE
456.6284FALSE
456.6288FALSE
456.6288FALSE
456.6283FALSE
456.6283FALSE
456.6283FALSE
456.6283FALSE
456.6284FALSE
456.6287FALSE
456.6287FALSE
456.6283FALSE
456.6283FALSE
456.6283FALSE
456.6283FALSE
456.6283FALSE
456.6286FALSE
456.6288FALSE
456.6282FALSE
456.6282FALSE
456.6282FALSE
456.6282FALSE
456.6283FALSE
456.6285FALSE
456.6287FALSE
456.6285FALSE
456.6285FALSE
456.6285FALSE
456.6287FALSE
456.6283FALSE
456.629FALSE
456.6284FALSE
456.6281FALSE
456.6281FALSE
456.6281FALSE
456.6281FALSE
456.6282FALSE
456.6285FALSE
456.6284FALSE
456.6298FALSE
456.6298FALSE
456.6298FALSE
456.63FALSE
456.6297FALSE
456.6303FALSE
456.6296FALSE
456.6281FALSE
456.6281FALSE
456.6281FALSE
456.628FALSE
456.6281FALSE
456.6285FALSE
456.6284FALSE
456.6281FALSE
456.6281FALSE
456.6281FALSE
456.6281FALSE
456.6281FALSE
456.6285FALSE
456.6283FALSE
456.6282FALSE
456.6281FALSE
456.6282FALSE
456.6283FALSE
456.628FALSE
456.6286FALSE
456.6284FALSE
456.628FALSE
456.628FALSE
456.628FALSE
456.6281FALSE
456.6281FALSE
456.6285FALSE
456.6283FALSE
456.6281FALSE
456.6281FALSE
456.6281FALSE
456.6281FALSE
456.6281FALSE
456.6283FALSE
456.6284FALSE
456.628FALSE
456.628FALSE
456.628FALSE
456.6281FALSE
456.6281FALSE
456.6284FALSE
456.6283FALSE
456.628FALSE
456.628FALSE
456.628FALSE
456.6281FALSE
456.6281FALSE
456.6284FALSE
456.6283FALSE
456.6281FALSE
456.6281FALSE
456.6281FALSE
456.6281FALSE
456.6281FALSE
456.6284FALSE
456.6284FALSE
456.628FALSE
456.628FALSE
456.628FALSE
456.6281FALSE
456.6281FALSE
456.6284FALSE
456.6283FALSE
456.6283FALSE
456.6283FALSE
456.6283FALSE
456.6282FALSE
456.6283FALSE
456.6282FALSE
456.6287FALSE
456.628FALSE
456.628FALSE
456.628FALSE
456.6281FALSE
456.6281FALSE
456.6284FALSE
456.6284FALSE
456.628FALSE
456.628FALSE
456.628FALSE
456.6281FALSE
456.6281FALSE
456.6284FALSE
456.6283FALSE
456.628FALSE
456.628FALSE
456.628FALSE
456.6281FALSE
456.6281FALSE
456.6284FALSE
456.6283FALSE
456.628FALSE
456.628FALSE
456.628FALSE
456.6281FALSE
456.6281FALSE
456.6284FALSE
456.6283FALSE
456.628FALSE
456.628FALSE
456.628FALSE
456.6281FALSE
456.6281FALSE
456.6284FALSE
456.6283FALSE
456.628FALSE
456.628FALSE
456.628FALSE
456.6281FALSE
456.6281FALSE
456.6284FALSE
456.6283FALSE
456.628FALSE
456.628FALSE
456.628FALSE
456.6281FALSE
456.6281FALSE
456.6284FALSE
456.6283FALSE
456.628FALSE
456.628FALSE
456.628FALSE
456.6281FALSE
456.6281FALSE
456.6284FALSE
456.6283FALSE
456.628FALSE
456.628FALSE
456.628FALSE
456.6281FALSE
456.6281FALSE
456.6284FALSE
456.6283FALSE
456.628FALSE
456.628FALSE
456.628FALSE
456.6281FALSE
456.6281FALSE
456.6284FALSE
456.6283FALSE
456.628FALSE
456.628FALSE
456.628FALSE
456.6281FALSE
456.6281FALSE
456.6284FALSE
456.6283FALSE
456.628FALSE
456.628FALSE
456.628FALSE
456.6281FALSE
456.6281FALSE
456.6284FALSE
456.6283FALSE
456.628FALSE
456.628FALSE
456.628FALSE
456.6281FALSE
456.6281FALSE
456.6284FALSE
456.6283FALSE
456.628FALSE
456.628FALSE
456.628FALSE
456.6281FALSE
456.6281FALSE
456.6284FALSE
456.6283FALSE
456.628FALSE
456.628FALSE
456.628FALSE
456.6281FALSE
456.6281FALSE
456.6284FALSE
456.6283FALSE
456.628FALSE
456.628FALSE
456.628FALSE
456.6281FALSE
456.6281FALSE
456.6284FALSE
456.6283FALSE
456.628FALSE
456.628FALSE
456.628FALSE
456.6281FALSE
456.6281FALSE
456.6284FALSE
456.6283FALSE
456.628FALSE
456.628FALSE
456.628FALSE
456.6281FALSE
456.6281FALSE
456.6284FALSE
456.6283FALSE
$par
smooth_log_cases_lag0.bw smooth_log_cases_lag1.bw         time_ind_lag0.bw 
              4.87564274              -0.06753598              -1.66862934 

$value
[1] 456.628

$counts
function gradient 
      71       71 

$convergence
[1] 0

$message
[1] "CONVERGENCE: REL_REDUCTION_OF_F <= FACTR*EPSMCH"

> 
> save(ssr_fit,
+     file=paste0("/home/ngr67a/2015-cdc-flu-competition/fit-competition-ssr-ph", prediction_horizon_limit, "-", data_set, ".Rdata"))
> 
> proc.time()
    user   system  elapsed 
1863.628    0.838 2442.201 
