
R version 3.2.2 (2015-08-14) -- "Fire Safety"
Copyright (C) 2015 The R Foundation for Statistical Computing
Platform: x86_64-pc-linux-gnu (64-bit)

R is free software and comes with ABSOLUTELY NO WARRANTY.
You are welcome to redistribute it under certain conditions.
Type 'license()' or 'licence()' for distribution details.

  Natural language support but running in an English locale

R is a collaborative project with many contributors.
Type 'contributors()' for more information and
'citation()' on how to cite R or R packages in publications.

Type 'demo()' for some demos, 'help()' for on-line help, or
'help.start()' for an HTML browser interface to help.
Type 'q()' to quit R.

> ### get ssr fit -- prediction horizons 1:52
> library(lubridate)
> library(ggplot2)
> library(plyr)

Attaching package: ‘plyr’

The following object is masked from ‘package:lubridate’:

    here

> library(dplyr)

Attaching package: ‘dplyr’

The following objects are masked from ‘package:plyr’:

    arrange, count, desc, failwith, id, mutate, rename, summarise,
    summarize

The following objects are masked from ‘package:lubridate’:

    intersect, setdiff, union

The following objects are masked from ‘package:stats’:

    filter, lag

The following objects are masked from ‘package:base’:

    intersect, setdiff, setequal, union

> library(reshape)

Attaching package: ‘reshape’

The following object is masked from ‘package:dplyr’:

    rename

The following objects are masked from ‘package:plyr’:

    rename, round_any

The following object is masked from ‘package:lubridate’:

    stamp

> library(ssrFlu)
> library(doMC)
Loading required package: foreach
Loading required package: iterators
Loading required package: parallel
> 
> registerDoMC(cores=3)
> 
> args <- commandArgs(trailingOnly=TRUE)
> 
> data_set <- args[1]
> prediction_horizon_limit <- as.integer(args[2])
> 
> ## load dataset
> if(identical(data_set, "ili_national")) {
+     data <- ili_national
+ } 
> if(identical(data_set, "ili_region1")) {
+     data <- ili_region1
+ } 
> if(identical(data_set, "ili_region2")) {
+     data <- ili_region2
+ } 
> if(identical(data_set, "ili_region3")) {
+     data <- ili_region3
+ } 
> if(identical(data_set, "ili_region4")) {
+     data <- ili_region4
+ } 
> if(identical(data_set, "ili_region5")) {
+     data <- ili_region5
+ } 
> if(identical(data_set, "ili_region6")) {
+     data <- ili_region6
+ } 
> if(identical(data_set, "ili_region7")) {
+     data <- ili_region7
+ } 
> if(identical(data_set, "ili_region8")) {
+     data <- ili_region8
+ } 
> if(identical(data_set, "ili_region9")) {
+     data <- ili_region9
+ } 
> if(identical(data_set, "ili_region10")) {
+     data <- ili_region10
+ } 
> 
> 
> 
> ## add log column
> data$log_total_cases <- log(data$total_cases + 1)
> 
> ## add week_start_date
> char_dates <- paste(data$year, data$week, "1")
> data$week_start_date <- as.Date(char_dates, format="%Y %W %w")
> 
> ## remove week 53s
> data <- data[-which(is.na(data$week_start_date)),]
> data <- data[262:nrow(data),]
> 
> ## add smooth log column -- or not, since it is already pretty smooth...
> sm <- loess(log_total_cases ~ as.numeric(week_start_date), data=data, span= 26 / nrow(data))
> data$smooth_log_cases <- sm$fitted
> 
> ## add time column
> data$time_ind <- seq_len(nrow(data))
> 
> ssr_control <- create_ssr_control(X_names=c("smooth_log_cases", "time_ind"),
+     y_names="total_cases",
+     time_name=NULL,
+     max_lag=list(smooth_log_cases=1,
+         time_ind=0),
+     prediction_horizons=as.integer(prediction_horizon_limit),
+     kernel_fns=list(smooth_log_cases="squared_exp_kernel",
+         time_ind="periodic_kernel"),
+     theta_est=list(smooth_log_cases="bw",
+         time_ind="bw"),
+     theta_fixed=list(time_ind=list(period=pi / 52)),
+     theta_transform_fns=list(
+         squared_exp_kernel=list(
+             bw=list(transform="log",
+                 detransform="exp")
+         ),
+         periodic_kernel=list(
+             bw=list(transform="log",
+                 detransform="exp")
+         )
+     ),
+     crossval_buffer=52,
+     loss_fn_name="mae_from_kernel_weights_and_centers",
+     loss_fn_args=list())
> 
> 
> ssr_fit <- ssr(X_names=c("smooth_log_cases", "time_ind"),
+     y_names="total_cases",
+     time_name=NULL,
+     data=data,
+     ssr_control=ssr_control)
396.2848FALSE
345.7538FALSE
469.3794FALSE
396.2846FALSE
345.756FALSE
469.3788FALSE
396.2851FALSE
345.7516FALSE
469.38FALSE
413.9321FALSE
346.1385FALSE
413.9983FALSE
346.1368FALSE
476.1275FALSE
346.1402FALSE
413.8665FALSE
345.4171FALSE
396.2418FALSE
476.158FALSE
345.4174FALSE
396.2424FALSE
345.4167FALSE
396.2413FALSE
476.0975FALSE
345.4032FALSE
396.2643FALSE
345.4029FALSE
396.2636FALSE
469.3708FALSE
345.4035FALSE
396.265FALSE
469.3718FALSE
345.3998FALSE
396.2372FALSE
345.4FALSE
469.3697FALSE
396.2371FALSE
345.3997FALSE
469.3334FALSE
345.4002FALSE
396.2372FALSE
469.3329FALSE
345.4001FALSE
469.3339FALSE
396.2463FALSE
345.4004FALSE
470.2821FALSE
345.3996FALSE
396.2468FALSE
470.2864FALSE
345.3997FALSE
470.2779FALSE
396.2457FALSE
345.3995FALSE
469.3245FALSE
345.4001FALSE
396.2369FALSE
469.3245FALSE
345.4FALSE
396.2368FALSE
345.4002FALSE
469.3244FALSE
345.3995FALSE
469.3243FALSE
396.237FALSE
345.3996FALSE
469.3243FALSE
396.2366FALSE
345.3995FALSE
469.3242FALSE
396.2364FALSE
345.3995FALSE
469.3232FALSE
469.3233FALSE
396.2367FALSE
345.3996FALSE
469.3231FALSE
469.3559FALSE
396.2389FALSE
345.3996FALSE
469.3553FALSE
396.2391FALSE
469.3566FALSE
396.2386FALSE
469.3234FALSE
345.3995FALSE
469.3232FALSE
469.3235FALSE
396.2363FALSE
345.3996FALSE
469.3232FALSE
469.3232FALSE
396.2361FALSE
345.3996FALSE
469.3232FALSE
469.3249FALSE
345.3995FALSE
396.2364FALSE
469.3246FALSE
345.3996FALSE
469.3255FALSE
396.236FALSE
469.3232FALSE
345.3996FALSE
345.3995FALSE
396.2359FALSE
469.3232FALSE
345.3996FALSE
345.3996FALSE
396.2362FALSE
469.3233FALSE
345.3995FALSE
396.2373FALSE
345.3996FALSE
469.3231FALSE
396.2376FALSE
345.3996FALSE
396.237FALSE
345.3995FALSE
469.3232FALSE
396.2359FALSE
345.3996FALSE
396.236FALSE
469.3233FALSE
396.2361FALSE
345.3996FALSE
396.2371FALSE
345.3995FALSE
396.2374FALSE
469.3232FALSE
345.3996FALSE
396.2368FALSE
345.3996FALSE
396.2359FALSE
469.3232FALSE
345.3995FALSE
396.2361FALSE
396.2361FALSE
469.3232FALSE
396.2359FALSE
345.3996FALSE
396.2361FALSE
469.3232FALSE
396.2361FALSE
$par
smooth_log_cases_lag1.bw 
               -2.175415 

$value
[1] 396.2359

$counts
function gradient 
      16       16 

$convergence
[1] 0

$message
[1] "CONVERGENCE: REL_REDUCTION_OF_F <= FACTR*EPSMCH"

345.3996FALSE
469.3232FALSE
345.3995FALSE
469.3232FALSE
345.3996FALSE
469.3232FALSE
345.3996FALSE
469.3232FALSE
345.3995FALSE
469.3232FALSE
345.3996FALSE
469.3232FALSE
345.3996FALSE
469.3232FALSE
345.3995FALSE
469.3232FALSE
469.3232FALSE
345.3996FALSE
469.3232FALSE
345.3996FALSE
469.3232FALSE
345.3995FALSE
469.3232FALSE
345.3996FALSE
469.3232FALSE
345.3996FALSE
469.3232FALSE
345.3995FALSE
469.3232FALSE
469.3232FALSE
345.3996FALSE
345.3996FALSE
469.3232FALSE
469.3232FALSE
345.3995FALSE
469.3232FALSE
345.3996FALSE
469.3232FALSE
345.3996FALSE
469.3232FALSE
345.3995FALSE
469.3232FALSE
345.3996FALSE
469.3232FALSE
345.3996FALSE
469.3232FALSE
345.3995FALSE
469.3232FALSE
345.3996FALSE
469.3232FALSE
345.3996FALSE
469.3232FALSE
345.3995FALSE
469.3232FALSE
345.3996FALSE
469.3232FALSE
345.3996FALSE
469.3232FALSE
345.3995FALSE
469.3232FALSE
345.3996FALSE
469.3232FALSE
345.3996FALSE
469.3232FALSE
345.3995FALSE
469.3232FALSE
345.3996FALSE
469.3232FALSE
345.3996FALSE
469.3232FALSE
345.3995FALSE
469.3232FALSE
345.3996FALSE
469.3232FALSE
$par
time_ind_lag0.bw 
       -2.195797 

$value
[1] 469.3232

$counts
function gradient 
      28       28 

$convergence
[1] 0

$message
[1] "CONVERGENCE: REL_REDUCTION_OF_F <= FACTR*EPSMCH"

345.3996FALSE
$par
smooth_log_cases_lag0.bw 
                -2.69372 

$value
[1] 345.3995

$counts
function gradient 
      29       29 

$convergence
[1] 0

$message
[1] "CONVERGENCE: REL_REDUCTION_OF_F <= FACTR*EPSMCH"

303.6343FALSE
325.1019FALSE
303.6311FALSE
325.1392FALSE
325.0646FALSE
303.6374FALSE
325.1266FALSE
303.6071FALSE
325.0772FALSE
303.6614FALSE
270.1482FALSE
291.6537FALSE
270.1686FALSE
291.6485FALSE
270.1278FALSE
291.6589FALSE
270.2079FALSE
291.6584FALSE
270.0885FALSE
330.5869FALSE
291.6489FALSE
330.513FALSE
290.5799FALSE
330.6568FALSE
290.5778FALSE
330.6393FALSE
290.5819FALSE
330.5303FALSE
290.5798FALSE
241.2055FALSE
290.5799FALSE
241.191FALSE
290.4807FALSE
241.22FALSE
290.4811FALSE
241.222FALSE
290.4803FALSE
241.1891FALSE
290.4788FALSE
237.2401FALSE
290.4825FALSE
237.2223FALSE
290.4694FALSE
237.2578FALSE
290.4698FALSE
237.2272FALSE
237.2529FALSE
290.4695FALSE
241.0701FALSE
290.4718FALSE
241.1108FALSE
290.4673FALSE
241.0294FALSE
290.4546FALSE
241.064FALSE
290.455FALSE
241.0762FALSE
290.4543FALSE
234.5234FALSE
290.4544FALSE
234.5252FALSE
290.4551FALSE
234.5215FALSE
290.4622FALSE
234.5111FALSE
290.4612FALSE
234.5356FALSE
290.4632FALSE
233.5773FALSE
290.4615FALSE
233.5828FALSE
290.4629FALSE
233.5718FALSE
290.4537FALSE
233.5864FALSE
290.4541FALSE
233.5682FALSE
233.0979FALSE
290.4539FALSE
233.0959FALSE
290.4538FALSE
233.0999FALSE
290.454FALSE
233.0973FALSE
290.4538FALSE
233.0986FALSE
290.4537FALSE
233.0685FALSE
290.4541FALSE
233.0681FALSE
290.4539FALSE
233.0693FALSE
290.4537FALSE
233.0682FALSE
290.4537FALSE
233.0689FALSE
290.454FALSE
233.0707FALSE
290.4539FALSE
233.0711FALSE
290.4538FALSE
233.0703FALSE
290.4539FALSE
233.0713FALSE
290.4537FALSE
233.0704FALSE
290.4539FALSE
233.068FALSE
290.454FALSE
233.0681FALSE
290.4539FALSE
233.068FALSE
290.4538FALSE
233.0681FALSE
233.068FALSE
290.4537FALSE
233.068FALSE
233.0681FALSE
290.454FALSE
233.0679FALSE
290.4539FALSE
233.0681FALSE
290.4538FALSE
233.0679FALSE
290.4539FALSE
233.0678FALSE
290.4537FALSE
233.0679FALSE
233.0678FALSE
290.454FALSE
290.4539FALSE
233.0678FALSE
233.0677FALSE
290.4538FALSE
233.0697FALSE
290.4539FALSE
233.0692FALSE
290.4537FALSE
233.0704FALSE
233.0693FALSE
290.454FALSE
233.0702FALSE
290.4539FALSE
233.0678FALSE
290.4538FALSE
233.0679FALSE
290.4539FALSE
233.068FALSE
290.4537FALSE
233.0678FALSE
290.454FALSE
233.0677FALSE
290.4539FALSE
233.0678FALSE
290.4538FALSE
233.0678FALSE
290.4539FALSE
233.0681FALSE
290.4537FALSE
233.0678FALSE
233.0678FALSE
290.454FALSE
233.0678FALSE
290.4539FALSE
233.0679FALSE
290.4538FALSE
233.0683FALSE
290.4539FALSE
233.0678FALSE
290.4537FALSE
233.0682FALSE
290.454FALSE
233.0678FALSE
290.4539FALSE
233.0679FALSE
290.4538FALSE
233.0682FALSE
233.0678FALSE
290.4539FALSE
233.068FALSE
290.4537FALSE
233.0678FALSE
290.454FALSE
233.0678FALSE
290.4539FALSE
233.0681FALSE
290.4538FALSE
233.0678FALSE
290.4539FALSE
233.0679FALSE
290.4537FALSE
233.0678FALSE
290.454FALSE
233.0678FALSE
290.4539FALSE
233.0681FALSE
290.4538FALSE
233.0678FALSE
290.4539FALSE
233.0678FALSE
290.4537FALSE
233.0678FALSE
233.0678FALSE
290.454FALSE
233.0681FALSE
290.4539FALSE
233.0678FALSE
290.4538FALSE
233.0679FALSE
290.4539FALSE
233.0678FALSE
290.4537FALSE
233.0678FALSE
290.454FALSE
233.0681FALSE
290.4539FALSE
233.0678FALSE
290.4538FALSE
233.0678FALSE
$par
smooth_log_cases_lag0.bw smooth_log_cases_lag1.bw 
               -3.902131                -3.883941 

$value
[1] 233.0678

$counts
function gradient 
      23       23 

$convergence
[1] 0

$message
[1] "CONVERGENCE: REL_REDUCTION_OF_F <= FACTR*EPSMCH"

290.4539FALSE
290.4537FALSE
290.454FALSE
290.4539FALSE
290.4538FALSE
290.4539FALSE
290.4537FALSE
290.454FALSE
290.4539FALSE
290.4538FALSE
290.4539FALSE
290.4537FALSE
290.454FALSE
290.4539FALSE
290.4538FALSE
290.4539FALSE
290.4537FALSE
290.454FALSE
290.4539FALSE
290.4538FALSE
290.4539FALSE
290.4537FALSE
290.454FALSE
290.4539FALSE
290.4538FALSE
290.4539FALSE
290.4537FALSE
290.454FALSE
290.4539FALSE
290.4538FALSE
290.4539FALSE
290.4537FALSE
290.454FALSE
290.4539FALSE
290.4538FALSE
290.4539FALSE
290.4537FALSE
290.454FALSE
290.4539FALSE
290.4538FALSE
290.4539FALSE
290.4537FALSE
290.454FALSE
290.4539FALSE
290.4538FALSE
290.4539FALSE
290.8323FALSE
290.829FALSE
290.8356FALSE
290.8381FALSE
290.8265FALSE
290.4538FALSE
290.4537FALSE
290.4541FALSE
290.4539FALSE
290.4537FALSE
290.4537FALSE
290.454FALSE
290.4539FALSE
290.4538FALSE
290.4539FALSE
290.4537FALSE
290.454FALSE
290.4539FALSE
290.4538FALSE
290.4539FALSE
290.4537FALSE
290.454FALSE
290.4539FALSE
290.4538FALSE
290.4539FALSE
290.4537FALSE
290.454FALSE
290.4539FALSE
290.4538FALSE
290.4539FALSE
290.4537FALSE
290.454FALSE
290.4539FALSE
290.4538FALSE
290.4539FALSE
290.4537FALSE
290.454FALSE
290.4539FALSE
290.4538FALSE
290.4539FALSE
290.4537FALSE
290.454FALSE
290.4539FALSE
290.4538FALSE
290.4539FALSE
290.4537FALSE
290.454FALSE
290.4539FALSE
290.4538FALSE
290.4539FALSE
290.4537FALSE
290.454FALSE
290.4539FALSE
290.4538FALSE
290.4539FALSE
290.4537FALSE
290.454FALSE
290.4539FALSE
290.4538FALSE
290.4539FALSE
290.4537FALSE
290.454FALSE
290.4539FALSE
290.4538FALSE
290.4539FALSE
290.4537FALSE
290.454FALSE
290.4539FALSE
290.4538FALSE
290.4539FALSE
290.4537FALSE
290.454FALSE
290.4539FALSE
290.4538FALSE
290.4539FALSE
290.4537FALSE
290.454FALSE
290.4539FALSE
290.4538FALSE
290.4539FALSE
290.4537FALSE
290.454FALSE
290.4539FALSE
290.4538FALSE
290.4539FALSE
290.4537FALSE
290.454FALSE
290.4539FALSE
290.4538FALSE
290.4539FALSE
290.4537FALSE
290.454FALSE
290.4539FALSE
290.4538FALSE
290.4539FALSE
290.4537FALSE
290.454FALSE
290.4539FALSE
290.4538FALSE
290.4539FALSE
$par
smooth_log_cases_lag0.bw         time_ind_lag0.bw 
               -2.335796                -1.406943 

$value
[1] 290.4537

$counts
function gradient 
      50       50 

$convergence
[1] 52

$message
[1] "ERROR: ABNORMAL_TERMINATION_IN_LNSRCH"

398.0126FALSE
292.0596FALSE
398.0068FALSE
292.0748FALSE
398.0184FALSE
292.0445FALSE
396.4885FALSE
292.0696FALSE
396.4886FALSE
396.4884FALSE
292.0495FALSE
396.4875FALSE
291.9957FALSE
396.4876FALSE
292.1234FALSE
396.4874FALSE
244.2009FALSE
396.4814FALSE
396.4815FALSE
244.1961FALSE
396.4812FALSE
244.2061FALSE
396.4674FALSE
244.1932FALSE
396.4672FALSE
244.2105FALSE
396.4676FALSE
396.4631FALSE
244.1804FALSE
396.4632FALSE
244.2214FALSE
396.463FALSE
396.4569FALSE
231.3772FALSE
396.4571FALSE
231.3669FALSE
396.4568FALSE
396.4571FALSE
231.3876FALSE
396.457FALSE
231.3729FALSE
396.4573FALSE
231.3816FALSE
396.4569FALSE
231.3685FALSE
396.4571FALSE
396.4568FALSE
231.386FALSE
396.4609FALSE
242.7591FALSE
396.4607FALSE
242.8018FALSE
396.4611FALSE
242.7163FALSE
396.4568FALSE
242.7715FALSE
396.4567FALSE
396.4569FALSE
242.7466FALSE
396.4567FALSE
242.7663FALSE
396.4566FALSE
242.7518FALSE
396.4568FALSE
228.9204FALSE
396.4573FALSE
396.4575FALSE
228.9206FALSE
396.4572FALSE
228.9201FALSE
396.4567FALSE
228.9214FALSE
396.4567FALSE
228.9194FALSE
396.4567FALSE
396.4569FALSE
228.9174FALSE
396.457FALSE
228.9234FALSE
396.4567FALSE
228.7304FALSE
396.4566FALSE
228.7316FALSE
396.4567FALSE
396.4567FALSE
228.7292FALSE
396.4566FALSE
228.7307FALSE
396.4567FALSE
228.7301FALSE
396.4567FALSE
228.7293FALSE
396.4566FALSE
228.7315FALSE
396.4567FALSE
396.4567FALSE
228.6962FALSE
396.4566FALSE
228.6976FALSE
396.4567FALSE
228.6948FALSE
396.4567FALSE
396.4566FALSE
228.6972FALSE
396.4567FALSE
228.6952FALSE
396.4567FALSE
228.6966FALSE
396.4566FALSE
228.6957FALSE
396.4567FALSE
396.4567FALSE
228.6923FALSE
396.4566FALSE
228.6923FALSE
396.4567FALSE
228.6923FALSE
396.4567FALSE
228.6916FALSE
396.4566FALSE
228.6931FALSE
396.4567FALSE
228.6939FALSE
396.4567FALSE
396.4566FALSE
228.6907FALSE
396.4567FALSE
228.6716FALSE
396.4567FALSE
228.6709FALSE
396.4566FALSE
228.6723FALSE
396.4567FALSE
228.6712FALSE
396.4567FALSE
228.6719FALSE
396.4566FALSE
228.6709FALSE
396.4567FALSE
396.4567FALSE
228.6722FALSE
396.4566FALSE
228.6694FALSE
396.4567FALSE
228.6699FALSE
396.4567FALSE
228.6688FALSE
396.4566FALSE
228.6699FALSE
396.4567FALSE
228.6688FALSE
396.4567FALSE
228.6691FALSE
396.4566FALSE
228.6696FALSE
396.4567FALSE
228.6648FALSE
396.4567FALSE
228.665FALSE
396.4566FALSE
228.6646FALSE
396.4567FALSE
228.6649FALSE
396.4567FALSE
228.6647FALSE
396.4566FALSE
228.6646FALSE
396.4567FALSE
396.4567FALSE
228.665FALSE
396.4566FALSE
228.6766FALSE
396.4567FALSE
228.676FALSE
396.4567FALSE
396.4566FALSE
228.6772FALSE
396.4567FALSE
228.6754FALSE
396.4567FALSE
$par
smooth_log_cases_lag1.bw 
               -3.082496 

$value
[1] 396.4566

$counts
function gradient 
      33       33 

$convergence
[1] 0

$message
[1] "CONVERGENCE: REL_REDUCTION_OF_F <= FACTR*EPSMCH"

228.6777FALSE
228.6781FALSE
228.675FALSE
228.6645FALSE
228.6647FALSE
228.6643FALSE
228.6646FALSE
228.6648FALSE
228.6648FALSE
228.6647FALSE
228.6641FALSE
228.6643FALSE
228.6643FALSE
228.6642FALSE
228.6647FALSE
228.6646FALSE
228.6643FALSE
228.664FALSE
228.6642FALSE
228.6642FALSE
228.6641FALSE
228.6644FALSE
228.6642FALSE
228.6642FALSE
228.664FALSE
228.6641FALSE
228.6639FALSE
228.6641FALSE
228.6639FALSE
228.6639FALSE
228.6641FALSE
228.6637FALSE
228.6638FALSE
228.6639FALSE
228.6638FALSE
228.6638FALSE
228.6636FALSE
228.6639FALSE
228.6636FALSE
228.6637FALSE
228.6637FALSE
228.6638FALSE
228.6636FALSE
228.6637FALSE
228.6638FALSE
228.6636FALSE
228.6637FALSE
228.6637FALSE
228.6638FALSE
228.6638FALSE
228.6638FALSE
228.6638FALSE
228.6636FALSE
228.6637FALSE
228.6637FALSE
228.6637FALSE
228.6638FALSE
228.6638FALSE
228.6638FALSE
228.6636FALSE
228.6637FALSE
228.6637FALSE
228.6637FALSE
228.6637FALSE
228.6638FALSE
228.6638FALSE
228.6636FALSE
228.6637FALSE
228.6637FALSE
228.6637FALSE
228.6637FALSE
228.6638FALSE
228.6638FALSE
228.6636FALSE
228.6637FALSE
228.6637FALSE
228.6637FALSE
228.6637FALSE
228.6638FALSE
228.6638FALSE
228.6636FALSE
228.6637FALSE
228.6637FALSE
228.6637FALSE
228.6637FALSE
228.6638FALSE
228.6638FALSE
228.6636FALSE
228.6637FALSE
228.6637FALSE
228.6637FALSE
228.6637FALSE
228.6638FALSE
228.6638FALSE
228.6636FALSE
228.6637FALSE
228.6637FALSE
228.6637FALSE
228.6637FALSE
228.6638FALSE
228.6638FALSE
228.6636FALSE
228.6637FALSE
228.6637FALSE
228.6637FALSE
228.6637FALSE
228.6638FALSE
228.6638FALSE
228.6636FALSE
228.6637FALSE
228.6637FALSE
228.6637FALSE
228.6637FALSE
228.6638FALSE
228.6638FALSE
228.6636FALSE
228.6637FALSE
228.6637FALSE
228.6637FALSE
228.6637FALSE
228.6638FALSE
228.6638FALSE
228.6636FALSE
228.6637FALSE
228.6637FALSE
228.6637FALSE
228.6637FALSE
228.6638FALSE
228.6638FALSE
228.6636FALSE
228.6637FALSE
228.6637FALSE
228.6637FALSE
228.6637FALSE
228.6638FALSE
228.6638FALSE
228.6636FALSE
228.6637FALSE
228.6637FALSE
228.6637FALSE
228.6637FALSE
228.6638FALSE
228.6638FALSE
228.6636FALSE
228.6637FALSE
228.6637FALSE
228.6637FALSE
228.6637FALSE
228.6638FALSE
228.6638FALSE
228.6636FALSE
228.6637FALSE
228.6637FALSE
228.6637FALSE
228.6637FALSE
228.6638FALSE
228.6638FALSE
228.6636FALSE
228.6637FALSE
228.6637FALSE
228.6637FALSE
228.6637FALSE
228.6638FALSE
228.6638FALSE
228.6636FALSE
228.6637FALSE
228.6637FALSE
228.6637FALSE
228.6637FALSE
228.6638FALSE
228.6638FALSE
228.6636FALSE
228.6637FALSE
228.6637FALSE
228.6637FALSE
228.6637FALSE
228.6638FALSE
228.6638FALSE
228.6636FALSE
228.6637FALSE
228.6637FALSE
228.6637FALSE
228.6637FALSE
228.6638FALSE
228.6638FALSE
228.6636FALSE
228.6637FALSE
228.6637FALSE
228.6637FALSE
228.6637FALSE
228.6638FALSE
228.6638FALSE
228.6636FALSE
228.6637FALSE
228.6637FALSE
228.6637FALSE
228.6637FALSE
228.6638FALSE
228.6638FALSE
228.6636FALSE
228.6637FALSE
228.6637FALSE
228.6637FALSE
228.6637FALSE
228.6638FALSE
228.6638FALSE
228.6636FALSE
228.6637FALSE
228.6637FALSE
228.6637FALSE
228.6637FALSE
228.6638FALSE
228.6638FALSE
228.6636FALSE
228.6637FALSE
228.6637FALSE
228.6637FALSE
228.6637FALSE
228.6638FALSE
228.6638FALSE
$par
smooth_log_cases_lag0.bw smooth_log_cases_lag1.bw         time_ind_lag0.bw 
              -3.8682437               -3.7804702               -0.4395972 

$value
[1] 228.6636

$counts
function gradient 
      43       43 

$convergence
[1] 0

$message
[1] "CONVERGENCE: REL_REDUCTION_OF_F <= FACTR*EPSMCH"

359.0614FALSE
315.6982FALSE
359.0553FALSE
315.6951FALSE
359.0674FALSE
315.7013FALSE
359.1156FALSE
315.7412FALSE
359.0071FALSE
315.655FALSE
337.3108FALSE
299.455FALSE
337.2967FALSE
299.4451FALSE
337.325FALSE
299.4649FALSE
337.2969FALSE
299.4452FALSE
337.3247FALSE
299.4648FALSE
333.74FALSE
296.738FALSE
333.7315FALSE
296.7296FALSE
333.7484FALSE
296.7465FALSE
333.7353FALSE
296.7305FALSE
333.7446FALSE
296.7455FALSE
332.1233FALSE
300.5522FALSE
332.1179FALSE
300.5504FALSE
332.1286FALSE
300.554FALSE
332.1261FALSE
300.589FALSE
332.1203FALSE
300.5154FALSE
329.5112FALSE
294.7839FALSE
329.5051FALSE
294.7816FALSE
329.5174FALSE
294.7862FALSE
329.5172FALSE
294.7889FALSE
329.5052FALSE
294.7789FALSE
368.3539FALSE
294.1878FALSE
368.4434FALSE
294.1854FALSE
368.2645FALSE
294.1902FALSE
368.3394FALSE
294.1919FALSE
368.3685FALSE
294.1836FALSE
326.593FALSE
291.8991FALSE
326.5868FALSE
291.893FALSE
326.5995FALSE
291.9051FALSE
326.6011FALSE
291.9016FALSE
326.5859FALSE
291.8965FALSE
325.6804FALSE
385.125FALSE
325.6794FALSE
385.2212FALSE
325.6814FALSE
385.0287FALSE
325.6861FALSE
385.1216FALSE
325.6747FALSE
385.1283FALSE
329.7782FALSE
291.2598FALSE
329.8034FALSE
291.2553FALSE
329.753FALSE
329.7705FALSE
291.2644FALSE
291.2588FALSE
329.7859FALSE
291.2608FALSE
325.4516FALSE
325.4522FALSE
445.8821FALSE
325.4511FALSE
445.9239FALSE
445.8402FALSE
325.457FALSE
445.8801FALSE
325.4463FALSE
445.884FALSE
325.2818FALSE
291.1953FALSE
325.2856FALSE
291.1931FALSE
325.278FALSE
291.1974FALSE
325.278FALSE
291.1927FALSE
325.2876FALSE
291.1978FALSE
325.1775FALSE
291.0162FALSE
325.1782FALSE
291.0143FALSE
325.1769FALSE
291.0181FALSE
325.1788FALSE
291.0136FALSE
325.1763FALSE
291.0188FALSE
325.1597FALSE
290.6982FALSE
325.1598FALSE
290.6942FALSE
325.1595FALSE
290.7022FALSE
325.1602FALSE
290.7032FALSE
325.1591FALSE
325.1442FALSE
290.6933FALSE
325.1441FALSE
290.4765FALSE
325.1444FALSE
290.4756FALSE
325.1447FALSE
290.4776FALSE
325.1438FALSE
290.4786FALSE
325.4498FALSE
290.4746FALSE
325.4527FALSE
290.4806FALSE
325.4468FALSE
290.481FALSE
325.4444FALSE
290.4803FALSE
325.4551FALSE
290.4788FALSE
325.148FALSE
290.4824FALSE
325.1475FALSE
290.4551FALSE
325.1485FALSE
290.4549FALSE
325.1472FALSE
290.4555FALSE
325.1488FALSE
290.4555FALSE
325.1437FALSE
290.4548FALSE
325.1435FALSE
290.4555FALSE
325.1444FALSE
290.4559FALSE
325.1441FALSE
290.455FALSE
325.1444FALSE
290.4554FALSE
325.1434FALSE
290.4555FALSE
325.1434FALSE
290.4546FALSE
325.1435FALSE
290.4545FALSE
325.1434FALSE
290.4547FALSE
325.1441FALSE
325.1428FALSE
290.4549FALSE
325.1433FALSE
290.4543FALSE
325.1427FALSE
290.4546FALSE
325.1433FALSE
290.455FALSE
325.1433FALSE
290.4542FALSE
325.1446FALSE
290.4543FALSE
325.1449FALSE
290.455FALSE
325.1447FALSE
290.4539FALSE
325.1454FALSE
290.4544FALSE
325.1441FALSE
290.4539FALSE
325.1428FALSE
290.4541FALSE
325.1432FALSE
325.1424FALSE
290.4539FALSE
325.1434FALSE
290.4793FALSE
325.1428FALSE
290.4793FALSE
325.5293FALSE
290.4794FALSE
325.5249FALSE
290.4778FALSE
325.5336FALSE
290.4808FALSE
325.5324FALSE
290.4538FALSE
325.5261FALSE
290.4542FALSE
325.144FALSE
290.4538FALSE
325.1443FALSE
290.4539FALSE
325.144FALSE
290.4539FALSE
325.1448FALSE
290.4537FALSE
325.1434FALSE
290.4539FALSE
325.1428FALSE
290.454FALSE
325.1432FALSE
290.4539FALSE
325.1425FALSE
290.4537FALSE
325.1436FALSE
290.4537FALSE
325.1425FALSE
290.4539FALSE
325.1427FALSE
290.4539FALSE
325.1431FALSE
290.4538FALSE
325.1424FALSE
290.4538FALSE
325.1435FALSE
290.4537FALSE
325.1426FALSE
290.4539FALSE
325.1423FALSE
290.4539FALSE
325.1427FALSE
290.4538FALSE
325.1424FALSE
290.4538FALSE
325.143FALSE
325.1429FALSE
290.4537FALSE
290.454FALSE
325.1423FALSE
290.4539FALSE
325.1424FALSE
290.4538FALSE
325.1427FALSE
290.4538FALSE
325.1429FALSE
290.4656FALSE
325.143FALSE
325.1422FALSE
290.4655FALSE
290.4661FALSE
325.1426FALSE
290.4641FALSE
325.1425FALSE
290.4672FALSE
325.143FALSE
290.4537FALSE
325.143FALSE
325.1422FALSE
290.454FALSE
325.1426FALSE
290.4539FALSE
325.1426FALSE
290.4538FALSE
325.143FALSE
290.4538FALSE
$par
smooth_log_cases_lag0.bw         time_ind_lag0.bw 
               -2.335891                -1.406819 

$value
[1] 290.4537

$counts
function gradient 
      28       28 

$convergence
[1] 0

$message
[1] "CONVERGENCE: REL_REDUCTION_OF_F <= FACTR*EPSMCH"

325.143FALSE
325.1422FALSE
325.1426FALSE
325.1426FALSE
325.143FALSE
325.143FALSE
325.1422FALSE
325.1426FALSE
325.1426FALSE
325.143FALSE
325.143FALSE
$par
smooth_log_cases_lag1.bw         time_ind_lag0.bw 
               -2.209773                -1.452107 

$value
[1] 325.1422

$counts
function gradient 
      31       31 

$convergence
[1] 0

$message
[1] "CONVERGENCE: REL_REDUCTION_OF_F <= FACTR*EPSMCH"

> 
> save(ssr_fit,
+     file=paste0("/home/ngr67a/2015-cdc-flu-competition/fit-competition-ssr-ph", prediction_horizon_limit, "-", data_set, ".Rdata"))
> 
> proc.time()
    user   system  elapsed 
2987.192    1.875 2250.683 
