
R version 3.2.2 (2015-08-14) -- "Fire Safety"
Copyright (C) 2015 The R Foundation for Statistical Computing
Platform: x86_64-pc-linux-gnu (64-bit)

R is free software and comes with ABSOLUTELY NO WARRANTY.
You are welcome to redistribute it under certain conditions.
Type 'license()' or 'licence()' for distribution details.

  Natural language support but running in an English locale

R is a collaborative project with many contributors.
Type 'contributors()' for more information and
'citation()' on how to cite R or R packages in publications.

Type 'demo()' for some demos, 'help()' for on-line help, or
'help.start()' for an HTML browser interface to help.
Type 'q()' to quit R.

> ### get ssr fit -- prediction horizons 1:52
> library(lubridate)
> library(ggplot2)
> library(plyr)

Attaching package: ‘plyr’

The following object is masked from ‘package:lubridate’:

    here

> library(dplyr)

Attaching package: ‘dplyr’

The following objects are masked from ‘package:plyr’:

    arrange, count, desc, failwith, id, mutate, rename, summarise,
    summarize

The following objects are masked from ‘package:lubridate’:

    intersect, setdiff, union

The following objects are masked from ‘package:stats’:

    filter, lag

The following objects are masked from ‘package:base’:

    intersect, setdiff, setequal, union

> library(reshape)

Attaching package: ‘reshape’

The following object is masked from ‘package:dplyr’:

    rename

The following objects are masked from ‘package:plyr’:

    rename, round_any

The following object is masked from ‘package:lubridate’:

    stamp

> library(ssrFlu)
> library(doMC)
Loading required package: foreach
Loading required package: iterators
Loading required package: parallel
> 
> registerDoMC(cores=3)
> 
> args <- commandArgs(trailingOnly=TRUE)
> 
> data_set <- args[1]
> prediction_horizon_limit <- as.integer(args[2])
> 
> ## load dataset
> if(identical(data_set, "ili_national")) {
+     data <- ili_national
+ } 
> if(identical(data_set, "ili_region1")) {
+     data <- ili_region1
+ } 
> if(identical(data_set, "ili_region2")) {
+     data <- ili_region2
+ } 
> if(identical(data_set, "ili_region3")) {
+     data <- ili_region3
+ } 
> if(identical(data_set, "ili_region4")) {
+     data <- ili_region4
+ } 
> if(identical(data_set, "ili_region5")) {
+     data <- ili_region5
+ } 
> if(identical(data_set, "ili_region6")) {
+     data <- ili_region6
+ } 
> if(identical(data_set, "ili_region7")) {
+     data <- ili_region7
+ } 
> if(identical(data_set, "ili_region8")) {
+     data <- ili_region8
+ } 
> if(identical(data_set, "ili_region9")) {
+     data <- ili_region9
+ } 
> if(identical(data_set, "ili_region10")) {
+     data <- ili_region10
+ } 
> 
> 
> 
> ## add log column
> data$log_total_cases <- log(data$total_cases + 1)
> 
> ## add week_start_date
> char_dates <- paste(data$year, data$week, "1")
> data$week_start_date <- as.Date(char_dates, format="%Y %W %w")
> 
> ## remove week 53s
> data <- data[-which(is.na(data$week_start_date)),]
> data <- data[262:nrow(data),]
> 
> ## add smooth log column -- or not, since it is already pretty smooth...
> sm <- loess(log_total_cases ~ as.numeric(week_start_date), data=data, span= 26 / nrow(data))
> data$smooth_log_cases <- sm$fitted
> 
> ## add time column
> data$time_ind <- seq_len(nrow(data))
> 
> ssr_control <- create_ssr_control(X_names=c("smooth_log_cases", "time_ind"),
+     y_names="total_cases",
+     time_name=NULL,
+     max_lag=list(smooth_log_cases=1,
+         time_ind=0),
+     prediction_horizons=as.integer(prediction_horizon_limit),
+     kernel_fns=list(smooth_log_cases="squared_exp_kernel",
+         time_ind="periodic_kernel"),
+     theta_est=list(smooth_log_cases="bw",
+         time_ind="bw"),
+     theta_fixed=list(time_ind=list(period=pi / 52)),
+     theta_transform_fns=list(
+         squared_exp_kernel=list(
+             bw=list(transform="log",
+                 detransform="exp")
+         ),
+         periodic_kernel=list(
+             bw=list(transform="log",
+                 detransform="exp")
+         )
+     ),
+     crossval_buffer=52,
+     loss_fn_name="mae_from_kernel_weights_and_centers",
+     loss_fn_args=list())
> 
> 
> ssr_fit <- ssr(X_names=c("smooth_log_cases", "time_ind"),
+     y_names="total_cases",
+     time_name=NULL,
+     data=data,
+     ssr_control=ssr_control)
628.6602FALSE
636.0554FALSE
468.1244FALSE
628.6584FALSE
636.0557FALSE
468.1196FALSE
628.6621FALSE
636.0551FALSE
468.1293FALSE
648.9455FALSE
648.0276FALSE
470.4192FALSE
648.9835FALSE
648.0125FALSE
470.4491FALSE
648.9074FALSE
648.0427FALSE
470.3896FALSE
628.6097FALSE
636.0537FALSE
466.5874FALSE
628.6092FALSE
636.0539FALSE
466.5842FALSE
628.6102FALSE
636.0542FALSE
466.5906FALSE
628.6104FALSE
636.0542FALSE
491.756FALSE
628.6113FALSE
636.0545FALSE
491.8757FALSE
628.6096FALSE
636.054FALSE
491.6372FALSE
628.6071FALSE
636.0538FALSE
466.5068FALSE
628.6068FALSE
636.054FALSE
466.5083FALSE
628.6075FALSE
636.0541FALSE
466.5053FALSE
628.6279FALSE
636.0537FALSE
466.4395FALSE
628.629FALSE
636.0539FALSE
466.4405FALSE
628.6268FALSE
636.0542FALSE
628.607FALSE
636.0537FALSE
466.4384FALSE
628.6078FALSE
636.0539FALSE
466.6625FALSE
636.0541FALSE
628.6068FALSE
636.0537FALSE
466.6592FALSE
628.6068FALSE
636.0539FALSE
628.6072FALSE
636.0542FALSE
$par
smooth_log_cases_lag1.bw 
               -2.309379 

$value
[1] 636.0537

$counts
function gradient 
       8        8 

$convergence
[1] 0

$message
[1] "CONVERGENCE: REL_REDUCTION_OF_F <= FACTR*EPSMCH"

466.6658FALSE
628.6068FALSE
628.6076FALSE
466.4301FALSE
628.6068FALSE
466.4298FALSE
628.6066FALSE
628.6072FALSE
466.4305FALSE
628.607FALSE
628.6067FALSE
466.4281FALSE
628.607FALSE
466.4277FALSE
628.607FALSE
466.4285FALSE
628.6066FALSE
466.445FALSE
628.6072FALSE
466.446FALSE
628.607FALSE
466.444FALSE
628.6066FALSE
466.4274FALSE
628.6072FALSE
466.4278FALSE
628.607FALSE
466.4276FALSE
628.6066FALSE
466.428FALSE
628.6072FALSE
466.4276FALSE
628.607FALSE
466.4284FALSE
466.4273FALSE
628.6066FALSE
466.4277FALSE
628.6072FALSE
466.4276FALSE
628.607FALSE
466.4273FALSE
628.6066FALSE
466.4277FALSE
628.6072FALSE
466.4277FALSE
628.607FALSE
466.4273FALSE
628.6066FALSE
466.4277FALSE
628.6072FALSE
466.4277FALSE
628.607FALSE
466.4273FALSE
628.6066FALSE
466.4277FALSE
628.6072FALSE
466.4277FALSE
628.607FALSE
466.4273FALSE
628.6066FALSE
466.4277FALSE
628.6072FALSE
466.4277FALSE
628.607FALSE
466.4273FALSE
628.6066FALSE
466.4277FALSE
628.6072FALSE
466.4277FALSE
628.607FALSE
466.4273FALSE
628.6066FALSE
466.4277FALSE
628.6072FALSE
466.4277FALSE
628.607FALSE
466.4273FALSE
628.6066FALSE
628.6072FALSE
466.4277FALSE
628.607FALSE
628.6066FALSE
466.4277FALSE
628.6072FALSE
466.4273FALSE
628.607FALSE
466.4277FALSE
628.6066FALSE
628.6072FALSE
466.4277FALSE
628.607FALSE
628.6066FALSE
466.4273FALSE
628.6072FALSE
628.607FALSE
466.4277FALSE
628.6066FALSE
628.6072FALSE
466.4277FALSE
628.607FALSE
628.6066FALSE
466.4273FALSE
628.6072FALSE
628.607FALSE
466.4277FALSE
628.6066FALSE
628.6072FALSE
466.4277FALSE
628.607FALSE
628.6066FALSE
466.4273FALSE
628.6072FALSE
466.4277FALSE
628.607FALSE
466.4277FALSE
628.6066FALSE
466.4273FALSE
628.6072FALSE
466.4277FALSE
628.607FALSE
466.4277FALSE
$par
time_ind_lag0.bw 
       -1.745358 

$value
[1] 466.4273

$counts
function gradient 
      25       25 

$convergence
[1] 0

$message
[1] "CONVERGENCE: REL_REDUCTION_OF_F <= FACTR*EPSMCH"

628.8001FALSE
628.7968FALSE
628.8034FALSE
628.6072FALSE
628.6068FALSE
628.6076FALSE
628.6066FALSE
628.6071FALSE
628.607FALSE
628.6066FALSE
628.6072FALSE
628.607FALSE
628.6066FALSE
628.6072FALSE
628.607FALSE
628.6066FALSE
628.6072FALSE
628.607FALSE
628.6066FALSE
628.6072FALSE
628.607FALSE
628.6066FALSE
628.6072FALSE
628.607FALSE
628.6066FALSE
628.6072FALSE
628.607FALSE
628.6066FALSE
628.6072FALSE
628.607FALSE
628.6066FALSE
628.6072FALSE
628.607FALSE
628.6066FALSE
628.6072FALSE
628.607FALSE
628.6066FALSE
628.6072FALSE
628.607FALSE
628.6066FALSE
628.6072FALSE
628.607FALSE
628.6066FALSE
628.6072FALSE
628.607FALSE
628.6066FALSE
628.6072FALSE
628.607FALSE
628.6066FALSE
628.6072FALSE
628.607FALSE
628.6066FALSE
628.6072FALSE
628.607FALSE
628.6066FALSE
628.6072FALSE
628.607FALSE
628.6066FALSE
628.6072FALSE
628.607FALSE
$par
smooth_log_cases_lag0.bw 
               -2.259969 

$value
[1] 628.6066

$counts
function gradient 
      50       50 

$convergence
[1] 52

$message
[1] "ERROR: ABNORMAL_TERMINATION_IN_LNSRCH"

449.0841FALSE
462.4164FALSE
449.0746FALSE
462.4122FALSE
449.0935FALSE
462.4204FALSE
449.0744FALSE
462.413FALSE
449.0936FALSE
462.4197FALSE
456.6161FALSE
466.2232FALSE
456.6319FALSE
466.2314FALSE
456.6003FALSE
466.215FALSE
456.6974FALSE
466.2682FALSE
456.5359FALSE
466.1783FALSE
444.528FALSE
460.5422FALSE
444.5267FALSE
460.5381FALSE
444.5293FALSE
460.5462FALSE
444.5245FALSE
460.5403FALSE
444.5315FALSE
460.5439FALSE
444.7585FALSE
556.9097FALSE
444.7567FALSE
556.9106FALSE
444.7604FALSE
556.9088FALSE
444.7689FALSE
557.066FALSE
444.7481FALSE
556.7533FALSE
444.3704FALSE
460.1221FALSE
444.3677FALSE
460.1201FALSE
444.373FALSE
460.124FALSE
444.3714FALSE
460.1216FALSE
444.3693FALSE
460.1225FALSE
444.2689FALSE
459.8295FALSE
444.2678FALSE
459.8271FALSE
444.27FALSE
444.2697FALSE
459.832FALSE
444.2681FALSE
459.8315FALSE
444.2766FALSE
459.8279FALSE
444.2775FALSE
461.0033FALSE
444.2758FALSE
461.0012FALSE
444.2768FALSE
461.0054FALSE
444.2765FALSE
461.0024FALSE
444.2653FALSE
461.0044FALSE
444.2652FALSE
459.9641FALSE
444.2653FALSE
459.9697FALSE
444.2651FALSE
459.9586FALSE
444.2655FALSE
459.9622FALSE
444.2665FALSE
459.9661FALSE
444.2673FALSE
459.8249FALSE
444.2658FALSE
459.8283FALSE
444.2669FALSE
459.8215FALSE
444.2661FALSE
459.8242FALSE
444.2651FALSE
459.8256FALSE
444.265FALSE
459.8249FALSE
444.2651FALSE
459.8283FALSE
459.8215FALSE
444.2649FALSE
459.8242FALSE
459.8256FALSE
444.2652FALSE
460.0166FALSE
460.0139FALSE
444.2654FALSE
460.0193FALSE
460.0164FALSE
444.2661FALSE
460.0168FALSE
444.2647FALSE
459.852FALSE
444.2658FALSE
459.8497FALSE
444.265FALSE
459.8542FALSE
459.8537FALSE
444.2649FALSE
459.8502FALSE
444.2648FALSE
459.8224FALSE
444.265FALSE
459.8215FALSE
444.2647FALSE
459.8238FALSE
444.2651FALSE
459.8228FALSE
444.2649FALSE
459.8227FALSE
444.2657FALSE
459.8259FALSE
444.2648FALSE
459.8256FALSE
444.2653FALSE
459.8285FALSE
444.2649FALSE
444.2648FALSE
459.8279FALSE
444.2652FALSE
444.2649FALSE
459.8239FALSE
444.2648FALSE
459.8222FALSE
444.265FALSE
459.8212FALSE
444.2649FALSE
459.824FALSE
444.2648FALSE
459.8233FALSE
444.2649FALSE
459.8224FALSE
444.2647FALSE
459.8234FALSE
444.265FALSE
459.8268FALSE
444.2648FALSE
444.265FALSE
459.8212FALSE
444.2649FALSE
459.8239FALSE
444.2647FALSE
444.265FALSE
459.8241FALSE
444.2648FALSE
444.2652FALSE
459.8212FALSE
459.8225FALSE
444.2649FALSE
459.8229FALSE
444.2648FALSE
459.8222FALSE
444.265FALSE
459.8214FALSE
444.2648FALSE
459.8214FALSE
444.2652FALSE
459.8226FALSE
444.2649FALSE
459.8226FALSE
444.2648FALSE
459.8217FALSE
444.265FALSE
459.8216FALSE
459.8212FALSE
444.2648FALSE
459.8225FALSE
444.2652FALSE
459.8228FALSE
444.2649FALSE
459.8222FALSE
444.2648FALSE
459.8214FALSE
444.265FALSE
459.8212FALSE
444.2648FALSE
459.8225FALSE
459.8229FALSE
444.2652FALSE
459.8222FALSE
459.8214FALSE
444.2649FALSE
459.8212FALSE
459.8225FALSE
444.2648FALSE
459.8229FALSE
459.8222FALSE
444.265FALSE
459.8214FALSE
459.8212FALSE
444.2648FALSE
459.8225FALSE
459.8229FALSE
444.2652FALSE
459.8222FALSE
459.8214FALSE
444.2649FALSE
459.8212FALSE
459.8225FALSE
444.2648FALSE
459.8229FALSE
459.8222FALSE
444.265FALSE
459.8214FALSE
459.8212FALSE
444.2648FALSE
459.8225FALSE
459.8229FALSE
444.2652FALSE
459.8222FALSE
459.8214FALSE
444.2649FALSE
459.8212FALSE
459.8225FALSE
444.2648FALSE
459.8229FALSE
459.8222FALSE
444.265FALSE
459.8214FALSE
459.8212FALSE
444.2648FALSE
459.8225FALSE
459.8229FALSE
444.2652FALSE
459.8222FALSE
459.8214FALSE
444.2649FALSE
459.8212FALSE
444.2648FALSE
459.8225FALSE
444.265FALSE
459.8229FALSE
444.2648FALSE
459.8222FALSE
444.2652FALSE
459.8214FALSE
459.8212FALSE
444.2649FALSE
459.8225FALSE
444.2648FALSE
459.8229FALSE
444.265FALSE
444.2648FALSE
459.8222FALSE
444.2652FALSE
444.2649FALSE
459.8214FALSE
444.2648FALSE
459.8212FALSE
444.265FALSE
444.2648FALSE
459.8225FALSE
444.2652FALSE
444.2649FALSE
459.8229FALSE
444.2648FALSE
444.265FALSE
459.8222FALSE
444.2648FALSE
459.8214FALSE
444.2652FALSE
444.2649FALSE
459.8212FALSE
444.2648FALSE
444.265FALSE
459.8225FALSE
444.2648FALSE
444.2652FALSE
459.8229FALSE
444.2649FALSE
459.8222FALSE
444.2648FALSE
444.265FALSE
459.8214FALSE
444.2648FALSE
444.2652FALSE
459.8212FALSE
444.2649FALSE
444.2648FALSE
459.8225FALSE
444.265FALSE
444.2648FALSE
459.8229FALSE
444.2652FALSE
444.2649FALSE
459.8222FALSE
444.2648FALSE
459.8214FALSE
444.265FALSE
444.2648FALSE
459.8212FALSE
444.2652FALSE
444.2649FALSE
459.8225FALSE
444.2648FALSE
444.265FALSE
459.8229FALSE
444.2648FALSE
444.2652FALSE
459.8222FALSE
444.2649FALSE
459.8214FALSE
444.2648FALSE
444.265FALSE
459.8212FALSE
444.2648FALSE
444.2652FALSE
459.8225FALSE
444.2649FALSE
444.2648FALSE
459.8229FALSE
444.265FALSE
$par
smooth_log_cases_lag0.bw         time_ind_lag0.bw 
               -1.919844                -1.360423 

$value
[1] 444.2648

$counts
function gradient 
      33       33 

$convergence
[1] 0

$message
[1] "CONVERGENCE: REL_REDUCTION_OF_F <= FACTR*EPSMCH"

459.8222FALSE
459.8214FALSE
459.8212FALSE
459.8225FALSE
459.8229FALSE
459.8222FALSE
459.8214FALSE
459.8212FALSE
459.8225FALSE
459.8229FALSE
459.8222FALSE
459.8214FALSE
459.8212FALSE
459.8225FALSE
459.8229FALSE
459.8222FALSE
459.8214FALSE
459.8212FALSE
459.8225FALSE
459.8229FALSE
459.8222FALSE
459.8214FALSE
$par
smooth_log_cases_lag1.bw         time_ind_lag0.bw 
               -1.766987                -1.452593 

$value
[1] 459.8212

$counts
function gradient 
      37       37 

$convergence
[1] 0

$message
[1] "CONVERGENCE: REL_REDUCTION_OF_F <= FACTR*EPSMCH"

468.9766FALSE
458.0104FALSE
468.9978FALSE
458.0108FALSE
468.9556FALSE
458.01FALSE
468.4267FALSE
457.9937FALSE
468.4204FALSE
468.4329FALSE
458.0271FALSE
467.5082FALSE
467.5058FALSE
458.0131FALSE
467.5106FALSE
467.0844FALSE
458.0076FALSE
467.0807FALSE
467.0881FALSE
447.9335FALSE
467.872FALSE
467.8839FALSE
447.9345FALSE
467.8601FALSE
466.4289FALSE
466.4285FALSE
447.9325FALSE
466.4293FALSE
466.5074FALSE
447.9281FALSE
466.5089FALSE
466.5059FALSE
447.939FALSE
466.4281FALSE
466.4285FALSE
447.9264FALSE
466.4276FALSE
466.4278FALSE
447.9407FALSE
466.4274FALSE
466.4282FALSE
452.9822FALSE
466.4273FALSE
466.4278FALSE
466.4276FALSE
452.981FALSE
466.4275FALSE
466.4275FALSE
452.9833FALSE
466.4279FALSE
466.4273FALSE
452.9817FALSE
466.4277FALSE
466.4276FALSE
452.9826FALSE
466.4273FALSE
466.4277FALSE
453.0467FALSE
466.4277FALSE
466.4273FALSE
452.9185FALSE
466.4277FALSE
466.4277FALSE
466.4273FALSE
446.1866FALSE
466.4277FALSE
466.4277FALSE
446.1859FALSE
466.4273FALSE
466.4277FALSE
446.1873FALSE
466.4277FALSE
466.4273FALSE
446.1832FALSE
466.4277FALSE
466.4277FALSE
446.19FALSE
466.4273FALSE
466.4277FALSE
466.4277FALSE
446.1882FALSE
466.4273FALSE
466.4277FALSE
446.185FALSE
466.4277FALSE
466.4273FALSE
445.2734FALSE
466.4277FALSE
466.4277FALSE
445.272FALSE
466.4273FALSE
466.4277FALSE
445.2749FALSE
466.4277FALSE
466.4273FALSE
445.2716FALSE
466.4277FALSE
445.2752FALSE
466.4277FALSE
445.2751FALSE
466.4273FALSE
445.2717FALSE
466.4277FALSE
446.8903FALSE
466.4277FALSE
466.4273FALSE
446.9031FALSE
466.4277FALSE
466.4277FALSE
466.4273FALSE
446.8778FALSE
466.4277FALSE
466.4277FALSE
446.8898FALSE
466.4273FALSE
466.4277FALSE
446.8909FALSE
466.4277FALSE
466.4273FALSE
446.8895FALSE
466.4277FALSE
466.4277FALSE
446.8911FALSE
466.4273FALSE
466.4277FALSE
445.0547FALSE
466.4277FALSE
466.4273FALSE
445.0567FALSE
466.4277FALSE
445.0528FALSE
466.4277FALSE
445.0533FALSE
466.4273FALSE
445.0562FALSE
466.4277FALSE
445.0557FALSE
466.4277FALSE
466.4273FALSE
445.0538FALSE
466.4277FALSE
444.6888FALSE
466.4277FALSE
444.6893FALSE
466.4273FALSE
444.6882FALSE
466.4277FALSE
444.6879FALSE
466.4277FALSE
466.4273FALSE
444.6896FALSE
466.4277FALSE
444.6885FALSE
466.4277FALSE
444.6891FALSE
466.4273FALSE
444.4482FALSE
466.4277FALSE
466.4277FALSE
444.4484FALSE
466.4273FALSE
444.4489FALSE
466.4277FALSE
444.4478FALSE
466.4277FALSE
444.4485FALSE
466.4273FALSE
444.449FALSE
466.4277FALSE
466.4277FALSE
444.4484FALSE
466.4273FALSE
444.3584FALSE
466.4277FALSE
444.3588FALSE
466.4277FALSE
466.4273FALSE
444.3583FALSE
466.4277FALSE
466.4277FALSE
444.3582FALSE
466.4273FALSE
466.4277FALSE
444.3586FALSE
466.4277FALSE
444.358FALSE
466.4273FALSE
444.3588FALSE
466.4277FALSE
466.4277FALSE
444.3848FALSE
466.4273FALSE
444.3855FALSE
466.4277FALSE
466.4277FALSE
444.3841FALSE
466.4273FALSE
466.4277FALSE
444.3847FALSE
466.4277FALSE
444.3849FALSE
466.4273FALSE
444.3891FALSE
466.4277FALSE
444.3805FALSE
466.4277FALSE
444.3425FALSE
466.4273FALSE
466.4277FALSE
444.3434FALSE
466.4277FALSE
444.3415FALSE
466.4273FALSE
444.3424FALSE
466.4277FALSE
444.3426FALSE
466.4277FALSE
444.3439FALSE
466.4273FALSE
466.4277FALSE
444.341FALSE
466.4277FALSE
444.2953FALSE
466.4273FALSE
444.2953FALSE
466.4277FALSE
444.2953FALSE
466.4277FALSE
444.2952FALSE
466.4273FALSE
466.4277FALSE
444.2954FALSE
466.4277FALSE
444.2951FALSE
466.4273FALSE
444.2955FALSE
466.4277FALSE
444.288FALSE
466.4277FALSE
444.287FALSE
466.4273FALSE
466.4277FALSE
444.2893FALSE
466.4277FALSE
444.288FALSE
466.4273FALSE
444.288FALSE
466.4277FALSE
444.2888FALSE
444.2872FALSE
466.4277FALSE
444.2723FALSE
466.4273FALSE
444.2722FALSE
466.4277FALSE
444.2723FALSE
466.4277FALSE
466.4273FALSE
444.2723FALSE
466.4277FALSE
444.2723FALSE
466.4277FALSE
$par
time_ind_lag0.bw 
       -1.745358 

$value
[1] 466.4273

$counts
function gradient 
      53       53 

$convergence
[1] 52

$message
[1] "ERROR: ABNORMAL_TERMINATION_IN_LNSRCH"

444.2721FALSE
444.2725FALSE
444.2695FALSE
444.2695FALSE
444.2696FALSE
444.2695FALSE
444.2695FALSE
444.2693FALSE
444.2697FALSE
444.2724FALSE
444.2733FALSE
444.2716FALSE
444.2724FALSE
444.2724FALSE
444.2738FALSE
444.271FALSE
444.2679FALSE
444.2679FALSE
444.2679FALSE
444.2679FALSE
444.2679FALSE
444.2677FALSE
444.268FALSE
444.2843FALSE
444.2852FALSE
444.2834FALSE
444.2843FALSE
444.2843FALSE
444.2858FALSE
444.2828FALSE
444.2677FALSE
444.2684FALSE
444.2676FALSE
444.2677FALSE
444.2677FALSE
444.2681FALSE
444.2677FALSE
444.2669FALSE
444.2672FALSE
444.2669FALSE
444.2669FALSE
444.2669FALSE
444.2669FALSE
444.267FALSE
444.2652FALSE
444.2652FALSE
444.2653FALSE
444.2652FALSE
444.2652FALSE
444.2651FALSE
444.2654FALSE
444.2686FALSE
444.2676FALSE
444.2695FALSE
444.2686FALSE
444.2686FALSE
444.2705FALSE
444.2669FALSE
444.2652FALSE
444.2651FALSE
444.2654FALSE
444.2652FALSE
444.2652FALSE
444.2653FALSE
444.2653FALSE
444.265FALSE
444.265FALSE
444.2653FALSE
444.265FALSE
444.265FALSE
444.2652FALSE
444.2652FALSE
444.2645FALSE
444.2652FALSE
444.2646FALSE
444.2645FALSE
444.2645FALSE
444.2653FALSE
444.2647FALSE
444.2645FALSE
444.2649FALSE
444.2646FALSE
444.2645FALSE
444.2645FALSE
444.2646FALSE
444.2647FALSE
444.2645FALSE
444.2651FALSE
444.2646FALSE
444.2645FALSE
444.2645FALSE
444.2651FALSE
444.2647FALSE
$par
smooth_log_cases_lag0.bw smooth_log_cases_lag1.bw         time_ind_lag0.bw 
               -1.922233                 3.570635                -1.356539 

$value
[1] 444.2645

$counts
function gradient 
      28       28 

$convergence
[1] 0

$message
[1] "CONVERGENCE: REL_REDUCTION_OF_F <= FACTR*EPSMCH"

657.4094FALSE
469.0584FALSE
657.4095FALSE
469.0584FALSE
657.4094FALSE
469.0584FALSE
657.2098FALSE
469.0796FALSE
657.2103FALSE
469.0372FALSE
657.2093FALSE
468.405FALSE
467.8768FALSE
468.405FALSE
467.8888FALSE
468.405FALSE
467.8649FALSE
468.3987FALSE
479.448FALSE
468.4112FALSE
479.448FALSE
479.448FALSE
$par
time_ind_lag0.bw 
       -17.42937 

$value
[1] 479.448

$counts
function gradient 
       4        4 

$convergence
[1] 0

$message
[1] "CONVERGENCE: NORM OF PROJECTED GRADIENT <= PGTOL"

467.5065FALSE
467.5065FALSE
467.5065FALSE
467.5041FALSE
467.5089FALSE
467.0754FALSE
467.0754FALSE
467.0754FALSE
467.0716FALSE
467.0791FALSE
467.9788FALSE
467.9788FALSE
467.9788FALSE
467.9919FALSE
467.9657FALSE
466.4292FALSE
466.4292FALSE
466.4292FALSE
466.4288FALSE
466.4296FALSE
466.5181FALSE
466.5181FALSE
466.5181FALSE
466.5198FALSE
466.5165FALSE
466.4302FALSE
466.4302FALSE
466.4302FALSE
466.4306FALSE
466.4298FALSE
466.4285FALSE
466.4285FALSE
466.4285FALSE
466.4286FALSE
466.4289FALSE
466.4286FALSE
466.4286FALSE
466.4286FALSE
466.4291FALSE
466.4285FALSE
466.4284FALSE
466.4284FALSE
466.4284FALSE
466.4287FALSE
466.4288FALSE
466.4283FALSE
466.4283FALSE
466.4283FALSE
466.4288FALSE
466.4288FALSE
466.4283FALSE
466.4283FALSE
466.4283FALSE
466.4288FALSE
466.4288FALSE
466.4283FALSE
466.4283FALSE
466.4283FALSE
466.4288FALSE
466.4288FALSE
466.4283FALSE
466.4283FALSE
466.4283FALSE
466.4288FALSE
466.4288FALSE
466.4283FALSE
466.4283FALSE
466.4283FALSE
466.4288FALSE
466.4288FALSE
466.4283FALSE
466.4283FALSE
466.4284FALSE
466.4288FALSE
466.4287FALSE
466.4283FALSE
466.4283FALSE
466.4283FALSE
466.4288FALSE
466.4288FALSE
466.4283FALSE
466.4283FALSE
466.4283FALSE
466.4288FALSE
466.4288FALSE
466.4283FALSE
466.4283FALSE
466.4283FALSE
466.4288FALSE
466.4287FALSE
466.4284FALSE
466.4284FALSE
466.4284FALSE
466.4288FALSE
466.4286FALSE
466.4283FALSE
466.4283FALSE
466.4283FALSE
466.4288FALSE
466.4287FALSE
466.4283FALSE
466.4283FALSE
466.4283FALSE
466.4288FALSE
466.4287FALSE
466.4283FALSE
466.4283FALSE
466.4283FALSE
466.4288FALSE
466.4287FALSE
466.4283FALSE
466.4283FALSE
466.4283FALSE
466.4288FALSE
466.4287FALSE
466.4283FALSE
466.4283FALSE
466.4283FALSE
466.4288FALSE
466.4287FALSE
466.4283FALSE
466.4283FALSE
466.4283FALSE
466.4288FALSE
466.4287FALSE
466.4283FALSE
466.4283FALSE
466.4283FALSE
466.4288FALSE
466.4287FALSE
466.4283FALSE
466.4283FALSE
466.4283FALSE
466.4288FALSE
466.4287FALSE
466.4283FALSE
466.4283FALSE
466.4283FALSE
466.4288FALSE
466.4287FALSE
466.4283FALSE
466.4283FALSE
466.4283FALSE
466.4288FALSE
466.4287FALSE
466.4283FALSE
466.4283FALSE
466.4283FALSE
466.4288FALSE
466.4287FALSE
466.4283FALSE
466.4283FALSE
466.4283FALSE
466.4288FALSE
466.4287FALSE
466.4283FALSE
466.4283FALSE
466.4283FALSE
466.4288FALSE
466.4287FALSE
466.4283FALSE
466.4283FALSE
466.4283FALSE
466.4288FALSE
466.4287FALSE
466.4283FALSE
466.4283FALSE
466.4283FALSE
466.4288FALSE
466.4287FALSE
466.4283FALSE
466.4283FALSE
466.4283FALSE
466.4288FALSE
466.4287FALSE
$par
smooth_log_cases_lag1.bw         time_ind_lag0.bw 
                3.575705                -1.745277 

$value
[1] 466.4283

$counts
function gradient 
      37       37 

$convergence
[1] 0

$message
[1] "CONVERGENCE: REL_REDUCTION_OF_F <= FACTR*EPSMCH"

> 
> save(ssr_fit,
+     file=paste0("/home/ngr67a/2015-cdc-flu-competition/fit-competition-ssr-ph", prediction_horizon_limit, "-", data_set, ".Rdata"))
> 
> proc.time()
    user   system  elapsed 
2187.900    0.886 1696.965 
