
R version 3.2.2 (2015-08-14) -- "Fire Safety"
Copyright (C) 2015 The R Foundation for Statistical Computing
Platform: x86_64-pc-linux-gnu (64-bit)

R is free software and comes with ABSOLUTELY NO WARRANTY.
You are welcome to redistribute it under certain conditions.
Type 'license()' or 'licence()' for distribution details.

  Natural language support but running in an English locale

R is a collaborative project with many contributors.
Type 'contributors()' for more information and
'citation()' on how to cite R or R packages in publications.

Type 'demo()' for some demos, 'help()' for on-line help, or
'help.start()' for an HTML browser interface to help.
Type 'q()' to quit R.

> ### get ssr fit -- prediction horizons 1:52
> library(lubridate)
> library(ggplot2)
> library(plyr)

Attaching package: ‘plyr’

The following object is masked from ‘package:lubridate’:

    here

> library(dplyr)

Attaching package: ‘dplyr’

The following objects are masked from ‘package:plyr’:

    arrange, count, desc, failwith, id, mutate, rename, summarise,
    summarize

The following objects are masked from ‘package:lubridate’:

    intersect, setdiff, union

The following objects are masked from ‘package:stats’:

    filter, lag

The following objects are masked from ‘package:base’:

    intersect, setdiff, setequal, union

> library(reshape)

Attaching package: ‘reshape’

The following object is masked from ‘package:dplyr’:

    rename

The following objects are masked from ‘package:plyr’:

    rename, round_any

The following object is masked from ‘package:lubridate’:

    stamp

> library(ssrFlu)
> library(doMC)
Loading required package: foreach
Loading required package: iterators
Loading required package: parallel
> 
> registerDoMC(cores=3)
> 
> args <- commandArgs(trailingOnly=TRUE)
> 
> data_set <- args[1]
> prediction_horizon_limit <- as.integer(args[2])
> 
> ## load dataset
> if(identical(data_set, "ili_national")) {
+     data <- ili_national
+ } 
> if(identical(data_set, "ili_region1")) {
+     data <- ili_region1
+ } 
> if(identical(data_set, "ili_region2")) {
+     data <- ili_region2
+ } 
> if(identical(data_set, "ili_region3")) {
+     data <- ili_region3
+ } 
> if(identical(data_set, "ili_region4")) {
+     data <- ili_region4
+ } 
> if(identical(data_set, "ili_region5")) {
+     data <- ili_region5
+ } 
> if(identical(data_set, "ili_region6")) {
+     data <- ili_region6
+ } 
> if(identical(data_set, "ili_region7")) {
+     data <- ili_region7
+ } 
> if(identical(data_set, "ili_region8")) {
+     data <- ili_region8
+ } 
> if(identical(data_set, "ili_region9")) {
+     data <- ili_region9
+ } 
> if(identical(data_set, "ili_region10")) {
+     data <- ili_region10
+ } 
> 
> 
> 
> ## add log column
> data$log_total_cases <- log(data$total_cases + 1)
> 
> ## add week_start_date
> char_dates <- paste(data$year, data$week, "1")
> data$week_start_date <- as.Date(char_dates, format="%Y %W %w")
> 
> ## remove week 53s
> data <- data[-which(is.na(data$week_start_date)),]
> data <- data[262:nrow(data),]
> 
> ## add smooth log column -- or not, since it is already pretty smooth...
> sm <- loess(log_total_cases ~ as.numeric(week_start_date), data=data, span= 26 / nrow(data))
> data$smooth_log_cases <- sm$fitted
> 
> ## add time column
> data$time_ind <- seq_len(nrow(data))
> 
> ssr_control <- create_ssr_control(X_names=c("smooth_log_cases", "time_ind"),
+     y_names="total_cases",
+     time_name=NULL,
+     max_lag=list(smooth_log_cases=1,
+         time_ind=0),
+     prediction_horizons=as.integer(prediction_horizon_limit),
+     kernel_fns=list(smooth_log_cases="squared_exp_kernel",
+         time_ind="periodic_kernel"),
+     theta_est=list(smooth_log_cases="bw",
+         time_ind="bw"),
+     theta_fixed=list(time_ind=list(period=pi / 52)),
+     theta_transform_fns=list(
+         squared_exp_kernel=list(
+             bw=list(transform="log",
+                 detransform="exp")
+         ),
+         periodic_kernel=list(
+             bw=list(transform="log",
+                 detransform="exp")
+         )
+     ),
+     crossval_buffer=52,
+     loss_fn_name="mae_from_kernel_weights_and_centers",
+     loss_fn_args=list())
> 
> 
> ssr_fit <- ssr(X_names=c("smooth_log_cases", "time_ind"),
+     y_names="total_cases",
+     time_name=NULL,
+     data=data,
+     ssr_control=ssr_control)
547.0633FALSE
549.9557FALSE
453.8544FALSE
547.0636FALSE
549.954FALSE
547.063FALSE
453.8498FALSE
549.9575FALSE
556.7523FALSE
558.934FALSE
453.8591FALSE
558.9568FALSE
556.738FALSE
452.4692FALSE
558.9119FALSE
556.7666FALSE
452.4839FALSE
549.852FALSE
547.0609FALSE
549.8517FALSE
452.4546FALSE
547.0611FALSE
549.8524FALSE
452.7856FALSE
549.845FALSE
547.0607FALSE
549.8448FALSE
452.7812FALSE
549.8453FALSE
547.0725FALSE
452.79FALSE
549.853FALSE
547.0718FALSE
549.8539FALSE
450.7723FALSE
547.0732FALSE
549.8522FALSE
450.7714FALSE
549.8429FALSE
547.0601FALSE
450.7731FALSE
549.8428FALSE
547.0603FALSE
451.19FALSE
549.8431FALSE
547.0601FALSE
549.8522FALSE
451.1991FALSE
549.853FALSE
451.1809FALSE
547.0609FALSE
549.8514FALSE
450.7463FALSE
547.0606FALSE
549.8424FALSE
549.8423FALSE
547.0611FALSE
450.7457FALSE
549.8425FALSE
547.06FALSE
549.852FALSE
450.7469FALSE
547.0602FALSE
549.8528FALSE
549.8511FALSE
450.8062FALSE
547.0602FALSE
549.8421FALSE
547.06FALSE
549.842FALSE
450.8104FALSE
547.0602FALSE
549.8422FALSE
450.8023FALSE
549.8465FALSE
547.0602FALSE
549.8473FALSE
547.06FALSE
450.7413FALSE
549.8457FALSE
547.0602FALSE
450.7415FALSE
549.8419FALSE
547.0602FALSE
549.8418FALSE
450.7413FALSE
547.06FALSE
549.842FALSE
547.0602FALSE
450.7414FALSE
549.8519FALSE
547.0602FALSE
549.8527FALSE
450.7414FALSE
549.8511FALSE
547.06FALSE
549.8418FALSE
547.0602FALSE
450.7415FALSE
549.8417FALSE
547.0602FALSE
450.7413FALSE
549.8419FALSE
547.06FALSE
549.8472FALSE
450.7413FALSE
547.0602FALSE
549.848FALSE
450.7413FALSE
549.8464FALSE
547.0602FALSE
450.7413FALSE
549.8417FALSE
549.8417FALSE
547.06FALSE
450.7415FALSE
549.8418FALSE
547.0602FALSE
549.8444FALSE
450.7413FALSE
547.0602FALSE
549.8452FALSE
450.7413FALSE
547.06FALSE
549.8436FALSE
450.7415FALSE
547.0602FALSE
549.8417FALSE
450.7413FALSE
549.8416FALSE
547.0602FALSE
547.06FALSE
549.8418FALSE
450.7413FALSE
549.8518FALSE
547.0602FALSE
549.8526FALSE
450.7415FALSE
547.0602FALSE
549.851FALSE
450.7413FALSE
547.06FALSE
549.8416FALSE
547.0602FALSE
450.7413FALSE
549.8415FALSE
547.0602FALSE
450.7415FALSE
549.8417FALSE
547.06FALSE
450.7413FALSE
549.8477FALSE
547.0602FALSE
549.8485FALSE
450.7413FALSE
547.0602FALSE
549.8469FALSE
450.7415FALSE
547.06FALSE
549.8416FALSE
547.0602FALSE
450.7413FALSE
549.8415FALSE
547.0602FALSE
450.7413FALSE
549.8417FALSE
547.06FALSE
549.8451FALSE
450.7415FALSE
547.0602FALSE
549.8459FALSE
450.7413FALSE
549.8444FALSE
547.0602FALSE
450.7413FALSE
549.8416FALSE
547.06FALSE
549.8415FALSE
547.0602FALSE
450.7415FALSE
549.8417FALSE
547.0602FALSE
450.7413FALSE
549.8436FALSE
547.06FALSE
549.8443FALSE
450.7413FALSE
547.0602FALSE
549.8428FALSE
450.7415FALSE
547.0602FALSE
549.8416FALSE
547.06FALSE
450.7413FALSE
549.8415FALSE
547.0602FALSE
549.8416FALSE
450.7413FALSE
547.0602FALSE
549.8426FALSE
450.7415FALSE
547.06FALSE
549.8433FALSE
450.7413FALSE
547.0602FALSE
549.8418FALSE
547.0602FALSE
450.7413FALSE
549.8415FALSE
450.7415FALSE
549.8416FALSE
547.06FALSE
549.8416FALSE
450.7413FALSE
547.0602FALSE
549.8415FALSE
450.7413FALSE
547.0602FALSE
549.8419FALSE
547.06FALSE
450.7415FALSE
549.8416FALSE
547.0602FALSE
450.7413FALSE
549.8415FALSE
547.0602FALSE
450.7413FALSE
549.8416FALSE
547.06FALSE
549.8416FALSE
450.7415FALSE
547.0602FALSE
549.8415FALSE
547.0602FALSE
450.7413FALSE
549.8416FALSE
547.06FALSE
549.8416FALSE
$par
smooth_log_cases_lag1.bw 
               -2.163095 

$value
[1] 549.8415

$counts
function gradient 
      31       31 

$convergence
[1] 0

$message
[1] "CONVERGENCE: NORM OF PROJECTED GRADIENT <= PGTOL"

450.7413FALSE
547.0602FALSE
450.7415FALSE
547.0602FALSE
547.06FALSE
450.7413FALSE
547.0602FALSE
450.7413FALSE
547.0602FALSE
450.7415FALSE
547.06FALSE
450.7413FALSE
547.0602FALSE
450.7413FALSE
547.0602FALSE
450.7415FALSE
547.06FALSE
450.7413FALSE
547.0602FALSE
450.7413FALSE
547.0602FALSE
450.7415FALSE
547.06FALSE
450.7413FALSE
$par
time_ind_lag0.bw 
       -1.520935 

$value
[1] 450.7413

$counts
function gradient 
      26       26 

$convergence
[1] 0

$message
[1] "CONVERGENCE: REL_REDUCTION_OF_F <= FACTR*EPSMCH"

547.0602FALSE
547.0602FALSE
547.06FALSE
547.0602FALSE
547.0602FALSE
547.06FALSE
547.0602FALSE
547.0602FALSE
547.06FALSE
547.0602FALSE
547.0602FALSE
547.06FALSE
547.0602FALSE
547.0602FALSE
547.06FALSE
547.0602FALSE
547.0602FALSE
547.06FALSE
547.0602FALSE
547.0602FALSE
547.06FALSE
547.0602FALSE
547.0602FALSE
547.06FALSE
547.0602FALSE
547.0602FALSE
547.06FALSE
547.0602FALSE
547.0602FALSE
547.06FALSE
547.0602FALSE
547.0602FALSE
547.06FALSE
547.0602FALSE
547.0602FALSE
547.06FALSE
547.0602FALSE
547.0602FALSE
547.06FALSE
547.0602FALSE
547.0602FALSE
547.06FALSE
547.0602FALSE
547.0602FALSE
547.06FALSE
547.0602FALSE
547.0602FALSE
547.06FALSE
547.0602FALSE
547.0602FALSE
547.06FALSE
547.0602FALSE
547.0602FALSE
$par
smooth_log_cases_lag0.bw 
               -2.316605 

$value
[1] 547.06

$counts
function gradient 
      48       48 

$convergence
[1] 52

$message
[1] "ERROR: ABNORMAL_TERMINATION_IN_LNSRCH"

453.9886FALSE
457.153FALSE
453.9823FALSE
457.1475FALSE
457.1584FALSE
453.9949FALSE
457.178FALSE
454.0171FALSE
457.1281FALSE
453.9602FALSE
449.4141FALSE
456.8675FALSE
449.4169FALSE
456.8633FALSE
449.4112FALSE
456.8716FALSE
449.4001FALSE
456.8521FALSE
449.428FALSE
456.8829FALSE
446.7495FALSE
452.4035FALSE
446.7441FALSE
452.4FALSE
446.7548FALSE
452.4069FALSE
446.7478FALSE
452.3932FALSE
446.7511FALSE
452.4138FALSE
446.2394FALSE
456.4531FALSE
446.2362FALSE
456.4468FALSE
446.2425FALSE
456.4593FALSE
446.2402FALSE
456.4827FALSE
446.2385FALSE
456.4234FALSE
446.3475FALSE
450.9946FALSE
446.3497FALSE
450.9892FALSE
446.3452FALSE
451.0001FALSE
450.9966FALSE
446.347FALSE
450.9929FALSE
446.3479FALSE
450.3127FALSE
446.2044FALSE
450.3088FALSE
446.2059FALSE
450.3166FALSE
446.2028FALSE
450.3155FALSE
450.31FALSE
446.2014FALSE
449.0614FALSE
446.2073FALSE
449.0636FALSE
446.1807FALSE
449.0592FALSE
446.1844FALSE
449.058FALSE
446.177FALSE
449.0648FALSE
446.1803FALSE
448.9521FALSE
446.181FALSE
448.9502FALSE
446.1729FALSE
448.954FALSE
446.1752FALSE
448.9521FALSE
446.1705FALSE
448.952FALSE
446.1712FALSE
448.943FALSE
446.1749FALSE
448.943FALSE
446.1723FALSE
448.9429FALSE
446.1697FALSE
448.942FALSE
448.9439FALSE
446.1749FALSE
448.9372FALSE
446.1746FALSE
448.939FALSE
446.17FALSE
448.937FALSE
446.1544FALSE
448.9379FALSE
446.1569FALSE
446.1519FALSE
448.9374FALSE
446.1528FALSE
448.9385FALSE
446.156FALSE
448.9386FALSE
446.157FALSE
448.9385FALSE
446.1542FALSE
448.9382FALSE
446.1598FALSE
448.9389FALSE
448.9366FALSE
446.1594FALSE
446.1547FALSE
448.937FALSE
446.151FALSE
448.9366FALSE
446.1534FALSE
448.9364FALSE
448.9369FALSE
446.1518FALSE
448.9344FALSE
446.1513FALSE
448.9344FALSE
448.9344FALSE
446.1525FALSE
448.9344FALSE
446.1637FALSE
446.161FALSE
448.9345FALSE
446.1664FALSE
448.9347FALSE
448.9348FALSE
446.1661FALSE
448.9346FALSE
446.1614FALSE
448.935FALSE
446.1502FALSE
448.9344FALSE
446.1526FALSE
448.9344FALSE
446.1528FALSE
448.9344FALSE
446.1524FALSE
448.9344FALSE
446.1517FALSE
448.9344FALSE
446.1507FALSE
448.9344FALSE
446.1507FALSE
448.9347FALSE
446.1535FALSE
448.9348FALSE
446.1531FALSE
448.9346FALSE
448.935FALSE
446.1498FALSE
448.9344FALSE
446.15FALSE
448.9344FALSE
446.1525FALSE
448.9344FALSE
446.1529FALSE
448.9344FALSE
446.1524FALSE
448.9344FALSE
446.1516FALSE
448.9344FALSE
446.1501FALSE
448.9344FALSE
446.1524FALSE
448.9344FALSE
446.1529FALSE
448.9344FALSE
446.1525FALSE
448.9345FALSE
446.1515FALSE
448.9344FALSE
446.15FALSE
448.9344FALSE
446.1525FALSE
448.9344FALSE
448.9344FALSE
446.1529FALSE
448.9344FALSE
446.1524FALSE
448.9344FALSE
446.1516FALSE
446.15FALSE
448.9344FALSE
446.1525FALSE
448.9344FALSE
446.1529FALSE
448.9344FALSE
446.1524FALSE
448.9344FALSE
446.1516FALSE
448.9344FALSE
446.1507FALSE
448.9344FALSE
446.1506FALSE
448.9344FALSE
446.1535FALSE
448.9344FALSE
448.9345FALSE
446.1531FALSE
446.1496FALSE
448.9344FALSE
448.9345FALSE
446.1501FALSE
448.9349FALSE
446.1524FALSE
446.1529FALSE
448.9344FALSE
446.1525FALSE
448.9347FALSE
446.1514FALSE
448.9345FALSE
446.15FALSE
448.9344FALSE
446.1525FALSE
448.9343FALSE
446.1529FALSE
448.9344FALSE
448.9345FALSE
446.1524FALSE
448.9344FALSE
446.1516FALSE
448.9344FALSE
446.15FALSE
448.9345FALSE
446.1525FALSE
448.9344FALSE
446.1529FALSE
448.9346FALSE
446.1524FALSE
448.9344FALSE
446.1516FALSE
448.9344FALSE
446.15FALSE
448.9344FALSE
446.1525FALSE
446.1529FALSE
448.9344FALSE
446.1524FALSE
448.9345FALSE
446.1516FALSE
448.9344FALSE
446.15FALSE
448.9604FALSE
446.1525FALSE
448.9633FALSE
446.1529FALSE
448.9581FALSE
446.1524FALSE
446.1516FALSE
448.9619FALSE
446.15FALSE
448.9589FALSE
446.1525FALSE
448.9344FALSE
446.1529FALSE
448.9344FALSE
446.1524FALSE
448.9344FALSE
446.1516FALSE
448.9345FALSE
446.15FALSE
448.9344FALSE
$par
smooth_log_cases_lag1.bw         time_ind_lag0.bw 
               -1.493355                -1.822748 

$value
[1] 448.9344

$counts
function gradient 
      27       27 

$convergence
[1] 0

$message
[1] "CONVERGENCE: REL_REDUCTION_OF_F <= FACTR*EPSMCH"

446.1525FALSE
446.1529FALSE
446.1524FALSE
446.1516FALSE
446.15FALSE
446.1525FALSE
446.1529FALSE
446.1524FALSE
446.1516FALSE
446.15FALSE
446.1525FALSE
446.1529FALSE
446.1524FALSE
446.1516FALSE
446.15FALSE
446.1525FALSE
446.1529FALSE
446.1524FALSE
446.1516FALSE
446.15FALSE
446.1525FALSE
446.1529FALSE
446.1524FALSE
446.1516FALSE
446.15FALSE
446.1525FALSE
446.1529FALSE
446.1524FALSE
446.1516FALSE
446.15FALSE
446.1525FALSE
446.1529FALSE
446.1524FALSE
446.1516FALSE
446.15FALSE
446.1525FALSE
446.1529FALSE
446.1524FALSE
446.1516FALSE
$par
smooth_log_cases_lag0.bw         time_ind_lag0.bw 
               -2.012399                -2.059264 

$value
[1] 446.15

$counts
function gradient 
      34       34 

$convergence
[1] 0

$message
[1] "CONVERGENCE: REL_REDUCTION_OF_F <= FACTR*EPSMCH"

452.7726FALSE
452.1569FALSE
452.7682FALSE
452.1576FALSE
452.777FALSE
461.2046FALSE
452.1561FALSE
461.268FALSE
461.1413FALSE
452.1505FALSE
451.0818FALSE
452.1632FALSE
451.0771FALSE
451.0864FALSE
452.1553FALSE
450.7614FALSE
452.1586FALSE
450.7629FALSE
450.7604FALSE
448.5837FALSE
450.8194FALSE
448.581FALSE
450.8173FALSE
448.5865FALSE
450.8216FALSE
448.5813FALSE
450.7423FALSE
450.7422FALSE
448.5862FALSE
450.7424FALSE
448.592FALSE
450.7417FALSE
448.576FALSE
450.7416FALSE
446.6409FALSE
450.7418FALSE
446.6392FALSE
450.7418FALSE
450.7421FALSE
446.6425FALSE
450.7415FALSE
446.6401FALSE
450.7414FALSE
446.6416FALSE
450.7413FALSE
446.6412FALSE
450.7414FALSE
450.7417FALSE
446.6405FALSE
450.742FALSE
446.5699FALSE
450.7414FALSE
446.5723FALSE
450.7413FALSE
446.5675FALSE
450.7413FALSE
446.5695FALSE
450.7414FALSE
446.5703FALSE
450.7417FALSE
446.568FALSE
450.742FALSE
446.5718FALSE
450.7414FALSE
446.3923FALSE
450.7413FALSE
446.3942FALSE
450.7413FALSE
450.7414FALSE
446.3903FALSE
446.392FALSE
450.7417FALSE
446.3926FALSE
450.742FALSE
450.7414FALSE
446.3905FALSE
450.7413FALSE
446.3941FALSE
450.7413FALSE
447.7354FALSE
450.7414FALSE
447.7304FALSE
450.7415FALSE
447.7405FALSE
450.7417FALSE
447.7354FALSE
450.7413FALSE
447.7355FALSE
450.7413FALSE
447.7494FALSE
450.7413FALSE
447.7215FALSE
450.7413FALSE
446.4461FALSE
450.7413FALSE
446.4462FALSE
450.7414FALSE
450.7413FALSE
446.4461FALSE
450.7413FALSE
446.4459FALSE
450.7413FALSE
446.4464FALSE
450.7413FALSE
$par
time_ind_lag0.bw 
       -1.521561 

$value
[1] 450.7413

$counts
function gradient 
      19       19 

$convergence
[1] 0

$message
[1] "CONVERGENCE: REL_REDUCTION_OF_F <= FACTR*EPSMCH"

446.4485FALSE
446.4438FALSE
446.3076FALSE
446.308FALSE
446.3104FALSE
446.3073FALSE
446.3079FALSE
446.31FALSE
446.3071FALSE
446.2999FALSE
446.3036FALSE
446.2962FALSE
446.2998FALSE
446.3001FALSE
446.2996FALSE
446.3003FALSE
446.2124FALSE
446.2148FALSE
446.2099FALSE
446.2123FALSE
446.2125FALSE
446.2108FALSE
446.214FALSE
446.2171FALSE
446.2151FALSE
446.2189FALSE
446.217FALSE
446.2171FALSE
446.2191FALSE
446.215FALSE
446.1931FALSE
446.1904FALSE
446.1957FALSE
446.193FALSE
446.1931FALSE
446.1954FALSE
446.1907FALSE
446.1736FALSE
446.1739FALSE
446.1764FALSE
446.1736FALSE
446.1737FALSE
446.176FALSE
446.1732FALSE
446.2098FALSE
446.2117FALSE
446.2079FALSE
446.2098FALSE
446.2098FALSE
446.2069FALSE
446.2127FALSE
446.1742FALSE
446.1756FALSE
446.1746FALSE
446.1742FALSE
446.1743FALSE
446.1718FALSE
446.177FALSE
446.1706FALSE
446.1729FALSE
446.1744FALSE
446.1705FALSE
446.1706FALSE
446.1721FALSE
446.1734FALSE
446.1641FALSE
446.1667FALSE
446.1659FALSE
446.1641FALSE
446.1641FALSE
446.1652FALSE
446.1661FALSE
446.1612FALSE
446.1585FALSE
446.1651FALSE
446.1612FALSE
446.1612FALSE
446.1632FALSE
446.16FALSE
446.156FALSE
446.1532FALSE
446.1587FALSE
446.156FALSE
446.156FALSE
446.158FALSE
446.154FALSE
446.1701FALSE
446.1724FALSE
446.1677FALSE
446.1701FALSE
446.1701FALSE
446.168FALSE
446.1721FALSE
446.1545FALSE
446.1571FALSE
446.1521FALSE
446.1545FALSE
446.1545FALSE
446.1526FALSE
446.1565FALSE
446.1513FALSE
446.1539FALSE
446.1534FALSE
446.1513FALSE
446.1514FALSE
446.1527FALSE
446.1533FALSE
446.1504FALSE
446.1524FALSE
446.1532FALSE
446.1504FALSE
446.1504FALSE
446.1525FALSE
446.1518FALSE
446.1497FALSE
446.1508FALSE
446.1525FALSE
446.1497FALSE
446.1497FALSE
446.1518FALSE
446.1502FALSE
446.1491FALSE
446.1511FALSE
446.1518FALSE
446.1491FALSE
446.1491FALSE
446.1511FALSE
446.1505FALSE
446.1488FALSE
446.1514FALSE
446.1512FALSE
446.1488FALSE
446.1488FALSE
446.1505FALSE
446.1508FALSE
446.1488FALSE
446.1513FALSE
446.1512FALSE
446.1488FALSE
446.1488FALSE
446.1504FALSE
446.1508FALSE
446.1487FALSE
446.1508FALSE
446.1515FALSE
446.1487FALSE
446.1487FALSE
446.1508FALSE
446.1502FALSE
446.1485FALSE
446.1511FALSE
446.1512FALSE
446.1485FALSE
446.1485FALSE
446.1505FALSE
446.1505FALSE
446.1486FALSE
446.1512FALSE
446.151FALSE
446.1486FALSE
446.1486FALSE
446.1504FALSE
446.1506FALSE
446.1485FALSE
446.1511FALSE
446.1512FALSE
446.1485FALSE
446.1485FALSE
446.1505FALSE
446.1505FALSE
446.1485FALSE
446.1511FALSE
446.1512FALSE
446.1485FALSE
446.1485FALSE
446.1505FALSE
446.1505FALSE
446.1485FALSE
446.1511FALSE
446.1512FALSE
446.1485FALSE
446.1485FALSE
446.1505FALSE
446.1505FALSE
446.1485FALSE
446.1511FALSE
446.1512FALSE
446.1485FALSE
446.1485FALSE
446.1505FALSE
446.1505FALSE
446.1485FALSE
446.1511FALSE
446.1512FALSE
446.1485FALSE
446.1485FALSE
446.1505FALSE
446.1505FALSE
446.1485FALSE
446.1511FALSE
446.1512FALSE
446.1485FALSE
446.1485FALSE
446.1505FALSE
446.1505FALSE
446.1485FALSE
446.1511FALSE
446.1512FALSE
446.1485FALSE
446.1485FALSE
446.1505FALSE
446.1505FALSE
446.1485FALSE
446.1511FALSE
446.1512FALSE
446.1485FALSE
446.1485FALSE
446.1505FALSE
446.1505FALSE
446.1485FALSE
446.1511FALSE
446.1512FALSE
446.1485FALSE
446.1485FALSE
446.1505FALSE
446.1505FALSE
446.1485FALSE
446.1511FALSE
446.1512FALSE
446.1485FALSE
446.1485FALSE
446.1505FALSE
446.1505FALSE
446.1485FALSE
446.1511FALSE
446.1512FALSE
446.1485FALSE
446.1485FALSE
446.1505FALSE
446.1505FALSE
446.1485FALSE
446.1511FALSE
446.1512FALSE
446.1485FALSE
446.1485FALSE
446.1505FALSE
446.1505FALSE
446.1485FALSE
446.1511FALSE
446.1512FALSE
446.1485FALSE
446.1485FALSE
446.1505FALSE
446.1505FALSE
446.1485FALSE
446.1511FALSE
446.1512FALSE
446.1485FALSE
446.1485FALSE
446.1505FALSE
446.1505FALSE
446.1485FALSE
446.1511FALSE
446.1512FALSE
446.1485FALSE
446.1485FALSE
446.1505FALSE
446.1505FALSE
446.1485FALSE
446.1511FALSE
446.1512FALSE
446.1485FALSE
446.1485FALSE
446.1505FALSE
446.1505FALSE
446.1485FALSE
446.1511FALSE
446.1512FALSE
446.1485FALSE
446.1485FALSE
446.1505FALSE
446.1505FALSE
446.1485FALSE
446.1511FALSE
446.1512FALSE
446.1485FALSE
446.1485FALSE
446.1505FALSE
446.1505FALSE
$par
smooth_log_cases_lag0.bw smooth_log_cases_lag1.bw         time_ind_lag0.bw 
               -2.016600                 4.204060                -2.064963 

$value
[1] 446.1485

$counts
function gradient 
      48       48 

$convergence
[1] 0

$message
[1] "CONVERGENCE: REL_REDUCTION_OF_F <= FACTR*EPSMCH"

601.2065FALSE
601.2065FALSE
452.7977FALSE
601.2065FALSE
452.7977FALSE
601.1552FALSE
452.7977FALSE
601.1554FALSE
452.7933FALSE
601.1551FALSE
452.8021FALSE
486.0443FALSE
486.158FALSE
460.8523FALSE
485.9306FALSE
460.8523FALSE
460.3626FALSE
460.8523FALSE
460.3626FALSE
460.9137FALSE
460.3626FALSE
$par
time_ind_lag0.bw 
       -16.79594 

$value
[1] 460.3626

$counts
function gradient 
       4        4 

$convergence
[1] 0

$message
[1] "CONVERGENCE: NORM OF PROJECTED GRADIENT <= PGTOL"

460.791FALSE
451.0941FALSE
451.0941FALSE
451.0941FALSE
451.0895FALSE
451.0987FALSE
450.7581FALSE
450.7581FALSE
450.7581FALSE
450.7591FALSE
450.7571FALSE
450.7919FALSE
450.7919FALSE
450.7919FALSE
450.7906FALSE
450.7932FALSE
450.7419FALSE
450.7419FALSE
450.7419FALSE
450.7419FALSE
450.742FALSE
450.7418FALSE
450.7418FALSE
450.7418FALSE
450.7417FALSE
450.7418FALSE
450.742FALSE
450.742FALSE
450.742FALSE
450.7423FALSE
450.7418FALSE
450.7417FALSE
450.7417FALSE
450.7417FALSE
450.7417FALSE
450.7417FALSE
450.742FALSE
450.742FALSE
450.742FALSE
450.7423FALSE
450.7418FALSE
450.7417FALSE
450.7417FALSE
450.7417FALSE
450.7416FALSE
450.7417FALSE
450.742FALSE
450.742FALSE
450.742FALSE
450.7423FALSE
450.7417FALSE
450.7417FALSE
450.7417FALSE
450.7417FALSE
450.7416FALSE
450.7417FALSE
450.7418FALSE
450.7418FALSE
450.7418FALSE
450.7421FALSE
450.7416FALSE
450.7416FALSE
450.7416FALSE
450.7417FALSE
450.7417FALSE
450.7417FALSE
450.7416FALSE
450.7416FALSE
450.7416FALSE
450.7417FALSE
450.7417FALSE
450.7416FALSE
450.7416FALSE
450.7416FALSE
450.7417FALSE
450.7417FALSE
450.7416FALSE
450.7416FALSE
450.7416FALSE
450.7417FALSE
450.7417FALSE
450.7416FALSE
450.7416FALSE
450.7416FALSE
450.7417FALSE
450.7417FALSE
450.7416FALSE
450.7416FALSE
450.7416FALSE
450.7417FALSE
450.7417FALSE
450.7416FALSE
450.7416FALSE
450.7416FALSE
450.7417FALSE
450.7417FALSE
450.7416FALSE
450.7416FALSE
450.7416FALSE
450.7417FALSE
450.7417FALSE
450.7416FALSE
450.7416FALSE
450.7416FALSE
450.7417FALSE
450.7417FALSE
450.7416FALSE
450.7416FALSE
450.7416FALSE
450.7417FALSE
450.7417FALSE
450.7416FALSE
450.7416FALSE
450.7416FALSE
450.7417FALSE
450.7416FALSE
450.7414FALSE
450.7414FALSE
450.7414FALSE
450.7415FALSE
450.7415FALSE
450.7414FALSE
450.7414FALSE
450.7414FALSE
450.7414FALSE
450.7414FALSE
450.7413FALSE
450.7413FALSE
450.7413FALSE
450.7414FALSE
450.7414FALSE
450.7413FALSE
450.7413FALSE
450.7413FALSE
450.7414FALSE
450.7414FALSE
450.7532FALSE
450.7532FALSE
450.7532FALSE
450.7541FALSE
450.7523FALSE
450.7413FALSE
450.7413FALSE
450.7413FALSE
450.7414FALSE
450.7414FALSE
450.7413FALSE
450.7413FALSE
450.7413FALSE
450.7414FALSE
450.7414FALSE
$par
smooth_log_cases_lag1.bw         time_ind_lag0.bw 
                5.727805                -1.521563 

$value
[1] 450.7413

$counts
function gradient 
      32       32 

$convergence
[1] 0

$message
[1] "CONVERGENCE: REL_REDUCTION_OF_F <= FACTR*EPSMCH"

> 
> save(ssr_fit,
+     file=paste0("/home/ngr67a/2015-cdc-flu-competition/fit-competition-ssr-ph", prediction_horizon_limit, "-", data_set, ".Rdata"))
> 
> proc.time()
    user   system  elapsed 
2553.130    1.452 2049.091 
