
R version 3.2.2 (2015-08-14) -- "Fire Safety"
Copyright (C) 2015 The R Foundation for Statistical Computing
Platform: x86_64-pc-linux-gnu (64-bit)

R is free software and comes with ABSOLUTELY NO WARRANTY.
You are welcome to redistribute it under certain conditions.
Type 'license()' or 'licence()' for distribution details.

  Natural language support but running in an English locale

R is a collaborative project with many contributors.
Type 'contributors()' for more information and
'citation()' on how to cite R or R packages in publications.

Type 'demo()' for some demos, 'help()' for on-line help, or
'help.start()' for an HTML browser interface to help.
Type 'q()' to quit R.

> ### get ssr fit -- prediction horizons 1:52
> library(lubridate)
> library(ggplot2)
> library(plyr)

Attaching package: ‘plyr’

The following object is masked from ‘package:lubridate’:

    here

> library(dplyr)

Attaching package: ‘dplyr’

The following objects are masked from ‘package:plyr’:

    arrange, count, desc, failwith, id, mutate, rename, summarise,
    summarize

The following objects are masked from ‘package:lubridate’:

    intersect, setdiff, union

The following objects are masked from ‘package:stats’:

    filter, lag

The following objects are masked from ‘package:base’:

    intersect, setdiff, setequal, union

> library(reshape)

Attaching package: ‘reshape’

The following object is masked from ‘package:dplyr’:

    rename

The following objects are masked from ‘package:plyr’:

    rename, round_any

The following object is masked from ‘package:lubridate’:

    stamp

> library(ssrFlu)
> library(doMC)
Loading required package: foreach
Loading required package: iterators
Loading required package: parallel
> 
> registerDoMC(cores=3)
> 
> args <- commandArgs(trailingOnly=TRUE)
> 
> data_set <- args[1]
> prediction_horizon_limit <- as.integer(args[2])
> 
> ## load dataset
> if(identical(data_set, "ili_national")) {
+     data <- ili_national
+ } 
> if(identical(data_set, "ili_region1")) {
+     data <- ili_region1
+ } 
> if(identical(data_set, "ili_region2")) {
+     data <- ili_region2
+ } 
> if(identical(data_set, "ili_region3")) {
+     data <- ili_region3
+ } 
> if(identical(data_set, "ili_region4")) {
+     data <- ili_region4
+ } 
> if(identical(data_set, "ili_region5")) {
+     data <- ili_region5
+ } 
> if(identical(data_set, "ili_region6")) {
+     data <- ili_region6
+ } 
> if(identical(data_set, "ili_region7")) {
+     data <- ili_region7
+ } 
> if(identical(data_set, "ili_region8")) {
+     data <- ili_region8
+ } 
> if(identical(data_set, "ili_region9")) {
+     data <- ili_region9
+ } 
> if(identical(data_set, "ili_region10")) {
+     data <- ili_region10
+ } 
> 
> 
> 
> ## add log column
> data$log_total_cases <- log(data$total_cases + 1)
> 
> ## add week_start_date
> char_dates <- paste(data$year, data$week, "1")
> data$week_start_date <- as.Date(char_dates, format="%Y %W %w")
> 
> ## remove week 53s
> data <- data[-which(is.na(data$week_start_date)),]
> data <- data[262:nrow(data),]
> 
> ## add smooth log column -- or not, since it is already pretty smooth...
> sm <- loess(log_total_cases ~ as.numeric(week_start_date), data=data, span= 26 / nrow(data))
> data$smooth_log_cases <- sm$fitted
> 
> ## add time column
> data$time_ind <- seq_len(nrow(data))
> 
> ssr_control <- create_ssr_control(X_names=c("smooth_log_cases", "time_ind"),
+     y_names="total_cases",
+     time_name=NULL,
+     max_lag=list(smooth_log_cases=1,
+         time_ind=0),
+     prediction_horizons=as.integer(prediction_horizon_limit),
+     kernel_fns=list(smooth_log_cases="squared_exp_kernel",
+         time_ind="periodic_kernel"),
+     theta_est=list(smooth_log_cases="bw",
+         time_ind="bw"),
+     theta_fixed=list(time_ind=list(period=pi / 52)),
+     theta_transform_fns=list(
+         squared_exp_kernel=list(
+             bw=list(transform="log",
+                 detransform="exp")
+         ),
+         periodic_kernel=list(
+             bw=list(transform="log",
+                 detransform="exp")
+         )
+     ),
+     crossval_buffer=52,
+     loss_fn_name="mae_from_kernel_weights_and_centers",
+     loss_fn_args=list())
> 
> 
> ssr_fit <- ssr(X_names=c("smooth_log_cases", "time_ind"),
+     y_names="total_cases",
+     time_name=NULL,
+     data=data,
+     ssr_control=ssr_control)
391.7923FALSE
529.4411FALSE
525.7036FALSE
529.4375FALSE
391.7911FALSE
525.6961FALSE
529.4446FALSE
391.7935FALSE
525.7112FALSE
534.1045FALSE
400.4934FALSE
525.9503FALSE
534.1234FALSE
400.5244FALSE
525.9694FALSE
534.0855FALSE
525.9313FALSE
400.4624FALSE
528.5043FALSE
522.3074FALSE
391.758FALSE
522.3058FALSE
528.5023FALSE
391.7587FALSE
522.3091FALSE
528.5064FALSE
391.7572FALSE
529.4355FALSE
522.4957FALSE
391.7234FALSE
529.4472FALSE
522.5005FALSE
391.7238FALSE
522.4912FALSE
391.723FALSE
529.4241FALSE
391.7624FALSE
528.2754FALSE
522.2832FALSE
528.2742FALSE
391.7617FALSE
522.2838FALSE
528.2766FALSE
391.7632FALSE
522.2826FALSE
391.7217FALSE
528.6182FALSE
522.2779FALSE
391.721FALSE
522.2777FALSE
528.6248FALSE
391.7224FALSE
522.2781FALSE
528.6116FALSE
391.7223FALSE
522.2785FALSE
528.2385FALSE
391.7227FALSE
522.279FALSE
391.722FALSE
528.238FALSE
522.2781FALSE
391.7209FALSE
522.2778FALSE
528.239FALSE
391.7213FALSE
522.2779FALSE
528.2429FALSE
391.7212FALSE
522.278FALSE
528.2433FALSE
522.2778FALSE
391.7211FALSE
528.2426FALSE
391.721FALSE
522.278FALSE
528.2363FALSE
391.7218FALSE
522.278FALSE
528.2365FALSE
391.7209FALSE
522.2778FALSE
528.2362FALSE
391.7213FALSE
522.278FALSE
528.2359FALSE
522.278FALSE
391.7213FALSE
528.2361FALSE
522.2778FALSE
528.2357FALSE
391.7209FALSE
528.2469FALSE
522.278FALSE
391.7213FALSE
528.246FALSE
522.278FALSE
391.7213FALSE
522.2778FALSE
528.2479FALSE
391.7209FALSE
528.2359FALSE
522.278FALSE
391.7213FALSE
528.2357FALSE
522.278FALSE
528.2364FALSE
522.2778FALSE
391.7213FALSE
528.2357FALSE
522.278FALSE
391.7209FALSE
528.2359FALSE
522.278FALSE
391.7213FALSE
528.2359FALSE
522.2778FALSE
391.7213FALSE
528.2357FALSE
522.278FALSE
391.7209FALSE
528.2359FALSE
522.278FALSE
391.7213FALSE
528.2359FALSE
522.2778FALSE
391.7213FALSE
528.2357FALSE
391.7209FALSE
522.278FALSE
528.2359FALSE
391.7213FALSE
522.278FALSE
528.2359FALSE
391.7213FALSE
522.2778FALSE
528.2357FALSE
391.7209FALSE
522.278FALSE
391.7213FALSE
528.2359FALSE
522.278FALSE
391.7213FALSE
522.2778FALSE
528.2359FALSE
391.7209FALSE
522.278FALSE
528.2357FALSE
391.7213FALSE
522.278FALSE
528.2359FALSE
391.7213FALSE
522.2778FALSE
528.2359FALSE
391.7209FALSE
522.278FALSE
522.278FALSE
528.2357FALSE
391.7213FALSE
522.2778FALSE
391.7213FALSE
528.2359FALSE
522.278FALSE
391.7209FALSE
528.2359FALSE
522.278FALSE
391.7213FALSE
522.2778FALSE
528.2357FALSE
391.7213FALSE
522.278FALSE
528.2359FALSE
522.278FALSE
391.7209FALSE
522.2778FALSE
528.2359FALSE
391.7213FALSE
522.278FALSE
528.2357FALSE
391.7213FALSE
522.278FALSE
528.2359FALSE
391.7209FALSE
522.2778FALSE
522.278FALSE
528.2359FALSE
391.7213FALSE
522.278FALSE
528.2357FALSE
391.7213FALSE
522.2778FALSE
528.2359FALSE
391.7209FALSE
522.278FALSE
528.2359FALSE
391.7213FALSE
522.278FALSE
528.2357FALSE
522.2778FALSE
528.2359FALSE
391.7213FALSE
522.278FALSE
528.2359FALSE
391.7209FALSE
522.278FALSE
391.7213FALSE
528.2357FALSE
522.2778FALSE
391.7213FALSE
528.2359FALSE
522.278FALSE
391.7209FALSE
522.278FALSE
528.2359FALSE
391.7213FALSE
522.2778FALSE
528.2357FALSE
391.7213FALSE
522.278FALSE
528.2359FALSE
522.278FALSE
391.7209FALSE
528.2359FALSE
522.2778FALSE
391.7213FALSE
528.2357FALSE
522.278FALSE
391.7213FALSE
522.278FALSE
528.2359FALSE
391.7209FALSE
522.2778FALSE
391.7213FALSE
528.2359FALSE
522.278FALSE
391.7213FALSE
522.278FALSE
528.2357FALSE
391.7209FALSE
522.2778FALSE
391.7213FALSE
528.2359FALSE
522.278FALSE
391.7213FALSE
528.2359FALSE
$par
smooth_log_cases_lag0.bw 
               -1.845883 

$value
[1] 528.2357

$counts
function gradient 
      26       26 

$convergence
[1] 0

$message
[1] "CONVERGENCE: REL_REDUCTION_OF_F <= FACTR*EPSMCH"

522.278FALSE
391.7209FALSE
522.2805FALSE
391.7213FALSE
522.2799FALSE
391.7213FALSE
522.2812FALSE
391.7209FALSE
522.2778FALSE
391.7213FALSE
522.278FALSE
391.7213FALSE
522.278FALSE
391.7209FALSE
522.2778FALSE
391.7213FALSE
522.278FALSE
391.7213FALSE
522.278FALSE
391.7209FALSE
522.2778FALSE
391.7213FALSE
522.278FALSE
391.7213FALSE
522.278FALSE
391.7209FALSE
522.2778FALSE
391.7213FALSE
522.278FALSE
391.7213FALSE
522.278FALSE
391.7209FALSE
522.2778FALSE
522.278FALSE
391.7213FALSE
522.278FALSE
391.7213FALSE
522.2778FALSE
391.7209FALSE
522.278FALSE
391.7213FALSE
522.278FALSE
391.7213FALSE
522.2778FALSE
391.7209FALSE
522.278FALSE
391.7213FALSE
522.278FALSE
391.7213FALSE
522.2778FALSE
391.7209FALSE
522.278FALSE
391.7213FALSE
522.278FALSE
391.7213FALSE
522.2778FALSE
391.7209FALSE
522.278FALSE
522.278FALSE
391.7213FALSE
522.2778FALSE
391.7213FALSE
522.278FALSE
391.7209FALSE
522.278FALSE
391.7213FALSE
522.2778FALSE
391.7213FALSE
522.278FALSE
391.7209FALSE
522.278FALSE
391.7213FALSE
522.2778FALSE
391.7213FALSE
522.278FALSE
391.7209FALSE
522.278FALSE
391.7213FALSE
522.2778FALSE
391.7213FALSE
522.278FALSE
391.7209FALSE
522.278FALSE
391.7213FALSE
522.2778FALSE
391.7213FALSE
522.278FALSE
391.7209FALSE
522.278FALSE
391.7213FALSE
522.2778FALSE
391.7213FALSE
522.278FALSE
391.7209FALSE
522.278FALSE
391.7213FALSE
522.2778FALSE
391.7213FALSE
522.278FALSE
391.7209FALSE
522.278FALSE
391.7213FALSE
522.2778FALSE
391.7213FALSE
522.278FALSE
391.7209FALSE
522.278FALSE
391.7213FALSE
522.2778FALSE
391.7213FALSE
522.278FALSE
391.7209FALSE
522.278FALSE
522.2778FALSE
391.7213FALSE
522.278FALSE
391.7213FALSE
522.278FALSE
$par
smooth_log_cases_lag1.bw 
               -1.735155 

$value
[1] 522.2778

$counts
function gradient 
      49       49 

$convergence
[1] 52

$message
[1] "ERROR: ABNORMAL_TERMINATION_IN_LNSRCH"

391.7209FALSE
391.7213FALSE
391.7213FALSE
391.7209FALSE
391.7213FALSE
391.7213FALSE
391.7209FALSE
391.7213FALSE
391.7213FALSE
391.7209FALSE
391.7213FALSE
391.7213FALSE
391.7209FALSE
391.7213FALSE
391.7213FALSE
$par
time_ind_lag0.bw 
       -2.210457 

$value
[1] 391.7209

$counts
function gradient 
      51       51 

$convergence
[1] 52

$message
[1] "ERROR: ABNORMAL_TERMINATION_IN_LNSRCH"

403.3178FALSE
410.2805FALSE
403.3367FALSE
410.2924FALSE
403.2987FALSE
410.2683FALSE
403.2865FALSE
410.2498FALSE
403.349FALSE
410.311FALSE
413.0218FALSE
423.2074FALSE
413.0144FALSE
413.0292FALSE
423.1985FALSE
413.0698FALSE
423.2162FALSE
423.2622FALSE
412.9738FALSE
423.1526FALSE
399.5317FALSE
399.5324FALSE
404.5773FALSE
399.531FALSE
404.5749FALSE
399.527FALSE
404.5796FALSE
399.5364FALSE
404.5723FALSE
399.3018FALSE
404.5823FALSE
399.3042FALSE
404.4018FALSE
399.2995FALSE
404.3999FALSE
399.2992FALSE
404.4038FALSE
404.4032FALSE
399.3044FALSE
404.4005FALSE
399.6637FALSE
404.3705FALSE
399.6665FALSE
404.3691FALSE
399.6608FALSE
404.372FALSE
399.6727FALSE
404.3709FALSE
399.6547FALSE
404.37FALSE
399.1496FALSE
404.6263FALSE
399.1532FALSE
404.6317FALSE
399.1459FALSE
404.6208FALSE
399.1472FALSE
404.6209FALSE
399.152FALSE
404.6317FALSE
399.1707FALSE
404.3637FALSE
399.1684FALSE
404.3624FALSE
399.1729FALSE
404.365FALSE
399.173FALSE
404.3645FALSE
399.1684FALSE
404.3629FALSE
399.13FALSE
404.8041FALSE
399.1339FALSE
404.8028FALSE
399.1309FALSE
404.8053FALSE
399.1301FALSE
404.8027FALSE
399.1324FALSE
404.8055FALSE
399.2487FALSE
404.3562FALSE
404.3545FALSE
399.2477FALSE
404.3579FALSE
399.2497FALSE
404.3572FALSE
399.2527FALSE
399.2456FALSE
404.3553FALSE
399.1507FALSE
404.3456FALSE
399.148FALSE
404.3435FALSE
399.1533FALSE
404.3477FALSE
399.153FALSE
404.3467FALSE
399.1484FALSE
404.3445FALSE
399.1301FALSE
404.6638FALSE
399.1313FALSE
404.6686FALSE
399.1332FALSE
404.6589FALSE
399.1325FALSE
399.1297FALSE
404.658FALSE
399.1289FALSE
404.6698FALSE
399.1328FALSE
404.3482FALSE
399.1319FALSE
404.3557FALSE
399.1311FALSE
404.3408FALSE
399.1312FALSE
404.3402FALSE
399.13FALSE
399.1305FALSE
404.3561FALSE
399.133FALSE
404.3425FALSE
399.1323FALSE
404.3407FALSE
399.1289FALSE
404.3447FALSE
399.1288FALSE
404.3437FALSE
399.1326FALSE
404.3413FALSE
399.1319FALSE
404.343FALSE
399.1312FALSE
404.3506FALSE
399.1311FALSE
404.3422FALSE
399.1289FALSE
404.3411FALSE
399.1326FALSE
404.351FALSE
399.132FALSE
404.3425FALSE
399.1312FALSE
404.3407FALSE
399.131FALSE
404.3447FALSE
399.1288FALSE
404.3437FALSE
399.1326FALSE
404.3413FALSE
399.1319FALSE
405.4219FALSE
399.1312FALSE
405.4335FALSE
399.1311FALSE
405.4101FALSE
399.1288FALSE
405.4061FALSE
399.1326FALSE
405.4376FALSE
399.1319FALSE
404.4915FALSE
399.1312FALSE
404.4975FALSE
404.4855FALSE
399.1311FALSE
404.4843FALSE
399.1584FALSE
404.4988FALSE
399.1558FALSE
404.3425FALSE
399.161FALSE
399.159FALSE
404.3502FALSE
399.1578FALSE
404.3423FALSE
399.1314FALSE
404.3413FALSE
404.3505FALSE
399.1283FALSE
404.3412FALSE
399.1343FALSE
404.3458FALSE
399.1336FALSE
404.3434FALSE
399.1292FALSE
404.3424FALSE
399.1291FALSE
404.3461FALSE
399.1322FALSE
404.3401FALSE
399.1321FALSE
404.3425FALSE
399.1314FALSE
404.3424FALSE
399.1306FALSE
404.3414FALSE
399.1288FALSE
404.3428FALSE
399.1326FALSE
404.3369FALSE
399.1319FALSE
404.3366FALSE
399.1312FALSE
404.3392FALSE
399.1311FALSE
404.3388FALSE
399.1288FALSE
404.3364FALSE
399.1326FALSE
404.3365FALSE
399.1319FALSE
404.338FALSE
399.1312FALSE
404.3389FALSE
399.1311FALSE
404.3385FALSE
399.1288FALSE
404.3378FALSE
399.1326FALSE
404.336FALSE
399.1319FALSE
404.3387FALSE
404.3384FALSE
399.1312FALSE
404.338FALSE
399.1311FALSE
404.3385FALSE
399.1288FALSE
404.3344FALSE
399.1326FALSE
404.34FALSE
399.1319FALSE
404.3369FALSE
399.1312FALSE
404.3366FALSE
399.1311FALSE
404.3398FALSE
399.1288FALSE
404.334FALSE
399.1326FALSE
399.1319FALSE
404.3411FALSE
399.1312FALSE
404.3352FALSE
399.1311FALSE
404.3354FALSE
399.1288FALSE
404.3408FALSE
399.1326FALSE
404.3339FALSE
399.1319FALSE
404.3402FALSE
404.3364FALSE
399.1312FALSE
404.3361FALSE
399.1311FALSE
404.34FALSE
399.1288FALSE
404.344FALSE
399.1326FALSE
404.3506FALSE
399.1319FALSE
404.3437FALSE
399.1312FALSE
404.3448FALSE
399.1311FALSE
404.3491FALSE
399.1288FALSE
404.3336FALSE
399.1326FALSE
404.3402FALSE
399.1319FALSE
404.3362FALSE
404.3359FALSE
399.1312FALSE
404.34FALSE
399.1311FALSE
404.3336FALSE
399.1288FALSE
404.3402FALSE
399.1326FALSE
404.3362FALSE
399.1319FALSE
404.3359FALSE
399.1312FALSE
404.34FALSE
404.3361FALSE
399.1311FALSE
404.343FALSE
399.1288FALSE
404.3371FALSE
399.1326FALSE
404.3375FALSE
399.1319FALSE
404.3421FALSE
399.1312FALSE
404.3334FALSE
399.1311FALSE
404.3403FALSE
404.336FALSE
399.1288FALSE
404.3358FALSE
399.1326FALSE
404.34FALSE
399.1319FALSE
404.3441FALSE
404.3507FALSE
399.1312FALSE
404.3455FALSE
404.3466FALSE
399.1311FALSE
404.3491FALSE
404.3332FALSE
399.1288FALSE
404.3402FALSE
404.3359FALSE
399.1326FALSE
404.3356FALSE
399.1319FALSE
404.34FALSE
399.1312FALSE
404.3332FALSE
399.1311FALSE
404.3402FALSE
399.1288FALSE
404.3359FALSE
399.1326FALSE
404.3356FALSE
399.1319FALSE
404.34FALSE
399.1312FALSE
404.3364FALSE
399.1311FALSE
404.3433FALSE
399.1288FALSE
404.3381FALSE
399.1326FALSE
404.3386FALSE
399.1319FALSE
404.3424FALSE
399.1312FALSE
404.3331FALSE
399.1311FALSE
404.3402FALSE
399.1288FALSE
404.3358FALSE
399.1326FALSE
404.3355FALSE
399.1319FALSE
404.34FALSE
399.1312FALSE
404.3408FALSE
399.1311FALSE
404.3475FALSE
399.1288FALSE
404.3438FALSE
399.1326FALSE
404.3449FALSE
399.1319FALSE
404.346FALSE
399.1312FALSE
404.333FALSE
399.1311FALSE
404.3401FALSE
399.1288FALSE
404.3357FALSE
404.3354FALSE
399.1326FALSE
404.3398FALSE
404.3369FALSE
399.1319FALSE
404.3437FALSE
404.3395FALSE
399.1312FALSE
404.34FALSE
404.3428FALSE
399.1311FALSE
404.333FALSE
398.8829FALSE
404.34FALSE
398.8833FALSE
404.3356FALSE
398.8825FALSE
404.3354FALSE
398.88FALSE
404.3398FALSE
398.8859FALSE
404.3437FALSE
399.3003FALSE
404.3409FALSE
399.2944FALSE
404.3465FALSE
399.3062FALSE
404.3477FALSE
399.3055FALSE
404.3403FALSE
399.2952FALSE
404.3335FALSE
404.3385FALSE
398.8622FALSE
404.3362FALSE
404.3365FALSE
398.8633FALSE
404.3381FALSE
398.8611FALSE
404.333FALSE
404.3398FALSE
398.8595FALSE
404.3357FALSE
404.3356FALSE
398.865FALSE
404.3396FALSE
398.8235FALSE
404.3427FALSE
398.8252FALSE
404.3405FALSE
398.8221FALSE
404.3449FALSE
398.821FALSE
404.3446FALSE
398.826FALSE
404.3409FALSE
398.9015FALSE
404.3341FALSE
398.8972FALSE
404.3375FALSE
398.9058FALSE
404.3367FALSE
398.906FALSE
404.3365FALSE
398.8971FALSE
404.3372FALSE
398.7854FALSE
404.3331FALSE
398.7855FALSE
404.3396FALSE
398.7859FALSE
404.3358FALSE
398.7841FALSE
404.3356FALSE
398.7868FALSE
404.3394FALSE
398.6972FALSE
404.333FALSE
398.6967FALSE
404.3398FALSE
404.3357FALSE
398.6976FALSE
404.3356FALSE
398.6994FALSE
404.3395FALSE
398.695FALSE
404.333FALSE
404.3398FALSE
398.7579FALSE
404.3357FALSE
404.3356FALSE
398.7631FALSE
404.3396FALSE
404.333FALSE
398.7526FALSE
404.3398FALSE
404.3357FALSE
398.7563FALSE
404.3356FALSE
404.3396FALSE
398.7595FALSE
404.333FALSE
398.6907FALSE
404.3398FALSE
398.69FALSE
404.3357FALSE
398.6914FALSE
404.3356FALSE
398.6928FALSE
404.3396FALSE
398.6887FALSE
404.333FALSE
404.3398FALSE
404.3357FALSE
398.6891FALSE
404.3356FALSE
398.6879FALSE
404.3396FALSE
398.6896FALSE
404.333FALSE
398.6875FALSE
404.3398FALSE
399.3343FALSE
404.3357FALSE
399.3366FALSE
404.3356FALSE
399.3319FALSE
404.3396FALSE
399.3247FALSE
404.333FALSE
399.3439FALSE
404.3398FALSE
398.6839FALSE
404.3357FALSE
398.6824FALSE
404.3356FALSE
404.3396FALSE
398.6857FALSE
404.333FALSE
404.3398FALSE
398.6841FALSE
404.3357FALSE
404.3356FALSE
398.684FALSE
404.3396FALSE
398.682FALSE
404.333FALSE
404.3398FALSE
398.6809FALSE
404.3357FALSE
404.3356FALSE
398.6831FALSE
404.3396FALSE
404.333FALSE
398.6832FALSE
404.3398FALSE
398.6808FALSE
404.3357FALSE
398.682FALSE
404.3356FALSE
398.682FALSE
404.3396FALSE
404.333FALSE
398.6819FALSE
404.3398FALSE
404.3357FALSE
398.6815FALSE
404.3356FALSE
398.6825FALSE
404.3396FALSE
404.333FALSE
398.68FALSE
404.3398FALSE
398.6802FALSE
404.3357FALSE
398.6798FALSE
404.3356FALSE
398.6801FALSE
404.3396FALSE
398.6801FALSE
404.333FALSE
398.68FALSE
404.3398FALSE
398.6801FALSE
404.3357FALSE
398.6798FALSE
404.3356FALSE
398.6797FALSE
404.3396FALSE
398.6803FALSE
404.333FALSE
398.6798FALSE
404.3398FALSE
398.6801FALSE
404.3357FALSE
398.6797FALSE
404.3356FALSE
398.6798FALSE
404.3396FALSE
398.6801FALSE
404.333FALSE
398.6797FALSE
404.3398FALSE
398.68FALSE
404.3357FALSE
398.6802FALSE
404.3356FALSE
398.6801FALSE
404.3396FALSE
$par
smooth_log_cases_lag1.bw         time_ind_lag0.bw 
               -2.342433                -1.814730 

$value
[1] 404.333

$counts
function gradient 
      61       61 

$convergence
[1] 0

$message
[1] "CONVERGENCE: REL_REDUCTION_OF_F <= FACTR*EPSMCH"

398.6798FALSE
398.6797FALSE
398.68FALSE
398.6798FALSE
398.6797FALSE
398.6799FALSE
398.6797FALSE
398.68FALSE
398.6802FALSE
398.68FALSE
398.6799FALSE
398.6797FALSE
398.68FALSE
398.6802FALSE
398.6801FALSE
398.6798FALSE
398.6797FALSE
398.68FALSE
398.6802FALSE
398.6801FALSE
398.6798FALSE
398.6797FALSE
398.68FALSE
398.6802FALSE
398.6801FALSE
398.6798FALSE
398.6797FALSE
398.68FALSE
398.6802FALSE
398.6801FALSE
398.6798FALSE
398.6797FALSE
398.68FALSE
398.6802FALSE
398.6801FALSE
398.6798FALSE
398.6797FALSE
398.68FALSE
398.6802FALSE
398.6801FALSE
398.6798FALSE
398.6797FALSE
398.68FALSE
398.6802FALSE
398.6801FALSE
398.6798FALSE
398.6797FALSE
398.68FALSE
398.6802FALSE
398.6801FALSE
398.6798FALSE
398.6797FALSE
398.68FALSE
398.6802FALSE
398.6801FALSE
398.6798FALSE
398.6797FALSE
398.68FALSE
398.6802FALSE
398.6801FALSE
398.6798FALSE
398.6797FALSE
398.68FALSE
398.6802FALSE
398.6801FALSE
398.6798FALSE
398.6797FALSE
398.68FALSE
398.6802FALSE
398.6801FALSE
398.6798FALSE
398.6797FALSE
398.68FALSE
398.6802FALSE
398.6801FALSE
398.6798FALSE
398.6797FALSE
398.68FALSE
398.6802FALSE
398.6801FALSE
398.6798FALSE
398.6797FALSE
398.68FALSE
398.6802FALSE
398.6801FALSE
398.6798FALSE
398.6797FALSE
398.68FALSE
398.6802FALSE
398.6801FALSE
398.6798FALSE
398.6797FALSE
398.68FALSE
398.6802FALSE
398.6801FALSE
398.6798FALSE
398.6797FALSE
398.68FALSE
398.6802FALSE
398.6801FALSE
398.6798FALSE
399.6684FALSE
399.6664FALSE
399.6703FALSE
399.6615FALSE
399.6753FALSE
398.6799FALSE
398.6802FALSE
398.6798FALSE
398.6799FALSE
398.6802FALSE
398.6797FALSE
398.68FALSE
398.68FALSE
398.6798FALSE
398.6799FALSE
398.6797FALSE
398.68FALSE
398.6802FALSE
398.6801FALSE
398.6798FALSE
398.6797FALSE
398.68FALSE
398.6802FALSE
398.6801FALSE
398.6798FALSE
398.6797FALSE
398.68FALSE
398.6802FALSE
398.6801FALSE
398.6798FALSE
398.6797FALSE
398.68FALSE
398.6802FALSE
398.6801FALSE
398.6798FALSE
398.6797FALSE
398.68FALSE
398.6802FALSE
398.6801FALSE
398.6798FALSE
398.6797FALSE
398.68FALSE
398.6802FALSE
398.6801FALSE
398.6798FALSE
398.6797FALSE
398.68FALSE
398.6802FALSE
398.6801FALSE
398.6798FALSE
398.6797FALSE
398.68FALSE
398.6802FALSE
398.6801FALSE
398.6798FALSE
398.6797FALSE
398.68FALSE
398.6802FALSE
398.6801FALSE
398.6798FALSE
398.6797FALSE
398.68FALSE
398.6802FALSE
398.6801FALSE
398.6798FALSE
398.6797FALSE
398.68FALSE
398.6802FALSE
398.6801FALSE
398.6798FALSE
398.6797FALSE
398.68FALSE
398.6802FALSE
398.6801FALSE
398.6798FALSE
398.6797FALSE
398.68FALSE
398.6802FALSE
398.6801FALSE
398.6798FALSE
398.6797FALSE
398.68FALSE
398.6802FALSE
398.6801FALSE
398.6798FALSE
398.6797FALSE
398.68FALSE
398.6802FALSE
398.6801FALSE
398.6798FALSE
398.6797FALSE
398.68FALSE
398.6802FALSE
398.6801FALSE
398.6798FALSE
$par
smooth_log_cases_lag0.bw         time_ind_lag0.bw 
               -2.766275                -1.823614 

$value
[1] 398.6797

$counts
function gradient 
      94       94 

$convergence
[1] 0

$message
[1] "CONVERGENCE: REL_REDUCTION_OF_F <= FACTR*EPSMCH"

> 
> save(ssr_fit,
+     file=paste0("/home/ngr67a/2015-cdc-flu-competition/fit-competition-ssr-ph", prediction_horizon_limit, "-", data_set, ".Rdata"))
> 
> proc.time()
    user   system  elapsed 
1513.913    0.650 1453.808 
