
R version 3.2.2 (2015-08-14) -- "Fire Safety"
Copyright (C) 2015 The R Foundation for Statistical Computing
Platform: x86_64-pc-linux-gnu (64-bit)

R is free software and comes with ABSOLUTELY NO WARRANTY.
You are welcome to redistribute it under certain conditions.
Type 'license()' or 'licence()' for distribution details.

  Natural language support but running in an English locale

R is a collaborative project with many contributors.
Type 'contributors()' for more information and
'citation()' on how to cite R or R packages in publications.

Type 'demo()' for some demos, 'help()' for on-line help, or
'help.start()' for an HTML browser interface to help.
Type 'q()' to quit R.

> ### get ssr fit -- prediction horizons 1:52
> library(lubridate)
> library(ggplot2)
> library(plyr)

Attaching package: ‘plyr’

The following object is masked from ‘package:lubridate’:

    here

> library(dplyr)

Attaching package: ‘dplyr’

The following objects are masked from ‘package:plyr’:

    arrange, count, desc, failwith, id, mutate, rename, summarise,
    summarize

The following objects are masked from ‘package:lubridate’:

    intersect, setdiff, union

The following objects are masked from ‘package:stats’:

    filter, lag

The following objects are masked from ‘package:base’:

    intersect, setdiff, setequal, union

> library(reshape)

Attaching package: ‘reshape’

The following object is masked from ‘package:dplyr’:

    rename

The following objects are masked from ‘package:plyr’:

    rename, round_any

The following object is masked from ‘package:lubridate’:

    stamp

> library(ssrFlu)
> library(doMC)
Loading required package: foreach
Loading required package: iterators
Loading required package: parallel
> 
> registerDoMC(cores=3)
> 
> args <- commandArgs(trailingOnly=TRUE)
> 
> data_set <- args[1]
> prediction_horizon_limit <- as.integer(args[2])
> 
> ## load dataset
> if(identical(data_set, "ili_national")) {
+     data <- ili_national
+ } 
> if(identical(data_set, "ili_region1")) {
+     data <- ili_region1
+ } 
> if(identical(data_set, "ili_region2")) {
+     data <- ili_region2
+ } 
> if(identical(data_set, "ili_region3")) {
+     data <- ili_region3
+ } 
> if(identical(data_set, "ili_region4")) {
+     data <- ili_region4
+ } 
> if(identical(data_set, "ili_region5")) {
+     data <- ili_region5
+ } 
> if(identical(data_set, "ili_region6")) {
+     data <- ili_region6
+ } 
> if(identical(data_set, "ili_region7")) {
+     data <- ili_region7
+ } 
> if(identical(data_set, "ili_region8")) {
+     data <- ili_region8
+ } 
> if(identical(data_set, "ili_region9")) {
+     data <- ili_region9
+ } 
> if(identical(data_set, "ili_region10")) {
+     data <- ili_region10
+ } 
> 
> 
> 
> ## add log column
> data$log_total_cases <- log(data$total_cases + 1)
> 
> ## add week_start_date
> char_dates <- paste(data$year, data$week, "1")
> data$week_start_date <- as.Date(char_dates, format="%Y %W %w")
> 
> ## remove week 53s
> data <- data[-which(is.na(data$week_start_date)),]
> data <- data[262:nrow(data),]
> 
> ## add smooth log column -- or not, since it is already pretty smooth...
> sm <- loess(log_total_cases ~ as.numeric(week_start_date), data=data, span= 26 / nrow(data))
> data$smooth_log_cases <- sm$fitted
> 
> ## add time column
> data$time_ind <- seq_len(nrow(data))
> 
> ssr_control <- create_ssr_control(X_names=c("smooth_log_cases", "time_ind"),
+     y_names="total_cases",
+     time_name=NULL,
+     max_lag=list(smooth_log_cases=1,
+         time_ind=0),
+     prediction_horizons=as.integer(prediction_horizon_limit),
+     kernel_fns=list(smooth_log_cases="squared_exp_kernel",
+         time_ind="periodic_kernel"),
+     theta_est=list(smooth_log_cases="bw",
+         time_ind="bw"),
+     theta_fixed=list(time_ind=list(period=pi / 52)),
+     theta_transform_fns=list(
+         squared_exp_kernel=list(
+             bw=list(transform="log",
+                 detransform="exp")
+         ),
+         periodic_kernel=list(
+             bw=list(transform="log",
+                 detransform="exp")
+         )
+     ),
+     crossval_buffer=52,
+     loss_fn_name="mae_from_kernel_weights_and_centers",
+     loss_fn_args=list())
> 
> 
> ssr_fit <- ssr(X_names=c("smooth_log_cases", "time_ind"),
+     y_names="total_cases",
+     time_name=NULL,
+     data=data,
+     ssr_control=ssr_control)
636.5041FALSE
471.7776FALSE
644.8946FALSE
471.7763FALSE
636.4983FALSE
644.8873FALSE
471.7789FALSE
636.51FALSE
644.902FALSE
476.0839FALSE
651.5131FALSE
645.6207FALSE
476.1169FALSE
651.5306FALSE
476.051FALSE
645.6424FALSE
651.4955FALSE
471.0173FALSE
645.5989FALSE
643.9835FALSE
471.0157FALSE
636.0329FALSE
643.9829FALSE
471.0189FALSE
636.0319FALSE
471.165FALSE
643.9841FALSE
636.0338FALSE
471.1671FALSE
643.9747FALSE
636.0136FALSE
471.1628FALSE
643.9745FALSE
636.0134FALSE
643.975FALSE
470.9529FALSE
636.0138FALSE
636.0119FALSE
643.9727FALSE
470.9525FALSE
636.0118FALSE
643.9727FALSE
470.9534FALSE
636.012FALSE
643.9727FALSE
471.309FALSE
636.0112FALSE
643.9727FALSE
471.3119FALSE
636.0113FALSE
643.9727FALSE
471.3061FALSE
636.0112FALSE
643.9727FALSE
$par
smooth_log_cases_lag1.bw 
               -2.036566 

$value
[1] 643.9727

$counts
function gradient 
       6        6 

$convergence
[1] 0

$message
[1] "CONVERGENCE: REL_REDUCTION_OF_F <= FACTR*EPSMCH"

470.9453FALSE
636.0112FALSE
470.9449FALSE
636.0112FALSE
470.9456FALSE
636.0112FALSE
470.9867FALSE
636.0112FALSE
470.9882FALSE
636.0112FALSE
470.9852FALSE
636.0112FALSE
470.9426FALSE
636.0112FALSE
470.9422FALSE
636.0112FALSE
470.943FALSE
636.0112FALSE
$par
smooth_log_cases_lag0.bw 
               -2.071194 

$value
[1] 636.0112

$counts
function gradient 
       9        9 

$convergence
[1] 0

$message
[1] "CONVERGENCE: REL_REDUCTION_OF_F <= FACTR*EPSMCH"

470.9404FALSE
470.9407FALSE
470.9408FALSE
470.9414FALSE
470.9417FALSE
470.9411FALSE
470.9404FALSE
470.9408FALSE
470.9408FALSE
470.9404FALSE
470.9408FALSE
470.9408FALSE
470.9404FALSE
470.9408FALSE
470.9408FALSE
470.9404FALSE
470.9408FALSE
470.9408FALSE
470.9404FALSE
470.9408FALSE
470.9408FALSE
470.9404FALSE
470.9408FALSE
470.9408FALSE
470.9404FALSE
470.9408FALSE
470.9408FALSE
470.9404FALSE
470.9408FALSE
470.9408FALSE
470.9404FALSE
470.9408FALSE
470.9408FALSE
470.9404FALSE
470.9408FALSE
470.9408FALSE
470.9404FALSE
470.9408FALSE
470.9408FALSE
470.9404FALSE
470.9408FALSE
470.9408FALSE
470.9404FALSE
470.9408FALSE
470.9408FALSE
470.9404FALSE
470.9408FALSE
470.9408FALSE
470.9404FALSE
470.9408FALSE
470.9408FALSE
470.9404FALSE
470.9408FALSE
470.9408FALSE
470.9404FALSE
470.9408FALSE
470.9408FALSE
470.9404FALSE
470.9408FALSE
470.9408FALSE
470.9404FALSE
470.9408FALSE
470.9408FALSE
470.9404FALSE
470.9408FALSE
470.9408FALSE
470.9404FALSE
470.9408FALSE
470.9408FALSE
$par
time_ind_lag0.bw 
       -1.859834 

$value
[1] 470.9404

$counts
function gradient 
      32       32 

$convergence
[1] 0

$message
[1] "CONVERGENCE: REL_REDUCTION_OF_F <= FACTR*EPSMCH"

474.579FALSE
463.8323FALSE
474.5348FALSE
463.8001FALSE
474.6233FALSE
463.8644FALSE
474.5748FALSE
463.8244FALSE
463.8402FALSE
474.5832FALSE
441.9876FALSE
446.8245FALSE
441.9803FALSE
446.8265FALSE
441.995FALSE
446.8225FALSE
442.0008FALSE
446.826FALSE
441.9745FALSE
446.823FALSE
449.2605FALSE
446.72FALSE
449.285FALSE
446.721FALSE
449.2359FALSE
446.719FALSE
449.259FALSE
446.7207FALSE
449.2619FALSE
446.7194FALSE
441.2814FALSE
446.7135FALSE
441.2895FALSE
446.7129FALSE
441.2732FALSE
446.7142FALSE
441.2867FALSE
446.713FALSE
441.2761FALSE
446.7139FALSE
440.2861FALSE
446.6996FALSE
440.2891FALSE
446.6991FALSE
440.283FALSE
446.7003FALSE
440.2869FALSE
446.6995FALSE
440.2852FALSE
446.6999FALSE
440.1648FALSE
446.9119FALSE
440.167FALSE
446.9179FALSE
440.1625FALSE
446.9058FALSE
440.1643FALSE
446.9128FALSE
440.1652FALSE
446.9109FALSE
440.2744FALSE
446.7052FALSE
440.2674FALSE
446.706FALSE
440.2814FALSE
446.7044FALSE
440.2776FALSE
446.7053FALSE
440.2711FALSE
446.7051FALSE
440.1523FALSE
446.6978FALSE
440.1525FALSE
446.6972FALSE
440.1564FALSE
446.6983FALSE
440.156FALSE
446.6977FALSE
440.1508FALSE
446.6979FALSE
440.1881FALSE
446.7019FALSE
440.1807FALSE
446.7028FALSE
440.1954FALSE
446.701FALSE
440.1916FALSE
446.702FALSE
440.1845FALSE
446.7019FALSE
446.6971FALSE
440.1417FALSE
446.6972FALSE
440.138FALSE
446.6977FALSE
440.1461FALSE
446.697FALSE
440.1454FALSE
446.6972FALSE
440.138FALSE
446.6985FALSE
440.3288FALSE
446.6994FALSE
440.3258FALSE
446.6975FALSE
440.3318FALSE
446.6984FALSE
440.3251FALSE
446.6985FALSE
440.3324FALSE
446.6969FALSE
446.6975FALSE
440.1369FALSE
446.6975FALSE
440.1381FALSE
446.6968FALSE
440.1422FALSE
446.697FALSE
440.1395FALSE
446.6967FALSE
440.1379FALSE
446.6974FALSE
440.1377FALSE
446.6973FALSE
440.139FALSE
446.6966FALSE
440.1364FALSE
446.6968FALSE
440.1368FALSE
446.6963FALSE
440.1387FALSE
446.6974FALSE
446.6964FALSE
440.1371FALSE
446.6962FALSE
440.1383FALSE
446.6963FALSE
440.1394FALSE
446.6993FALSE
440.1376FALSE
446.7003FALSE
440.138FALSE
446.6996FALSE
440.1369FALSE
446.6997FALSE
440.1382FALSE
446.699FALSE
446.6962FALSE
440.1414FALSE
446.6973FALSE
440.1391FALSE
440.1379FALSE
446.6965FALSE
446.6961FALSE
440.1369FALSE
446.6962FALSE
440.1381FALSE
446.6969FALSE
440.1421FALSE
446.6979FALSE
440.1394FALSE
446.6973FALSE
440.1379FALSE
446.6972FALSE
440.1369FALSE
446.6966FALSE
440.1381FALSE
446.6961FALSE
440.1422FALSE
446.6972FALSE
440.1395FALSE
446.6965FALSE
446.6961FALSE
440.1379FALSE
446.6961FALSE
440.1369FALSE
446.6961FALSE
440.1381FALSE
446.6968FALSE
440.1422FALSE
446.6967FALSE
446.6962FALSE
440.1395FALSE
446.6961FALSE
440.1379FALSE
446.696FALSE
446.6972FALSE
440.1369FALSE
446.6965FALSE
440.1381FALSE
446.6961FALSE
440.1422FALSE
446.696FALSE
440.1395FALSE
446.6962FALSE
440.1379FALSE
446.6967FALSE
446.6968FALSE
440.1369FALSE
446.6962FALSE
440.1381FALSE
446.6962FALSE
440.1422FALSE
446.696FALSE
440.1395FALSE
446.6971FALSE
446.6966FALSE
440.1379FALSE
446.696FALSE
440.1369FALSE
446.696FALSE
440.1381FALSE
446.6962FALSE
440.1422FALSE
446.6966FALSE
446.6968FALSE
440.1395FALSE
446.6962FALSE
440.1379FALSE
446.6962FALSE
440.1369FALSE
446.696FALSE
440.1381FALSE
446.6971FALSE
446.6966FALSE
440.1422FALSE
446.696FALSE
446.696FALSE
440.1395FALSE
446.696FALSE
440.1379FALSE
446.6971FALSE
446.6966FALSE
440.1369FALSE
446.696FALSE
440.1381FALSE
446.696FALSE
446.696FALSE
440.1422FALSE
446.6971FALSE
440.1395FALSE
446.6966FALSE
440.1379FALSE
446.696FALSE
440.1369FALSE
446.696FALSE
440.1381FALSE
446.696FALSE
446.6971FALSE
440.1422FALSE
446.6966FALSE
440.1395FALSE
446.696FALSE
440.1379FALSE
446.696FALSE
446.696FALSE
440.1369FALSE
446.6971FALSE
440.1381FALSE
446.6966FALSE
446.696FALSE
440.1422FALSE
446.696FALSE
$par
smooth_log_cases_lag1.bw         time_ind_lag0.bw 
               -1.369658                -1.799477 

$value
[1] 446.696

$counts
function gradient 
      28       28 

$convergence
[1] 0

$message
[1] "CONVERGENCE: REL_REDUCTION_OF_F <= FACTR*EPSMCH"

440.1395FALSE
440.1379FALSE
440.1369FALSE
440.1381FALSE
440.1422FALSE
440.1395FALSE
440.1379FALSE
440.1369FALSE
440.1381FALSE
440.1422FALSE
440.1395FALSE
440.1379FALSE
440.1369FALSE
440.1381FALSE
440.1422FALSE
440.1395FALSE
440.1379FALSE
440.1369FALSE
440.1381FALSE
440.1422FALSE
440.1395FALSE
440.1379FALSE
440.1369FALSE
440.1381FALSE
440.1422FALSE
440.1395FALSE
440.1379FALSE
440.1369FALSE
440.1381FALSE
440.1422FALSE
440.1395FALSE
440.1379FALSE
440.1369FALSE
440.1381FALSE
440.1422FALSE
440.1395FALSE
440.1379FALSE
470.7787FALSE
470.7821FALSE
470.7753FALSE
470.7769FALSE
470.7805FALSE
440.2293FALSE
440.2316FALSE
440.227FALSE
440.2294FALSE
440.2292FALSE
440.1518FALSE
440.1529FALSE
440.1507FALSE
440.151FALSE
440.1526FALSE
440.1397FALSE
440.1409FALSE
440.1385FALSE
440.1387FALSE
440.1406FALSE
440.1374FALSE
440.1386FALSE
440.1398FALSE
440.1375FALSE
440.1384FALSE
440.137FALSE
440.1382FALSE
440.1419FALSE
440.1392FALSE
440.1379FALSE
440.1369FALSE
440.1381FALSE
440.1422FALSE
440.1395FALSE
440.1379FALSE
440.1369FALSE
440.1381FALSE
440.1422FALSE
440.1395FALSE
440.1379FALSE
440.1369FALSE
440.1381FALSE
440.1422FALSE
440.1395FALSE
440.1379FALSE
440.1369FALSE
440.1381FALSE
440.1422FALSE
440.1395FALSE
440.1379FALSE
440.1369FALSE
440.1381FALSE
440.1422FALSE
440.1395FALSE
440.1379FALSE
440.1369FALSE
440.1381FALSE
440.1422FALSE
440.1395FALSE
440.1379FALSE
440.1369FALSE
440.1381FALSE
440.1422FALSE
440.1395FALSE
440.1379FALSE
440.1369FALSE
440.1381FALSE
440.1422FALSE
440.1395FALSE
440.1379FALSE
440.1369FALSE
440.1381FALSE
440.1422FALSE
440.1395FALSE
440.1379FALSE
440.1369FALSE
440.1381FALSE
440.1422FALSE
440.1395FALSE
440.1379FALSE
440.1369FALSE
440.1381FALSE
440.1422FALSE
440.1395FALSE
440.1379FALSE
440.1369FALSE
440.1381FALSE
440.1422FALSE
440.1395FALSE
440.1379FALSE
440.1369FALSE
440.1381FALSE
440.1422FALSE
440.1395FALSE
440.1379FALSE
440.1369FALSE
440.1381FALSE
440.1422FALSE
440.1395FALSE
440.1379FALSE
$par
smooth_log_cases_lag0.bw         time_ind_lag0.bw 
               -1.419892                -1.919948 

$value
[1] 440.1369

$counts
function gradient 
      52       52 

$convergence
[1] 52

$message
[1] "ERROR: ABNORMAL_TERMINATION_IN_LNSRCH"

470.9619FALSE
476.3836FALSE
470.9617FALSE
476.3807FALSE
470.9621FALSE
476.3865FALSE
503.5641FALSE
476.3428FALSE
503.6771FALSE
476.4244FALSE
503.4511FALSE
470.9931FALSE
476.3788FALSE
470.9946FALSE
476.3884FALSE
470.9917FALSE
448.618FALSE
470.9494FALSE
448.6075FALSE
470.9489FALSE
448.6286FALSE
470.9499FALSE
448.602FALSE
470.9447FALSE
470.9443FALSE
448.634FALSE
470.945FALSE
448.6277FALSE
470.9523FALSE
448.6083FALSE
470.9536FALSE
448.2611FALSE
470.951FALSE
448.2792FALSE
470.9404FALSE
470.9407FALSE
448.2431FALSE
470.9408FALSE
448.2651FALSE
470.9459FALSE
448.2572FALSE
470.9467FALSE
448.2589FALSE
470.945FALSE
448.2634FALSE
470.9406FALSE
470.941FALSE
442.7246FALSE
470.9405FALSE
442.732FALSE
470.9404FALSE
442.7171FALSE
470.9407FALSE
442.7243FALSE
470.9408FALSE
442.7248FALSE
470.9404FALSE
442.7221FALSE
470.9407FALSE
470.9408FALSE
442.727FALSE
470.9404FALSE
441.8743FALSE
470.9407FALSE
441.8761FALSE
470.9408FALSE
441.8724FALSE
470.9404FALSE
441.8726FALSE
470.9407FALSE
441.876FALSE
470.9408FALSE
470.9404FALSE
441.8673FALSE
470.9407FALSE
441.8812FALSE
470.9408FALSE
449.8123FALSE
470.9404FALSE
449.7874FALSE
470.9407FALSE
449.8372FALSE
470.9408FALSE
470.9404FALSE
449.8093FALSE
470.9407FALSE
449.8153FALSE
470.9408FALSE
470.9404FALSE
449.8169FALSE
470.9407FALSE
449.8077FALSE
470.9408FALSE
470.9404FALSE
441.9721FALSE
470.9407FALSE
441.9666FALSE
470.9408FALSE
441.9776FALSE
470.9404FALSE
470.9407FALSE
441.9696FALSE
470.9408FALSE
441.9746FALSE
470.9404FALSE
441.9692FALSE
470.9407FALSE
441.975FALSE
470.9408FALSE
470.9404FALSE
441.8832FALSE
470.9407FALSE
441.8777FALSE
470.9408FALSE
441.8888FALSE
470.9404FALSE
441.8807FALSE
470.9407FALSE
441.8857FALSE
470.9408FALSE
470.9404FALSE
441.8813FALSE
470.9407FALSE
441.8852FALSE
470.9408FALSE
441.8663FALSE
470.9404FALSE
470.9407FALSE
441.8641FALSE
470.9408FALSE
441.8719FALSE
470.9404FALSE
441.8638FALSE
470.9407FALSE
470.9408FALSE
441.8688FALSE
470.9404FALSE
441.8648FALSE
470.9407FALSE
441.8693FALSE
470.9408FALSE
470.9404FALSE
441.5645FALSE
470.9407FALSE
441.5667FALSE
470.9408FALSE
441.5622FALSE
470.978FALSE
470.9796FALSE
441.5629FALSE
470.9765FALSE
441.566FALSE
470.9406FALSE
441.5577FALSE
470.9409FALSE
470.9406FALSE
441.5712FALSE
470.9404FALSE
440.9768FALSE
470.9407FALSE
470.9408FALSE
440.9846FALSE
470.9404FALSE
440.9689FALSE
470.9407FALSE
440.9763FALSE
470.9408FALSE
440.9772FALSE
470.9404FALSE
470.9407FALSE
440.9738FALSE
470.9408FALSE
440.9797FALSE
470.9404FALSE
440.8347FALSE
470.9407FALSE
440.8408FALSE
470.9408FALSE
470.9404FALSE
440.8286FALSE
470.9407FALSE
440.8341FALSE
470.9408FALSE
440.8354FALSE
470.9404FALSE
470.9407FALSE
440.8298FALSE
470.9408FALSE
440.8396FALSE
470.9404FALSE
440.6072FALSE
470.9407FALSE
440.6053FALSE
470.9408FALSE
470.9404FALSE
440.6092FALSE
470.9407FALSE
440.6064FALSE
470.9408FALSE
440.6081FALSE
470.9404FALSE
440.605FALSE
470.9407FALSE
440.6094FALSE
470.9408FALSE
470.9404FALSE
440.4493FALSE
470.9407FALSE
440.4497FALSE
470.9408FALSE
440.4488FALSE
470.9404FALSE
470.9407FALSE
440.4487FALSE
470.9408FALSE
440.4498FALSE
470.9404FALSE
440.4479FALSE
470.9407FALSE
470.9408FALSE
440.4506FALSE
470.9404FALSE
440.3293FALSE
470.9407FALSE
440.3227FALSE
470.9408FALSE
470.9404FALSE
440.336FALSE
470.9407FALSE
440.329FALSE
470.9408FALSE
440.3296FALSE
470.9404FALSE
470.9407FALSE
440.3327FALSE
470.9408FALSE
440.326FALSE
470.9404FALSE
440.2921FALSE
470.9407FALSE
470.9408FALSE
440.2929FALSE
470.9404FALSE
440.2912FALSE
470.9407FALSE
440.2918FALSE
470.9408FALSE
440.2923FALSE
470.9404FALSE
470.9407FALSE
440.2914FALSE
470.9408FALSE
$par
time_ind_lag0.bw 
       -1.859889 

$value
[1] 470.9404

$counts
function gradient 
      47       47 

$convergence
[1] 52

$message
[1] "ERROR: ABNORMAL_TERMINATION_IN_LNSRCH"

440.2927FALSE
440.2604FALSE
440.2615FALSE
440.2593FALSE
440.2602FALSE
440.2606FALSE
440.2596FALSE
440.2612FALSE
440.3581FALSE
440.3515FALSE
440.3646FALSE
440.3579FALSE
440.3582FALSE
440.3612FALSE
440.3549FALSE
440.2376FALSE
440.2375FALSE
440.2378FALSE
440.2374FALSE
440.2378FALSE
440.2366FALSE
440.2385FALSE
443.491FALSE
443.4755FALSE
443.5065FALSE
443.491FALSE
443.491FALSE
443.5044FALSE
443.4776FALSE
440.2695FALSE
440.2629FALSE
440.276FALSE
440.2692FALSE
440.2697FALSE
440.2728FALSE
440.2661FALSE
440.2315FALSE
440.2314FALSE
440.2334FALSE
440.2313FALSE
440.2317FALSE
440.2305FALSE
440.2325FALSE
440.2403FALSE
440.2337FALSE
440.2469FALSE
440.24FALSE
440.2405FALSE
440.2438FALSE
440.2368FALSE
440.23FALSE
440.2299FALSE
440.2355FALSE
440.2298FALSE
440.2302FALSE
440.2324FALSE
440.231FALSE
440.2211FALSE
440.2225FALSE
440.2232FALSE
440.221FALSE
440.2213FALSE
440.2217FALSE
440.2221FALSE
440.2126FALSE
440.2085FALSE
440.2169FALSE
440.2125FALSE
440.2128FALSE
440.2164FALSE
440.2089FALSE
440.1922FALSE
440.1923FALSE
440.1964FALSE
440.1921FALSE
440.1923FALSE
440.1959FALSE
440.1907FALSE
440.1729FALSE
440.1749FALSE
440.1709FALSE
440.1728FALSE
440.1729FALSE
440.1723FALSE
440.1734FALSE
440.1674FALSE
440.1693FALSE
440.1654FALSE
440.1673FALSE
440.1674FALSE
440.1668FALSE
440.1679FALSE
448.9537FALSE
448.9347FALSE
448.9725FALSE
448.9535FALSE
448.9538FALSE
448.9436FALSE
448.9637FALSE
440.1622FALSE
440.1634FALSE
440.161FALSE
440.1621FALSE
440.1622FALSE
440.1613FALSE
440.1631FALSE
440.1517FALSE
440.1529FALSE
440.1506FALSE
440.1517FALSE
440.1518FALSE
440.1508FALSE
440.1527FALSE
647.6233FALSE
647.6015FALSE
647.6452FALSE
647.643FALSE
647.6036FALSE
647.6233FALSE
647.6233FALSE
440.4435FALSE
440.4358FALSE
440.4512FALSE
440.4435FALSE
440.4435FALSE
440.4477FALSE
440.4393FALSE
440.1475FALSE
440.1487FALSE
440.1463FALSE
440.1475FALSE
440.1475FALSE
440.1465FALSE
440.1485FALSE
440.1517FALSE
440.1465FALSE
440.1584FALSE
440.1517FALSE
440.1518FALSE
440.1552FALSE
440.1482FALSE
440.1464FALSE
440.1477FALSE
440.1462FALSE
440.1464FALSE
440.1465FALSE
440.1455FALSE
440.1474FALSE
440.1455FALSE
440.1468FALSE
440.1501FALSE
440.1455FALSE
440.1455FALSE
440.1478FALSE
440.1465FALSE
440.146FALSE
440.1472FALSE
440.1481FALSE
440.146FALSE
440.146FALSE
440.146FALSE
440.147FALSE
440.1972FALSE
440.1928FALSE
440.2015FALSE
440.1971FALSE
440.1972FALSE
440.2008FALSE
440.1935FALSE
440.1466FALSE
440.1455FALSE
440.1519FALSE
440.1466FALSE
440.1466FALSE
440.1501FALSE
440.1452FALSE
440.1454FALSE
440.1466FALSE
440.1493FALSE
440.1453FALSE
440.1454FALSE
440.1475FALSE
440.1463FALSE
440.1419FALSE
440.1432FALSE
440.1407FALSE
440.1419FALSE
440.1419FALSE
440.141FALSE
440.1429FALSE
440.1399FALSE
440.1412FALSE
440.1387FALSE
440.1399FALSE
440.1399FALSE
440.139FALSE
440.1409FALSE
440.1499FALSE
440.1431FALSE
440.1568FALSE
440.1499FALSE
440.1499FALSE
440.1534FALSE
440.1464FALSE
440.1391FALSE
440.1403FALSE
440.1386FALSE
440.1391FALSE
440.1391FALSE
440.1381FALSE
440.14FALSE
440.1371FALSE
440.1382FALSE
440.1423FALSE
440.1371FALSE
440.1371FALSE
440.1406FALSE
440.1379FALSE
440.1374FALSE
440.1387FALSE
440.1392FALSE
440.1374FALSE
440.1374FALSE
440.1375FALSE
440.1384FALSE
440.137FALSE
440.1383FALSE
440.1418FALSE
440.137FALSE
440.137FALSE
440.14FALSE
440.1379FALSE
440.1373FALSE
440.1385FALSE
440.1401FALSE
440.1373FALSE
440.1373FALSE
440.1383FALSE
440.1382FALSE
440.137FALSE
440.1383FALSE
440.1415FALSE
440.137FALSE
440.137FALSE
440.1398FALSE
440.138FALSE
440.137FALSE
440.1383FALSE
440.1417FALSE
440.137FALSE
440.137FALSE
440.14FALSE
440.138FALSE
440.137FALSE
440.1383FALSE
440.1418FALSE
440.137FALSE
440.137FALSE
440.14FALSE
440.1379FALSE
440.1461FALSE
440.1481FALSE
440.144FALSE
440.1461FALSE
440.1461FALSE
440.1455FALSE
440.1466FALSE
440.1375FALSE
440.1388FALSE
440.1384FALSE
440.1375FALSE
440.1375FALSE
440.1367FALSE
440.1384FALSE
440.137FALSE
440.1383FALSE
440.1413FALSE
440.137FALSE
440.137FALSE
440.1395FALSE
440.138FALSE
440.137FALSE
440.1383FALSE
440.1417FALSE
440.137FALSE
440.137FALSE
440.14FALSE
440.138FALSE
440.137FALSE
440.1383FALSE
440.1418FALSE
440.137FALSE
440.137FALSE
440.14FALSE
440.138FALSE
440.137FALSE
440.1383FALSE
440.1418FALSE
440.137FALSE
440.137FALSE
440.14FALSE
440.1379FALSE
440.137FALSE
440.1383FALSE
440.1418FALSE
440.137FALSE
440.137FALSE
440.14FALSE
440.1379FALSE
440.137FALSE
440.1383FALSE
440.1418FALSE
440.137FALSE
440.137FALSE
440.14FALSE
440.1379FALSE
440.137FALSE
440.1383FALSE
440.1418FALSE
440.137FALSE
440.137FALSE
440.14FALSE
440.1379FALSE
440.137FALSE
440.1383FALSE
440.1418FALSE
440.137FALSE
440.137FALSE
440.14FALSE
440.1379FALSE
440.137FALSE
440.1383FALSE
440.1418FALSE
440.137FALSE
440.137FALSE
440.14FALSE
440.1379FALSE
440.137FALSE
440.1383FALSE
440.1418FALSE
440.137FALSE
440.137FALSE
440.14FALSE
440.1379FALSE
440.137FALSE
440.1383FALSE
440.1418FALSE
440.137FALSE
440.137FALSE
440.14FALSE
440.1379FALSE
440.137FALSE
440.1383FALSE
440.1418FALSE
440.137FALSE
440.137FALSE
440.14FALSE
440.1379FALSE
440.137FALSE
440.1383FALSE
440.1418FALSE
440.137FALSE
440.137FALSE
440.14FALSE
440.1379FALSE
440.137FALSE
440.1383FALSE
440.1418FALSE
440.137FALSE
440.137FALSE
440.14FALSE
440.1379FALSE
440.137FALSE
440.1383FALSE
440.1418FALSE
440.137FALSE
440.137FALSE
440.14FALSE
440.1379FALSE
440.137FALSE
440.1383FALSE
440.1418FALSE
440.137FALSE
440.137FALSE
440.14FALSE
440.1379FALSE
440.137FALSE
440.1383FALSE
440.1418FALSE
440.137FALSE
440.137FALSE
440.14FALSE
440.1379FALSE
440.137FALSE
440.1383FALSE
440.1418FALSE
440.137FALSE
440.137FALSE
440.14FALSE
440.1379FALSE
469.8799FALSE
469.8856FALSE
469.8742FALSE
469.8799FALSE
469.8799FALSE
469.8782FALSE
469.8816FALSE
440.2104FALSE
440.2127FALSE
440.2081FALSE
440.2104FALSE
440.2104FALSE
440.2103FALSE
440.2104FALSE
440.1509FALSE
440.152FALSE
440.1498FALSE
440.1509FALSE
440.1509FALSE
440.1501FALSE
440.1517FALSE
440.1394FALSE
440.1406FALSE
440.1381FALSE
440.1394FALSE
440.1394FALSE
440.1384FALSE
440.1403FALSE
440.1374FALSE
440.1386FALSE
440.1402FALSE
440.1374FALSE
440.1374FALSE
440.1385FALSE
440.1383FALSE
440.137FALSE
440.1383FALSE
440.1416FALSE
440.137FALSE
440.137FALSE
440.1399FALSE
440.138FALSE
440.137FALSE
440.1383FALSE
440.1418FALSE
440.137FALSE
440.137FALSE
440.14FALSE
440.138FALSE
440.137FALSE
440.1383FALSE
440.1418FALSE
440.137FALSE
440.137FALSE
440.14FALSE
440.1379FALSE
440.137FALSE
440.1383FALSE
440.1418FALSE
440.137FALSE
440.137FALSE
440.14FALSE
440.1379FALSE
440.137FALSE
440.1383FALSE
440.1418FALSE
440.137FALSE
440.137FALSE
440.14FALSE
440.1379FALSE
440.137FALSE
440.1383FALSE
440.1418FALSE
440.137FALSE
440.137FALSE
440.14FALSE
440.1379FALSE
440.137FALSE
440.1383FALSE
440.1418FALSE
440.137FALSE
440.137FALSE
440.14FALSE
440.1379FALSE
440.137FALSE
440.1383FALSE
440.1418FALSE
440.137FALSE
440.137FALSE
440.14FALSE
440.1379FALSE
440.137FALSE
440.1383FALSE
440.1418FALSE
440.137FALSE
440.137FALSE
440.14FALSE
440.1379FALSE
440.137FALSE
440.1383FALSE
440.1418FALSE
440.137FALSE
440.137FALSE
440.14FALSE
440.1379FALSE
440.137FALSE
440.1383FALSE
440.1418FALSE
440.137FALSE
440.137FALSE
440.14FALSE
440.1379FALSE
440.137FALSE
440.1383FALSE
440.1418FALSE
440.137FALSE
440.137FALSE
440.14FALSE
440.1379FALSE
440.137FALSE
440.1383FALSE
440.1418FALSE
440.137FALSE
440.137FALSE
440.14FALSE
440.1379FALSE
440.137FALSE
440.1383FALSE
440.1418FALSE
440.137FALSE
440.137FALSE
440.14FALSE
440.1379FALSE
440.137FALSE
440.1383FALSE
440.1418FALSE
440.137FALSE
440.137FALSE
440.14FALSE
440.1379FALSE
$par
smooth_log_cases_lag0.bw smooth_log_cases_lag1.bw         time_ind_lag0.bw 
               -1.417260                 3.160807                -1.916068 

$value
[1] 440.137

$counts
function gradient 
      93       93 

$convergence
[1] 52

$message
[1] "ERROR: ABNORMAL_TERMINATION_IN_LNSRCH"

> 
> save(ssr_fit,
+     file=paste0("/home/ngr67a/2015-cdc-flu-competition/fit-competition-ssr-ph", prediction_horizon_limit, "-", data_set, ".Rdata"))
> 
> proc.time()
    user   system  elapsed 
1752.122    1.237 2809.352 
