
R version 3.2.2 (2015-08-14) -- "Fire Safety"
Copyright (C) 2015 The R Foundation for Statistical Computing
Platform: x86_64-pc-linux-gnu (64-bit)

R is free software and comes with ABSOLUTELY NO WARRANTY.
You are welcome to redistribute it under certain conditions.
Type 'license()' or 'licence()' for distribution details.

  Natural language support but running in an English locale

R is a collaborative project with many contributors.
Type 'contributors()' for more information and
'citation()' on how to cite R or R packages in publications.

Type 'demo()' for some demos, 'help()' for on-line help, or
'help.start()' for an HTML browser interface to help.
Type 'q()' to quit R.

> ### get ssr fit -- prediction horizons 1:52
> library(lubridate)
> library(ggplot2)
> library(plyr)

Attaching package: ‘plyr’

The following object is masked from ‘package:lubridate’:

    here

> library(dplyr)

Attaching package: ‘dplyr’

The following objects are masked from ‘package:plyr’:

    arrange, count, desc, failwith, id, mutate, rename, summarise,
    summarize

The following objects are masked from ‘package:lubridate’:

    intersect, setdiff, union

The following objects are masked from ‘package:stats’:

    filter, lag

The following objects are masked from ‘package:base’:

    intersect, setdiff, setequal, union

> library(reshape)

Attaching package: ‘reshape’

The following object is masked from ‘package:dplyr’:

    rename

The following objects are masked from ‘package:plyr’:

    rename, round_any

The following object is masked from ‘package:lubridate’:

    stamp

> library(ssrFlu)
> library(doMC)
Loading required package: foreach
Loading required package: iterators
Loading required package: parallel
> 
> registerDoMC(cores=3)
> 
> args <- commandArgs(trailingOnly=TRUE)
> 
> data_set <- args[1]
> prediction_horizon_limit <- as.integer(args[2])
> 
> ## load dataset
> if(identical(data_set, "ili_national")) {
+     data <- ili_national
+ } 
> if(identical(data_set, "ili_region1")) {
+     data <- ili_region1
+ } 
> if(identical(data_set, "ili_region2")) {
+     data <- ili_region2
+ } 
> if(identical(data_set, "ili_region3")) {
+     data <- ili_region3
+ } 
> if(identical(data_set, "ili_region4")) {
+     data <- ili_region4
+ } 
> if(identical(data_set, "ili_region5")) {
+     data <- ili_region5
+ } 
> if(identical(data_set, "ili_region6")) {
+     data <- ili_region6
+ } 
> if(identical(data_set, "ili_region7")) {
+     data <- ili_region7
+ } 
> if(identical(data_set, "ili_region8")) {
+     data <- ili_region8
+ } 
> if(identical(data_set, "ili_region9")) {
+     data <- ili_region9
+ } 
> if(identical(data_set, "ili_region10")) {
+     data <- ili_region10
+ } 
> 
> 
> 
> ## add log column
> data$log_total_cases <- log(data$total_cases + 1)
> 
> ## add week_start_date
> char_dates <- paste(data$year, data$week, "1")
> data$week_start_date <- as.Date(char_dates, format="%Y %W %w")
> 
> ## remove week 53s
> data <- data[-which(is.na(data$week_start_date)),]
> data <- data[262:nrow(data),]
> 
> ## add smooth log column -- or not, since it is already pretty smooth...
> sm <- loess(log_total_cases ~ as.numeric(week_start_date), data=data, span= 26 / nrow(data))
> data$smooth_log_cases <- sm$fitted
> 
> ## add time column
> data$time_ind <- seq_len(nrow(data))
> 
> ssr_control <- create_ssr_control(X_names=c("smooth_log_cases", "time_ind"),
+     y_names="total_cases",
+     time_name=NULL,
+     max_lag=list(smooth_log_cases=1,
+         time_ind=0),
+     prediction_horizons=as.integer(prediction_horizon_limit),
+     kernel_fns=list(smooth_log_cases="squared_exp_kernel",
+         time_ind="periodic_kernel"),
+     theta_est=list(smooth_log_cases="bw",
+         time_ind="bw"),
+     theta_fixed=list(time_ind=list(period=pi / 52)),
+     theta_transform_fns=list(
+         squared_exp_kernel=list(
+             bw=list(transform="log",
+                 detransform="exp")
+         ),
+         periodic_kernel=list(
+             bw=list(transform="log",
+                 detransform="exp")
+         )
+     ),
+     crossval_buffer=52,
+     loss_fn_name="mae_from_kernel_weights_and_centers",
+     loss_fn_args=list())
> 
> 
> ssr_fit <- ssr(X_names=c("smooth_log_cases", "time_ind"),
+     y_names="total_cases",
+     time_name=NULL,
+     data=data,
+     ssr_control=ssr_control)
616.9125FALSE
457.0828FALSE
619.4657FALSE
616.8952FALSE
457.0788FALSE
619.4539FALSE
457.0869FALSE
616.9299FALSE
619.4775FALSE
457.3648FALSE
609.8813FALSE
457.3826FALSE
613.9155FALSE
609.8828FALSE
457.3471FALSE
613.9141FALSE
609.8797FALSE
454.9807FALSE
613.9168FALSE
454.9778FALSE
609.7425FALSE
454.9836FALSE
609.7443FALSE
613.8182FALSE
540.512FALSE
609.7408FALSE
613.8181FALSE
540.6254FALSE
540.3983FALSE
610.2926FALSE
613.8183FALSE
454.9192FALSE
610.2874FALSE
613.8158FALSE
454.9167FALSE
613.8156FALSE
454.9217FALSE
610.2978FALSE
454.8231FALSE
613.8161FALSE
609.7108FALSE
454.8246FALSE
613.85FALSE
454.8216FALSE
613.8512FALSE
609.711FALSE
454.7745FALSE
613.8488FALSE
454.7745FALSE
609.7107FALSE
613.8172FALSE
454.7747FALSE
609.7108FALSE
613.8176FALSE
609.71FALSE
454.7752FALSE
613.8169FALSE
609.7115FALSE
454.7757FALSE
613.8157FALSE
613.8159FALSE
454.7747FALSE
609.7106FALSE
454.7744FALSE
613.8159FALSE
454.7746FALSE
613.8162FALSE
609.7108FALSE
454.7746FALSE
613.8166FALSE
609.7105FALSE
613.8158FALSE
454.7744FALSE
613.8156FALSE
454.7746FALSE
609.71FALSE
613.8159FALSE
454.7746FALSE
613.8159FALSE
609.71FALSE
454.7744FALSE
613.8156FALSE
609.7099FALSE
454.7746FALSE
609.7258FALSE
454.7746FALSE
613.8159FALSE
454.7744FALSE
613.8159FALSE
609.725FALSE
454.7746FALSE
613.8156FALSE
609.7266FALSE
454.7746FALSE
613.8159FALSE
609.7099FALSE
454.7744FALSE
454.7746FALSE
613.8159FALSE
$par
smooth_log_cases_lag0.bw 
               -1.158306 

$value
[1] 613.8156

$counts
function gradient 
      11       11 

$convergence
[1] 0

$message
[1] "CONVERGENCE: NORM OF PROJECTED GRADIENT <= PGTOL"

609.71FALSE
454.7746FALSE
454.7744FALSE
609.7098FALSE
454.7746FALSE
609.7196FALSE
454.7746FALSE
609.7188FALSE
454.7744FALSE
454.7746FALSE
609.7203FALSE
454.7746FALSE
609.7098FALSE
454.7744FALSE
609.7099FALSE
454.7746FALSE
609.7098FALSE
454.7746FALSE
454.7744FALSE
609.7158FALSE
454.7746FALSE
609.715FALSE
454.7746FALSE
609.7165FALSE
454.7744FALSE
609.7098FALSE
454.7746FALSE
609.7099FALSE
454.7746FALSE
609.7097FALSE
454.7744FALSE
609.7134FALSE
454.7746FALSE
609.7127FALSE
454.7746FALSE
609.7141FALSE
454.7744FALSE
609.7098FALSE
454.7746FALSE
609.7099FALSE
454.7746FALSE
609.7097FALSE
454.7744FALSE
609.7119FALSE
454.7746FALSE
609.7112FALSE
454.7746FALSE
609.7126FALSE
454.7744FALSE
609.7098FALSE
454.7746FALSE
609.7099FALSE
454.7746FALSE
609.7098FALSE
454.7744FALSE
609.7098FALSE
454.7746FALSE
609.7098FALSE
609.7102FALSE
454.7746FALSE
454.7744FALSE
609.7098FALSE
454.7746FALSE
609.7099FALSE
454.7746FALSE
609.7099FALSE
454.7744FALSE
609.7098FALSE
609.7099FALSE
454.7746FALSE
609.7099FALSE
454.7746FALSE
609.7098FALSE
454.7744FALSE
609.7099FALSE
454.7746FALSE
609.7099FALSE
454.7746FALSE
609.7098FALSE
454.7744FALSE
609.7099FALSE
454.7746FALSE
609.7099FALSE
454.7746FALSE
609.7098FALSE
454.7744FALSE
609.7099FALSE
454.7746FALSE
454.7746FALSE
609.7099FALSE
454.7744FALSE
609.7098FALSE
454.7746FALSE
609.7099FALSE
454.7746FALSE
609.7099FALSE
454.7744FALSE
609.7098FALSE
454.7746FALSE
609.7099FALSE
454.7746FALSE
609.7099FALSE
454.7744FALSE
609.7098FALSE
454.7746FALSE
609.7099FALSE
454.7746FALSE
609.7099FALSE
454.7744FALSE
609.7098FALSE
454.7746FALSE
609.7099FALSE
454.7746FALSE
609.7099FALSE
454.7744FALSE
609.7098FALSE
454.7746FALSE
609.7099FALSE
609.7099FALSE
454.7746FALSE
609.7098FALSE
454.7744FALSE
609.7099FALSE
454.7746FALSE
609.7099FALSE
454.7746FALSE
609.7098FALSE
454.7744FALSE
609.7099FALSE
454.7746FALSE
609.7099FALSE
454.7746FALSE
609.7098FALSE
454.7744FALSE
454.7746FALSE
609.7099FALSE
454.7746FALSE
609.7099FALSE
454.7744FALSE
609.7098FALSE
454.7746FALSE
609.7099FALSE
454.7746FALSE
609.7099FALSE
454.7744FALSE
609.7098FALSE
454.7746FALSE
609.7099FALSE
454.7746FALSE
609.7099FALSE
454.7744FALSE
609.7098FALSE
454.7746FALSE
609.7099FALSE
454.7746FALSE
609.7099FALSE
454.7744FALSE
609.7098FALSE
454.7746FALSE
609.7099FALSE
454.7746FALSE
609.7099FALSE
454.7744FALSE
609.7098FALSE
454.7746FALSE
609.7099FALSE
454.7746FALSE
609.7099FALSE
454.7744FALSE
609.7098FALSE
454.7746FALSE
609.7099FALSE
454.7746FALSE
609.7099FALSE
454.7744FALSE
609.7098FALSE
454.7746FALSE
609.7099FALSE
454.7746FALSE
609.7099FALSE
454.7744FALSE
609.7098FALSE
454.7746FALSE
609.7099FALSE
454.7746FALSE
454.7744FALSE
609.7099FALSE
454.7746FALSE
609.7098FALSE
454.7746FALSE
609.7099FALSE
454.7744FALSE
609.7099FALSE
454.7746FALSE
609.7098FALSE
454.7746FALSE
609.7099FALSE
454.7744FALSE
609.7099FALSE
454.7746FALSE
609.7098FALSE
454.7746FALSE
609.7099FALSE
454.7744FALSE
609.7099FALSE
454.7746FALSE
609.7098FALSE
454.7746FALSE
609.7099FALSE
454.7744FALSE
454.7746FALSE
609.7099FALSE
454.7746FALSE
609.7098FALSE
454.7744FALSE
609.7099FALSE
454.7746FALSE
609.7099FALSE
454.7746FALSE
$par
time_ind_lag0.bw 
       -1.645712 

$value
[1] 454.7744

$counts
function gradient 
      50       50 

$convergence
[1] 52

$message
[1] "ERROR: ABNORMAL_TERMINATION_IN_LNSRCH"

609.7098FALSE
609.7099FALSE
609.7099FALSE
609.7098FALSE
609.7099FALSE
609.7099FALSE
609.7098FALSE
609.7099FALSE
609.7099FALSE
609.7098FALSE
609.7099FALSE
609.7099FALSE
609.7098FALSE
609.7099FALSE
609.7099FALSE
$par
smooth_log_cases_lag1.bw 
               -1.481857 

$value
[1] 609.7098

$counts
function gradient 
      50       50 

$convergence
[1] 0

$message
[1] "CONVERGENCE: REL_REDUCTION_OF_F <= FACTR*EPSMCH"

470.463FALSE
468.8271FALSE
468.7858FALSE
470.4187FALSE
468.8684FALSE
470.5073FALSE
470.4608FALSE
468.8212FALSE
468.833FALSE
470.4652FALSE
455.1896FALSE
455.4751FALSE
455.2011FALSE
455.4879FALSE
455.4623FALSE
455.1781FALSE
455.4667FALSE
455.1844FALSE
455.4836FALSE
452.8472FALSE
455.1947FALSE
452.8493FALSE
453.3389FALSE
452.8452FALSE
453.3402FALSE
452.849FALSE
453.3376FALSE
452.8454FALSE
453.3405FALSE
452.7414FALSE
453.3373FALSE
452.7401FALSE
453.267FALSE
452.7426FALSE
453.2677FALSE
452.7441FALSE
453.2664FALSE
452.7387FALSE
453.2679FALSE
452.705FALSE
453.2662FALSE
452.7059FALSE
453.2757FALSE
452.7041FALSE
453.2732FALSE
452.7039FALSE
453.2783FALSE
452.706FALSE
453.2775FALSE
452.694FALSE
453.274FALSE
453.2619FALSE
452.6948FALSE
453.2598FALSE
452.6933FALSE
453.264FALSE
452.6934FALSE
452.6947FALSE
453.264FALSE
452.7201FALSE
453.2598FALSE
452.7184FALSE
453.2806FALSE
452.722FALSE
453.2803FALSE
452.7214FALSE
453.281FALSE
452.7189FALSE
453.2789FALSE
453.2824FALSE
452.6939FALSE
453.2368FALSE
452.6927FALSE
453.2369FALSE
452.6952FALSE
453.2374FALSE
452.6945FALSE
453.2368FALSE
452.6934FALSE
453.2368FALSE
452.6925FALSE
453.2374FALSE
452.6933FALSE
453.2376FALSE
452.6937FALSE
453.2372FALSE
452.693FALSE
453.2375FALSE
452.6932FALSE
453.2373FALSE
452.6916FALSE
453.2369FALSE
452.6924FALSE
452.6926FALSE
453.237FALSE
452.6921FALSE
453.2372FALSE
452.6921FALSE
453.2369FALSE
452.6917FALSE
453.2369FALSE
452.6925FALSE
453.2368FALSE
452.6925FALSE
453.2369FALSE
452.6921FALSE
452.6921FALSE
453.2373FALSE
453.2368FALSE
452.6916FALSE
453.2368FALSE
452.6924FALSE
453.2368FALSE
452.6926FALSE
453.2369FALSE
452.6921FALSE
453.2374FALSE
452.6921FALSE
453.2368FALSE
452.6916FALSE
453.2368FALSE
452.6924FALSE
452.6926FALSE
453.2368FALSE
452.6921FALSE
453.2369FALSE
452.6921FALSE
453.2374FALSE
452.6916FALSE
453.2368FALSE
452.6924FALSE
453.2368FALSE
452.6926FALSE
453.2368FALSE
452.6921FALSE
453.2369FALSE
452.6921FALSE
453.2374FALSE
452.6916FALSE
453.2368FALSE
452.6924FALSE
452.6926FALSE
453.2368FALSE
452.6921FALSE
453.2368FALSE
452.6921FALSE
453.2369FALSE
452.6916FALSE
453.2374FALSE
452.6924FALSE
453.2368FALSE
452.6926FALSE
453.2368FALSE
452.6921FALSE
452.6921FALSE
453.2368FALSE
452.6916FALSE
453.2369FALSE
452.6924FALSE
453.2374FALSE
452.6926FALSE
453.2368FALSE
452.6921FALSE
453.2368FALSE
452.6921FALSE
453.2368FALSE
452.6916FALSE
453.2369FALSE
452.6924FALSE
453.2374FALSE
452.6926FALSE
453.2368FALSE
452.6921FALSE
453.2368FALSE
452.6921FALSE
453.2368FALSE
452.6916FALSE
453.2369FALSE
452.6924FALSE
453.2374FALSE
452.6926FALSE
453.2368FALSE
452.6921FALSE
453.2368FALSE
452.6921FALSE
453.2368FALSE
452.6916FALSE
453.2369FALSE
452.6924FALSE
453.2374FALSE
452.6926FALSE
452.6921FALSE
453.2368FALSE
452.6921FALSE
453.2368FALSE
452.6916FALSE
453.2368FALSE
452.6924FALSE
453.2369FALSE
452.6926FALSE
453.2374FALSE
452.6921FALSE
453.2368FALSE
452.6921FALSE
453.2368FALSE
452.6916FALSE
453.2368FALSE
452.6924FALSE
453.2369FALSE
452.6926FALSE
453.2374FALSE
452.6921FALSE
453.2368FALSE
452.6921FALSE
453.2368FALSE
452.6916FALSE
453.2368FALSE
452.6924FALSE
453.2369FALSE
452.6926FALSE
453.2374FALSE
452.6921FALSE
453.2368FALSE
452.6921FALSE
453.2368FALSE
452.6916FALSE
453.2368FALSE
452.6924FALSE
453.2369FALSE
452.6926FALSE
453.2374FALSE
453.2368FALSE
452.6921FALSE
453.2368FALSE
452.6921FALSE
453.2368FALSE
452.6916FALSE
452.6924FALSE
453.2369FALSE
453.2374FALSE
452.6926FALSE
453.2368FALSE
452.6921FALSE
453.2368FALSE
452.6921FALSE
$par
smooth_log_cases_lag1.bw         time_ind_lag0.bw 
               -1.576483                -1.558896 

$value
[1] 452.6916

$counts
function gradient 
      25       25 

$convergence
[1] 0

$message
[1] "CONVERGENCE: REL_REDUCTION_OF_F <= FACTR*EPSMCH"

453.2368FALSE
453.2369FALSE
453.2374FALSE
453.2368FALSE
453.2368FALSE
453.2368FALSE
453.2369FALSE
453.2374FALSE
453.2368FALSE
453.2368FALSE
453.2368FALSE
453.2369FALSE
453.2374FALSE
453.2368FALSE
453.2368FALSE
$par
smooth_log_cases_lag0.bw         time_ind_lag0.bw 
               -1.578899                -1.512233 

$value
[1] 453.2368

$counts
function gradient 
      27       27 

$convergence
[1] 0

$message
[1] "CONVERGENCE: REL_REDUCTION_OF_F <= FACTR*EPSMCH"

454.8744FALSE
473.367FALSE
454.8763FALSE
473.3314FALSE
454.8726FALSE
473.4026FALSE
457.9528FALSE
473.3578FALSE
457.9501FALSE
473.3763FALSE
457.9555FALSE
473.3611FALSE
454.78FALSE
473.373FALSE
454.7792FALSE
454.4242FALSE
454.7808FALSE
454.4202FALSE
454.7856FALSE
454.4281FALSE
454.7862FALSE
454.7849FALSE
454.4201FALSE
454.7745FALSE
454.4283FALSE
454.7743FALSE
454.4354FALSE
454.7748FALSE
454.413FALSE
454.7755FALSE
454.7761FALSE
454.5206FALSE
454.775FALSE
454.5255FALSE
454.7744FALSE
454.5158FALSE
454.7746FALSE
454.5271FALSE
454.7747FALSE
454.5141FALSE
454.7744FALSE
454.5108FALSE
454.7746FALSE
454.7746FALSE
454.5305FALSE
454.7744FALSE
453.0415FALSE
454.7746FALSE
453.0417FALSE
454.7746FALSE
453.0413FALSE
454.7744FALSE
454.7746FALSE
453.0421FALSE
454.7746FALSE
453.0409FALSE
454.7744FALSE
453.0402FALSE
454.7746FALSE
453.0429FALSE
454.7746FALSE
453.0407FALSE
454.7744FALSE
453.0393FALSE
454.7746FALSE
453.0421FALSE
454.7746FALSE
453.0396FALSE
454.7744FALSE
453.0418FALSE
454.7746FALSE
453.0415FALSE
454.7746FALSE
454.7744FALSE
453.04FALSE
454.7746FALSE
453.0292FALSE
454.7746FALSE
453.0293FALSE
454.7744FALSE
453.0291FALSE
454.7746FALSE
453.0297FALSE
454.7746FALSE
453.0287FALSE
454.7744FALSE
453.0281FALSE
454.7746FALSE
453.0303FALSE
454.7746FALSE
453.1224FALSE
454.7744FALSE
453.1196FALSE
454.7746FALSE
453.1252FALSE
454.7746FALSE
454.7744FALSE
453.1198FALSE
454.7746FALSE
453.125FALSE
454.7746FALSE
453.126FALSE
454.7744FALSE
453.1188FALSE
454.7746FALSE
454.7746FALSE
453.0317FALSE
454.7744FALSE
453.0303FALSE
454.7746FALSE
453.0331FALSE
454.7746FALSE
454.7744FALSE
453.0307FALSE
454.7746FALSE
453.0328FALSE
454.7746FALSE
454.7744FALSE
453.0324FALSE
454.7746FALSE
453.0311FALSE
454.7746FALSE
454.7744FALSE
453.0281FALSE
454.7746FALSE
453.0279FALSE
454.7746FALSE
454.7744FALSE
453.0295FALSE
454.7746FALSE
453.0284FALSE
454.7746FALSE
453.0291FALSE
454.7744FALSE
454.7746FALSE
453.0286FALSE
454.7746FALSE
453.029FALSE
454.7744FALSE
454.7746FALSE
453.0157FALSE
454.7746FALSE
453.0154FALSE
454.7744FALSE
453.017FALSE
454.7746FALSE
454.7746FALSE
$par
time_ind_lag0.bw 
       -1.645696 

$value
[1] 454.7744

$counts
function gradient 
      27       27 

$convergence
[1] 0

$message
[1] "CONVERGENCE: REL_REDUCTION_OF_F <= FACTR*EPSMCH"

453.0158FALSE
453.0167FALSE
453.0166FALSE
453.016FALSE
453.0071FALSE
453.0059FALSE
453.0082FALSE
453.0064FALSE
453.0081FALSE
453.0085FALSE
453.006FALSE
453.0054FALSE
453.0051FALSE
453.0066FALSE
453.0055FALSE
453.0065FALSE
453.0075FALSE
453.0046FALSE
452.9992FALSE
452.9994FALSE
452.999FALSE
453FALSE
452.9989FALSE
452.9996FALSE
452.9993FALSE
452.9909FALSE
452.991FALSE
452.9918FALSE
452.9916FALSE
452.9917FALSE
452.9921FALSE
452.9912FALSE
453.0195FALSE
453.0176FALSE
453.0215FALSE
453.0163FALSE
453.0227FALSE
453.021FALSE
453.018FALSE
452.9836FALSE
452.9823FALSE
452.9848FALSE
452.9823FALSE
452.9848FALSE
452.9848FALSE
452.9823FALSE
452.9817FALSE
452.9799FALSE
452.9834FALSE
452.9792FALSE
452.9841FALSE
452.9837FALSE
452.9796FALSE
452.973FALSE
452.9721FALSE
452.9743FALSE
452.9728FALSE
452.9744FALSE
452.9738FALSE
452.9732FALSE
452.9676FALSE
452.9672FALSE
452.968FALSE
452.9678FALSE
452.9675FALSE
452.9663FALSE
452.969FALSE
452.9303FALSE
452.9297FALSE
452.9309FALSE
452.9297FALSE
452.9309FALSE
452.9308FALSE
452.9298FALSE
452.9195FALSE
452.9182FALSE
452.9209FALSE
452.9164FALSE
452.9227FALSE
452.9222FALSE
452.9169FALSE
452.9045FALSE
452.9041FALSE
452.905FALSE
452.9039FALSE
452.9052FALSE
452.9057FALSE
452.9035FALSE
452.8964FALSE
452.8952FALSE
452.8975FALSE
452.8938FALSE
452.8998FALSE
452.8998FALSE
452.8931FALSE
452.9292FALSE
452.9284FALSE
452.9301FALSE
452.9249FALSE
452.9336FALSE
452.9336FALSE
452.9249FALSE
452.8926FALSE
452.8916FALSE
452.8937FALSE
452.889FALSE
452.8964FALSE
452.8968FALSE
452.8891FALSE
452.8737FALSE
452.8733FALSE
452.8742FALSE
452.8728FALSE
452.8764FALSE
452.8761FALSE
452.8723FALSE
452.87FALSE
452.8695FALSE
452.8705FALSE
452.8692FALSE
452.8709FALSE
452.8709FALSE
452.8692FALSE
452.8622FALSE
452.8618FALSE
452.8626FALSE
452.8613FALSE
452.8632FALSE
452.8628FALSE
452.8617FALSE
452.8202FALSE
452.8202FALSE
452.8203FALSE
452.8212FALSE
452.8192FALSE
452.8197FALSE
452.8208FALSE
452.7785FALSE
452.7783FALSE
452.7787FALSE
452.7777FALSE
452.7794FALSE
452.7792FALSE
452.7779FALSE
452.7782FALSE
452.778FALSE
452.7785FALSE
452.772FALSE
452.7846FALSE
452.7809FALSE
452.7756FALSE
452.7665FALSE
452.7664FALSE
452.7667FALSE
452.7656FALSE
452.7676FALSE
452.7673FALSE
452.7659FALSE
452.752FALSE
452.7518FALSE
452.7521FALSE
452.7507FALSE
452.7533FALSE
452.7529FALSE
452.7512FALSE
452.7366FALSE
452.7365FALSE
452.7367FALSE
452.7353FALSE
452.7379FALSE
452.7369FALSE
452.7363FALSE
452.7313FALSE
452.7312FALSE
452.7313FALSE
452.7323FALSE
452.7303FALSE
452.7303FALSE
452.7323FALSE
452.7054FALSE
452.7054FALSE
452.7055FALSE
452.7052FALSE
452.7066FALSE
452.706FALSE
452.7051FALSE
452.7017FALSE
452.7017FALSE
452.7017FALSE
452.7005FALSE
452.7029FALSE
452.7022FALSE
452.7012FALSE
452.6992FALSE
452.6992FALSE
452.6992FALSE
452.7002FALSE
452.6982FALSE
452.6987FALSE
452.6998FALSE
452.6953FALSE
452.6953FALSE
452.6953FALSE
452.6963FALSE
452.6945FALSE
452.6949FALSE
452.6958FALSE
452.714FALSE
452.714FALSE
452.714FALSE
452.7125FALSE
452.7156FALSE
452.7153FALSE
452.7127FALSE
452.6949FALSE
452.6949FALSE
452.6949FALSE
452.6938FALSE
452.696FALSE
452.6957FALSE
452.6941FALSE
452.6936FALSE
452.6936FALSE
452.6936FALSE
452.6945FALSE
452.6945FALSE
452.6942FALSE
452.694FALSE
452.6934FALSE
452.6934FALSE
452.6934FALSE
452.6943FALSE
452.6942FALSE
452.6939FALSE
452.6938FALSE
452.6924FALSE
452.6924FALSE
452.6924FALSE
452.6929FALSE
452.6935FALSE
452.6931FALSE
452.6925FALSE
452.7031FALSE
452.7031FALSE
452.7031FALSE
452.7016FALSE
452.7047FALSE
452.7034FALSE
452.7028FALSE
452.6926FALSE
452.6926FALSE
452.6926FALSE
452.6919FALSE
452.6937FALSE
452.6932FALSE
452.692FALSE
452.6923FALSE
452.6923FALSE
452.6923FALSE
452.6926FALSE
452.6934FALSE
452.693FALSE
452.6922FALSE
452.6923FALSE
452.6923FALSE
452.6923FALSE
452.6923FALSE
452.6934FALSE
452.6929FALSE
452.692FALSE
452.6921FALSE
452.6921FALSE
452.6921FALSE
452.6929FALSE
452.6926FALSE
452.692FALSE
452.6926FALSE
452.6924FALSE
452.6924FALSE
452.6924FALSE
452.6932FALSE
452.6917FALSE
452.6918FALSE
452.6929FALSE
452.6921FALSE
452.6921FALSE
452.6921FALSE
452.6929FALSE
452.6924FALSE
452.6919FALSE
452.6927FALSE
452.6921FALSE
452.6921FALSE
452.6921FALSE
452.6929FALSE
452.6926FALSE
452.692FALSE
452.6926FALSE
452.6921FALSE
452.6921FALSE
452.6921FALSE
452.6929FALSE
452.6926FALSE
452.692FALSE
452.6926FALSE
452.6921FALSE
452.6921FALSE
452.6921FALSE
452.6929FALSE
452.6926FALSE
452.692FALSE
452.6926FALSE
452.6921FALSE
452.6921FALSE
452.6921FALSE
452.6929FALSE
452.6926FALSE
452.692FALSE
452.6926FALSE
452.6921FALSE
452.6921FALSE
452.6921FALSE
452.6929FALSE
452.6926FALSE
452.692FALSE
452.6926FALSE
452.6921FALSE
452.6921FALSE
452.6921FALSE
452.6929FALSE
452.6926FALSE
452.692FALSE
452.6926FALSE
452.6921FALSE
452.6921FALSE
452.6921FALSE
452.6929FALSE
452.6926FALSE
452.692FALSE
452.6926FALSE
452.6921FALSE
452.6921FALSE
452.6921FALSE
452.6929FALSE
452.6926FALSE
452.692FALSE
452.6926FALSE
452.6921FALSE
452.6921FALSE
452.6921FALSE
452.6929FALSE
452.6926FALSE
452.692FALSE
452.6926FALSE
452.6921FALSE
452.6921FALSE
452.6921FALSE
452.6929FALSE
452.6926FALSE
452.692FALSE
452.6926FALSE
452.6921FALSE
452.6921FALSE
452.6921FALSE
452.6929FALSE
452.6926FALSE
452.692FALSE
452.6926FALSE
452.6921FALSE
452.6921FALSE
452.6921FALSE
452.6929FALSE
452.6926FALSE
452.692FALSE
452.6926FALSE
452.6921FALSE
452.6921FALSE
452.6921FALSE
452.6929FALSE
452.6926FALSE
452.692FALSE
452.6926FALSE
452.6921FALSE
452.6921FALSE
452.6921FALSE
452.6929FALSE
452.6926FALSE
452.692FALSE
452.6926FALSE
452.6921FALSE
452.6921FALSE
452.6921FALSE
452.6929FALSE
452.6926FALSE
452.692FALSE
452.6926FALSE
452.6921FALSE
452.6921FALSE
452.6921FALSE
452.6929FALSE
452.6926FALSE
452.692FALSE
452.6926FALSE
452.6921FALSE
452.6921FALSE
452.6921FALSE
452.6929FALSE
452.6926FALSE
452.692FALSE
452.6926FALSE
452.6921FALSE
452.6921FALSE
452.6921FALSE
452.6929FALSE
452.6926FALSE
452.692FALSE
452.6926FALSE
458.6046FALSE
458.6046FALSE
458.6046FALSE
458.5911FALSE
458.6182FALSE
458.6347FALSE
458.5746FALSE
452.6945FALSE
452.6945FALSE
452.6945FALSE
452.6933FALSE
452.6957FALSE
452.6951FALSE
452.6938FALSE
452.6919FALSE
452.6919FALSE
452.6919FALSE
452.6926FALSE
452.6929FALSE
452.6923FALSE
452.6924FALSE
452.6919FALSE
452.6919FALSE
452.6919FALSE
452.6926FALSE
452.6928FALSE
452.6923FALSE
452.6924FALSE
452.6919FALSE
452.6919FALSE
452.6919FALSE
452.6926FALSE
452.6929FALSE
452.6923FALSE
452.6924FALSE
452.6919FALSE
452.6919FALSE
452.6919FALSE
452.6926FALSE
452.6929FALSE
452.6923FALSE
452.6924FALSE
452.6919FALSE
452.6919FALSE
452.6919FALSE
452.6926FALSE
452.6929FALSE
452.6923FALSE
452.6924FALSE
452.6919FALSE
452.6919FALSE
452.6919FALSE
452.6926FALSE
452.6929FALSE
452.6923FALSE
452.6924FALSE
452.6919FALSE
452.6919FALSE
452.6919FALSE
452.6926FALSE
452.6929FALSE
452.6923FALSE
452.6924FALSE
452.6919FALSE
452.6919FALSE
452.6919FALSE
452.6926FALSE
452.6929FALSE
452.6923FALSE
452.6924FALSE
452.6919FALSE
452.6919FALSE
452.6919FALSE
452.6926FALSE
452.6929FALSE
452.6923FALSE
452.6924FALSE
452.6919FALSE
452.6919FALSE
452.6919FALSE
452.6926FALSE
452.6929FALSE
452.6923FALSE
452.6924FALSE
452.6919FALSE
452.6919FALSE
452.6919FALSE
452.6926FALSE
452.6929FALSE
452.6923FALSE
452.6924FALSE
452.6919FALSE
452.6919FALSE
452.6919FALSE
452.6926FALSE
452.6929FALSE
452.6923FALSE
452.6924FALSE
452.6919FALSE
452.6919FALSE
452.6919FALSE
452.6926FALSE
452.6929FALSE
452.6923FALSE
452.6924FALSE
452.6919FALSE
452.6919FALSE
452.6919FALSE
452.6926FALSE
452.6929FALSE
452.6923FALSE
452.6924FALSE
452.6919FALSE
452.6919FALSE
452.6919FALSE
452.6926FALSE
452.6929FALSE
452.6923FALSE
452.6924FALSE
452.6919FALSE
452.6919FALSE
452.6919FALSE
452.6926FALSE
452.6929FALSE
452.6923FALSE
452.6924FALSE
452.6919FALSE
452.6919FALSE
452.6919FALSE
452.6926FALSE
452.6929FALSE
452.6923FALSE
452.6924FALSE
452.6919FALSE
452.6919FALSE
452.6919FALSE
452.6926FALSE
452.6929FALSE
452.6923FALSE
452.6924FALSE
452.6919FALSE
452.6919FALSE
452.6919FALSE
452.6926FALSE
452.6929FALSE
452.6923FALSE
452.6924FALSE
$par
smooth_log_cases_lag0.bw smooth_log_cases_lag1.bw         time_ind_lag0.bw 
                3.373492                -1.578822                -1.562913 

$value
[1] 452.6919

$counts
function gradient 
      90       90 

$convergence
[1] 0

$message
[1] "CONVERGENCE: REL_REDUCTION_OF_F <= FACTR*EPSMCH"

> 
> save(ssr_fit,
+     file=paste0("/home/ngr67a/2015-cdc-flu-competition/fit-competition-ssr-ph", prediction_horizon_limit, "-", data_set, ".Rdata"))
> 
> proc.time()
    user   system  elapsed 
1757.749    1.330 2467.654 
