
R version 3.2.2 (2015-08-14) -- "Fire Safety"
Copyright (C) 2015 The R Foundation for Statistical Computing
Platform: x86_64-pc-linux-gnu (64-bit)

R is free software and comes with ABSOLUTELY NO WARRANTY.
You are welcome to redistribute it under certain conditions.
Type 'license()' or 'licence()' for distribution details.

  Natural language support but running in an English locale

R is a collaborative project with many contributors.
Type 'contributors()' for more information and
'citation()' on how to cite R or R packages in publications.

Type 'demo()' for some demos, 'help()' for on-line help, or
'help.start()' for an HTML browser interface to help.
Type 'q()' to quit R.

> ### get ssr fit -- prediction horizons 1:52
> library(lubridate)
> library(ggplot2)
> library(plyr)

Attaching package: ‘plyr’

The following object is masked from ‘package:lubridate’:

    here

> library(dplyr)

Attaching package: ‘dplyr’

The following objects are masked from ‘package:plyr’:

    arrange, count, desc, failwith, id, mutate, rename, summarise,
    summarize

The following objects are masked from ‘package:lubridate’:

    intersect, setdiff, union

The following objects are masked from ‘package:stats’:

    filter, lag

The following objects are masked from ‘package:base’:

    intersect, setdiff, setequal, union

> library(reshape)

Attaching package: ‘reshape’

The following object is masked from ‘package:dplyr’:

    rename

The following objects are masked from ‘package:plyr’:

    rename, round_any

The following object is masked from ‘package:lubridate’:

    stamp

> library(ssrFlu)
> library(doMC)
Loading required package: foreach
Loading required package: iterators
Loading required package: parallel
> 
> registerDoMC(cores=3)
> 
> args <- commandArgs(trailingOnly=TRUE)
> 
> data_set <- args[1]
> prediction_horizon_limit <- as.integer(args[2])
> 
> ## load dataset
> if(identical(data_set, "ili_national")) {
+     data <- ili_national
+ } 
> if(identical(data_set, "ili_region1")) {
+     data <- ili_region1
+ } 
> if(identical(data_set, "ili_region2")) {
+     data <- ili_region2
+ } 
> if(identical(data_set, "ili_region3")) {
+     data <- ili_region3
+ } 
> if(identical(data_set, "ili_region4")) {
+     data <- ili_region4
+ } 
> if(identical(data_set, "ili_region5")) {
+     data <- ili_region5
+ } 
> if(identical(data_set, "ili_region6")) {
+     data <- ili_region6
+ } 
> if(identical(data_set, "ili_region7")) {
+     data <- ili_region7
+ } 
> if(identical(data_set, "ili_region8")) {
+     data <- ili_region8
+ } 
> if(identical(data_set, "ili_region9")) {
+     data <- ili_region9
+ } 
> if(identical(data_set, "ili_region10")) {
+     data <- ili_region10
+ } 
> 
> 
> 
> ## add log column
> data$log_total_cases <- log(data$total_cases + 1)
> 
> ## add week_start_date
> char_dates <- paste(data$year, data$week, "1")
> data$week_start_date <- as.Date(char_dates, format="%Y %W %w")
> 
> ## remove week 53s
> data <- data[-which(is.na(data$week_start_date)),]
> data <- data[262:nrow(data),]
> 
> ## add smooth log column -- or not, since it is already pretty smooth...
> sm <- loess(log_total_cases ~ as.numeric(week_start_date), data=data, span= 26 / nrow(data))
> data$smooth_log_cases <- sm$fitted
> 
> ## add time column
> data$time_ind <- seq_len(nrow(data))
> 
> ssr_control <- create_ssr_control(X_names=c("smooth_log_cases", "time_ind"),
+     y_names="total_cases",
+     time_name=NULL,
+     max_lag=list(smooth_log_cases=1,
+         time_ind=0),
+     prediction_horizons=as.integer(prediction_horizon_limit),
+     kernel_fns=list(smooth_log_cases="squared_exp_kernel",
+         time_ind="periodic_kernel"),
+     theta_est=list(smooth_log_cases="bw",
+         time_ind="bw"),
+     theta_fixed=list(time_ind=list(period=pi / 52)),
+     theta_transform_fns=list(
+         squared_exp_kernel=list(
+             bw=list(transform="log",
+                 detransform="exp")
+         ),
+         periodic_kernel=list(
+             bw=list(transform="log",
+                 detransform="exp")
+         )
+     ),
+     crossval_buffer=52,
+     loss_fn_name="mae_from_kernel_weights_and_centers",
+     loss_fn_args=list())
> 
> 
> ssr_fit <- ssr(X_names=c("smooth_log_cases", "time_ind"),
+     y_names="total_cases",
+     time_name=NULL,
+     data=data,
+     ssr_control=ssr_control)
611.3661FALSE
595.5283FALSE
469.7964FALSE
611.3668FALSE
595.5281FALSE
469.7935FALSE
611.3657FALSE
595.5285FALSE
469.7996FALSE
622.4024FALSE
614.326FALSE
473.0785FALSE
622.3871FALSE
614.3645FALSE
473.1089FALSE
622.4176FALSE
614.2875FALSE
473.0482FALSE
611.3662FALSE
595.5273FALSE
468.8246FALSE
595.5272FALSE
611.3658FALSE
468.8222FALSE
595.5274FALSE
611.3666FALSE
468.8271FALSE
611.3638FALSE
595.527FALSE
609.3162FALSE
611.3641FALSE
595.527FALSE
609.4143FALSE
611.3639FALSE
595.527FALSE
609.218FALSE
611.3641FALSE
595.527FALSE
468.7899FALSE
611.3638FALSE
595.527FALSE
468.7873FALSE
611.3643FALSE
595.527FALSE
$par
smooth_log_cases_lag0.bw 
               -2.290634 

$value
[1] 595.527

$counts
function gradient 
       5        5 

$convergence
[1] 0

$message
[1] "CONVERGENCE: REL_REDUCTION_OF_F <= FACTR*EPSMCH"

468.7925FALSE
611.3638FALSE
468.752FALSE
611.3641FALSE
468.7492FALSE
611.364FALSE
468.7547FALSE
611.3638FALSE
489.2647FALSE
611.364FALSE
489.3661FALSE
611.364FALSE
489.1634FALSE
611.3638FALSE
468.6767FALSE
611.364FALSE
468.6785FALSE
611.364FALSE
$par
smooth_log_cases_lag1.bw 
               -2.309598 

$value
[1] 611.3638

$counts
function gradient 
       8        8 

$convergence
[1] 0

$message
[1] "CONVERGENCE: REL_REDUCTION_OF_F <= FACTR*EPSMCH"

468.6749FALSE
468.6097FALSE
468.6091FALSE
468.6103FALSE
468.6015FALSE
468.6015FALSE
468.6016FALSE
468.6015FALSE
468.6014FALSE
468.6015FALSE
468.6012FALSE
468.6011FALSE
468.6013FALSE
468.6076FALSE
468.6082FALSE
468.6071FALSE
468.601FALSE
468.6009FALSE
468.6011FALSE
468.6009FALSE
468.6008FALSE
468.601FALSE
468.6031FALSE
468.6037FALSE
468.6025FALSE
468.6008FALSE
468.6006FALSE
468.6009FALSE
468.6007FALSE
468.6005FALSE
468.6008FALSE
468.6012FALSE
468.6018FALSE
468.6008FALSE
468.6006FALSE
468.6006FALSE
468.6007FALSE
468.6005FALSE
468.6006FALSE
468.6007FALSE
468.6179FALSE
468.6199FALSE
468.616FALSE
468.6005FALSE
468.6008FALSE
468.6006FALSE
468.6005FALSE
468.6007FALSE
468.6007FALSE
468.6005FALSE
468.6007FALSE
468.6007FALSE
$par
time_ind_lag0.bw 
       -1.759297 

$value
[1] 468.6005

$counts
function gradient 
      25       25 

$convergence
[1] 0

$message
[1] "CONVERGENCE: REL_REDUCTION_OF_F <= FACTR*EPSMCH"

407.4996FALSE
422.9079FALSE
422.8952FALSE
407.4995FALSE
422.9205FALSE
407.4996FALSE
422.8968FALSE
407.4828FALSE
422.9189FALSE
407.5163FALSE
428.3227FALSE
456.5114FALSE
428.3445FALSE
456.4977FALSE
428.301FALSE
456.525FALSE
428.3864FALSE
456.6736FALSE
428.2592FALSE
456.349FALSE
417.4665FALSE
405.0583FALSE
417.4667FALSE
405.0507FALSE
417.4663FALSE
405.0658FALSE
417.4595FALSE
405.0501FALSE
417.4735FALSE
405.0664FALSE
406.3028FALSE
423.7716FALSE
406.2941FALSE
423.7683FALSE
406.3115FALSE
423.775FALSE
406.3389FALSE
423.8199FALSE
406.267FALSE
423.7235FALSE
403.9515FALSE
403.945FALSE
417.2262FALSE
403.958FALSE
417.2264FALSE
403.9528FALSE
417.226FALSE
403.9504FALSE
417.2243FALSE
403.5401FALSE
417.2282FALSE
403.5354FALSE
417.243FALSE
403.545FALSE
417.2425FALSE
403.5426FALSE
417.2434FALSE
403.5377FALSE
403.5253FALSE
417.2455FALSE
403.5304FALSE
417.2405FALSE
403.5202FALSE
417.2215FALSE
403.5252FALSE
417.2213FALSE
403.5255FALSE
403.307FALSE
417.2217FALSE
403.3072FALSE
417.222FALSE
403.3069FALSE
417.221FALSE
403.3074FALSE
417.2208FALSE
403.3069FALSE
417.2209FALSE
403.3059FALSE
417.2209FALSE
403.3062FALSE
417.2212FALSE
403.3056FALSE
417.2206FALSE
403.3058FALSE
417.2215FALSE
403.3061FALSE
417.2217FALSE
403.3076FALSE
403.3072FALSE
417.2214FALSE
403.308FALSE
417.2206FALSE
403.3075FALSE
417.2228FALSE
403.3082FALSE
417.2207FALSE
403.3039FALSE
417.2208FALSE
403.3041FALSE
417.2208FALSE
403.3037FALSE
417.221FALSE
403.3038FALSE
417.221FALSE
403.3043FALSE
417.2207FALSE
403.3038FALSE
417.2208FALSE
403.3038FALSE
417.2208FALSE
403.3039FALSE
417.2211FALSE
403.3039FALSE
403.304FALSE
417.221FALSE
403.3037FALSE
417.2207FALSE
403.3036FALSE
417.2208FALSE
403.3037FALSE
417.2208FALSE
403.3039FALSE
417.221FALSE
403.3038FALSE
417.221FALSE
403.3036FALSE
417.2207FALSE
403.3038FALSE
417.2208FALSE
403.3037FALSE
417.2208FALSE
403.3039FALSE
417.2211FALSE
403.3039FALSE
417.221FALSE
403.3036FALSE
417.2207FALSE
403.3037FALSE
417.2208FALSE
403.3037FALSE
417.2208FALSE
403.3039FALSE
403.3038FALSE
417.2211FALSE
403.3036FALSE
417.221FALSE
403.3037FALSE
417.2207FALSE
403.3037FALSE
417.2208FALSE
403.3038FALSE
417.2208FALSE
403.3039FALSE
417.2211FALSE
403.3036FALSE
417.221FALSE
403.3037FALSE
417.2207FALSE
403.3037FALSE
403.3039FALSE
417.2208FALSE
403.3039FALSE
417.2208FALSE
403.3036FALSE
417.2211FALSE
403.3037FALSE
417.221FALSE
403.3037FALSE
417.2207FALSE
403.3038FALSE
417.2208FALSE
403.3039FALSE
417.2208FALSE
403.3036FALSE
417.2211FALSE
403.3037FALSE
403.3037FALSE
417.221FALSE
403.3038FALSE
417.2207FALSE
403.3039FALSE
417.2208FALSE
403.3036FALSE
417.2208FALSE
403.3037FALSE
417.2211FALSE
403.3037FALSE
417.221FALSE
403.3038FALSE
417.2207FALSE
403.3039FALSE
417.2208FALSE
403.3036FALSE
417.2208FALSE
403.3037FALSE
417.2211FALSE
403.3037FALSE
417.221FALSE
403.3038FALSE
417.2207FALSE
403.3039FALSE
417.2208FALSE
403.3036FALSE
417.2208FALSE
403.3037FALSE
417.2211FALSE
403.3037FALSE
417.221FALSE
403.3038FALSE
417.2207FALSE
403.3039FALSE
417.2208FALSE
403.3036FALSE
403.3037FALSE
417.2208FALSE
403.3037FALSE
417.2211FALSE
403.3038FALSE
417.221FALSE
403.3039FALSE
417.2207FALSE
403.3036FALSE
417.2208FALSE
403.3037FALSE
403.3037FALSE
417.2208FALSE
403.3038FALSE
417.2211FALSE
403.3039FALSE
417.221FALSE
403.3036FALSE
417.2207FALSE
403.3037FALSE
417.2208FALSE
403.3037FALSE
417.2208FALSE
403.3038FALSE
417.2211FALSE
403.3039FALSE
417.221FALSE
403.3036FALSE
417.2207FALSE
403.3037FALSE
403.3037FALSE
417.2208FALSE
403.3038FALSE
417.2208FALSE
403.3039FALSE
417.2211FALSE
403.3036FALSE
417.221FALSE
403.3037FALSE
417.2207FALSE
403.3037FALSE
417.2208FALSE
403.3038FALSE
417.2208FALSE
403.3039FALSE
417.2211FALSE
403.3036FALSE
417.221FALSE
403.3037FALSE
417.2207FALSE
403.3037FALSE
417.2208FALSE
403.3038FALSE
403.3039FALSE
417.2208FALSE
403.3036FALSE
417.2211FALSE
403.3037FALSE
417.221FALSE
403.3037FALSE
403.3038FALSE
417.2207FALSE
403.3039FALSE
417.2208FALSE
403.3036FALSE
417.2208FALSE
403.3037FALSE
417.2211FALSE
403.3037FALSE
403.3038FALSE
417.221FALSE
403.3039FALSE
417.2207FALSE
403.3036FALSE
417.2208FALSE
403.3037FALSE
417.2208FALSE
403.3037FALSE
417.2211FALSE
403.3038FALSE
403.3039FALSE
417.221FALSE
403.3036FALSE
417.2207FALSE
403.3037FALSE
417.2208FALSE
403.3037FALSE
417.2208FALSE
403.3038FALSE
417.2211FALSE
403.3039FALSE
417.221FALSE
403.3036FALSE
403.3037FALSE
417.2207FALSE
403.3037FALSE
417.2208FALSE
403.3038FALSE
417.2208FALSE
403.3039FALSE
417.2211FALSE
403.3036FALSE
417.221FALSE
403.3037FALSE
417.2207FALSE
403.3037FALSE
403.3038FALSE
417.2208FALSE
403.3039FALSE
417.2208FALSE
403.3036FALSE
417.2211FALSE
403.3037FALSE
403.3037FALSE
417.221FALSE
403.3038FALSE
417.2215FALSE
403.3039FALSE
417.2217FALSE
403.3036FALSE
417.2214FALSE
403.3037FALSE
403.3037FALSE
417.2208FALSE
403.3038FALSE
417.2228FALSE
403.3039FALSE
417.2207FALSE
403.4148FALSE
417.2208FALSE
403.4106FALSE
417.2208FALSE
403.4191FALSE
417.221FALSE
403.4195FALSE
417.2211FALSE
$par
smooth_log_cases_lag1.bw         time_ind_lag0.bw 
                -1.95156                 -1.40690 

$value
[1] 417.2207

$counts
function gradient 
      33       33 

$convergence
[1] 0

$message
[1] "CONVERGENCE: REL_REDUCTION_OF_F <= FACTR*EPSMCH"

403.4102FALSE
403.3037FALSE
403.3036FALSE
403.3038FALSE
403.304FALSE
403.3037FALSE
403.3036FALSE
403.3037FALSE
403.3037FALSE
403.3038FALSE
403.3039FALSE
403.3036FALSE
403.3037FALSE
403.3037FALSE
403.3038FALSE
403.3039FALSE
403.3036FALSE
403.3037FALSE
403.3037FALSE
403.3038FALSE
403.3039FALSE
403.3036FALSE
403.3037FALSE
403.3037FALSE
403.3038FALSE
403.3039FALSE
403.3036FALSE
403.3037FALSE
403.3037FALSE
403.3038FALSE
403.3039FALSE
403.3036FALSE
403.3037FALSE
403.3037FALSE
403.3038FALSE
403.3039FALSE
403.3036FALSE
403.3037FALSE
403.3037FALSE
403.3038FALSE
403.3039FALSE
403.3036FALSE
403.3037FALSE
403.3037FALSE
403.3038FALSE
403.3039FALSE
403.3036FALSE
403.3037FALSE
403.3037FALSE
403.3038FALSE
403.3039FALSE
403.3036FALSE
403.3037FALSE
403.3037FALSE
403.3038FALSE
403.3039FALSE
403.3036FALSE
403.3037FALSE
403.3037FALSE
403.3038FALSE
403.3039FALSE
403.3036FALSE
403.3037FALSE
403.3037FALSE
403.3038FALSE
403.3039FALSE
$par
smooth_log_cases_lag0.bw         time_ind_lag0.bw 
               -2.074448                -1.422554 

$value
[1] 403.3036

$counts
function gradient 
      50       50 

$convergence
[1] 0

$message
[1] "CONVERGENCE: REL_REDUCTION_OF_F <= FACTR*EPSMCH"

470.4652FALSE
415.5774FALSE
470.4796FALSE
415.5807FALSE
470.4512FALSE
415.5741FALSE
470.3566FALSE
415.5589FALSE
470.3515FALSE
415.5958FALSE
470.3616FALSE
415.5762FALSE
469.4053FALSE
469.4032FALSE
415.5785FALSE
469.4074FALSE
405.9689FALSE
469.0112FALSE
405.9615FALSE
469.0082FALSE
405.9769FALSE
469.0142FALSE
405.9659FALSE
474.8908FALSE
405.9719FALSE
474.9313FALSE
405.9815FALSE
474.8506FALSE
405.9588FALSE
468.6016FALSE
408.6919FALSE
468.6016FALSE
408.6974FALSE
468.6016FALSE
468.6016FALSE
408.6864FALSE
468.6016FALSE
408.6909FALSE
468.6016FALSE
408.6929FALSE
468.6015FALSE
408.6645FALSE
408.7193FALSE
468.6016FALSE
468.6015FALSE
404.8062FALSE
468.6064FALSE
404.8015FALSE
468.6057FALSE
404.811FALSE
468.6071FALSE
404.8036FALSE
468.6015FALSE
404.8089FALSE
468.6016FALSE
404.8007FALSE
468.6015FALSE
404.8117FALSE
468.6015FALSE
404.1819FALSE
468.6016FALSE
404.1788FALSE
468.6015FALSE
404.185FALSE
468.6032FALSE
404.1805FALSE
468.6025FALSE
404.1833FALSE
468.6039FALSE
404.1748FALSE
468.6015FALSE
468.6015FALSE
404.1891FALSE
468.6015FALSE
403.5777FALSE
468.6015FALSE
403.5793FALSE
468.6015FALSE
403.576FALSE
468.6015FALSE
403.577FALSE
468.6016FALSE
403.5783FALSE
468.6015FALSE
403.5835FALSE
468.6024FALSE
468.6015FALSE
403.5719FALSE
468.6015FALSE
403.5014FALSE
468.6014FALSE
403.5021FALSE
468.6014FALSE
403.5006FALSE
468.6015FALSE
403.501FALSE
468.6017FALSE
403.5018FALSE
468.6014FALSE
403.4996FALSE
468.6015FALSE
403.5038FALSE
468.6017FALSE
403.4706FALSE
468.6016FALSE
403.4712FALSE
468.6016FALSE
403.4701FALSE
468.6016FALSE
403.4702FALSE
468.6015FALSE
403.471FALSE
468.6015FALSE
403.4693FALSE
468.6015FALSE
403.472FALSE
468.6015FALSE
468.6015FALSE
403.4178FALSE
468.6015FALSE
403.418FALSE
468.6014FALSE
403.4177FALSE
468.6015FALSE
403.4176FALSE
468.6017FALSE
403.4181FALSE
468.6014FALSE
403.4191FALSE
468.6015FALSE
403.4166FALSE
468.6017FALSE
403.4042FALSE
468.6014FALSE
403.4042FALSE
468.6015FALSE
403.4044FALSE
468.6017FALSE
403.404FALSE
468.6014FALSE
468.6015FALSE
403.4044FALSE
468.6017FALSE
403.406FALSE
468.6014FALSE
403.4028FALSE
468.6015FALSE
403.3429FALSE
468.6017FALSE
403.3432FALSE
468.6014FALSE
403.3426FALSE
468.6015FALSE
403.3428FALSE
468.6017FALSE
403.343FALSE
468.6014FALSE
403.3428FALSE
468.6015FALSE
403.3431FALSE
468.6017FALSE
403.3297FALSE
468.6014FALSE
468.6015FALSE
403.3291FALSE
468.6017FALSE
403.3303FALSE
468.6014FALSE
403.3296FALSE
468.6015FALSE
403.3298FALSE
468.6017FALSE
403.3302FALSE
468.6014FALSE
403.3293FALSE
468.6015FALSE
403.3213FALSE
468.6017FALSE
403.321FALSE
468.6014FALSE
403.3216FALSE
468.6015FALSE
403.3212FALSE
468.6017FALSE
403.3213FALSE
468.6014FALSE
403.3209FALSE
468.6015FALSE
403.3216FALSE
468.6017FALSE
403.3169FALSE
468.6014FALSE
403.3167FALSE
468.6015FALSE
468.6017FALSE
403.3172FALSE
468.6014FALSE
403.3169FALSE
468.6015FALSE
403.317FALSE
468.6017FALSE
403.3166FALSE
468.6014FALSE
403.3173FALSE
468.6015FALSE
403.4413FALSE
468.6017FALSE
403.4424FALSE
468.6014FALSE
403.4402FALSE
403.4413FALSE
468.6015FALSE
403.4413FALSE
468.6017FALSE
403.4482FALSE
468.6014FALSE
403.4344FALSE
468.6015FALSE
403.3128FALSE
468.6017FALSE
468.7469FALSE
403.3128FALSE
468.7493FALSE
403.3129FALSE
468.7444FALSE
403.3128FALSE
468.6016FALSE
403.3128FALSE
468.6016FALSE
403.3132FALSE
468.6015FALSE
403.3125FALSE
468.6015FALSE
403.3098FALSE
468.6015FALSE
403.3101FALSE
468.6014FALSE
403.3096FALSE
468.6015FALSE
403.3098FALSE
468.6015FALSE
403.3098FALSE
468.6016FALSE
403.3093FALSE
468.6014FALSE
468.6015FALSE
403.3103FALSE
468.6017FALSE
403.3068FALSE
468.6014FALSE
403.307FALSE
468.6015FALSE
403.3066FALSE
468.6017FALSE
403.3068FALSE
468.6014FALSE
403.3068FALSE
468.6015FALSE
468.6017FALSE
403.3065FALSE
468.6014FALSE
403.3072FALSE
468.6015FALSE
403.3088FALSE
468.6017FALSE
403.3081FALSE
403.3095FALSE
468.6014FALSE
468.6015FALSE
403.3088FALSE
468.6017FALSE
403.3088FALSE
468.6014FALSE
403.3092FALSE
468.6015FALSE
403.3084FALSE
468.6017FALSE
403.3059FALSE
468.6014FALSE
403.3059FALSE
468.6015FALSE
403.306FALSE
468.6017FALSE
468.6014FALSE
403.3059FALSE
468.6015FALSE
403.3059FALSE
468.6017FALSE
403.3061FALSE
468.6014FALSE
403.3061FALSE
468.6015FALSE
403.3052FALSE
468.6017FALSE
403.3051FALSE
468.6014FALSE
403.3053FALSE
468.6015FALSE
403.3052FALSE
468.6017FALSE
403.3052FALSE
468.6014FALSE
403.3053FALSE
468.6015FALSE
468.6017FALSE
403.3054FALSE
468.6014FALSE
417.2079FALSE
468.6015FALSE
417.2298FALSE
468.6017FALSE
417.186FALSE
468.6014FALSE
417.2079FALSE
468.6015FALSE
417.2079FALSE
468.6017FALSE
417.277FALSE
468.6014FALSE
417.1388FALSE
468.6015FALSE
468.6017FALSE
403.3052FALSE
403.3051FALSE
468.6014FALSE
403.3053FALSE
468.6015FALSE
468.6017FALSE
403.3052FALSE
468.6014FALSE
403.3052FALSE
468.6015FALSE
403.3055FALSE
468.6017FALSE
$par
time_ind_lag0.bw 
       -1.779104 

$value
[1] 468.6014

$counts
function gradient 
      58       58 

$convergence
[1] 52

$message
[1] "ERROR: ABNORMAL_TERMINATION_IN_LNSRCH"

403.3052FALSE
403.3043FALSE
403.3044FALSE
403.3043FALSE
403.3043FALSE
403.3043FALSE
403.3045FALSE
403.3046FALSE
403.304FALSE
403.3039FALSE
403.3041FALSE
403.304FALSE
403.304FALSE
403.3042FALSE
403.3041FALSE
403.3038FALSE
403.3038FALSE
403.3039FALSE
403.3038FALSE
403.3038FALSE
403.304FALSE
403.304FALSE
403.3037FALSE
403.3038FALSE
403.3038FALSE
403.3037FALSE
403.3037FALSE
403.304FALSE
403.3039FALSE
403.3037FALSE
403.3039FALSE
403.3037FALSE
403.3037FALSE
403.3037FALSE
403.3038FALSE
403.3041FALSE
403.3036FALSE
403.3038FALSE
403.3037FALSE
403.3036FALSE
403.3036FALSE
403.3038FALSE
403.304FALSE
403.3036FALSE
403.3037FALSE
403.3037FALSE
403.3036FALSE
403.3036FALSE
403.3039FALSE
403.3039FALSE
403.3036FALSE
403.3038FALSE
403.3037FALSE
403.3036FALSE
403.3036FALSE
403.3039FALSE
403.304FALSE
403.3036FALSE
403.3038FALSE
403.3037FALSE
403.3036FALSE
403.3036FALSE
403.3038FALSE
403.304FALSE
403.3036FALSE
403.3038FALSE
403.3037FALSE
403.3036FALSE
403.3036FALSE
403.3038FALSE
403.304FALSE
403.3036FALSE
403.3038FALSE
403.3037FALSE
403.3036FALSE
403.3036FALSE
403.3038FALSE
403.304FALSE
403.3036FALSE
403.3038FALSE
403.3037FALSE
403.3036FALSE
403.3036FALSE
403.3038FALSE
403.304FALSE
403.3036FALSE
403.3038FALSE
403.3037FALSE
403.3036FALSE
403.3036FALSE
403.3038FALSE
403.304FALSE
403.3036FALSE
403.3038FALSE
403.3037FALSE
403.3036FALSE
403.3036FALSE
403.3038FALSE
403.304FALSE
403.3036FALSE
403.3038FALSE
403.3037FALSE
403.3036FALSE
403.3036FALSE
403.3038FALSE
403.304FALSE
403.3036FALSE
403.3038FALSE
403.3037FALSE
403.3036FALSE
403.3036FALSE
403.3038FALSE
403.304FALSE
403.3036FALSE
403.3038FALSE
403.3037FALSE
403.3036FALSE
403.3036FALSE
403.3038FALSE
403.304FALSE
403.3036FALSE
403.3038FALSE
403.3037FALSE
403.3036FALSE
403.3036FALSE
403.3038FALSE
403.304FALSE
403.3036FALSE
403.3038FALSE
403.3037FALSE
403.3036FALSE
403.3036FALSE
403.3038FALSE
403.304FALSE
403.3036FALSE
403.3038FALSE
403.3037FALSE
403.3036FALSE
403.3036FALSE
403.3038FALSE
403.304FALSE
403.3036FALSE
403.3038FALSE
403.3037FALSE
403.3036FALSE
403.3036FALSE
403.3038FALSE
403.304FALSE
403.3036FALSE
403.3038FALSE
403.3037FALSE
403.3036FALSE
403.3036FALSE
403.3038FALSE
403.304FALSE
403.3036FALSE
403.3038FALSE
403.3037FALSE
403.3036FALSE
403.3036FALSE
403.3038FALSE
403.304FALSE
403.3036FALSE
403.3038FALSE
403.3037FALSE
403.3036FALSE
403.3036FALSE
403.3038FALSE
403.304FALSE
403.3036FALSE
403.3038FALSE
403.3037FALSE
403.3036FALSE
403.3036FALSE
403.3038FALSE
403.304FALSE
403.3036FALSE
403.3038FALSE
403.3037FALSE
403.3036FALSE
403.3036FALSE
403.3038FALSE
403.304FALSE
$par
smooth_log_cases_lag0.bw smooth_log_cases_lag1.bw         time_ind_lag0.bw 
               -2.074463                 3.452228                -1.422675 

$value
[1] 403.3036

$counts
function gradient 
      49       49 

$convergence
[1] 0

$message
[1] "CONVERGENCE: REL_REDUCTION_OF_F <= FACTR*EPSMCH"

> 
> save(ssr_fit,
+     file=paste0("/home/ngr67a/2015-cdc-flu-competition/fit-competition-ssr-ph", prediction_horizon_limit, "-", data_set, ".Rdata"))
> 
> proc.time()
    user   system  elapsed 
1786.584    1.222 1732.442 
