
R version 3.2.2 (2015-08-14) -- "Fire Safety"
Copyright (C) 2015 The R Foundation for Statistical Computing
Platform: x86_64-pc-linux-gnu (64-bit)

R is free software and comes with ABSOLUTELY NO WARRANTY.
You are welcome to redistribute it under certain conditions.
Type 'license()' or 'licence()' for distribution details.

  Natural language support but running in an English locale

R is a collaborative project with many contributors.
Type 'contributors()' for more information and
'citation()' on how to cite R or R packages in publications.

Type 'demo()' for some demos, 'help()' for on-line help, or
'help.start()' for an HTML browser interface to help.
Type 'q()' to quit R.

> ### get ssr fit -- prediction horizons 1:52
> library(lubridate)
> library(ggplot2)
> library(plyr)

Attaching package: ‘plyr’

The following object is masked from ‘package:lubridate’:

    here

> library(dplyr)

Attaching package: ‘dplyr’

The following objects are masked from ‘package:plyr’:

    arrange, count, desc, failwith, id, mutate, rename, summarise,
    summarize

The following objects are masked from ‘package:lubridate’:

    intersect, setdiff, union

The following objects are masked from ‘package:stats’:

    filter, lag

The following objects are masked from ‘package:base’:

    intersect, setdiff, setequal, union

> library(reshape)

Attaching package: ‘reshape’

The following object is masked from ‘package:dplyr’:

    rename

The following objects are masked from ‘package:plyr’:

    rename, round_any

The following object is masked from ‘package:lubridate’:

    stamp

> library(ssrFlu)
> library(doMC)
Loading required package: foreach
Loading required package: iterators
Loading required package: parallel
> 
> registerDoMC(cores=3)
> 
> args <- commandArgs(trailingOnly=TRUE)
> 
> data_set <- args[1]
> prediction_horizon_limit <- as.integer(args[2])
> 
> ## load dataset
> if(identical(data_set, "ili_national")) {
+     data <- ili_national
+ } 
> if(identical(data_set, "ili_region1")) {
+     data <- ili_region1
+ } 
> if(identical(data_set, "ili_region2")) {
+     data <- ili_region2
+ } 
> if(identical(data_set, "ili_region3")) {
+     data <- ili_region3
+ } 
> if(identical(data_set, "ili_region4")) {
+     data <- ili_region4
+ } 
> if(identical(data_set, "ili_region5")) {
+     data <- ili_region5
+ } 
> if(identical(data_set, "ili_region6")) {
+     data <- ili_region6
+ } 
> if(identical(data_set, "ili_region7")) {
+     data <- ili_region7
+ } 
> if(identical(data_set, "ili_region8")) {
+     data <- ili_region8
+ } 
> if(identical(data_set, "ili_region9")) {
+     data <- ili_region9
+ } 
> if(identical(data_set, "ili_region10")) {
+     data <- ili_region10
+ } 
> 
> 
> 
> ## add log column
> data$log_total_cases <- log(data$total_cases + 1)
> 
> ## add week_start_date
> char_dates <- paste(data$year, data$week, "1")
> data$week_start_date <- as.Date(char_dates, format="%Y %W %w")
> 
> ## remove week 53s
> data <- data[-which(is.na(data$week_start_date)),]
> data <- data[262:nrow(data),]
> 
> ## add smooth log column -- or not, since it is already pretty smooth...
> sm <- loess(log_total_cases ~ as.numeric(week_start_date), data=data, span= 26 / nrow(data))
> data$smooth_log_cases <- sm$fitted
> 
> ## add time column
> data$time_ind <- seq_len(nrow(data))
> 
> ssr_control <- create_ssr_control(X_names=c("smooth_log_cases", "time_ind"),
+     y_names="total_cases",
+     time_name=NULL,
+     max_lag=list(smooth_log_cases=1,
+         time_ind=0),
+     prediction_horizons=as.integer(prediction_horizon_limit),
+     kernel_fns=list(smooth_log_cases="squared_exp_kernel",
+         time_ind="periodic_kernel"),
+     theta_est=list(smooth_log_cases="bw",
+         time_ind="bw"),
+     theta_fixed=list(time_ind=list(period=pi / 52)),
+     theta_transform_fns=list(
+         squared_exp_kernel=list(
+             bw=list(transform="log",
+                 detransform="exp")
+         ),
+         periodic_kernel=list(
+             bw=list(transform="log",
+                 detransform="exp")
+         )
+     ),
+     crossval_buffer=52,
+     loss_fn_name="mae_from_kernel_weights_and_centers",
+     loss_fn_args=list())
> 
> 
> ssr_fit <- ssr(X_names=c("smooth_log_cases", "time_ind"),
+     y_names="total_cases",
+     time_name=NULL,
+     data=data,
+     ssr_control=ssr_control)
614.4389FALSE
611.5354FALSE
465.2712FALSE
614.444FALSE
611.5418FALSE
465.271FALSE
611.5289FALSE
614.4337FALSE
465.2713FALSE
608.1819FALSE
611.5491FALSE
471.883FALSE
611.5449FALSE
471.9132FALSE
608.1787FALSE
471.8536FALSE
611.5534FALSE
608.1851FALSE
465.3329FALSE
611.2866FALSE
608.0909FALSE
465.3345FALSE
611.2909FALSE
608.0939FALSE
611.2823FALSE
465.3313FALSE
608.0879FALSE
610.9614FALSE
465.2609FALSE
610.9607FALSE
465.2608FALSE
607.923FALSE
610.9622FALSE
465.2609FALSE
607.9229FALSE
465.2594FALSE
610.9467FALSE
610.947FALSE
465.2593FALSE
607.9231FALSE
465.2594FALSE
610.9464FALSE
607.9221FALSE
465.3099FALSE
610.9438FALSE
465.3112FALSE
607.922FALSE
610.9438FALSE
465.3086FALSE
610.9439FALSE
607.9222FALSE
610.944FALSE
465.2589FALSE
607.9214FALSE
610.9442FALSE
465.2588FALSE
607.9214FALSE
610.9438FALSE
607.9214FALSE
465.2589FALSE
610.9438FALSE
607.9214FALSE
465.2584FALSE
610.9438FALSE
607.9214FALSE
610.9438FALSE
465.2583FALSE
607.9214FALSE
$par
smooth_log_cases_lag0.bw 
               -3.107018 

$value
[1] 607.9214

$counts
function gradient 
       7        7 

$convergence
[1] 0

$message
[1] "CONVERGENCE: REL_REDUCTION_OF_F <= FACTR*EPSMCH"

610.9437FALSE
465.2585FALSE
610.9439FALSE
465.277FALSE
610.9438FALSE
465.2775FALSE
610.9438FALSE
465.2764FALSE
610.9438FALSE
465.2582FALSE
610.9438FALSE
465.2582FALSE
610.9438FALSE
465.2583FALSE
610.9438FALSE
465.3528FALSE
610.9438FALSE
465.3544FALSE
610.9438FALSE
465.3512FALSE
610.9438FALSE
465.2584FALSE
610.9438FALSE
610.9438FALSE
465.2585FALSE
610.9438FALSE
465.2582FALSE
610.9438FALSE
465.2582FALSE
610.9438FALSE
465.2583FALSE
610.9438FALSE
465.2583FALSE
610.9438FALSE
465.2582FALSE
610.9438FALSE
465.2583FALSE
610.9438FALSE
465.2583FALSE
610.9438FALSE
465.2582FALSE
610.9438FALSE
465.2583FALSE
610.9438FALSE
465.2583FALSE
610.9438FALSE
465.2582FALSE
610.9438FALSE
465.2583FALSE
610.9438FALSE
465.2583FALSE
610.9438FALSE
465.2582FALSE
610.9438FALSE
465.2583FALSE
610.9438FALSE
465.2583FALSE
610.9438FALSE
465.2582FALSE
610.9438FALSE
465.2583FALSE
610.9438FALSE
465.2583FALSE
610.9438FALSE
465.2582FALSE
610.9438FALSE
465.2583FALSE
610.9438FALSE
465.2583FALSE
610.9438FALSE
465.2582FALSE
610.9438FALSE
465.2583FALSE
610.9438FALSE
465.2583FALSE
610.9438FALSE
465.2582FALSE
610.9438FALSE
465.2583FALSE
610.9438FALSE
465.2583FALSE
610.9438FALSE
465.2582FALSE
610.9438FALSE
465.2583FALSE
610.9438FALSE
465.2583FALSE
610.9438FALSE
465.2582FALSE
610.9438FALSE
465.2583FALSE
610.9438FALSE
465.2583FALSE
610.9438FALSE
610.9438FALSE
465.2582FALSE
610.9438FALSE
465.2583FALSE
610.9438FALSE
465.2583FALSE
610.9438FALSE
465.2582FALSE
610.9438FALSE
465.2583FALSE
610.9438FALSE
465.2583FALSE
610.9438FALSE
465.2582FALSE
610.9438FALSE
465.2583FALSE
610.9438FALSE
465.2583FALSE
610.9438FALSE
465.2582FALSE
610.9438FALSE
465.2583FALSE
610.9438FALSE
465.2583FALSE
610.9438FALSE
465.2582FALSE
610.9438FALSE
610.9438FALSE
465.2583FALSE
610.9438FALSE
465.2583FALSE
610.9438FALSE
465.2582FALSE
610.9438FALSE
465.2583FALSE
610.9438FALSE
465.2583FALSE
610.9438FALSE
465.2582FALSE
610.9438FALSE
465.2583FALSE
465.2583FALSE
610.9438FALSE
465.2582FALSE
610.9438FALSE
610.9438FALSE
465.2583FALSE
610.9438FALSE
465.2583FALSE
610.9438FALSE
465.2582FALSE
610.9438FALSE
465.2583FALSE
465.2583FALSE
610.9438FALSE
465.2582FALSE
610.9438FALSE
465.2583FALSE
610.9438FALSE
465.2583FALSE
610.9438FALSE
465.2582FALSE
610.9438FALSE
465.2583FALSE
610.9438FALSE
465.2583FALSE
610.9438FALSE
465.2582FALSE
610.9438FALSE
610.9438FALSE
465.2583FALSE
465.2583FALSE
610.9438FALSE
465.2582FALSE
610.9438FALSE
465.2583FALSE
610.9438FALSE
465.2583FALSE
610.9438FALSE
465.2582FALSE
610.9438FALSE
465.2583FALSE
610.9438FALSE
465.2583FALSE
610.9438FALSE
465.2582FALSE
610.9438FALSE
465.2583FALSE
610.9438FALSE
465.2583FALSE
610.9438FALSE
465.2582FALSE
610.9438FALSE
465.2583FALSE
610.9438FALSE
465.2583FALSE
610.9438FALSE
465.2582FALSE
610.9438FALSE
465.2583FALSE
610.9438FALSE
465.2583FALSE
610.9438FALSE
465.2582FALSE
610.9438FALSE
610.9438FALSE
465.2583FALSE
610.9438FALSE
465.2583FALSE
610.9438FALSE
465.2582FALSE
610.9438FALSE
465.2583FALSE
610.9438FALSE
465.2583FALSE
610.9438FALSE
465.2582FALSE
610.9438FALSE
465.2583FALSE
610.9438FALSE
465.2583FALSE
$par
time_ind_lag0.bw 
       -2.196476 

$value
[1] 465.2582

$counts
function gradient 
      43       43 

$convergence
[1] 0

$message
[1] "CONVERGENCE: REL_REDUCTION_OF_F <= FACTR*EPSMCH"

610.9438FALSE
610.9438FALSE
610.9438FALSE
610.9438FALSE
610.9438FALSE
610.9438FALSE
610.9438FALSE
610.9438FALSE
610.9438FALSE
610.9438FALSE
610.9438FALSE
610.9438FALSE
610.9438FALSE
610.9438FALSE
610.9438FALSE
610.9438FALSE
610.9438FALSE
$par
smooth_log_cases_lag1.bw 
                -3.04297 

$value
[1] 610.9438

$counts
function gradient 
      50       50 

$convergence
[1] 52

$message
[1] "ERROR: ABNORMAL_TERMINATION_IN_LNSRCH"

451.1734FALSE
458.3918FALSE
458.3596FALSE
451.1517FALSE
451.1952FALSE
458.424FALSE
451.1549FALSE
458.3698FALSE
451.1919FALSE
458.4138FALSE
432.4466FALSE
430.1544FALSE
432.4558FALSE
430.1602FALSE
430.1487FALSE
432.4374FALSE
430.1489FALSE
432.4549FALSE
430.16FALSE
432.4383FALSE
429.3768FALSE
434.1743FALSE
429.3776FALSE
429.3761FALSE
434.1614FALSE
429.3772FALSE
434.1874FALSE
429.3765FALSE
434.1638FALSE
429.3775FALSE
434.1848FALSE
429.377FALSE
432.0084FALSE
429.378FALSE
429.3762FALSE
432.0056FALSE
429.3788FALSE
432.0112FALSE
429.3713FALSE
432.0079FALSE
429.3714FALSE
432.0095FALSE
429.3711FALSE
431.9955FALSE
429.371FALSE
429.3717FALSE
431.9975FALSE
429.3705FALSE
431.9935FALSE
429.3706FALSE
431.9972FALSE
429.3703FALSE
431.9938FALSE
429.3707FALSE
431.9883FALSE
429.3702FALSE
431.9864FALSE
429.3701FALSE
431.9902FALSE
429.3702FALSE
431.9878FALSE
429.3701FALSE
431.9888FALSE
429.3703FALSE
429.37FALSE
431.9845FALSE
429.3706FALSE
431.9865FALSE
429.3704FALSE
431.9843FALSE
429.3708FALSE
431.9861FALSE
429.3701FALSE
431.983FALSE
429.3711FALSE
431.9839FALSE
429.37FALSE
431.9835FALSE
429.37FALSE
431.9857FALSE
429.37FALSE
429.3701FALSE
431.9833FALSE
429.37FALSE
431.9847FALSE
429.3699FALSE
431.9828FALSE
429.3699FALSE
431.9848FALSE
429.3701FALSE
431.9844FALSE
429.37FALSE
431.9844FALSE
429.3704FALSE
431.9835FALSE
429.3699FALSE
431.9828FALSE
429.37FALSE
431.9847FALSE
429.3699FALSE
431.9841FALSE
429.3701FALSE
431.9843FALSE
429.3701FALSE
431.9836FALSE
429.3699FALSE
431.9826FALSE
429.37FALSE
431.9843FALSE
429.37FALSE
431.9845FALSE
429.3701FALSE
431.9837FALSE
429.3701FALSE
431.9841FALSE
429.37FALSE
431.9824FALSE
429.37FALSE
431.9843FALSE
429.37FALSE
431.9843FALSE
429.3701FALSE
431.9839FALSE
429.3701FALSE
431.984FALSE
429.3699FALSE
431.9825FALSE
429.37FALSE
431.9843FALSE
429.37FALSE
431.9843FALSE
429.3701FALSE
431.9839FALSE
429.3701FALSE
431.9839FALSE
429.3699FALSE
431.9824FALSE
429.37FALSE
431.9843FALSE
429.37FALSE
431.9843FALSE
429.3701FALSE
431.9839FALSE
429.3701FALSE
431.984FALSE
429.3699FALSE
431.9824FALSE
429.37FALSE
431.9843FALSE
429.37FALSE
431.9843FALSE
429.3701FALSE
431.9839FALSE
429.3701FALSE
431.984FALSE
429.3699FALSE
431.9825FALSE
429.37FALSE
431.9843FALSE
429.37FALSE
431.9843FALSE
429.3701FALSE
431.9839FALSE
429.3701FALSE
429.3699FALSE
431.984FALSE
429.37FALSE
431.9824FALSE
429.37FALSE
431.9843FALSE
429.3701FALSE
431.9843FALSE
429.3701FALSE
429.3699FALSE
431.9839FALSE
429.37FALSE
431.984FALSE
429.37FALSE
431.9824FALSE
429.3701FALSE
431.9843FALSE
429.3701FALSE
431.9843FALSE
429.3699FALSE
431.9839FALSE
429.37FALSE
431.984FALSE
429.37FALSE
431.9824FALSE
429.3701FALSE
431.9843FALSE
429.3701FALSE
431.9843FALSE
429.3699FALSE
431.9839FALSE
429.37FALSE
429.37FALSE
431.984FALSE
429.3701FALSE
431.9824FALSE
429.3701FALSE
431.9843FALSE
429.3699FALSE
431.9843FALSE
429.37FALSE
431.9839FALSE
429.37FALSE
431.984FALSE
429.3701FALSE
431.9824FALSE
429.3701FALSE
431.9843FALSE
429.3699FALSE
431.9843FALSE
429.37FALSE
431.9839FALSE
429.37FALSE
431.984FALSE
429.3701FALSE
431.9824FALSE
429.3701FALSE
431.9843FALSE
429.3699FALSE
431.9843FALSE
429.37FALSE
431.9839FALSE
429.37FALSE
431.984FALSE
429.3701FALSE
431.9824FALSE
429.3701FALSE
431.9843FALSE
429.3699FALSE
431.9843FALSE
429.37FALSE
431.9839FALSE
429.37FALSE
431.984FALSE
429.3701FALSE
431.9824FALSE
429.3701FALSE
431.9843FALSE
429.3699FALSE
431.9843FALSE
429.37FALSE
431.9839FALSE
429.37FALSE
431.984FALSE
429.3701FALSE
431.9824FALSE
429.3701FALSE
431.9843FALSE
429.3699FALSE
429.37FALSE
431.9843FALSE
429.37FALSE
431.9839FALSE
429.3701FALSE
431.984FALSE
429.3701FALSE
431.9824FALSE
429.3699FALSE
431.9843FALSE
429.37FALSE
431.9843FALSE
429.37FALSE
431.9839FALSE
429.3701FALSE
431.984FALSE
429.3701FALSE
431.9824FALSE
429.3699FALSE
431.9843FALSE
429.37FALSE
431.9843FALSE
429.37FALSE
431.9839FALSE
429.3701FALSE
431.984FALSE
429.3701FALSE
431.9824FALSE
429.3699FALSE
431.9843FALSE
429.37FALSE
431.9843FALSE
429.37FALSE
431.9839FALSE
429.3701FALSE
431.984FALSE
429.3701FALSE
$par
smooth_log_cases_lag0.bw         time_ind_lag0.bw 
               -1.600462                -1.489930 

$value
[1] 429.3699

$counts
function gradient 
      30       30 

$convergence
[1] 0

$message
[1] "CONVERGENCE: REL_REDUCTION_OF_F <= FACTR*EPSMCH"

431.9824FALSE
431.9843FALSE
431.9843FALSE
431.9839FALSE
431.984FALSE
431.9824FALSE
431.9843FALSE
431.9843FALSE
431.9839FALSE
431.984FALSE
431.9824FALSE
431.9843FALSE
431.9843FALSE
431.9839FALSE
431.984FALSE
431.9824FALSE
431.9843FALSE
431.9843FALSE
431.9839FALSE
431.984FALSE
432.0736FALSE
432.0748FALSE
432.0724FALSE
432.077FALSE
432.0702FALSE
431.9826FALSE
431.9846FALSE
431.9842FALSE
431.9842FALSE
431.9837FALSE
431.9824FALSE
431.9843FALSE
431.9843FALSE
431.9839FALSE
431.984FALSE
431.9824FALSE
431.9843FALSE
431.9843FALSE
431.9839FALSE
431.984FALSE
431.9825FALSE
431.9845FALSE
431.9842FALSE
431.984FALSE
431.9838FALSE
431.9824FALSE
431.9843FALSE
431.9843FALSE
431.9839FALSE
431.984FALSE
431.9824FALSE
431.9843FALSE
431.9843FALSE
431.9839FALSE
431.984FALSE
431.9824FALSE
431.9844FALSE
431.9842FALSE
431.984FALSE
431.9839FALSE
431.9824FALSE
431.9843FALSE
431.9843FALSE
431.9839FALSE
431.984FALSE
431.9824FALSE
431.9843FALSE
431.9843FALSE
431.9839FALSE
431.984FALSE
431.9824FALSE
431.9844FALSE
431.9843FALSE
431.9839FALSE
431.9839FALSE
431.9824FALSE
431.9844FALSE
431.9843FALSE
431.9839FALSE
431.9839FALSE
431.9824FALSE
431.9844FALSE
431.9843FALSE
431.9839FALSE
431.9839FALSE
431.9824FALSE
431.9844FALSE
431.9843FALSE
431.9839FALSE
431.9839FALSE
431.9824FALSE
431.9844FALSE
431.9843FALSE
431.9839FALSE
431.9839FALSE
431.9824FALSE
431.9844FALSE
431.9843FALSE
431.9839FALSE
431.9839FALSE
431.9824FALSE
431.9844FALSE
431.9843FALSE
431.9839FALSE
431.9839FALSE
431.9824FALSE
431.9844FALSE
431.9843FALSE
431.9839FALSE
431.9839FALSE
431.9824FALSE
431.9844FALSE
431.9843FALSE
431.9839FALSE
431.9839FALSE
431.9824FALSE
431.9844FALSE
431.9843FALSE
431.9839FALSE
431.9839FALSE
431.9824FALSE
431.9844FALSE
431.9843FALSE
431.9839FALSE
431.9839FALSE
431.9824FALSE
431.9844FALSE
431.9843FALSE
431.9839FALSE
431.9839FALSE
431.9824FALSE
431.9844FALSE
431.9843FALSE
431.9839FALSE
431.9839FALSE
431.9824FALSE
431.9844FALSE
431.9843FALSE
431.9839FALSE
431.9839FALSE
431.9824FALSE
431.9844FALSE
431.9843FALSE
431.9839FALSE
431.9839FALSE
431.9824FALSE
431.9844FALSE
431.9843FALSE
431.9839FALSE
431.9839FALSE
431.9824FALSE
431.9844FALSE
431.9843FALSE
431.9839FALSE
431.9839FALSE
431.9824FALSE
431.9844FALSE
431.9843FALSE
431.9839FALSE
431.9839FALSE
431.9824FALSE
431.9844FALSE
431.9843FALSE
431.9839FALSE
431.9839FALSE
431.9824FALSE
431.9844FALSE
431.9843FALSE
431.9839FALSE
431.9839FALSE
431.9824FALSE
431.9844FALSE
431.9843FALSE
431.9839FALSE
431.9839FALSE
432.1014FALSE
432.0974FALSE
432.1054FALSE
432.1FALSE
432.1029FALSE
431.9827FALSE
431.9841FALSE
431.9846FALSE
431.9836FALSE
431.9842FALSE
431.9824FALSE
431.9844FALSE
431.9843FALSE
431.9839FALSE
431.9839FALSE
431.9824FALSE
431.9844FALSE
431.9843FALSE
431.9839FALSE
431.9839FALSE
431.9824FALSE
431.9844FALSE
431.9843FALSE
431.9839FALSE
431.9839FALSE
431.9824FALSE
431.9844FALSE
431.9843FALSE
431.9839FALSE
431.9839FALSE
431.9824FALSE
431.9844FALSE
431.9843FALSE
431.9839FALSE
431.9839FALSE
431.9824FALSE
431.9844FALSE
431.9843FALSE
431.9839FALSE
431.9839FALSE
431.9824FALSE
431.9844FALSE
431.9843FALSE
431.9839FALSE
431.9839FALSE
431.9824FALSE
431.9844FALSE
431.9843FALSE
431.9839FALSE
431.9839FALSE
431.9824FALSE
431.9844FALSE
431.9843FALSE
431.9839FALSE
431.9839FALSE
431.9824FALSE
431.9844FALSE
431.9843FALSE
431.9839FALSE
431.9839FALSE
431.9824FALSE
431.9844FALSE
431.9843FALSE
431.9839FALSE
431.9839FALSE
431.9824FALSE
431.9844FALSE
431.9843FALSE
431.9839FALSE
431.9839FALSE
431.9824FALSE
431.9844FALSE
431.9843FALSE
431.9839FALSE
431.9839FALSE
431.9824FALSE
431.9844FALSE
431.9843FALSE
431.9839FALSE
431.9839FALSE
431.9824FALSE
431.9844FALSE
431.9843FALSE
431.9839FALSE
431.9839FALSE
431.9824FALSE
431.9844FALSE
431.9843FALSE
431.9839FALSE
431.9839FALSE
431.9824FALSE
431.9844FALSE
431.9843FALSE
431.9839FALSE
431.9839FALSE
431.9824FALSE
431.9844FALSE
431.9843FALSE
431.9839FALSE
431.9839FALSE
$par
smooth_log_cases_lag1.bw         time_ind_lag0.bw 
               -1.590943                -1.605601 

$value
[1] 431.9824

$counts
function gradient 
      83       83 

$convergence
[1] 0

$message
[1] "CONVERGENCE: REL_REDUCTION_OF_F <= FACTR*EPSMCH"

442.8321FALSE
468.2107FALSE
442.8317FALSE
468.2229FALSE
442.8326FALSE
468.1986FALSE
442.8218FALSE
465.4595FALSE
442.8425FALSE
465.4575FALSE
465.4616FALSE
442.8165FALSE
442.8478FALSE
465.2783FALSE
465.2782FALSE
497.9537FALSE
465.2785FALSE
497.9618FALSE
465.2767FALSE
497.9455FALSE
465.2765FALSE
497.9533FALSE
465.2768FALSE
497.9541FALSE
465.2688FALSE
498.0989FALSE
465.2687FALSE
497.8084FALSE
465.269FALSE
441.0028FALSE
465.3082FALSE
441.0033FALSE
465.3095FALSE
441.0022FALSE
465.3069FALSE
440.9939FALSE
465.2605FALSE
441.0116FALSE
465.2604FALSE
440.9974FALSE
465.2605FALSE
441.0082FALSE
439.447FALSE
465.2773FALSE
465.2778FALSE
439.4473FALSE
465.2767FALSE
439.4467FALSE
465.26FALSE
439.4381FALSE
465.2599FALSE
439.4559FALSE
465.2601FALSE
439.4499FALSE
465.2596FALSE
439.4442FALSE
465.2595FALSE
438.4988FALSE
465.2597FALSE
438.502FALSE
465.2603FALSE
438.4957FALSE
465.2609FALSE
438.4948FALSE
465.2597FALSE
438.5029FALSE
465.2585FALSE
438.5519FALSE
465.2584FALSE
438.4459FALSE
465.2586FALSE
437.9586FALSE
465.2584FALSE
437.9582FALSE
465.2586FALSE
465.2583FALSE
437.9589FALSE
465.2583FALSE
437.9508FALSE
465.2583FALSE
437.9663FALSE
465.2584FALSE
437.9814FALSE
465.2582FALSE
437.9359FALSE
465.2582FALSE
434.556FALSE
465.2583FALSE
434.5527FALSE
465.2628FALSE
465.2633FALSE
434.5594FALSE
465.2622FALSE
434.5513FALSE
465.2582FALSE
434.5608FALSE
465.2583FALSE
434.5849FALSE
465.2583FALSE
434.5273FALSE
465.2582FALSE
431.7195FALSE
465.2583FALSE
431.7353FALSE
465.2583FALSE
431.7037FALSE
465.2582FALSE
431.7201FALSE
465.2583FALSE
431.719FALSE
465.2583FALSE
$par
time_ind_lag0.bw 
       -2.196476 

$value
[1] 465.2582

$counts
function gradient 
      19       19 

$convergence
[1] 0

$message
[1] "CONVERGENCE: REL_REDUCTION_OF_F <= FACTR*EPSMCH"

431.7429FALSE
431.6962FALSE
429.8282FALSE
429.821FALSE
429.8353FALSE
429.828FALSE
429.8283FALSE
429.8251FALSE
429.8313FALSE
429.4646FALSE
429.4618FALSE
429.4674FALSE
429.4645FALSE
429.4647FALSE
429.4639FALSE
429.4653FALSE
429.4036FALSE
429.4033FALSE
429.4039FALSE
429.4035FALSE
429.4036FALSE
429.4045FALSE
429.4027FALSE
429.3958FALSE
429.3957FALSE
429.396FALSE
429.3958FALSE
429.3959FALSE
429.3965FALSE
429.3952FALSE
429.3891FALSE
429.3891FALSE
429.3892FALSE
429.3891FALSE
429.3892FALSE
429.3887FALSE
429.3896FALSE
429.3879FALSE
429.388FALSE
429.3879FALSE
429.3879FALSE
429.3879FALSE
429.3881FALSE
429.3881FALSE
429.3877FALSE
429.3877FALSE
429.3878FALSE
429.3877FALSE
429.3877FALSE
429.3878FALSE
429.3881FALSE
429.3867FALSE
429.3866FALSE
429.3868FALSE
429.3866FALSE
429.3867FALSE
429.3863FALSE
429.3871FALSE
429.3824FALSE
429.382FALSE
429.3828FALSE
429.3824FALSE
429.3824FALSE
429.3819FALSE
429.3829FALSE
429.3802FALSE
429.3798FALSE
429.3807FALSE
429.3802FALSE
429.3803FALSE
429.3798FALSE
429.3808FALSE
429.3755FALSE
429.3753FALSE
429.3758FALSE
429.3755FALSE
429.3755FALSE
429.375FALSE
429.376FALSE
429.373FALSE
429.373FALSE
429.373FALSE
429.3729FALSE
429.373FALSE
429.3733FALSE
429.3727FALSE
429.3719FALSE
429.372FALSE
429.3719FALSE
429.3719FALSE
429.3719FALSE
429.3722FALSE
429.3717FALSE
429.3714FALSE
429.3712FALSE
429.3716FALSE
429.3714FALSE
429.3714FALSE
429.3709FALSE
429.3719FALSE
429.3706FALSE
429.3706FALSE
429.3706FALSE
429.3705FALSE
429.3706FALSE
429.3707FALSE
429.3706FALSE
429.3704FALSE
429.3704FALSE
429.3704FALSE
429.3704FALSE
429.3704FALSE
429.3705FALSE
429.3705FALSE
429.3702FALSE
429.3702FALSE
429.3703FALSE
429.3702FALSE
429.3702FALSE
429.3703FALSE
429.3703FALSE
429.37FALSE
429.3701FALSE
429.37FALSE
429.37FALSE
429.37FALSE
429.3701FALSE
429.3701FALSE
429.37FALSE
429.37FALSE
429.37FALSE
429.37FALSE
429.37FALSE
429.3701FALSE
429.3701FALSE
429.37FALSE
429.37FALSE
429.37FALSE
429.37FALSE
429.37FALSE
429.3701FALSE
429.3701FALSE
429.37FALSE
429.37FALSE
429.37FALSE
429.37FALSE
429.37FALSE
429.3701FALSE
429.3701FALSE
429.37FALSE
429.37FALSE
429.37FALSE
429.37FALSE
429.37FALSE
429.3701FALSE
429.3701FALSE
429.37FALSE
429.37FALSE
429.37FALSE
429.37FALSE
429.37FALSE
429.3701FALSE
429.3701FALSE
429.37FALSE
429.37FALSE
429.37FALSE
429.37FALSE
429.37FALSE
429.3701FALSE
429.3701FALSE
429.37FALSE
429.37FALSE
429.37FALSE
429.37FALSE
429.37FALSE
429.3701FALSE
429.3701FALSE
429.37FALSE
429.37FALSE
429.37FALSE
429.37FALSE
429.37FALSE
429.3701FALSE
429.3701FALSE
429.37FALSE
429.37FALSE
429.37FALSE
429.37FALSE
429.37FALSE
429.3701FALSE
429.3701FALSE
429.37FALSE
429.37FALSE
429.37FALSE
429.37FALSE
429.37FALSE
429.3701FALSE
429.3701FALSE
$par
smooth_log_cases_lag0.bw smooth_log_cases_lag1.bw         time_ind_lag0.bw 
               -1.599989                 3.382358                -1.489984 

$value
[1] 429.37

$counts
function gradient 
      36       36 

$convergence
[1] 0

$message
[1] "CONVERGENCE: REL_REDUCTION_OF_F <= FACTR*EPSMCH"

> 
> save(ssr_fit,
+     file=paste0("/home/ngr67a/2015-cdc-flu-competition/fit-competition-ssr-ph", prediction_horizon_limit, "-", data_set, ".Rdata"))
> 
> proc.time()
    user   system  elapsed 
2265.018    1.286 2097.584 
