
R version 3.2.2 (2015-08-14) -- "Fire Safety"
Copyright (C) 2015 The R Foundation for Statistical Computing
Platform: x86_64-pc-linux-gnu (64-bit)

R is free software and comes with ABSOLUTELY NO WARRANTY.
You are welcome to redistribute it under certain conditions.
Type 'license()' or 'licence()' for distribution details.

  Natural language support but running in an English locale

R is a collaborative project with many contributors.
Type 'contributors()' for more information and
'citation()' on how to cite R or R packages in publications.

Type 'demo()' for some demos, 'help()' for on-line help, or
'help.start()' for an HTML browser interface to help.
Type 'q()' to quit R.

> ### get ssr fit -- prediction horizons 1:52
> library(lubridate)
> library(ggplot2)
> library(plyr)

Attaching package: ‘plyr’

The following object is masked from ‘package:lubridate’:

    here

> library(dplyr)

Attaching package: ‘dplyr’

The following objects are masked from ‘package:plyr’:

    arrange, count, desc, failwith, id, mutate, rename, summarise,
    summarize

The following objects are masked from ‘package:lubridate’:

    intersect, setdiff, union

The following objects are masked from ‘package:stats’:

    filter, lag

The following objects are masked from ‘package:base’:

    intersect, setdiff, setequal, union

> library(reshape)

Attaching package: ‘reshape’

The following object is masked from ‘package:dplyr’:

    rename

The following objects are masked from ‘package:plyr’:

    rename, round_any

The following object is masked from ‘package:lubridate’:

    stamp

> library(ssrFlu)
> library(doMC)
Loading required package: foreach
Loading required package: iterators
Loading required package: parallel
> 
> registerDoMC(cores=3)
> 
> args <- commandArgs(trailingOnly=TRUE)
> 
> data_set <- args[1]
> prediction_horizon_limit <- as.integer(args[2])
> 
> ## load dataset
> if(identical(data_set, "ili_national")) {
+     data <- ili_national
+ } 
> if(identical(data_set, "ili_region1")) {
+     data <- ili_region1
+ } 
> if(identical(data_set, "ili_region2")) {
+     data <- ili_region2
+ } 
> if(identical(data_set, "ili_region3")) {
+     data <- ili_region3
+ } 
> if(identical(data_set, "ili_region4")) {
+     data <- ili_region4
+ } 
> if(identical(data_set, "ili_region5")) {
+     data <- ili_region5
+ } 
> if(identical(data_set, "ili_region6")) {
+     data <- ili_region6
+ } 
> if(identical(data_set, "ili_region7")) {
+     data <- ili_region7
+ } 
> if(identical(data_set, "ili_region8")) {
+     data <- ili_region8
+ } 
> if(identical(data_set, "ili_region9")) {
+     data <- ili_region9
+ } 
> if(identical(data_set, "ili_region10")) {
+     data <- ili_region10
+ } 
> 
> 
> 
> ## add log column
> data$log_total_cases <- log(data$total_cases + 1)
> 
> ## add week_start_date
> char_dates <- paste(data$year, data$week, "1")
> data$week_start_date <- as.Date(char_dates, format="%Y %W %w")
> 
> ## remove week 53s
> data <- data[-which(is.na(data$week_start_date)),]
> data <- data[262:nrow(data),]
> 
> ## add smooth log column -- or not, since it is already pretty smooth...
> sm <- loess(log_total_cases ~ as.numeric(week_start_date), data=data, span= 26 / nrow(data))
> data$smooth_log_cases <- sm$fitted
> 
> ## add time column
> data$time_ind <- seq_len(nrow(data))
> 
> ssr_control <- create_ssr_control(X_names=c("smooth_log_cases", "time_ind"),
+     y_names="total_cases",
+     time_name=NULL,
+     max_lag=list(smooth_log_cases=1,
+         time_ind=0),
+     prediction_horizons=as.integer(prediction_horizon_limit),
+     kernel_fns=list(smooth_log_cases="squared_exp_kernel",
+         time_ind="periodic_kernel"),
+     theta_est=list(smooth_log_cases="bw",
+         time_ind="bw"),
+     theta_fixed=list(time_ind=list(period=pi / 52)),
+     theta_transform_fns=list(
+         squared_exp_kernel=list(
+             bw=list(transform="log",
+                 detransform="exp")
+         ),
+         periodic_kernel=list(
+             bw=list(transform="log",
+                 detransform="exp")
+         )
+     ),
+     crossval_buffer=52,
+     loss_fn_name="mae_from_kernel_weights_and_centers",
+     loss_fn_args=list())
> 
> 
> ssr_fit <- ssr(X_names=c("smooth_log_cases", "time_ind"),
+     y_names="total_cases",
+     time_name=NULL,
+     data=data,
+     ssr_control=ssr_control)
724.5634FALSE
735.2309FALSE
629.8473FALSE
735.2202FALSE
629.8471FALSE
724.557FALSE
735.2416FALSE
629.8474FALSE
724.5699FALSE
732.8637FALSE
649.2816FALSE
736.2418FALSE
732.8983FALSE
649.3349FALSE
736.2875FALSE
732.8292FALSE
649.2284FALSE
736.196FALSE
732.5983FALSE
629.8462FALSE
732.5862FALSE
723.639FALSE
629.8461FALSE
732.6104FALSE
723.6402FALSE
629.8463FALSE
728.6768FALSE
629.9382FALSE
723.6379FALSE
728.6783FALSE
629.9395FALSE
723.6382FALSE
728.6754FALSE
723.6367FALSE
629.9368FALSE
728.6831FALSE
723.6398FALSE
629.8456FALSE
728.6788FALSE
629.8455FALSE
723.6226FALSE
728.6874FALSE
629.8457FALSE
723.6236FALSE
728.6172FALSE
629.8944FALSE
723.6217FALSE
728.6186FALSE
629.8956FALSE
728.6166FALSE
723.752FALSE
729.1278FALSE
629.8931FALSE
723.7491FALSE
729.1187FALSE
629.8453FALSE
723.7549FALSE
629.8453FALSE
729.1369FALSE
723.6211FALSE
728.6132FALSE
629.8452FALSE
723.6202FALSE
728.6134FALSE
629.8457FALSE
723.6221FALSE
728.613FALSE
629.8455FALSE
723.6196FALSE
728.613FALSE
629.8458FALSE
723.6205FALSE
728.6131FALSE
629.8452FALSE
723.6189FALSE
728.6128FALSE
629.8453FALSE
723.6349FALSE
728.6119FALSE
629.8453FALSE
723.6337FALSE
728.6121FALSE
629.8452FALSE
723.6365FALSE
629.8453FALSE
728.6117FALSE
723.6199FALSE
629.8453FALSE
728.689FALSE
723.619FALSE
629.8452FALSE
728.6847FALSE
728.6932FALSE
629.8453FALSE
723.6209FALSE
629.8453FALSE
728.6118FALSE
723.6189FALSE
629.8452FALSE
728.612FALSE
723.6196FALSE
728.6116FALSE
629.8453FALSE
723.6195FALSE
629.8453FALSE
728.6117FALSE
723.6189FALSE
629.8452FALSE
728.6119FALSE
723.6196FALSE
728.6116FALSE
723.6196FALSE
629.8453FALSE
728.6385FALSE
723.6189FALSE
629.8453FALSE
728.6341FALSE
723.6196FALSE
728.6428FALSE
629.8452FALSE
723.6196FALSE
728.6117FALSE
629.8453FALSE
723.6189FALSE
728.6119FALSE
629.8453FALSE
723.6196FALSE
629.8452FALSE
728.6115FALSE
723.6196FALSE
629.8453FALSE
728.6116FALSE
723.6189FALSE
629.8453FALSE
728.6118FALSE
723.6196FALSE
629.8452FALSE
728.6115FALSE
723.6196FALSE
728.6882FALSE
629.8453FALSE
723.6189FALSE
728.6839FALSE
723.6196FALSE
629.8453FALSE
723.6196FALSE
728.6924FALSE
629.8452FALSE
723.6189FALSE
728.6116FALSE
629.8453FALSE
723.6196FALSE
728.6118FALSE
629.8453FALSE
723.6196FALSE
728.6118FALSE
723.6189FALSE
728.6116FALSE
629.8452FALSE
723.6196FALSE
728.6118FALSE
629.8453FALSE
723.6196FALSE
728.6118FALSE
723.6189FALSE
629.8453FALSE
728.6116FALSE
723.6196FALSE
629.8452FALSE
728.6118FALSE
723.6196FALSE
629.8453FALSE
728.6118FALSE
723.6189FALSE
728.6116FALSE
629.8453FALSE
723.6196FALSE
728.6118FALSE
728.6118FALSE
723.6196FALSE
629.8452FALSE
728.6116FALSE
723.6189FALSE
629.8453FALSE
728.6118FALSE
723.6196FALSE
629.8453FALSE
629.8452FALSE
723.6196FALSE
728.6118FALSE
723.6189FALSE
728.6116FALSE
629.8453FALSE
723.6196FALSE
728.6118FALSE
629.8453FALSE
629.8452FALSE
723.6196FALSE
728.6118FALSE
629.8453FALSE
728.6116FALSE
723.6189FALSE
629.8453FALSE
728.6118FALSE
723.6196FALSE
629.8452FALSE
728.6118FALSE
723.6196FALSE
629.8453FALSE
728.6116FALSE
723.6189FALSE
629.8453FALSE
728.6118FALSE
723.6196FALSE
629.8452FALSE
728.6118FALSE
723.6196FALSE
629.8453FALSE
723.6189FALSE
728.6116FALSE
629.8453FALSE
723.6196FALSE
728.6118FALSE
629.8452FALSE
723.6196FALSE
$par
smooth_log_cases_lag1.bw 
               -2.071533 

$value
[1] 723.6189

$counts
function gradient 
      25       25 

$convergence
[1] 0

$message
[1] "CONVERGENCE: REL_REDUCTION_OF_F <= FACTR*EPSMCH"

629.8453FALSE
728.6118FALSE
629.8453FALSE
728.6116FALSE
629.8452FALSE
728.6118FALSE
629.8453FALSE
728.6118FALSE
629.8453FALSE
728.6116FALSE
629.8452FALSE
728.6118FALSE
629.8453FALSE
728.6118FALSE
629.8453FALSE
728.6116FALSE
629.8452FALSE
728.6118FALSE
629.8453FALSE
728.6118FALSE
728.6116FALSE
629.8453FALSE
728.6118FALSE
629.8452FALSE
728.6118FALSE
629.8453FALSE
728.6116FALSE
629.8453FALSE
728.6118FALSE
629.8452FALSE
728.6118FALSE
$par
time_ind_lag0.bw 
       -1.670802 

$value
[1] 728.6116

$counts
function gradient 
      31       31 

$convergence
[1] 0

$message
[1] "CONVERGENCE: REL_REDUCTION_OF_F <= FACTR*EPSMCH"

629.8453FALSE
629.8453FALSE
629.8452FALSE
629.8453FALSE
629.8453FALSE
629.8452FALSE
629.8453FALSE
629.8453FALSE
629.8452FALSE
629.8453FALSE
629.8453FALSE
629.8452FALSE
629.8453FALSE
629.8453FALSE
629.8452FALSE
629.8453FALSE
629.8453FALSE
629.8452FALSE
629.8453FALSE
629.8453FALSE
629.8452FALSE
629.8453FALSE
629.8453FALSE
629.8452FALSE
629.8453FALSE
629.8453FALSE
629.8452FALSE
629.8453FALSE
629.8453FALSE
629.8452FALSE
629.8453FALSE
629.8453FALSE
629.8452FALSE
629.8453FALSE
629.8453FALSE
629.8452FALSE
629.8453FALSE
629.8453FALSE
629.8452FALSE
629.8453FALSE
629.8453FALSE
$par
smooth_log_cases_lag0.bw 
               -2.287041 

$value
[1] 629.8452

$counts
function gradient 
      43       43 

$convergence
[1] 0

$message
[1] "CONVERGENCE: REL_REDUCTION_OF_F <= FACTR*EPSMCH"

552.9715FALSE
527.4749FALSE
553.1062FALSE
527.4934FALSE
552.8368FALSE
527.4563FALSE
553.024FALSE
527.4187FALSE
552.919FALSE
527.5309FALSE
420.1522FALSE
485.4748FALSE
420.2109FALSE
485.4757FALSE
420.0935FALSE
485.474FALSE
420.2557FALSE
485.4956FALSE
420.0488FALSE
485.4542FALSE
410.9292FALSE
485.774FALSE
410.9284FALSE
485.7809FALSE
410.93FALSE
485.7672FALSE
410.9124FALSE
485.7522FALSE
410.9461FALSE
485.796FALSE
406.323FALSE
484.2806FALSE
406.2837FALSE
484.2837FALSE
406.3615FALSE
484.2775FALSE
406.333FALSE
484.2825FALSE
484.2788FALSE
406.3123FALSE
484.2238FALSE
383.2468FALSE
484.2267FALSE
383.2062FALSE
484.2209FALSE
383.287FALSE
484.2223FALSE
383.2551FALSE
484.2254FALSE
383.2382FALSE
484.1006FALSE
640.8583FALSE
484.1013FALSE
640.8923FALSE
484.0999FALSE
640.8244FALSE
484.1FALSE
640.8576FALSE
484.1014FALSE
640.8591FALSE
377.6233FALSE
484.0879FALSE
377.5791FALSE
484.0884FALSE
377.6674FALSE
484.0873FALSE
377.648FALSE
484.0873FALSE
377.5986FALSE
484.0886FALSE
484.1696FALSE
1039.783FALSE
484.1675FALSE
1039.784FALSE
484.1716FALSE
1039.783FALSE
484.1676FALSE
1039.783FALSE
484.1717FALSE
1039.783FALSE
376.7612FALSE
484.0871FALSE
376.7111FALSE
484.087FALSE
376.8113FALSE
484.0873FALSE
376.8198FALSE
484.0859FALSE
376.7026FALSE
484.0884FALSE
369.1786FALSE
484.0836FALSE
369.1309FALSE
484.0834FALSE
369.2262FALSE
369.2229FALSE
484.0838FALSE
369.1342FALSE
484.0829FALSE
366.4272FALSE
484.0844FALSE
366.4998FALSE
484.084FALSE
366.3547FALSE
484.0844FALSE
366.407FALSE
484.0837FALSE
366.4474FALSE
484.0847FALSE
351.3988FALSE
484.0835FALSE
351.4027FALSE
484.0822FALSE
351.3948FALSE
484.0826FALSE
351.4007FALSE
351.3967FALSE
484.0821FALSE
351.2711FALSE
484.0825FALSE
351.2711FALSE
484.0825FALSE
351.2709FALSE
484.082FALSE
351.2693FALSE
484.0819FALSE
351.2727FALSE
484.0823FALSE
351.2503FALSE
484.082FALSE
351.2513FALSE
484.0824FALSE
351.2491FALSE
484.0818FALSE
351.2477FALSE
484.0822FALSE
351.2527FALSE
484.0821FALSE
351.1942FALSE
484.0823FALSE
351.1977FALSE
484.0822FALSE
351.1906FALSE
484.0819FALSE
351.1918FALSE
484.0822FALSE
351.1965FALSE
484.0822FALSE
634.4102FALSE
484.0822FALSE
634.3956FALSE
484.0822FALSE
634.4248FALSE
484.0818FALSE
634.4105FALSE
484.0822FALSE
634.4099FALSE
484.0821FALSE
351.168FALSE
484.0823FALSE
351.1711FALSE
484.0822FALSE
351.1648FALSE
484.0818FALSE
351.1671FALSE
484.0822FALSE
351.1689FALSE
484.0821FALSE
351.1627FALSE
484.0823FALSE
351.1657FALSE
484.0822FALSE
351.1596FALSE
484.0818FALSE
351.1637FALSE
484.0822FALSE
351.1617FALSE
484.0821FALSE
351.4538FALSE
484.0823FALSE
351.4155FALSE
351.4923FALSE
484.0822FALSE
351.4929FALSE
484.0818FALSE
484.0822FALSE
351.4147FALSE
484.0821FALSE
351.1599FALSE
351.1629FALSE
484.0823FALSE
351.1569FALSE
484.0822FALSE
351.161FALSE
484.0818FALSE
351.1589FALSE
484.0822FALSE
351.2779FALSE
484.0821FALSE
351.24FALSE
484.0823FALSE
351.3159FALSE
484.0822FALSE
351.3179FALSE
484.0818FALSE
351.2388FALSE
484.0822FALSE
351.1561FALSE
484.0821FALSE
351.1591FALSE
484.0823FALSE
351.1532FALSE
484.0822FALSE
484.0818FALSE
351.1573FALSE
484.0822FALSE
351.1551FALSE
484.0821FALSE
351.1783FALSE
484.0823FALSE
351.1431FALSE
484.0822FALSE
351.2158FALSE
484.0818FALSE
351.2188FALSE
484.0822FALSE
351.1398FALSE
484.0821FALSE
351.15FALSE
484.0823FALSE
351.1529FALSE
484.0822FALSE
351.1472FALSE
484.0818FALSE
351.1513FALSE
484.0822FALSE
351.149FALSE
484.0821FALSE
351.1436FALSE
484.0823FALSE
351.1463FALSE
484.0822FALSE
351.1751FALSE
484.0818FALSE
351.1782FALSE
484.0822FALSE
351.1426FALSE
484.0821FALSE
351.1489FALSE
351.1517FALSE
484.0823FALSE
351.1461FALSE
484.0822FALSE
351.1502FALSE
484.0818FALSE
351.1479FALSE
484.0822FALSE
351.1449FALSE
484.0821FALSE
351.1477FALSE
484.0823FALSE
351.1587FALSE
484.0822FALSE
351.1618FALSE
484.0818FALSE
351.1439FALSE
484.0822FALSE
351.1436FALSE
484.0821FALSE
351.1463FALSE
484.0823FALSE
351.1751FALSE
484.0822FALSE
$par
smooth_log_cases_lag0.bw         time_ind_lag0.bw 
               -2.727434                -1.485761 

$value
[1] 484.0818

$counts
function gradient 
      27       27 

$convergence
[1] 0

$message
[1] "CONVERGENCE: REL_REDUCTION_OF_F <= FACTR*EPSMCH"

351.1782FALSE
351.1426FALSE
351.129FALSE
351.1317FALSE
351.1263FALSE
351.1281FALSE
351.1299FALSE
351.1141FALSE
351.117FALSE
351.1112FALSE
351.1132FALSE
351.115FALSE
351.0563FALSE
351.059FALSE
351.0536FALSE
351.0543FALSE
351.0583FALSE
351.1627FALSE
351.1637FALSE
351.186FALSE
351.1805FALSE
351.1681FALSE
351.054FALSE
351.0568FALSE
351.0512FALSE
351.0521FALSE
351.0565FALSE
351.0719FALSE
351.0723FALSE
351.0715FALSE
351.0672FALSE
351.0768FALSE
351.0529FALSE
351.0557FALSE
351.0503FALSE
351.0504FALSE
351.0557FALSE
351.0502FALSE
351.0522FALSE
351.0482FALSE
351.0475FALSE
351.0529FALSE
351.1478FALSE
351.1048FALSE
351.1908FALSE
351.1889FALSE
351.1066FALSE
351.05FALSE
351.0521FALSE
351.0485FALSE
351.0473FALSE
351.0527FALSE
351.3399FALSE
351.2973FALSE
351.3826FALSE
351.3814FALSE
351.2983FALSE
351.0496FALSE
351.0516FALSE
351.0548FALSE
351.0531FALSE
351.0523FALSE
351.0494FALSE
351.0514FALSE
351.0544FALSE
351.0527FALSE
351.0521FALSE
351.0487FALSE
351.0511FALSE
351.0528FALSE
351.0515FALSE
351.0514FALSE
351.0491FALSE
351.0518FALSE
351.0517FALSE
351.0515FALSE
351.0512FALSE
351.0485FALSE
351.0511FALSE
351.0524FALSE
351.0511FALSE
351.051FALSE
351.049FALSE
351.0517FALSE
351.0517FALSE
351.0516FALSE
351.0511FALSE
351.0486FALSE
351.0512FALSE
351.0522FALSE
351.0509FALSE
351.051FALSE
351.0485FALSE
351.0511FALSE
351.0523FALSE
351.051FALSE
351.051FALSE
351.0485FALSE
351.0511FALSE
351.0524FALSE
351.0511FALSE
351.051FALSE
351.0485FALSE
351.0511FALSE
351.0524FALSE
351.0511FALSE
351.051FALSE
351.0485FALSE
351.0511FALSE
351.0524FALSE
351.0511FALSE
351.051FALSE
351.0485FALSE
351.0511FALSE
351.0524FALSE
351.0511FALSE
351.051FALSE
351.0485FALSE
351.0511FALSE
351.0524FALSE
351.0511FALSE
351.051FALSE
351.0485FALSE
351.0511FALSE
351.0524FALSE
351.0511FALSE
351.051FALSE
351.0485FALSE
351.0511FALSE
351.0524FALSE
351.0511FALSE
351.051FALSE
351.0485FALSE
351.0511FALSE
351.0524FALSE
351.0511FALSE
351.051FALSE
351.0485FALSE
351.0511FALSE
351.0524FALSE
351.0511FALSE
351.051FALSE
351.0485FALSE
351.0511FALSE
351.0524FALSE
351.0511FALSE
351.051FALSE
351.0485FALSE
351.0511FALSE
351.0524FALSE
351.0511FALSE
351.051FALSE
351.0485FALSE
351.0511FALSE
351.0524FALSE
351.0511FALSE
351.051FALSE
351.0485FALSE
351.0511FALSE
351.0524FALSE
351.0511FALSE
351.051FALSE
351.0485FALSE
351.0511FALSE
351.0524FALSE
351.0511FALSE
351.051FALSE
351.0485FALSE
351.0511FALSE
351.0524FALSE
351.0511FALSE
351.051FALSE
351.0485FALSE
351.0511FALSE
351.0524FALSE
351.0511FALSE
351.051FALSE
351.0485FALSE
351.0511FALSE
351.0524FALSE
351.0511FALSE
351.051FALSE
363.2199FALSE
363.2885FALSE
363.1512FALSE
363.2113FALSE
363.2285FALSE
351.2825FALSE
351.2871FALSE
351.2779FALSE
351.2836FALSE
351.2813FALSE
351.0595FALSE
351.0624FALSE
351.0568FALSE
351.0568FALSE
351.0624FALSE
351.049FALSE
351.0516FALSE
351.0469FALSE
351.0466FALSE
351.0515FALSE
351.0485FALSE
351.0512FALSE
351.052FALSE
351.0507FALSE
351.051FALSE
351.0485FALSE
351.0511FALSE
351.0523FALSE
351.0511FALSE
351.051FALSE
351.0485FALSE
351.0511FALSE
351.0524FALSE
351.0511FALSE
351.051FALSE
351.0485FALSE
351.0511FALSE
351.0524FALSE
351.0511FALSE
351.051FALSE
351.0485FALSE
351.0511FALSE
351.0524FALSE
351.0511FALSE
351.051FALSE
351.0485FALSE
351.0511FALSE
351.0524FALSE
351.0511FALSE
351.051FALSE
351.0485FALSE
351.0511FALSE
351.0524FALSE
351.0511FALSE
351.051FALSE
351.0485FALSE
351.0511FALSE
351.0524FALSE
351.0511FALSE
351.051FALSE
351.0485FALSE
351.0511FALSE
351.0524FALSE
351.0511FALSE
351.051FALSE
351.0485FALSE
351.0511FALSE
351.0524FALSE
351.0511FALSE
351.051FALSE
351.0485FALSE
351.0511FALSE
351.0524FALSE
351.0511FALSE
351.051FALSE
351.0485FALSE
351.0511FALSE
351.0524FALSE
351.0511FALSE
351.051FALSE
351.0485FALSE
351.0511FALSE
351.0524FALSE
351.0511FALSE
351.051FALSE
351.0485FALSE
351.0511FALSE
351.0524FALSE
351.0511FALSE
351.051FALSE
351.0485FALSE
351.0511FALSE
351.0524FALSE
351.0511FALSE
351.051FALSE
351.0485FALSE
351.0511FALSE
351.0524FALSE
351.0511FALSE
351.051FALSE
$par
smooth_log_cases_lag0.bw smooth_log_cases_lag1.bw 
               -4.121069                -3.521774 

$value
[1] 351.0485

$counts
function gradient 
      84       84 

$convergence
[1] 52

$message
[1] "ERROR: ABNORMAL_TERMINATION_IN_LNSRCH"

738.7379FALSE
424.5656FALSE
738.7258FALSE
424.5288FALSE
738.7499FALSE
424.603FALSE
726.5362FALSE
424.5908FALSE
726.5255FALSE
424.5401FALSE
726.547FALSE
1039.813FALSE
424.5125FALSE
1039.813FALSE
424.6189FALSE
1039.813FALSE
389.4347FALSE
723.9011FALSE
723.8969FALSE
389.4833FALSE
723.9053FALSE
389.386FALSE
723.9283FALSE
389.4056FALSE
723.9333FALSE
389.4637FALSE
723.9233FALSE
723.6224FALSE
389.3981FALSE
723.6234FALSE
389.4712FALSE
723.6215FALSE
364.9907FALSE
723.6349FALSE
723.6337FALSE
365.0528FALSE
723.6364FALSE
364.9285FALSE
723.6189FALSE
723.6195FALSE
364.965FALSE
723.6197FALSE
723.6191FALSE
365.0164FALSE
723.6199FALSE
364.9652FALSE
723.6192FALSE
365.0163FALSE
723.6189FALSE
723.6195FALSE
750.263FALSE
723.6197FALSE
750.1497FALSE
723.6189FALSE
750.3763FALSE
723.6195FALSE
750.3409FALSE
723.6197FALSE
750.1851FALSE
723.6189FALSE
750.263FALSE
723.6195FALSE
723.6197FALSE
750.263FALSE
723.6189FALSE
351.861FALSE
723.6195FALSE
351.8031FALSE
723.6197FALSE
351.9193FALSE
723.6189FALSE
351.9075FALSE
723.6195FALSE
351.8143FALSE
723.6197FALSE
351.8616FALSE
723.6189FALSE
351.8604FALSE
723.6195FALSE
723.6197FALSE
349.7229FALSE
723.6189FALSE
349.7097FALSE
723.6195FALSE
349.7365FALSE
723.6197FALSE
349.7364FALSE
723.6189FALSE
349.7114FALSE
723.6195FALSE
349.7218FALSE
723.6197FALSE
349.724FALSE
723.6189FALSE
349.1249FALSE
723.6195FALSE
723.6197FALSE
349.1207FALSE
723.6189FALSE
349.129FALSE
723.6195FALSE
349.1206FALSE
723.6197FALSE
349.1291FALSE
723.6189FALSE
349.123FALSE
723.6195FALSE
349.1269FALSE
723.6197FALSE
348.9728FALSE
723.6189FALSE
348.9678FALSE
723.6195FALSE
348.9782FALSE
723.6197FALSE
348.9704FALSE
723.6189FALSE
348.975FALSE
723.6195FALSE
348.9714FALSE
723.6197FALSE
723.6189FALSE
348.9742FALSE
723.6195FALSE
348.7051FALSE
723.6197FALSE
348.7107FALSE
723.6189FALSE
348.6994FALSE
723.6195FALSE
723.6197FALSE
348.6939FALSE
723.6189FALSE
348.7163FALSE
723.6195FALSE
348.7047FALSE
723.6197FALSE
348.7055FALSE
723.6189FALSE
349.2968FALSE
723.6195FALSE
349.2904FALSE
723.6197FALSE
349.3031FALSE
723.6189FALSE
723.6195FALSE
349.317FALSE
723.6197FALSE
349.2764FALSE
723.6189FALSE
349.2968FALSE
723.6195FALSE
349.2967FALSE
723.6197FALSE
348.5066FALSE
724.0006FALSE
348.5113FALSE
724.0058FALSE
348.5019FALSE
723.9955FALSE
348.5066FALSE
723.6205FALSE
348.5066FALSE
723.6214FALSE
348.5063FALSE
723.6196FALSE
348.5069FALSE
723.6189FALSE
348.5049FALSE
723.6195FALSE
348.5009FALSE
723.6196FALSE
348.5094FALSE
723.6189FALSE
723.6195FALSE
348.5099FALSE
723.6197FALSE
348.5018FALSE
723.6189FALSE
348.5044FALSE
723.6195FALSE
348.5054FALSE
723.6197FALSE
348.4606FALSE
723.6189FALSE
348.4596FALSE
723.6195FALSE
348.4656FALSE
723.6197FALSE
348.4646FALSE
723.6189FALSE
348.4606FALSE
723.6195FALSE
348.4603FALSE
723.6197FALSE
348.461FALSE
723.6189FALSE
348.5871FALSE
723.6195FALSE
348.5912FALSE
723.6197FALSE
348.583FALSE
723.6189FALSE
348.5813FALSE
723.6195FALSE
723.6197FALSE
348.5929FALSE
723.6189FALSE
348.5873FALSE
723.6195FALSE
348.5871FALSE
723.6197FALSE
348.4691FALSE
723.6189FALSE
348.4755FALSE
723.6195FALSE
723.6197FALSE
348.4625FALSE
723.6189FALSE
348.4615FALSE
723.6195FALSE
348.4767FALSE
723.6197FALSE
348.4691FALSE
723.6189FALSE
348.469FALSE
723.6195FALSE
348.4583FALSE
723.6197FALSE
723.6189FALSE
348.4625FALSE
723.6195FALSE
348.4633FALSE
723.6197FALSE
348.4623FALSE
723.6189FALSE
348.4635FALSE
723.6195FALSE
348.4579FALSE
723.6197FALSE
723.6189FALSE
348.4587FALSE
723.6195FALSE
348.4509FALSE
723.6197FALSE
348.4575FALSE
723.6189FALSE
348.454FALSE
723.6195FALSE
723.6197FALSE
348.4533FALSE
723.6189FALSE
348.4582FALSE
723.6195FALSE
348.451FALSE
723.6197FALSE
348.4508FALSE
723.6189FALSE
723.6195FALSE
348.4473FALSE
723.6197FALSE
348.452FALSE
723.6189FALSE
348.4531FALSE
723.6195FALSE
348.4542FALSE
723.6197FALSE
$par
smooth_log_cases_lag1.bw 
               -2.071664 

$value
[1] 723.6189

$counts
function gradient 
      48       48 

$convergence
[1] 52

$message
[1] "ERROR: ABNORMAL_TERMINATION_IN_LNSRCH"

348.4514FALSE
348.4469FALSE
348.4477FALSE
348.4466FALSE
348.4528FALSE
348.4516FALSE
348.4518FALSE
348.4536FALSE
348.4464FALSE
348.4469FALSE
348.4461FALSE
348.4514FALSE
348.4519FALSE
348.4525FALSE
348.4522FALSE
348.4458FALSE
348.4465FALSE
348.4851FALSE
348.4898FALSE
348.4854FALSE
348.4899FALSE
348.4853FALSE
348.4851FALSE
348.4851FALSE
348.4462FALSE
348.4517FALSE
348.4519FALSE
348.4525FALSE
348.452FALSE
348.446FALSE
348.4466FALSE
348.4461FALSE
348.4515FALSE
348.4519FALSE
348.4525FALSE
348.4522FALSE
348.4458FALSE
348.4465FALSE
348.4461FALSE
348.4515FALSE
348.4519FALSE
348.4525FALSE
348.4522FALSE
348.4458FALSE
348.4465FALSE
348.4461FALSE
348.4514FALSE
348.4519FALSE
348.4525FALSE
348.4522FALSE
348.4458FALSE
348.4465FALSE
348.4461FALSE
348.4514FALSE
348.4519FALSE
348.4525FALSE
348.4522FALSE
348.4458FALSE
348.4465FALSE
348.4461FALSE
348.4514FALSE
348.4519FALSE
348.4525FALSE
348.4522FALSE
348.4458FALSE
348.4465FALSE
348.4461FALSE
348.4514FALSE
348.4519FALSE
348.4525FALSE
348.4522FALSE
348.4458FALSE
348.4465FALSE
348.4461FALSE
348.4514FALSE
348.4519FALSE
348.4525FALSE
348.4522FALSE
348.4458FALSE
348.4465FALSE
348.4461FALSE
348.4514FALSE
348.4519FALSE
348.4525FALSE
348.4522FALSE
348.4458FALSE
348.4465FALSE
348.4461FALSE
348.4514FALSE
348.4519FALSE
348.4525FALSE
348.4522FALSE
348.4458FALSE
348.4465FALSE
348.4461FALSE
348.4514FALSE
348.4519FALSE
348.4525FALSE
348.4522FALSE
348.4458FALSE
348.4465FALSE
348.4461FALSE
348.4514FALSE
348.4519FALSE
348.4525FALSE
348.4522FALSE
348.4458FALSE
348.4465FALSE
348.4461FALSE
348.4514FALSE
348.4519FALSE
348.4525FALSE
348.4522FALSE
348.4458FALSE
348.4465FALSE
348.4461FALSE
348.4514FALSE
348.4519FALSE
348.4525FALSE
348.4522FALSE
348.4458FALSE
348.4465FALSE
348.4461FALSE
348.4514FALSE
348.4519FALSE
348.4525FALSE
348.4522FALSE
348.4458FALSE
348.4465FALSE
348.4461FALSE
348.4514FALSE
348.4519FALSE
348.4525FALSE
348.4522FALSE
348.4458FALSE
348.4465FALSE
348.4461FALSE
348.4514FALSE
348.4519FALSE
348.4525FALSE
348.4522FALSE
348.4458FALSE
348.4465FALSE
348.4461FALSE
348.4514FALSE
348.4519FALSE
348.4525FALSE
348.4522FALSE
348.4458FALSE
348.4465FALSE
$par
smooth_log_cases_lag0.bw smooth_log_cases_lag1.bw         time_ind_lag0.bw 
             -3.92076787              -3.79647649              -0.06224546 

$value
[1] 348.4461

$counts
function gradient 
      39       39 

$convergence
[1] 0

$message
[1] "CONVERGENCE: REL_REDUCTION_OF_F <= FACTR*EPSMCH"

693.8144FALSE
607.3102FALSE
693.8036FALSE
607.2931FALSE
693.8252FALSE
607.3273FALSE
693.9017FALSE
607.382FALSE
693.7269FALSE
607.2384FALSE
577.9923FALSE
510.305FALSE
577.9762FALSE
510.2846FALSE
578.0084FALSE
510.3253FALSE
510.3741FALSE
578.0644FALSE
577.9203FALSE
510.2359FALSE
639.8731FALSE
700.011FALSE
639.8304FALSE
700.0639FALSE
639.9158FALSE
699.9582FALSE
700.011FALSE
639.874FALSE
700.011FALSE
639.8723FALSE
593.2455FALSE
496.6902FALSE
593.248FALSE
496.6697FALSE
593.2429FALSE
496.7108FALSE
593.1808FALSE
496.6481FALSE
593.31FALSE
496.7324FALSE
553.7901FALSE
496.6077FALSE
553.7521FALSE
496.5944FALSE
553.828FALSE
496.621FALSE
553.7867FALSE
496.6635FALSE
553.7935FALSE
496.552FALSE
555.4577FALSE
489.406FALSE
555.4676FALSE
489.3875FALSE
555.4477FALSE
489.4245FALSE
555.3844FALSE
489.4122FALSE
555.5308FALSE
489.3998FALSE
546.7643FALSE
486.6935FALSE
546.7497FALSE
486.682FALSE
546.7796FALSE
486.705FALSE
546.7248FALSE
486.6994FALSE
546.8044FALSE
486.6877FALSE
540.4482FALSE
484.2775FALSE
540.4387FALSE
484.2743FALSE
540.4577FALSE
484.2808FALSE
540.4301FALSE
484.2764FALSE
540.4665FALSE
484.2787FALSE
537.6005FALSE
484.0881FALSE
537.5966FALSE
484.0886FALSE
537.6044FALSE
484.0876FALSE
537.5995FALSE
484.0888FALSE
537.6016FALSE
484.0875FALSE
537.3116FALSE
484.0825FALSE
537.3117FALSE
484.0822FALSE
537.3116FALSE
484.0828FALSE
537.3121FALSE
484.0823FALSE
537.3113FALSE
484.0828FALSE
484.0833FALSE
537.3108FALSE
484.0837FALSE
537.3109FALSE
484.0829FALSE
537.3108FALSE
484.0838FALSE
537.311FALSE
484.0829FALSE
537.3107FALSE
484.082FALSE
537.3107FALSE
484.082FALSE
537.3107FALSE
484.0823FALSE
537.3107FALSE
484.082FALSE
537.3107FALSE
484.0824FALSE
537.3107FALSE
484.0826FALSE
537.3107FALSE
484.083FALSE
537.3107FALSE
484.0822FALSE
537.3107FALSE
484.0831FALSE
537.3107FALSE
537.3107FALSE
484.0823FALSE
484.0819FALSE
537.3107FALSE
537.3107FALSE
484.0821FALSE
537.3107FALSE
484.0822FALSE
537.3107FALSE
484.0822FALSE
537.3107FALSE
$par
smooth_log_cases_lag1.bw         time_ind_lag0.bw 
               -2.383590                -1.509618 

$value
[1] 537.3107

$counts
function gradient 
      14       14 

$convergence
[1] 0

$message
[1] "CONVERGENCE: REL_REDUCTION_OF_F <= FACTR*EPSMCH"

484.0823FALSE
484.0819FALSE
484.0822FALSE
484.0822FALSE
484.0822FALSE
484.0822FALSE
484.0819FALSE
484.0822FALSE
484.0822FALSE
484.0822FALSE
484.0822FALSE
$par
smooth_log_cases_lag0.bw         time_ind_lag0.bw 
               -2.727385                -1.485941 

$value
[1] 484.0819

$counts
function gradient 
      16       16 

$convergence
[1] 0

$message
[1] "CONVERGENCE: REL_REDUCTION_OF_F <= FACTR*EPSMCH"

> 
> save(ssr_fit,
+     file=paste0("/home/ngr67a/2015-cdc-flu-competition/fit-competition-ssr-ph", prediction_horizon_limit, "-", data_set, ".Rdata"))
> 
> proc.time()
    user   system  elapsed 
3411.417    1.737 2399.777 
