
R version 3.2.2 (2015-08-14) -- "Fire Safety"
Copyright (C) 2015 The R Foundation for Statistical Computing
Platform: x86_64-pc-linux-gnu (64-bit)

R is free software and comes with ABSOLUTELY NO WARRANTY.
You are welcome to redistribute it under certain conditions.
Type 'license()' or 'licence()' for distribution details.

  Natural language support but running in an English locale

R is a collaborative project with many contributors.
Type 'contributors()' for more information and
'citation()' on how to cite R or R packages in publications.

Type 'demo()' for some demos, 'help()' for on-line help, or
'help.start()' for an HTML browser interface to help.
Type 'q()' to quit R.

> ### get ssr fit -- prediction horizons 1:52
> library(lubridate)
> library(ggplot2)
> library(plyr)

Attaching package: ‘plyr’

The following object is masked from ‘package:lubridate’:

    here

> library(dplyr)

Attaching package: ‘dplyr’

The following objects are masked from ‘package:plyr’:

    arrange, count, desc, failwith, id, mutate, rename, summarise,
    summarize

The following objects are masked from ‘package:lubridate’:

    intersect, setdiff, union

The following objects are masked from ‘package:stats’:

    filter, lag

The following objects are masked from ‘package:base’:

    intersect, setdiff, setequal, union

> library(reshape)

Attaching package: ‘reshape’

The following object is masked from ‘package:dplyr’:

    rename

The following objects are masked from ‘package:plyr’:

    rename, round_any

The following object is masked from ‘package:lubridate’:

    stamp

> library(ssrFlu)
> library(doMC)
Loading required package: foreach
Loading required package: iterators
Loading required package: parallel
> 
> registerDoMC(cores=3)
> 
> args <- commandArgs(trailingOnly=TRUE)
> 
> data_set <- args[1]
> prediction_horizon_limit <- as.integer(args[2])
> 
> ## load dataset
> if(identical(data_set, "ili_national")) {
+     data <- ili_national
+ } 
> if(identical(data_set, "ili_region1")) {
+     data <- ili_region1
+ } 
> if(identical(data_set, "ili_region2")) {
+     data <- ili_region2
+ } 
> if(identical(data_set, "ili_region3")) {
+     data <- ili_region3
+ } 
> if(identical(data_set, "ili_region4")) {
+     data <- ili_region4
+ } 
> if(identical(data_set, "ili_region5")) {
+     data <- ili_region5
+ } 
> if(identical(data_set, "ili_region6")) {
+     data <- ili_region6
+ } 
> if(identical(data_set, "ili_region7")) {
+     data <- ili_region7
+ } 
> if(identical(data_set, "ili_region8")) {
+     data <- ili_region8
+ } 
> if(identical(data_set, "ili_region9")) {
+     data <- ili_region9
+ } 
> if(identical(data_set, "ili_region10")) {
+     data <- ili_region10
+ } 
> 
> 
> 
> ## add log column
> data$log_total_cases <- log(data$total_cases + 1)
> 
> ## add week_start_date
> char_dates <- paste(data$year, data$week, "1")
> data$week_start_date <- as.Date(char_dates, format="%Y %W %w")
> 
> ## remove week 53s
> data <- data[-which(is.na(data$week_start_date)),]
> data <- data[262:nrow(data),]
> 
> ## add smooth log column -- or not, since it is already pretty smooth...
> sm <- loess(log_total_cases ~ as.numeric(week_start_date), data=data, span= 26 / nrow(data))
> data$smooth_log_cases <- sm$fitted
> 
> ## add time column
> data$time_ind <- seq_len(nrow(data))
> 
> ssr_control <- create_ssr_control(X_names=c("smooth_log_cases", "time_ind"),
+     y_names="total_cases",
+     time_name=NULL,
+     max_lag=list(smooth_log_cases=1,
+         time_ind=0),
+     prediction_horizons=as.integer(prediction_horizon_limit),
+     kernel_fns=list(smooth_log_cases="squared_exp_kernel",
+         time_ind="periodic_kernel"),
+     theta_est=list(smooth_log_cases="bw",
+         time_ind="bw"),
+     theta_fixed=list(time_ind=list(period=pi / 52)),
+     theta_transform_fns=list(
+         squared_exp_kernel=list(
+             bw=list(transform="log",
+                 detransform="exp")
+         ),
+         periodic_kernel=list(
+             bw=list(transform="log",
+                 detransform="exp")
+         )
+     ),
+     crossval_buffer=52,
+     loss_fn_name="mae_from_kernel_weights_and_centers",
+     loss_fn_args=list())
> 
> 
> ssr_fit <- ssr(X_names=c("smooth_log_cases", "time_ind"),
+     y_names="total_cases",
+     time_name=NULL,
+     data=data,
+     ssr_control=ssr_control)
418.7861FALSE
344.7044FALSE
424.2845FALSE
418.77FALSE
344.6996FALSE
424.27FALSE
418.8023FALSE
424.2989FALSE
344.7092FALSE
418.1562FALSE
337.2116FALSE
411.8952FALSE
337.2128FALSE
411.9045FALSE
418.1627FALSE
411.8859FALSE
418.1497FALSE
337.2114FALSE
411.2103FALSE
417.3409FALSE
337.7799FALSE
417.3395FALSE
411.2051FALSE
417.3422FALSE
411.2154FALSE
337.7721FALSE
410.9168FALSE
417.3387FALSE
337.788FALSE
410.9166FALSE
417.3392FALSE
337.2123FALSE
410.917FALSE
417.3381FALSE
410.9156FALSE
337.2117FALSE
410.9155FALSE
417.3316FALSE
410.9158FALSE
337.213FALSE
417.332FALSE
410.9149FALSE
337.2111FALSE
417.3312FALSE
410.9149FALSE
337.2113FALSE
417.3417FALSE
410.9149FALSE
337.2109FALSE
417.3403FALSE
410.9149FALSE
337.211FALSE
417.3431FALSE
337.2111FALSE
410.9149FALSE
417.327FALSE
337.2108FALSE
410.9149FALSE
$par
smooth_log_cases_lag0.bw 
               -1.521038 

$value
[1] 410.9149

$counts
function gradient 
       7        7 

$convergence
[1] 0

$message
[1] "CONVERGENCE: REL_REDUCTION_OF_F <= FACTR*EPSMCH"

417.3273FALSE
337.2141FALSE
417.3268FALSE
337.2134FALSE
417.342FALSE
337.2149FALSE
417.3406FALSE
337.2109FALSE
417.3434FALSE
337.2111FALSE
417.3262FALSE
337.2111FALSE
417.3264FALSE
337.2109FALSE
337.2111FALSE
417.326FALSE
337.2111FALSE
417.3421FALSE
417.3408FALSE
337.2109FALSE
417.3435FALSE
337.2111FALSE
417.3258FALSE
337.2111FALSE
417.326FALSE
337.2109FALSE
417.3256FALSE
337.2111FALSE
417.333FALSE
337.2111FALSE
417.3317FALSE
337.2109FALSE
417.3343FALSE
337.2111FALSE
417.3254FALSE
337.2111FALSE
417.3256FALSE
337.2109FALSE
417.3257FALSE
337.2111FALSE
417.3255FALSE
337.2111FALSE
417.3257FALSE
337.2109FALSE
417.3256FALSE
337.2111FALSE
417.3254FALSE
337.2111FALSE
417.3256FALSE
337.2109FALSE
417.3257FALSE
337.2111FALSE
417.3254FALSE
337.2111FALSE
417.3256FALSE
337.2109FALSE
417.3257FALSE
337.2111FALSE
417.3254FALSE
337.2111FALSE
417.3256FALSE
337.2109FALSE
417.3257FALSE
417.3254FALSE
337.2111FALSE
417.3256FALSE
337.2111FALSE
417.3257FALSE
337.2109FALSE
417.3254FALSE
337.2111FALSE
417.3256FALSE
337.2111FALSE
417.3257FALSE
337.2109FALSE
417.3254FALSE
337.2111FALSE
417.3256FALSE
337.2111FALSE
417.3257FALSE
337.2109FALSE
417.3254FALSE
337.2111FALSE
417.3256FALSE
337.2111FALSE
417.3257FALSE
337.2109FALSE
417.3254FALSE
337.2111FALSE
417.3256FALSE
337.2111FALSE
$par
time_ind_lag0.bw 
       -1.306243 

$value
[1] 337.2109

$counts
function gradient 
      21       21 

$convergence
[1] 0

$message
[1] "CONVERGENCE: REL_REDUCTION_OF_F <= FACTR*EPSMCH"

417.3257FALSE
417.3254FALSE
417.3256FALSE
417.3257FALSE
417.3254FALSE
417.3256FALSE
417.3257FALSE
417.3254FALSE
417.3256FALSE
417.3257FALSE
417.3254FALSE
417.3256FALSE
417.3257FALSE
417.3254FALSE
417.3256FALSE
417.3257FALSE
417.3254FALSE
417.3256FALSE
417.3257FALSE
417.3254FALSE
417.3256FALSE
417.3257FALSE
417.3254FALSE
417.3256FALSE
417.3257FALSE
417.3254FALSE
417.3256FALSE
417.3257FALSE
417.3254FALSE
417.3256FALSE
417.3257FALSE
417.3254FALSE
417.3256FALSE
417.3257FALSE
417.3308FALSE
417.3312FALSE
417.3304FALSE
417.3255FALSE
417.3257FALSE
417.3255FALSE
417.3254FALSE
417.3256FALSE
417.3257FALSE
417.3254FALSE
417.3256FALSE
417.3257FALSE
417.3254FALSE
417.3256FALSE
417.3257FALSE
417.3254FALSE
417.3256FALSE
417.3257FALSE
417.3254FALSE
417.3256FALSE
417.3257FALSE
417.3254FALSE
417.3256FALSE
417.3257FALSE
417.3254FALSE
417.3256FALSE
417.3257FALSE
417.3254FALSE
417.3256FALSE
417.3257FALSE
417.3254FALSE
417.3256FALSE
417.3257FALSE
417.3254FALSE
417.3256FALSE
417.3257FALSE
417.3254FALSE
417.3256FALSE
417.3257FALSE
417.3254FALSE
417.3256FALSE
417.3257FALSE
417.3254FALSE
417.3256FALSE
417.3257FALSE
417.3254FALSE
417.3256FALSE
417.3257FALSE
417.3254FALSE
417.3256FALSE
417.3257FALSE
417.3254FALSE
417.3256FALSE
417.3257FALSE
417.3254FALSE
417.3256FALSE
417.3257FALSE
417.3254FALSE
417.3256FALSE
417.3257FALSE
$par
smooth_log_cases_lag1.bw 
               -1.594187 

$value
[1] 417.3254

$counts
function gradient 
      53       53 

$convergence
[1] 52

$message
[1] "ERROR: ABNORMAL_TERMINATION_IN_LNSRCH"

355.3314FALSE
357.3005FALSE
355.3115FALSE
357.2808FALSE
355.3512FALSE
357.3202FALSE
355.3416FALSE
357.3067FALSE
355.3215FALSE
357.2943FALSE
342.7197FALSE
343.6836FALSE
342.715FALSE
343.6777FALSE
342.7245FALSE
343.6895FALSE
342.7186FALSE
343.6811FALSE
342.7208FALSE
343.6861FALSE
341.7305FALSE
340.7159FALSE
341.728FALSE
340.7119FALSE
341.733FALSE
340.7198FALSE
341.7301FALSE
340.7136FALSE
341.7309FALSE
340.7181FALSE
340.8745FALSE
357.2023FALSE
340.8732FALSE
357.2024FALSE
340.8757FALSE
357.2021FALSE
340.8711FALSE
357.2746FALSE
340.8778FALSE
357.13FALSE
342.6805FALSE
339.9742FALSE
342.6803FALSE
339.9705FALSE
342.6807FALSE
339.9778FALSE
342.7232FALSE
339.9739FALSE
342.6378FALSE
339.9745FALSE
338.0103FALSE
339.619FALSE
338.009FALSE
339.618FALSE
338.0116FALSE
339.6199FALSE
339.6429FALSE
338.0078FALSE
339.5951FALSE
338.0132FALSE
338.8913FALSE
337.7489FALSE
338.8888FALSE
338.8938FALSE
337.748FALSE
338.8973FALSE
337.7498FALSE
338.8852FALSE
337.7521FALSE
337.5452FALSE
337.7457FALSE
337.5446FALSE
337.6542FALSE
337.5459FALSE
337.6534FALSE
337.545FALSE
337.655FALSE
337.5455FALSE
337.6542FALSE
337.3987FALSE
337.6543FALSE
337.3983FALSE
337.2761FALSE
337.399FALSE
337.2759FALSE
337.3996FALSE
337.2762FALSE
337.3978FALSE
337.2755FALSE
337.3004FALSE
337.2767FALSE
337.3002FALSE
337.2575FALSE
337.3005FALSE
337.2574FALSE
337.2995FALSE
337.2575FALSE
337.3012FALSE
337.2582FALSE
337.2639FALSE
337.2567FALSE
337.2638FALSE
337.2297FALSE
337.264FALSE
337.2296FALSE
337.2632FALSE
337.2297FALSE
337.2647FALSE
337.2299FALSE
337.2482FALSE
337.2295FALSE
337.2481FALSE
337.2211FALSE
337.2482FALSE
337.2211FALSE
337.2498FALSE
337.2212FALSE
337.2466FALSE
337.2213FALSE
337.228FALSE
337.2215FALSE
337.228FALSE
337.2159FALSE
337.228FALSE
337.2159FALSE
337.2287FALSE
337.2159FALSE
337.2275FALSE
337.216FALSE
337.224FALSE
337.2157FALSE
337.2239FALSE
337.2137FALSE
337.224FALSE
337.2137FALSE
337.2232FALSE
337.2137FALSE
337.2247FALSE
337.2131FALSE
337.2186FALSE
337.2144FALSE
337.2186FALSE
337.2121FALSE
337.2186FALSE
337.2121FALSE
337.2179FALSE
337.2121FALSE
337.2193FALSE
337.2123FALSE
337.2253FALSE
337.2122FALSE
337.2253FALSE
337.2116FALSE
337.2253FALSE
337.2116FALSE
337.2268FALSE
337.2116FALSE
337.2237FALSE
337.2118FALSE
337.2157FALSE
337.2116FALSE
337.2157FALSE
337.2112FALSE
337.2157FALSE
337.2112FALSE
337.2159FALSE
337.2112FALSE
337.2156FALSE
337.2114FALSE
337.2142FALSE
337.2114FALSE
337.2142FALSE
337.2142FALSE
337.2111FALSE
337.2144FALSE
337.2111FALSE
337.214FALSE
337.2111FALSE
337.2123FALSE
337.2112FALSE
337.2123FALSE
337.2113FALSE
337.2124FALSE
337.211FALSE
337.2125FALSE
337.211FALSE
337.211FALSE
337.2122FALSE
337.2111FALSE
337.2118FALSE
337.2111FALSE
337.2118FALSE
337.2109FALSE
337.2118FALSE
337.2109FALSE
337.2116FALSE
337.2109FALSE
337.2124FALSE
337.211FALSE
337.2113FALSE
337.2114FALSE
337.2113FALSE
337.2109FALSE
337.2113FALSE
337.2109FALSE
337.2115FALSE
337.2109FALSE
337.2116FALSE
337.2111FALSE
337.2112FALSE
337.2113FALSE
337.2112FALSE
337.2109FALSE
337.2112FALSE
337.2109FALSE
337.2113FALSE
337.2109FALSE
337.2112FALSE
337.2111FALSE
337.211FALSE
337.2111FALSE
337.211FALSE
337.2109FALSE
337.211FALSE
337.2109FALSE
337.2112FALSE
337.2111FALSE
337.2109FALSE
337.2109FALSE
337.2111FALSE
337.2109FALSE
337.2111FALSE
337.2109FALSE
337.2109FALSE
337.2111FALSE
337.2109FALSE
337.2113FALSE
337.2109FALSE
337.2109FALSE
337.2111FALSE
337.2109FALSE
337.2111FALSE
337.2109FALSE
337.2131FALSE
337.2111FALSE
337.2131FALSE
337.2112FALSE
337.2131FALSE
337.2109FALSE
337.2124FALSE
337.2109FALSE
337.2138FALSE
337.2109FALSE
337.2109FALSE
337.2111FALSE
337.2109FALSE
337.2111FALSE
337.2109FALSE
337.2109FALSE
337.2111FALSE
337.2109FALSE
337.2111FALSE
337.2109FALSE
337.2109FALSE
337.2111FALSE
337.2109FALSE
337.2111FALSE
337.2109FALSE
337.2109FALSE
337.2111FALSE
337.2109FALSE
337.2109FALSE
337.2111FALSE
337.2111FALSE
337.2109FALSE
337.2111FALSE
337.2109FALSE
337.2109FALSE
337.2109FALSE
337.2109FALSE
337.2111FALSE
337.2109FALSE
337.2111FALSE
337.2111FALSE
337.2109FALSE
337.2111FALSE
337.2109FALSE
337.2109FALSE
337.2109FALSE
337.2109FALSE
337.2109FALSE
337.2111FALSE
337.2111FALSE
337.2111FALSE
337.2111FALSE
337.2109FALSE
337.2109FALSE
337.2109FALSE
337.2109FALSE
337.2109FALSE
337.2109FALSE
337.2111FALSE
337.2111FALSE
337.2111FALSE
$par
smooth_log_cases_lag1.bw         time_ind_lag0.bw 
                7.251326                -1.306234 

$value
[1] 337.2109

$counts
function gradient 
      30       30 

$convergence
[1] 0

$message
[1] "CONVERGENCE: REL_REDUCTION_OF_F <= FACTR*EPSMCH"

337.2111FALSE
337.2109FALSE
337.2109FALSE
337.2109FALSE
337.2111FALSE
337.2111FALSE
337.2109FALSE
337.2109FALSE
337.2109FALSE
337.2111FALSE
337.2111FALSE
337.2109FALSE
337.2109FALSE
337.2109FALSE
337.2111FALSE
337.2111FALSE
337.2109FALSE
337.2109FALSE
337.2109FALSE
337.2111FALSE
337.2111FALSE
337.2109FALSE
337.2109FALSE
337.2109FALSE
337.2111FALSE
337.2111FALSE
337.2109FALSE
337.2109FALSE
337.2109FALSE
337.2111FALSE
337.2111FALSE
337.2109FALSE
337.2109FALSE
337.2109FALSE
337.2111FALSE
337.2111FALSE
337.2109FALSE
337.2109FALSE
337.2109FALSE
337.2111FALSE
337.2111FALSE
337.2109FALSE
337.2109FALSE
337.2109FALSE
337.2111FALSE
337.2111FALSE
337.2109FALSE
337.2109FALSE
337.2109FALSE
337.2111FALSE
337.2111FALSE
337.2109FALSE
337.2109FALSE
337.2109FALSE
337.2111FALSE
337.2111FALSE
337.2109FALSE
337.2109FALSE
337.2109FALSE
337.2111FALSE
337.2111FALSE
337.2109FALSE
337.2109FALSE
337.2109FALSE
337.2111FALSE
337.2111FALSE
337.2109FALSE
337.2109FALSE
337.2109FALSE
337.2111FALSE
337.2111FALSE
337.2109FALSE
337.2109FALSE
337.2109FALSE
337.2111FALSE
337.2111FALSE
337.2109FALSE
337.2109FALSE
337.2109FALSE
337.2111FALSE
337.2111FALSE
$par
smooth_log_cases_lag0.bw         time_ind_lag0.bw 
                6.100752                -1.306316 

$value
[1] 337.2109

$counts
function gradient 
      47       47 

$convergence
[1] 0

$message
[1] "CONVERGENCE: REL_REDUCTION_OF_F <= FACTR*EPSMCH"

337.2109FALSE
355.3306FALSE
337.2111FALSE
355.3306FALSE
337.2111FALSE
355.3306FALSE
395.1312FALSE
355.3107FALSE
395.1998FALSE
395.0625FALSE
355.3505FALSE
337.2109FALSE
355.3408FALSE
337.2111FALSE
355.3208FALSE
337.211FALSE
342.7167FALSE
337.2109FALSE
342.7167FALSE
337.2111FALSE
337.2111FALSE
342.7167FALSE
337.2109FALSE
342.7119FALSE
337.2111FALSE
342.7214FALSE
337.2111FALSE
337.2109FALSE
342.7156FALSE
337.2111FALSE
342.7178FALSE
337.2111FALSE
341.7264FALSE
337.2109FALSE
341.7264FALSE
337.2111FALSE
337.2111FALSE
341.7264FALSE
337.2109FALSE
341.7238FALSE
337.2111FALSE
341.7289FALSE
337.2111FALSE
341.7259FALSE
337.2109FALSE
341.7268FALSE
337.2111FALSE
340.8443FALSE
337.2111FALSE
340.8443FALSE
337.2109FALSE
337.2111FALSE
340.8443FALSE
337.2111FALSE
340.8431FALSE
337.2109FALSE
340.8456FALSE
337.2111FALSE
340.8409FALSE
337.2111FALSE
340.8478FALSE
337.2109FALSE
350.8921FALSE
337.2111FALSE
350.8921FALSE
337.2111FALSE
350.8921FALSE
337.2109FALSE
350.8921FALSE
337.2111FALSE
350.8922FALSE
337.2111FALSE
350.9573FALSE
337.2109FALSE
337.2111FALSE
350.827FALSE
337.2111FALSE
338.4381FALSE
337.2109FALSE
338.4381FALSE
337.2111FALSE
338.4381FALSE
337.2111FALSE
$par
time_ind_lag0.bw 
       -1.306316 

$value
[1] 337.2109

$counts
function gradient 
      15       15 

$convergence
[1] 0

$message
[1] "CONVERGENCE: REL_REDUCTION_OF_F <= FACTR*EPSMCH"

338.4367FALSE
338.4396FALSE
338.4324FALSE
338.4439FALSE
337.7738FALSE
337.7738FALSE
337.7738FALSE
337.7727FALSE
337.7748FALSE
337.774FALSE
337.7735FALSE
339.9557FALSE
339.9557FALSE
339.9557FALSE
339.9554FALSE
339.9559FALSE
339.9835FALSE
339.9278FALSE
337.7178FALSE
337.7178FALSE
337.7178FALSE
337.717FALSE
337.7187FALSE
337.721FALSE
337.7147FALSE
337.597FALSE
337.597FALSE
337.597FALSE
337.5963FALSE
337.5976FALSE
337.5993FALSE
337.5947FALSE
337.3465FALSE
337.3465FALSE
337.3465FALSE
337.3462FALSE
337.3468FALSE
337.3465FALSE
337.3465FALSE
337.282FALSE
337.282FALSE
337.282FALSE
337.2819FALSE
337.2822FALSE
337.2814FALSE
337.2826FALSE
337.246FALSE
337.246FALSE
337.246FALSE
337.2459FALSE
337.2461FALSE
337.2467FALSE
337.2453FALSE
337.2269FALSE
337.2269FALSE
337.2269FALSE
337.2269FALSE
337.2269FALSE
337.2262FALSE
337.2275FALSE
337.2187FALSE
337.2187FALSE
337.2187FALSE
337.2187FALSE
337.2187FALSE
337.2189FALSE
337.2186FALSE
337.2151FALSE
337.2151FALSE
337.2151FALSE
337.2151FALSE
337.2151FALSE
337.2153FALSE
337.2149FALSE
337.2679FALSE
337.2679FALSE
337.2679FALSE
337.2679FALSE
337.2679FALSE
337.2646FALSE
337.2711FALSE
337.2154FALSE
337.2154FALSE
337.2154FALSE
337.2154FALSE
337.2154FALSE
337.2147FALSE
337.2161FALSE
337.2149FALSE
337.2149FALSE
337.2149FALSE
337.2149FALSE
337.2149FALSE
337.215FALSE
337.215FALSE
337.2129FALSE
337.2129FALSE
337.2129FALSE
337.2129FALSE
337.2129FALSE
337.213FALSE
337.2131FALSE
337.2119FALSE
337.2119FALSE
337.2119FALSE
337.2119FALSE
337.2119FALSE
337.2121FALSE
337.212FALSE
337.2114FALSE
337.2114FALSE
337.2114FALSE
337.2114FALSE
337.2114FALSE
337.2115FALSE
337.2117FALSE
337.2112FALSE
337.2112FALSE
337.2112FALSE
337.2112FALSE
337.2112FALSE
337.2114FALSE
337.2111FALSE
337.211FALSE
337.211FALSE
337.211FALSE
337.211FALSE
337.211FALSE
337.2112FALSE
337.2112FALSE
337.211FALSE
337.211FALSE
337.211FALSE
337.211FALSE
337.211FALSE
337.2111FALSE
337.2112FALSE
337.2109FALSE
337.2109FALSE
337.2109FALSE
337.2109FALSE
337.2109FALSE
337.2111FALSE
337.2111FALSE
337.2109FALSE
337.2109FALSE
337.2109FALSE
337.2109FALSE
337.2109FALSE
337.2111FALSE
337.2111FALSE
337.2109FALSE
337.2109FALSE
337.2109FALSE
337.2109FALSE
337.2109FALSE
337.2111FALSE
337.2111FALSE
337.2109FALSE
337.2109FALSE
337.2109FALSE
337.2109FALSE
337.2109FALSE
337.211FALSE
337.2112FALSE
337.2109FALSE
337.2109FALSE
337.2109FALSE
337.2109FALSE
337.2109FALSE
337.2111FALSE
337.2111FALSE
337.2109FALSE
337.2109FALSE
337.2109FALSE
337.2109FALSE
337.2109FALSE
337.2111FALSE
337.2111FALSE
337.2109FALSE
337.2109FALSE
337.2109FALSE
337.2109FALSE
337.2109FALSE
337.2111FALSE
337.2111FALSE
337.2109FALSE
337.2109FALSE
337.2109FALSE
337.2109FALSE
337.2109FALSE
337.2111FALSE
337.2111FALSE
337.2109FALSE
337.2109FALSE
337.2109FALSE
337.2109FALSE
337.2109FALSE
337.2111FALSE
337.2111FALSE
337.2109FALSE
337.2109FALSE
337.2109FALSE
337.2109FALSE
337.2109FALSE
337.2111FALSE
337.2111FALSE
337.2109FALSE
337.2109FALSE
337.2109FALSE
337.2109FALSE
337.2109FALSE
337.2111FALSE
337.2111FALSE
337.2109FALSE
337.2109FALSE
337.2109FALSE
337.2109FALSE
337.2109FALSE
337.2111FALSE
337.2111FALSE
337.2109FALSE
337.2109FALSE
337.2109FALSE
337.2109FALSE
337.2109FALSE
337.2111FALSE
337.2111FALSE
337.2109FALSE
337.2109FALSE
337.2109FALSE
337.2109FALSE
337.2109FALSE
337.2111FALSE
337.2111FALSE
337.2109FALSE
337.2109FALSE
337.2109FALSE
337.2109FALSE
337.2109FALSE
337.2111FALSE
337.2111FALSE
337.2109FALSE
337.2109FALSE
337.2109FALSE
337.2109FALSE
337.2109FALSE
337.2111FALSE
337.2111FALSE
337.2109FALSE
337.2109FALSE
337.2109FALSE
337.2109FALSE
337.2109FALSE
337.2111FALSE
337.2111FALSE
337.2109FALSE
337.2109FALSE
337.2109FALSE
337.2109FALSE
337.2109FALSE
337.2111FALSE
337.2111FALSE
337.2109FALSE
337.2109FALSE
337.2109FALSE
337.2109FALSE
337.2109FALSE
337.2111FALSE
337.2111FALSE
337.2109FALSE
337.2109FALSE
337.2109FALSE
337.2109FALSE
337.2109FALSE
337.2111FALSE
337.2111FALSE
337.2109FALSE
337.2109FALSE
337.2109FALSE
337.2109FALSE
337.2109FALSE
337.2111FALSE
337.2111FALSE
$par
smooth_log_cases_lag0.bw smooth_log_cases_lag1.bw         time_ind_lag0.bw 
                6.103765                 6.003406                -1.306286 

$value
[1] 337.2109

$counts
function gradient 
      46       46 

$convergence
[1] 0

$message
[1] "CONVERGENCE: REL_REDUCTION_OF_F <= FACTR*EPSMCH"

357.3001FALSE
355.3306FALSE
357.2804FALSE
355.3107FALSE
357.3198FALSE
355.3505FALSE
357.3063FALSE
355.3408FALSE
357.2938FALSE
355.3208FALSE
343.6845FALSE
342.7167FALSE
343.6785FALSE
342.7119FALSE
343.6904FALSE
342.7214FALSE
343.682FALSE
342.7156FALSE
343.6869FALSE
342.7178FALSE
340.7181FALSE
341.7263FALSE
340.7141FALSE
341.7238FALSE
340.722FALSE
341.7289FALSE
340.7159FALSE
341.7259FALSE
340.7203FALSE
341.7268FALSE
357.08FALSE
340.8443FALSE
357.0801FALSE
340.8431FALSE
357.0799FALSE
340.8456FALSE
357.1523FALSE
340.8409FALSE
357.0076FALSE
340.8478FALSE
339.9705FALSE
350.8948FALSE
339.9668FALSE
350.8948FALSE
339.9741FALSE
350.8949FALSE
339.9701FALSE
350.9599FALSE
339.9708FALSE
350.8297FALSE
339.6723FALSE
338.4384FALSE
339.6713FALSE
338.4369FALSE
339.6732FALSE
338.4398FALSE
339.6963FALSE
338.4326FALSE
339.6482FALSE
338.4441FALSE
338.893FALSE
337.7738FALSE
338.8905FALSE
337.7728FALSE
338.8955FALSE
337.7748FALSE
338.8991FALSE
337.7741FALSE
338.887FALSE
337.7736FALSE
337.5455FALSE
339.9564FALSE
337.5448FALSE
339.9561FALSE
337.5461FALSE
339.9566FALSE
337.5452FALSE
339.9843FALSE
337.5458FALSE
339.9286FALSE
337.3991FALSE
337.7178FALSE
337.3987FALSE
337.717FALSE
337.3994FALSE
337.7186FALSE
337.4FALSE
337.721FALSE
337.3982FALSE
337.7147FALSE
337.3003FALSE
337.597FALSE
337.3001FALSE
337.5963FALSE
337.3004FALSE
337.5976FALSE
337.2994FALSE
337.5993FALSE
337.3011FALSE
337.5947FALSE
337.2641FALSE
337.3465FALSE
337.264FALSE
337.3462FALSE
337.2642FALSE
337.3468FALSE
337.2633FALSE
337.3465FALSE
337.2649FALSE
337.3465FALSE
337.282FALSE
337.2479FALSE
337.2819FALSE
337.2479FALSE
337.2822FALSE
337.248FALSE
337.2814FALSE
337.2495FALSE
337.2826FALSE
337.2463FALSE
337.246FALSE
337.2279FALSE
337.2459FALSE
337.2461FALSE
337.2278FALSE
337.2467FALSE
337.2279FALSE
337.2453FALSE
337.2286FALSE
337.2269FALSE
337.2274FALSE
337.2268FALSE
337.2237FALSE
337.2269FALSE
337.2236FALSE
337.2262FALSE
337.2237FALSE
337.2275FALSE
337.2229FALSE
337.2187FALSE
337.2244FALSE
337.2187FALSE
337.2182FALSE
337.2187FALSE
337.2189FALSE
337.2182FALSE
337.2185FALSE
337.2183FALSE
337.2151FALSE
337.2176FALSE
337.2151FALSE
337.2189FALSE
337.2151FALSE
337.2236FALSE
337.2153FALSE
337.2236FALSE
337.2149FALSE
337.2236FALSE
337.2678FALSE
337.2251FALSE
337.2678FALSE
337.2221FALSE
337.2678FALSE
337.2645FALSE
337.2156FALSE
337.271FALSE
337.2156FALSE
337.2154FALSE
337.2156FALSE
337.2154FALSE
337.2158FALSE
337.2154FALSE
337.2154FALSE
337.2147FALSE
337.2141FALSE
337.2161FALSE
337.2141FALSE
337.2149FALSE
337.2141FALSE
337.2149FALSE
337.2143FALSE
337.2149FALSE
337.2139FALSE
337.215FALSE
337.2123FALSE
337.215FALSE
337.2123FALSE
337.2129FALSE
337.2129FALSE
337.2123FALSE
337.2129FALSE
337.2125FALSE
337.213FALSE
337.2122FALSE
337.2131FALSE
337.2115FALSE
337.2119FALSE
337.2115FALSE
337.2119FALSE
337.2115FALSE
337.2119FALSE
337.2116FALSE
337.2121FALSE
337.2121FALSE
337.212FALSE
337.2113FALSE
337.2114FALSE
337.2113FALSE
337.2114FALSE
337.2113FALSE
337.2114FALSE
337.2115FALSE
337.2115FALSE
337.2116FALSE
337.2117FALSE
337.2111FALSE
337.2112FALSE
337.2111FALSE
337.2112FALSE
337.2111FALSE
337.2112FALSE
337.2113FALSE
337.2114FALSE
337.2112FALSE
337.2111FALSE
337.211FALSE
337.211FALSE
337.211FALSE
337.211FALSE
337.211FALSE
337.211FALSE
337.2112FALSE
337.2112FALSE
337.2112FALSE
337.2112FALSE
337.211FALSE
337.211FALSE
337.211FALSE
337.211FALSE
337.211FALSE
337.211FALSE
337.2111FALSE
337.2111FALSE
337.2112FALSE
337.2111FALSE
337.2137FALSE
337.2109FALSE
337.2137FALSE
337.2109FALSE
337.2137FALSE
337.2109FALSE
337.2151FALSE
337.2111FALSE
337.2124FALSE
337.2111FALSE
337.211FALSE
337.211FALSE
337.211FALSE
337.211FALSE
337.211FALSE
337.211FALSE
337.2112FALSE
337.2111FALSE
337.211FALSE
337.2109FALSE
337.211FALSE
337.2109FALSE
337.211FALSE
337.2109FALSE
337.211FALSE
337.2111FALSE
337.2109FALSE
337.2112FALSE
337.2111FALSE
337.211FALSE
337.2111FALSE
337.211FALSE
337.2109FALSE
337.2109FALSE
337.211FALSE
337.2109FALSE
337.2111FALSE
337.2111FALSE
337.2112FALSE
337.211FALSE
337.2111FALSE
337.211FALSE
337.2109FALSE
337.211FALSE
337.2109FALSE
337.2111FALSE
337.2109FALSE
337.2111FALSE
337.2112FALSE
337.2111FALSE
337.211FALSE
337.2109FALSE
337.211FALSE
337.2109FALSE
337.211FALSE
337.2109FALSE
337.2111FALSE
337.2111FALSE
337.2112FALSE
337.211FALSE
337.2111FALSE
337.211FALSE
337.2109FALSE
337.211FALSE
337.2109FALSE
337.2111FALSE
337.2109FALSE
337.2112FALSE
337.2111FALSE
337.211FALSE
337.2111FALSE
337.211FALSE
337.2109FALSE
337.211FALSE
337.2109FALSE
337.2111FALSE
337.2109FALSE
337.2112FALSE
337.2111FALSE
337.211FALSE
337.2111FALSE
337.211FALSE
337.2109FALSE
337.211FALSE
337.2109FALSE
337.2111FALSE
337.2109FALSE
337.2112FALSE
337.2111FALSE
337.211FALSE
337.2111FALSE
337.211FALSE
337.211FALSE
337.2109FALSE
337.2111FALSE
337.2109FALSE
337.2112FALSE
337.2109FALSE
337.211FALSE
337.2111FALSE
337.211FALSE
337.2111FALSE
337.211FALSE
337.2109FALSE
337.2111FALSE
337.2112FALSE
337.2109FALSE
337.211FALSE
337.2109FALSE
337.211FALSE
337.2111FALSE
337.211FALSE
337.2111FALSE
337.2111FALSE
337.2109FALSE
337.2112FALSE
337.2109FALSE
337.211FALSE
337.2109FALSE
337.211FALSE
337.2111FALSE
337.211FALSE
337.2111FALSE
337.2111FALSE
337.2109FALSE
337.2112FALSE
337.2109FALSE
337.211FALSE
337.2109FALSE
337.211FALSE
337.2111FALSE
337.211FALSE
337.2111FALSE
337.2111FALSE
337.2109FALSE
337.2112FALSE
337.2109FALSE
337.211FALSE
337.2109FALSE
337.211FALSE
337.2111FALSE
337.211FALSE
337.2111FALSE
337.2111FALSE
337.2112FALSE
337.2109FALSE
337.211FALSE
337.2109FALSE
337.211FALSE
337.2109FALSE
337.211FALSE
337.2111FALSE
337.2111FALSE
337.2111FALSE
337.2112FALSE
337.2109FALSE
337.211FALSE
337.2109FALSE
337.211FALSE
337.2109FALSE
337.211FALSE
337.2111FALSE
337.2111FALSE
337.2111FALSE
337.2112FALSE
337.2109FALSE
337.211FALSE
337.2109FALSE
337.211FALSE
337.211FALSE
337.2109FALSE
337.2111FALSE
337.2111FALSE
337.2112FALSE
$par
smooth_log_cases_lag1.bw         time_ind_lag0.bw 
                4.829390                -1.306297 

$value
[1] 337.211

$counts
function gradient 
      43       43 

$convergence
[1] 0

$message
[1] "CONVERGENCE: REL_REDUCTION_OF_F <= FACTR*EPSMCH"

337.2111FALSE
$par
smooth_log_cases_lag0.bw         time_ind_lag0.bw 
                5.264510                -1.306283 

$value
[1] 337.2109

$counts
function gradient 
      41       41 

$convergence
[1] 0

$message
[1] "CONVERGENCE: REL_REDUCTION_OF_F <= FACTR*EPSMCH"

> 
> save(ssr_fit,
+     file=paste0("/home/ngr67a/2015-cdc-flu-competition/fit-competition-ssr-ph", prediction_horizon_limit, "-", data_set, ".Rdata"))
> 
> proc.time()
    user   system  elapsed 
3280.026    2.093 2595.841 
