
R version 3.2.2 (2015-08-14) -- "Fire Safety"
Copyright (C) 2015 The R Foundation for Statistical Computing
Platform: x86_64-pc-linux-gnu (64-bit)

R is free software and comes with ABSOLUTELY NO WARRANTY.
You are welcome to redistribute it under certain conditions.
Type 'license()' or 'licence()' for distribution details.

  Natural language support but running in an English locale

R is a collaborative project with many contributors.
Type 'contributors()' for more information and
'citation()' on how to cite R or R packages in publications.

Type 'demo()' for some demos, 'help()' for on-line help, or
'help.start()' for an HTML browser interface to help.
Type 'q()' to quit R.

> ### get ssr fit -- prediction horizons 1:52
> library(lubridate)
> library(ggplot2)
> library(plyr)

Attaching package: ‘plyr’

The following object is masked from ‘package:lubridate’:

    here

> library(dplyr)

Attaching package: ‘dplyr’

The following objects are masked from ‘package:plyr’:

    arrange, count, desc, failwith, id, mutate, rename, summarise,
    summarize

The following objects are masked from ‘package:lubridate’:

    intersect, setdiff, union

The following objects are masked from ‘package:stats’:

    filter, lag

The following objects are masked from ‘package:base’:

    intersect, setdiff, setequal, union

> library(reshape)

Attaching package: ‘reshape’

The following object is masked from ‘package:dplyr’:

    rename

The following objects are masked from ‘package:plyr’:

    rename, round_any

The following object is masked from ‘package:lubridate’:

    stamp

> library(ssrFlu)
> library(doMC)
Loading required package: foreach
Loading required package: iterators
Loading required package: parallel
> 
> registerDoMC(cores=3)
> 
> args <- commandArgs(trailingOnly=TRUE)
> 
> data_set <- args[1]
> prediction_horizon_limit <- as.integer(args[2])
> 
> ## load dataset
> if(identical(data_set, "ili_national")) {
+     data <- ili_national
+ } 
> if(identical(data_set, "ili_region1")) {
+     data <- ili_region1
+ } 
> if(identical(data_set, "ili_region2")) {
+     data <- ili_region2
+ } 
> if(identical(data_set, "ili_region3")) {
+     data <- ili_region3
+ } 
> if(identical(data_set, "ili_region4")) {
+     data <- ili_region4
+ } 
> if(identical(data_set, "ili_region5")) {
+     data <- ili_region5
+ } 
> if(identical(data_set, "ili_region6")) {
+     data <- ili_region6
+ } 
> if(identical(data_set, "ili_region7")) {
+     data <- ili_region7
+ } 
> if(identical(data_set, "ili_region8")) {
+     data <- ili_region8
+ } 
> if(identical(data_set, "ili_region9")) {
+     data <- ili_region9
+ } 
> if(identical(data_set, "ili_region10")) {
+     data <- ili_region10
+ } 
> 
> 
> 
> ## add log column
> data$log_total_cases <- log(data$total_cases + 1)
> 
> ## add week_start_date
> char_dates <- paste(data$year, data$week, "1")
> data$week_start_date <- as.Date(char_dates, format="%Y %W %w")
> 
> ## remove week 53s
> data <- data[-which(is.na(data$week_start_date)),]
> data <- data[262:nrow(data),]
> 
> ## add smooth log column -- or not, since it is already pretty smooth...
> sm <- loess(log_total_cases ~ as.numeric(week_start_date), data=data, span= 26 / nrow(data))
> data$smooth_log_cases <- sm$fitted
> 
> ## add time column
> data$time_ind <- seq_len(nrow(data))
> 
> ssr_control <- create_ssr_control(X_names=c("smooth_log_cases", "time_ind"),
+     y_names="total_cases",
+     time_name=NULL,
+     max_lag=list(smooth_log_cases=1,
+         time_ind=0),
+     prediction_horizons=as.integer(prediction_horizon_limit),
+     kernel_fns=list(smooth_log_cases="squared_exp_kernel",
+         time_ind="periodic_kernel"),
+     theta_est=list(smooth_log_cases="bw",
+         time_ind="bw"),
+     theta_fixed=list(time_ind=list(period=pi / 52)),
+     theta_transform_fns=list(
+         squared_exp_kernel=list(
+             bw=list(transform="log",
+                 detransform="exp")
+         ),
+         periodic_kernel=list(
+             bw=list(transform="log",
+                 detransform="exp")
+         )
+     ),
+     crossval_buffer=52,
+     loss_fn_name="mae_from_kernel_weights_and_centers",
+     loss_fn_args=list())
> 
> 
> ssr_fit <- ssr(X_names=c("smooth_log_cases", "time_ind"),
+     y_names="total_cases",
+     time_name=NULL,
+     data=data,
+     ssr_control=ssr_control)
389.1255FALSE
356.4428FALSE
395.275FALSE
389.127FALSE
356.4333FALSE
395.2767FALSE
389.1239FALSE
356.4523FALSE
395.2733FALSE
408.5284FALSE
354.7634FALSE
406.6434FALSE
408.5034FALSE
406.6277FALSE
354.7906FALSE
408.5535FALSE
389.1075FALSE
406.659FALSE
354.7362FALSE
389.1079FALSE
395.2392FALSE
354.1594FALSE
389.1071FALSE
395.239FALSE
354.1507FALSE
389.1048FALSE
395.2395FALSE
354.1682FALSE
389.1051FALSE
395.2382FALSE
351.3781FALSE
389.1045FALSE
395.238FALSE
351.3772FALSE
389.1228FALSE
395.2384FALSE
351.379FALSE
389.121FALSE
395.2505FALSE
351.4551FALSE
389.1247FALSE
395.2514FALSE
351.4586FALSE
389.1042FALSE
395.2495FALSE
351.4516FALSE
389.1044FALSE
395.238FALSE
389.1039FALSE
351.3766FALSE
395.238FALSE
389.1226FALSE
351.3772FALSE
395.2382FALSE
389.1208FALSE
351.3761FALSE
395.2379FALSE
389.1245FALSE
351.3746FALSE
395.2385FALSE
389.1038FALSE
351.3748FALSE
395.2381FALSE
389.104FALSE
351.3748FALSE
395.238FALSE
389.104FALSE
351.3746FALSE
395.2381FALSE
389.1037FALSE
351.3748FALSE
395.2382FALSE
389.104FALSE
351.3747FALSE
395.238FALSE
389.1041FALSE
395.2381FALSE
351.3746FALSE
389.1038FALSE
351.3748FALSE
395.2381FALSE
389.104FALSE
351.3748FALSE
395.238FALSE
389.104FALSE
395.2381FALSE
351.3746FALSE
389.1038FALSE
389.104FALSE
395.2381FALSE
$par
smooth_log_cases_lag0.bw 
               -2.336086 

$value
[1] 395.238

$counts
function gradient 
      10       10 

$convergence
[1] 0

$message
[1] "CONVERGENCE: REL_REDUCTION_OF_F <= FACTR*EPSMCH"

351.3748FALSE
389.104FALSE
351.3748FALSE
$par
time_ind_lag0.bw 
       -1.600567 

$value
[1] 351.3746

$counts
function gradient 
      10       10 

$convergence
[1] 0

$message
[1] "CONVERGENCE: REL_REDUCTION_OF_F <= FACTR*EPSMCH"

389.1038FALSE
389.104FALSE
389.104FALSE
389.1038FALSE
389.104FALSE
389.104FALSE
389.1038FALSE
389.104FALSE
389.104FALSE
389.1038FALSE
389.104FALSE
389.104FALSE
389.1038FALSE
389.104FALSE
389.104FALSE
389.1038FALSE
389.104FALSE
389.104FALSE
389.1038FALSE
389.104FALSE
389.104FALSE
389.1038FALSE
389.104FALSE
389.104FALSE
389.1038FALSE
389.104FALSE
389.104FALSE
389.1038FALSE
389.104FALSE
389.104FALSE
389.1038FALSE
389.104FALSE
389.104FALSE
389.1038FALSE
389.104FALSE
389.104FALSE
389.1038FALSE
389.104FALSE
389.104FALSE
389.1038FALSE
389.104FALSE
389.104FALSE
389.1038FALSE
389.104FALSE
389.104FALSE
389.1038FALSE
389.104FALSE
389.104FALSE
389.1038FALSE
389.104FALSE
389.104FALSE
389.1038FALSE
389.104FALSE
389.104FALSE
389.1038FALSE
389.104FALSE
389.104FALSE
389.1038FALSE
389.104FALSE
389.104FALSE
389.1038FALSE
389.104FALSE
389.104FALSE
389.1038FALSE
389.104FALSE
389.104FALSE
389.1038FALSE
389.104FALSE
389.104FALSE
389.1038FALSE
389.104FALSE
389.104FALSE
389.1038FALSE
389.104FALSE
389.104FALSE
389.1038FALSE
389.104FALSE
389.104FALSE
389.1038FALSE
389.104FALSE
389.104FALSE
389.1038FALSE
389.104FALSE
389.104FALSE
389.1038FALSE
389.104FALSE
389.104FALSE
389.1038FALSE
389.104FALSE
389.104FALSE
389.1038FALSE
389.104FALSE
389.104FALSE
389.1038FALSE
389.104FALSE
389.104FALSE
389.1038FALSE
389.104FALSE
389.104FALSE
389.1038FALSE
389.104FALSE
389.104FALSE
389.1038FALSE
389.104FALSE
389.104FALSE
389.1038FALSE
389.104FALSE
389.104FALSE
389.1038FALSE
389.104FALSE
389.104FALSE
389.1038FALSE
389.104FALSE
389.104FALSE
389.1038FALSE
389.104FALSE
389.104FALSE
$par
smooth_log_cases_lag1.bw 
               -2.336346 

$value
[1] 389.1038

$counts
function gradient 
      50       50 

$convergence
[1] 52

$message
[1] "ERROR: ABNORMAL_TERMINATION_IN_LNSRCH"

351.4828FALSE
352.7544FALSE
352.7468FALSE
351.4747FALSE
351.4909FALSE
352.7619FALSE
352.7635FALSE
351.495FALSE
351.4705FALSE
352.7452FALSE
351.5345FALSE
348.5306FALSE
351.5413FALSE
348.5344FALSE
351.5277FALSE
348.5267FALSE
351.5271FALSE
348.5259FALSE
348.5353FALSE
351.5419FALSE
349.3662FALSE
346.8316FALSE
349.3653FALSE
346.8294FALSE
349.3671FALSE
346.8337FALSE
349.3626FALSE
346.8313FALSE
349.3698FALSE
346.8319FALSE
349.4757FALSE
346.6935FALSE
349.4732FALSE
346.6906FALSE
349.4782FALSE
346.6965FALSE
349.481FALSE
346.6935FALSE
349.4706FALSE
346.6936FALSE
349.0166FALSE
347.7244FALSE
349.0147FALSE
347.7284FALSE
349.0185FALSE
347.7203FALSE
349.0153FALSE
347.7208FALSE
349.0178FALSE
347.728FALSE
349.1471FALSE
346.7111FALSE
349.1467FALSE
346.7157FALSE
349.1476FALSE
349.1511FALSE
346.7067FALSE
349.1432FALSE
346.708FALSE
349.0159FALSE
346.7143FALSE
349.0157FALSE
346.6593FALSE
349.0162FALSE
346.656FALSE
349.017FALSE
349.0149FALSE
346.6626FALSE
348.9969FALSE
346.6593FALSE
348.9974FALSE
348.9965FALSE
346.6594FALSE
348.9976FALSE
346.6592FALSE
348.9962FALSE
348.9976FALSE
346.6627FALSE
348.997FALSE
346.6557FALSE
348.9982FALSE
346.6562FALSE
348.9962FALSE
346.6622FALSE
348.999FALSE
348.9849FALSE
346.6592FALSE
348.9852FALSE
346.6627FALSE
348.9847FALSE
346.6557FALSE
348.9853FALSE
348.9846FALSE
346.6562FALSE
349.0009FALSE
346.6622FALSE
349.0003FALSE
349.0015FALSE
346.6642FALSE
348.9995FALSE
346.6622FALSE
349.0024FALSE
348.9847FALSE
346.6663FALSE
348.9845FALSE
346.6638FALSE
348.9849FALSE
348.9846FALSE
346.6647FALSE
348.9854FALSE
346.6578FALSE
348.9846FALSE
346.6545FALSE
348.9848FALSE
346.6609FALSE
348.9847FALSE
346.6573FALSE
348.985FALSE
348.9847FALSE
346.6582FALSE
348.9846FALSE
346.5345FALSE
348.9847FALSE
346.5341FALSE
348.9848FALSE
348.9848FALSE
346.5349FALSE
348.985FALSE
346.5368FALSE
348.9845FALSE
348.9848FALSE
346.5321FALSE
348.9848FALSE
346.5561FALSE
348.9849FALSE
346.5535FALSE
348.9848FALSE
348.9845FALSE
346.5586FALSE
348.9847FALSE
346.5556FALSE
348.9848FALSE
346.5565FALSE
348.9849FALSE
347.8636FALSE
348.9849FALSE
348.9845FALSE
347.8628FALSE
348.9847FALSE
348.9847FALSE
347.8644FALSE
348.9849FALSE
347.8708FALSE
348.9849FALSE
347.8565FALSE
348.9845FALSE
348.9847FALSE
346.4755FALSE
348.9847FALSE
346.4731FALSE
348.9849FALSE
346.4779FALSE
348.9849FALSE
$par
smooth_log_cases_lag1.bw         time_ind_lag0.bw 
               -1.925365                -1.903792 

$value
[1] 348.9845

$counts
function gradient 
      18       18 

$convergence
[1] 0

$message
[1] "CONVERGENCE: REL_REDUCTION_OF_F <= FACTR*EPSMCH"

346.4752FALSE
346.4758FALSE
348.6109FALSE
348.6099FALSE
348.6119FALSE
348.6214FALSE
348.6007FALSE
346.5183FALSE
346.5178FALSE
346.5188FALSE
346.5205FALSE
346.5163FALSE
346.4725FALSE
346.4711FALSE
346.4738FALSE
346.4729FALSE
346.4721FALSE
346.47FALSE
346.4686FALSE
346.4713FALSE
346.4704FALSE
346.4695FALSE
346.4596FALSE
346.4581FALSE
346.4611FALSE
346.4599FALSE
346.4592FALSE
346.5908FALSE
346.596FALSE
346.5855FALSE
346.5885FALSE
346.593FALSE
346.4564FALSE
346.4565FALSE
346.458FALSE
346.4568FALSE
346.456FALSE
346.5601FALSE
346.5648FALSE
346.5554FALSE
346.5577FALSE
346.5624FALSE
346.4563FALSE
346.4608FALSE
346.4567FALSE
346.4555FALSE
346.4583FALSE
346.4561FALSE
346.4576FALSE
346.4577FALSE
346.4565FALSE
346.4557FALSE
346.464FALSE
346.4686FALSE
346.4595FALSE
346.4621FALSE
346.466FALSE
346.456FALSE
346.4583FALSE
346.4575FALSE
346.4564FALSE
346.4558FALSE
346.4563FALSE
346.4608FALSE
346.4571FALSE
346.456FALSE
346.4583FALSE
346.4558FALSE
346.4591FALSE
346.4574FALSE
346.4562FALSE
346.4566FALSE
346.456FALSE
346.4587FALSE
346.4575FALSE
346.4564FALSE
346.4562FALSE
346.4558FALSE
346.4591FALSE
346.4574FALSE
346.4563FALSE
346.4566FALSE
346.4558FALSE
346.4591FALSE
346.4574FALSE
346.4562FALSE
346.4566FALSE
346.4558FALSE
346.4591FALSE
346.4574FALSE
346.4562FALSE
346.4566FALSE
346.4558FALSE
346.4591FALSE
346.4574FALSE
346.4562FALSE
346.4566FALSE
346.4558FALSE
346.4591FALSE
346.4574FALSE
346.4562FALSE
346.4566FALSE
346.4558FALSE
346.4591FALSE
346.4574FALSE
346.4562FALSE
346.4566FALSE
346.4558FALSE
346.4591FALSE
346.4574FALSE
346.4562FALSE
346.4566FALSE
346.4558FALSE
346.4591FALSE
346.4574FALSE
346.4562FALSE
346.4566FALSE
346.4558FALSE
346.4591FALSE
346.4574FALSE
346.4562FALSE
346.4566FALSE
346.4558FALSE
346.4591FALSE
346.4574FALSE
346.4562FALSE
346.4566FALSE
346.4558FALSE
346.4591FALSE
346.4574FALSE
346.4562FALSE
346.4566FALSE
346.4558FALSE
346.4591FALSE
346.4574FALSE
346.4562FALSE
346.4566FALSE
346.4558FALSE
346.4591FALSE
346.4574FALSE
346.4562FALSE
346.4566FALSE
346.4558FALSE
346.4591FALSE
346.4574FALSE
346.4562FALSE
346.4566FALSE
346.4558FALSE
346.4591FALSE
346.4574FALSE
346.4562FALSE
346.4566FALSE
346.4558FALSE
346.4591FALSE
346.4574FALSE
346.4562FALSE
346.4566FALSE
$par
smooth_log_cases_lag0.bw         time_ind_lag0.bw 
               -1.792987                -2.033321 

$value
[1] 346.4558

$counts
function gradient 
      46       46 

$convergence
[1] 0

$message
[1] "CONVERGENCE: REL_REDUCTION_OF_F <= FACTR*EPSMCH"

354.0695FALSE
351.8955FALSE
354.0606FALSE
351.8945FALSE
354.0784FALSE
351.8965FALSE
369.4739FALSE
351.889FALSE
369.5634FALSE
351.9021FALSE
369.3852FALSE
351.8972FALSE
351.695FALSE
351.6893FALSE
351.8939FALSE
351.7007FALSE
348.4099FALSE
361.7502FALSE
348.4145FALSE
361.8092FALSE
348.4053FALSE
361.6919FALSE
348.4097FALSE
348.4101FALSE
351.3753FALSE
348.4044FALSE
351.3751FALSE
348.4154FALSE
351.3755FALSE
347.4591FALSE
351.3746FALSE
351.3749FALSE
347.4571FALSE
351.3747FALSE
347.4611FALSE
351.3747FALSE
351.3746FALSE
347.4575FALSE
351.375FALSE
351.3746FALSE
347.4607FALSE
351.3748FALSE
351.3747FALSE
347.4585FALSE
351.3746FALSE
351.3748FALSE
347.4597FALSE
351.3748FALSE
347.048FALSE
351.3746FALSE
347.0464FALSE
351.3748FALSE
351.3747FALSE
347.0496FALSE
351.3746FALSE
347.0471FALSE
351.3748FALSE
347.0489FALSE
351.3748FALSE
351.3746FALSE
347.0483FALSE
351.3748FALSE
347.0476FALSE
351.3747FALSE
346.9223FALSE
351.3746FALSE
346.9223FALSE
351.3748FALSE
351.3747FALSE
346.9223FALSE
351.3746FALSE
346.9219FALSE
351.3748FALSE
346.9227FALSE
351.3748FALSE
351.3746FALSE
346.9254FALSE
351.3748FALSE
346.9191FALSE
351.3748FALSE
346.608FALSE
351.3746FALSE
351.3748FALSE
346.6074FALSE
351.3748FALSE
346.6086FALSE
351.3746FALSE
346.6078FALSE
351.3748FALSE
346.6082FALSE
351.3748FALSE
346.6101FALSE
351.3746FALSE
346.606FALSE
351.3748FALSE
351.3748FALSE
349.495FALSE
351.3746FALSE
349.5004FALSE
351.3748FALSE
351.3748FALSE
349.4896FALSE
351.3746FALSE
349.495FALSE
351.3748FALSE
349.495FALSE
351.3748FALSE
349.4899FALSE
351.3746FALSE
351.3748FALSE
349.5002FALSE
351.3748FALSE
346.7147FALSE
351.3746FALSE
346.7201FALSE
351.3748FALSE
346.7093FALSE
351.3748FALSE
346.7147FALSE
351.3746FALSE
346.7148FALSE
351.3748FALSE
351.3748FALSE
346.714FALSE
351.3746FALSE
351.3748FALSE
346.7155FALSE
351.3748FALSE
346.5994FALSE
351.3746FALSE
346.6044FALSE
351.3748FALSE
351.3748FALSE
346.6FALSE
351.3746FALSE
346.5993FALSE
351.3748FALSE
346.5995FALSE
351.3748FALSE
346.6014FALSE
351.3746FALSE
351.3748FALSE
346.5996FALSE
351.3748FALSE
346.5552FALSE
351.3746FALSE
346.5545FALSE
351.3748FALSE
351.3748FALSE
346.5558FALSE
351.3746FALSE
346.555FALSE
351.3748FALSE
346.5554FALSE
351.3748FALSE
351.3746FALSE
346.5567FALSE
351.3748FALSE
351.3748FALSE
346.5536FALSE
351.3746FALSE
346.6047FALSE
351.3748FALSE
346.602FALSE
351.3748FALSE
$par
time_ind_lag0.bw 
       -1.600501 

$value
[1] 351.3746

$counts
function gradient 
      31       31 

$convergence
[1] 0

$message
[1] "CONVERGENCE: REL_REDUCTION_OF_F <= FACTR*EPSMCH"

346.6074FALSE
346.6046FALSE
346.6049FALSE
346.6045FALSE
346.6049FALSE
346.5393FALSE
346.5373FALSE
346.5413FALSE
346.5391FALSE
346.5395FALSE
346.5394FALSE
346.5392FALSE
346.5258FALSE
346.5237FALSE
346.5278FALSE
346.5256FALSE
346.5259FALSE
346.5258FALSE
346.5257FALSE
346.5691FALSE
346.5745FALSE
346.5638FALSE
346.5691FALSE
346.5691FALSE
346.5678FALSE
346.5704FALSE
346.5185FALSE
346.523FALSE
346.514FALSE
346.5184FALSE
346.5185FALSE
346.5166FALSE
346.5204FALSE
346.4865FALSE
346.4853FALSE
346.4877FALSE
346.4865FALSE
346.4866FALSE
346.4874FALSE
346.4856FALSE
346.4785FALSE
346.477FALSE
346.48FALSE
346.4785FALSE
346.4785FALSE
346.479FALSE
346.478FALSE
346.4702FALSE
346.4694FALSE
346.4714FALSE
346.4702FALSE
346.4702FALSE
346.4715FALSE
346.4693FALSE
346.4668FALSE
346.4653FALSE
346.4682FALSE
346.4668FALSE
346.4668FALSE
346.4671FALSE
346.4664FALSE
346.4642FALSE
346.4628FALSE
346.4657FALSE
346.4642FALSE
346.4643FALSE
346.4646FALSE
346.4639FALSE
346.8519FALSE
346.8583FALSE
346.8455FALSE
346.8519FALSE
346.8519FALSE
346.8497FALSE
346.8541FALSE
346.4647FALSE
346.4692FALSE
346.4602FALSE
346.4647FALSE
346.4647FALSE
346.4627FALSE
346.4667FALSE
346.4601FALSE
346.4587FALSE
346.4616FALSE
346.4601FALSE
346.4601FALSE
346.4605FALSE
346.4597FALSE
346.4611FALSE
346.4656FALSE
346.4591FALSE
346.4611FALSE
346.4611FALSE
346.4592FALSE
346.4631FALSE
346.4592FALSE
346.4612FALSE
346.4607FALSE
346.4592FALSE
346.4592FALSE
346.4596FALSE
346.4587FALSE
346.4668FALSE
346.4714FALSE
346.4623FALSE
346.4668FALSE
346.4668FALSE
346.4649FALSE
346.4688FALSE
346.4585FALSE
346.4624FALSE
346.4601FALSE
346.4585FALSE
346.4585FALSE
346.4589FALSE
346.4599FALSE
346.4586FALSE
346.457FALSE
346.4601FALSE
346.4586FALSE
346.4586FALSE
346.459FALSE
346.4581FALSE
346.4582FALSE
346.4599FALSE
346.4598FALSE
346.4582FALSE
346.4583FALSE
346.4587FALSE
346.4578FALSE
346.4586FALSE
346.4571FALSE
346.46FALSE
346.4586FALSE
346.4586FALSE
346.459FALSE
346.4581FALSE
346.4581FALSE
346.4583FALSE
346.4596FALSE
346.4581FALSE
346.4581FALSE
346.4585FALSE
346.4577FALSE
346.4575FALSE
346.4585FALSE
346.459FALSE
346.4575FALSE
346.4575FALSE
346.458FALSE
346.4571FALSE
346.4574FALSE
346.4583FALSE
346.4588FALSE
346.4574FALSE
346.4574FALSE
346.4579FALSE
346.4568FALSE
346.523FALSE
346.5201FALSE
346.5258FALSE
346.523FALSE
346.523FALSE
346.5224FALSE
346.5236FALSE
346.4588FALSE
346.4574FALSE
346.4608FALSE
346.4588FALSE
346.4588FALSE
346.4589FALSE
346.4587FALSE
346.4574FALSE
346.4582FALSE
346.459FALSE
346.4574FALSE
346.4574FALSE
346.4579FALSE
346.4569FALSE
346.4574FALSE
346.4583FALSE
346.4588FALSE
346.4574FALSE
346.4574FALSE
346.4579FALSE
346.4568FALSE
346.4574FALSE
346.4583FALSE
346.4588FALSE
346.4574FALSE
346.4574FALSE
346.4579FALSE
346.4568FALSE
346.4574FALSE
346.4583FALSE
346.4588FALSE
346.4574FALSE
346.4574FALSE
346.4579FALSE
346.4568FALSE
346.4574FALSE
346.4583FALSE
346.4588FALSE
346.4574FALSE
346.4574FALSE
346.4579FALSE
346.4568FALSE
346.4574FALSE
346.4583FALSE
346.4588FALSE
346.4574FALSE
346.4574FALSE
346.4579FALSE
346.4568FALSE
346.4574FALSE
346.4583FALSE
346.4588FALSE
346.4574FALSE
346.4574FALSE
346.4579FALSE
346.4568FALSE
346.4574FALSE
346.4583FALSE
346.4588FALSE
346.4574FALSE
346.4574FALSE
346.4579FALSE
346.4568FALSE
346.4574FALSE
346.4583FALSE
346.4588FALSE
346.4574FALSE
346.4574FALSE
346.4579FALSE
346.4568FALSE
346.4574FALSE
346.4583FALSE
346.4588FALSE
346.4574FALSE
346.4574FALSE
346.4579FALSE
346.4568FALSE
346.4574FALSE
346.4583FALSE
346.4588FALSE
346.4574FALSE
346.4574FALSE
346.4579FALSE
346.4568FALSE
346.4574FALSE
346.4583FALSE
346.4588FALSE
346.4574FALSE
346.4574FALSE
346.4579FALSE
346.4568FALSE
346.4574FALSE
346.4583FALSE
346.4588FALSE
346.4574FALSE
346.4574FALSE
346.4579FALSE
346.4568FALSE
346.4574FALSE
346.4583FALSE
346.4588FALSE
346.4574FALSE
346.4574FALSE
346.4579FALSE
346.4568FALSE
346.4574FALSE
346.4583FALSE
346.4588FALSE
346.4574FALSE
346.4574FALSE
346.4579FALSE
346.4568FALSE
346.4574FALSE
346.4583FALSE
346.4588FALSE
346.4574FALSE
346.4574FALSE
346.4579FALSE
346.4568FALSE
346.4574FALSE
346.4583FALSE
346.4588FALSE
346.4574FALSE
346.4574FALSE
346.4579FALSE
346.4568FALSE
346.4574FALSE
346.4583FALSE
346.4588FALSE
346.4574FALSE
346.4574FALSE
346.4579FALSE
346.4568FALSE
350.8219FALSE
350.8276FALSE
350.8164FALSE
350.8219FALSE
350.8219FALSE
350.8144FALSE
350.8294FALSE
346.5022FALSE
346.5065FALSE
346.498FALSE
346.5022FALSE
346.5022FALSE
346.4996FALSE
346.5048FALSE
346.4568FALSE
346.46FALSE
346.4584FALSE
346.4568FALSE
346.4568FALSE
346.4574FALSE
346.4573FALSE
346.4571FALSE
346.4594FALSE
346.4587FALSE
346.4571FALSE
346.4571FALSE
346.4576FALSE
346.4568FALSE
346.4569FALSE
346.46FALSE
346.4584FALSE
346.4569FALSE
346.4569FALSE
346.4574FALSE
346.4573FALSE
346.4568FALSE
346.46FALSE
346.4584FALSE
346.4568FALSE
346.4568FALSE
346.4574FALSE
346.4573FALSE
346.4568FALSE
346.46FALSE
346.4584FALSE
346.4568FALSE
346.4568FALSE
346.4574FALSE
346.4573FALSE
346.4568FALSE
346.46FALSE
346.4584FALSE
346.4568FALSE
346.4568FALSE
346.4574FALSE
346.4573FALSE
346.4568FALSE
346.46FALSE
346.4584FALSE
346.4568FALSE
346.4568FALSE
346.4574FALSE
346.4573FALSE
346.4568FALSE
346.46FALSE
346.4584FALSE
346.4568FALSE
346.4568FALSE
346.4574FALSE
346.4573FALSE
346.4568FALSE
346.46FALSE
346.4584FALSE
346.4568FALSE
346.4568FALSE
346.4574FALSE
346.4573FALSE
346.4568FALSE
346.46FALSE
346.4584FALSE
346.4568FALSE
346.4568FALSE
346.4574FALSE
346.4573FALSE
346.4568FALSE
346.46FALSE
346.4584FALSE
346.4568FALSE
346.4568FALSE
346.4574FALSE
346.4573FALSE
346.4568FALSE
346.46FALSE
346.4584FALSE
346.4568FALSE
346.4568FALSE
346.4574FALSE
346.4573FALSE
346.4568FALSE
346.46FALSE
346.4584FALSE
346.4568FALSE
346.4568FALSE
346.4574FALSE
346.4573FALSE
346.4568FALSE
346.46FALSE
346.4584FALSE
346.4568FALSE
346.4568FALSE
346.4574FALSE
346.4573FALSE
346.4568FALSE
346.46FALSE
346.4584FALSE
346.4568FALSE
346.4568FALSE
346.4574FALSE
346.4573FALSE
346.4568FALSE
346.46FALSE
346.4584FALSE
346.4568FALSE
346.4568FALSE
346.4574FALSE
346.4573FALSE
346.4568FALSE
346.46FALSE
346.4584FALSE
346.4568FALSE
346.4568FALSE
346.4574FALSE
346.4573FALSE
346.4568FALSE
346.46FALSE
346.4584FALSE
346.4568FALSE
346.4568FALSE
346.4574FALSE
346.4573FALSE
346.4568FALSE
346.46FALSE
346.4584FALSE
346.4568FALSE
346.4568FALSE
346.4574FALSE
346.4573FALSE
346.4568FALSE
346.46FALSE
346.4584FALSE
346.4568FALSE
346.4568FALSE
346.4574FALSE
346.4573FALSE
346.4568FALSE
346.46FALSE
346.4584FALSE
346.4568FALSE
346.4568FALSE
346.4574FALSE
346.4573FALSE
$par
smooth_log_cases_lag0.bw smooth_log_cases_lag1.bw         time_ind_lag0.bw 
               -1.795977                 3.670392                -2.040833 

$value
[1] 346.4568

$counts
function gradient 
      76       76 

$convergence
[1] 0

$message
[1] "CONVERGENCE: REL_REDUCTION_OF_F <= FACTR*EPSMCH"

> 
> save(ssr_fit,
+     file=paste0("/home/ngr67a/2015-cdc-flu-competition/fit-competition-ssr-ph", prediction_horizon_limit, "-", data_set, ".Rdata"))
> 
> proc.time()
    user   system  elapsed 
1408.112    0.940 2249.485 
