
R version 3.2.2 (2015-08-14) -- "Fire Safety"
Copyright (C) 2015 The R Foundation for Statistical Computing
Platform: x86_64-pc-linux-gnu (64-bit)

R is free software and comes with ABSOLUTELY NO WARRANTY.
You are welcome to redistribute it under certain conditions.
Type 'license()' or 'licence()' for distribution details.

  Natural language support but running in an English locale

R is a collaborative project with many contributors.
Type 'contributors()' for more information and
'citation()' on how to cite R or R packages in publications.

Type 'demo()' for some demos, 'help()' for on-line help, or
'help.start()' for an HTML browser interface to help.
Type 'q()' to quit R.

> ### get ssr fit -- prediction horizons 1:52
> library(lubridate)
> library(ggplot2)
> library(plyr)

Attaching package: ‘plyr’

The following object is masked from ‘package:lubridate’:

    here

> library(dplyr)

Attaching package: ‘dplyr’

The following objects are masked from ‘package:plyr’:

    arrange, count, desc, failwith, id, mutate, rename, summarise,
    summarize

The following objects are masked from ‘package:lubridate’:

    intersect, setdiff, union

The following objects are masked from ‘package:stats’:

    filter, lag

The following objects are masked from ‘package:base’:

    intersect, setdiff, setequal, union

> library(reshape)

Attaching package: ‘reshape’

The following object is masked from ‘package:dplyr’:

    rename

The following objects are masked from ‘package:plyr’:

    rename, round_any

The following object is masked from ‘package:lubridate’:

    stamp

> library(ssrFlu)
> library(doMC)
Loading required package: foreach
Loading required package: iterators
Loading required package: parallel
> 
> registerDoMC(cores=3)
> 
> args <- commandArgs(trailingOnly=TRUE)
> 
> data_set <- args[1]
> prediction_horizon_limit <- as.integer(args[2])
> 
> ## load dataset
> if(identical(data_set, "ili_national")) {
+     data <- ili_national
+ } 
> if(identical(data_set, "ili_region1")) {
+     data <- ili_region1
+ } 
> if(identical(data_set, "ili_region2")) {
+     data <- ili_region2
+ } 
> if(identical(data_set, "ili_region3")) {
+     data <- ili_region3
+ } 
> if(identical(data_set, "ili_region4")) {
+     data <- ili_region4
+ } 
> if(identical(data_set, "ili_region5")) {
+     data <- ili_region5
+ } 
> if(identical(data_set, "ili_region6")) {
+     data <- ili_region6
+ } 
> if(identical(data_set, "ili_region7")) {
+     data <- ili_region7
+ } 
> if(identical(data_set, "ili_region8")) {
+     data <- ili_region8
+ } 
> if(identical(data_set, "ili_region9")) {
+     data <- ili_region9
+ } 
> if(identical(data_set, "ili_region10")) {
+     data <- ili_region10
+ } 
> 
> 
> 
> ## add log column
> data$log_total_cases <- log(data$total_cases + 1)
> 
> ## add week_start_date
> char_dates <- paste(data$year, data$week, "1")
> data$week_start_date <- as.Date(char_dates, format="%Y %W %w")
> 
> ## remove week 53s
> data <- data[-which(is.na(data$week_start_date)),]
> data <- data[262:nrow(data),]
> 
> ## add smooth log column -- or not, since it is already pretty smooth...
> sm <- loess(log_total_cases ~ as.numeric(week_start_date), data=data, span= 26 / nrow(data))
> data$smooth_log_cases <- sm$fitted
> 
> ## add time column
> data$time_ind <- seq_len(nrow(data))
> 
> ssr_control <- create_ssr_control(X_names=c("smooth_log_cases", "time_ind"),
+     y_names="total_cases",
+     time_name=NULL,
+     max_lag=list(smooth_log_cases=1,
+         time_ind=0),
+     prediction_horizons=as.integer(prediction_horizon_limit),
+     kernel_fns=list(smooth_log_cases="squared_exp_kernel",
+         time_ind="periodic_kernel"),
+     theta_est=list(smooth_log_cases="bw",
+         time_ind="bw"),
+     theta_fixed=list(time_ind=list(period=pi / 52)),
+     theta_transform_fns=list(
+         squared_exp_kernel=list(
+             bw=list(transform="log",
+                 detransform="exp")
+         ),
+         periodic_kernel=list(
+             bw=list(transform="log",
+                 detransform="exp")
+         )
+     ),
+     crossval_buffer=52,
+     loss_fn_name="mae_from_kernel_weights_and_centers",
+     loss_fn_args=list())
> 
> 
> ssr_fit <- ssr(X_names=c("smooth_log_cases", "time_ind"),
+     y_names="total_cases",
+     time_name=NULL,
+     data=data,
+     ssr_control=ssr_control)
644.1941FALSE
523.1498FALSE
649.9708FALSE
644.1954FALSE
523.14FALSE
649.9691FALSE
523.1596FALSE
644.1929FALSE
649.9726FALSE
518.2302FALSE
649.8388FALSE
518.2443FALSE
651.293FALSE
649.8229FALSE
518.2167FALSE
651.2896FALSE
519.2382FALSE
649.8547FALSE
519.2298FALSE
651.2963FALSE
644.197FALSE
519.2467FALSE
649.8403FALSE
635.9676FALSE
644.1961FALSE
649.8405FALSE
635.9842FALSE
649.8401FALSE
644.1979FALSE
635.9508FALSE
649.8385FALSE
644.1507FALSE
518.58FALSE
649.8387FALSE
518.5719FALSE
649.8382FALSE
644.1501FALSE
518.5881FALSE
649.8858FALSE
517.9177FALSE
644.1512FALSE
649.8839FALSE
517.9299FALSE
644.1479FALSE
649.8877FALSE
517.9054FALSE
649.8381FALSE
644.1488FALSE
517.3654FALSE
649.8383FALSE
644.147FALSE
517.3612FALSE
644.1467FALSE
649.8378FALSE
517.3695FALSE
517.5837FALSE
649.8377FALSE
644.146FALSE
517.5941FALSE
649.838FALSE
644.1473FALSE
517.5734FALSE
649.8375FALSE
644.1439FALSE
517.0109FALSE
649.8567FALSE
644.1434FALSE
517.0103FALSE
649.855FALSE
517.0117FALSE
644.1445FALSE
649.8583FALSE
517.0025FALSE
644.1455FALSE
649.8375FALSE
517.0029FALSE
644.1464FALSE
517.0022FALSE
649.8378FALSE
517.0027FALSE
649.8372FALSE
517.0025FALSE
644.1435FALSE
649.8373FALSE
517.003FALSE
644.144FALSE
517.0018FALSE
649.8376FALSE
644.1442FALSE
517.002FALSE
644.1449FALSE
649.837FALSE
517.002FALSE
644.1458FALSE
517.0018FALSE
649.845FALSE
644.144FALSE
517.002FALSE
644.1434FALSE
649.8433FALSE
517.002FALSE
644.144FALSE
517.0018FALSE
649.8466FALSE
517.002FALSE
644.1441FALSE
649.8372FALSE
517.002FALSE
644.1434FALSE
649.8374FALSE
517.0018FALSE
644.1441FALSE
517.002FALSE
649.8369FALSE
517.002FALSE
$par
time_ind_lag0.bw 
       -1.473273 

$value
[1] 517.0018

$counts
function gradient 
      15       15 

$convergence
[1] 0

$message
[1] "CONVERGENCE: REL_REDUCTION_OF_F <= FACTR*EPSMCH"

644.1441FALSE
649.8371FALSE
644.1434FALSE
649.8373FALSE
644.1441FALSE
649.8368FALSE
644.1441FALSE
$par
smooth_log_cases_lag1.bw 
               -2.343915 

$value
[1] 644.1434

$counts
function gradient 
      13       13 

$convergence
[1] 0

$message
[1] "CONVERGENCE: REL_REDUCTION_OF_F <= FACTR*EPSMCH"

649.8397FALSE
649.838FALSE
649.8414FALSE
649.837FALSE
649.8373FALSE
649.8369FALSE
649.837FALSE
649.8372FALSE
649.8369FALSE
649.9594FALSE
649.9576FALSE
649.9612FALSE
649.8375FALSE
649.8369FALSE
649.8392FALSE
649.8369FALSE
649.8372FALSE
649.8373FALSE
649.8369FALSE
649.8372FALSE
649.8372FALSE
649.8369FALSE
649.8372FALSE
649.8373FALSE
649.8369FALSE
649.8372FALSE
649.8373FALSE
649.8369FALSE
649.8372FALSE
649.8373FALSE
649.8369FALSE
649.8372FALSE
649.8373FALSE
649.8369FALSE
649.8372FALSE
649.8373FALSE
649.8369FALSE
649.8372FALSE
649.8373FALSE
649.8369FALSE
649.8372FALSE
649.8373FALSE
649.8369FALSE
649.8372FALSE
649.8373FALSE
649.8369FALSE
649.8372FALSE
649.8373FALSE
649.8369FALSE
649.8372FALSE
649.8373FALSE
649.8369FALSE
649.8372FALSE
649.8373FALSE
649.8369FALSE
649.8372FALSE
649.8373FALSE
649.8369FALSE
649.8372FALSE
649.8373FALSE
649.8369FALSE
649.8372FALSE
649.8373FALSE
649.8369FALSE
649.8372FALSE
649.8373FALSE
649.8369FALSE
649.8372FALSE
649.8373FALSE
649.8369FALSE
649.8372FALSE
649.8373FALSE
649.8369FALSE
649.8372FALSE
649.8373FALSE
649.8369FALSE
649.8372FALSE
649.8373FALSE
649.8582FALSE
649.8595FALSE
649.8569FALSE
649.8379FALSE
649.8381FALSE
649.8376FALSE
649.8369FALSE
649.8372FALSE
649.837FALSE
649.8369FALSE
649.8372FALSE
649.8373FALSE
649.8369FALSE
649.8372FALSE
649.8373FALSE
649.8369FALSE
649.8372FALSE
649.8373FALSE
649.8369FALSE
649.8372FALSE
649.8373FALSE
649.8369FALSE
649.8372FALSE
649.8373FALSE
649.8369FALSE
649.8372FALSE
649.8373FALSE
649.8369FALSE
649.8372FALSE
649.8373FALSE
649.8369FALSE
649.8372FALSE
649.8373FALSE
649.8369FALSE
649.8372FALSE
649.8373FALSE
649.8369FALSE
649.8372FALSE
649.8373FALSE
649.8369FALSE
649.8372FALSE
649.8373FALSE
649.8369FALSE
649.8372FALSE
649.8373FALSE
649.8369FALSE
649.8372FALSE
649.8373FALSE
$par
smooth_log_cases_lag0.bw 
               -2.227868 

$value
[1] 649.8369

$counts
function gradient 
      55       55 

$convergence
[1] 0

$message
[1] "CONVERGENCE: REL_REDUCTION_OF_F <= FACTR*EPSMCH"

489.6651FALSE
494.4589FALSE
489.6571FALSE
494.4507FALSE
489.6731FALSE
494.4671FALSE
489.7127FALSE
494.5038FALSE
489.6175FALSE
494.414FALSE
480.1686FALSE
483.8882FALSE
480.1725FALSE
483.8905FALSE
480.1644FALSE
483.8858FALSE
480.1502FALSE
483.8679FALSE
480.1868FALSE
483.9083FALSE
477.5755FALSE
481FALSE
477.577FALSE
481.0019FALSE
477.574FALSE
480.998FALSE
477.5629FALSE
480.9895FALSE
477.5882FALSE
481.0106FALSE
485.6068FALSE
484.1413FALSE
485.6019FALSE
484.1321FALSE
485.6117FALSE
484.1505FALSE
485.6448FALSE
485.5687FALSE
484.1555FALSE
476.683FALSE
484.1272FALSE
476.6788FALSE
480.509FALSE
476.6873FALSE
480.5069FALSE
476.6855FALSE
480.5112FALSE
476.6806FALSE
480.5062FALSE
476.5726FALSE
480.5119FALSE
476.571FALSE
480.4073FALSE
476.5743FALSE
480.4046FALSE
476.5719FALSE
480.4101FALSE
476.5734FALSE
480.406FALSE
476.531FALSE
480.4087FALSE
476.5308FALSE
476.5312FALSE
480.6848FALSE
480.6887FALSE
476.5301FALSE
480.6813FALSE
476.532FALSE
476.5502FALSE
480.6885FALSE
476.5522FALSE
480.6813FALSE
476.5481FALSE
480.4147FALSE
476.5509FALSE
480.4161FALSE
476.5494FALSE
480.4134FALSE
476.5256FALSE
480.4151FALSE
476.5253FALSE
480.4144FALSE
476.5259FALSE
480.3899FALSE
476.5253FALSE
480.3902FALSE
476.5264FALSE
480.3896FALSE
476.6009FALSE
480.3886FALSE
476.6062FALSE
476.5957FALSE
480.3912FALSE
480.3935FALSE
476.6027FALSE
480.3943FALSE
476.5992FALSE
480.3928FALSE
476.5244FALSE
480.3946FALSE
476.5241FALSE
476.5247FALSE
480.3925FALSE
476.5242FALSE
480.3872FALSE
476.5246FALSE
480.3883FALSE
480.3861FALSE
476.5345FALSE
480.387FALSE
476.5368FALSE
480.3875FALSE
476.5325FALSE
480.3847FALSE
476.5348FALSE
476.5341FALSE
480.3856FALSE
476.5242FALSE
480.384FALSE
480.3849FALSE
476.5239FALSE
480.3847FALSE
476.5244FALSE
476.524FALSE
480.4562FALSE
476.5244FALSE
480.4374FALSE
476.5299FALSE
480.4749FALSE
476.5314FALSE
480.4681FALSE
476.5284FALSE
480.4443FALSE
476.5302FALSE
480.3847FALSE
476.5296FALSE
480.3855FALSE
476.524FALSE
480.384FALSE
476.5239FALSE
480.3848FALSE
476.5243FALSE
480.3846FALSE
476.5238FALSE
480.3846FALSE
476.5243FALSE
480.3855FALSE
476.5303FALSE
480.3841FALSE
476.5318FALSE
480.3848FALSE
476.5289FALSE
480.3845FALSE
476.5307FALSE
480.41FALSE
476.53FALSE
480.391FALSE
476.5239FALSE
480.4289FALSE
476.5244FALSE
480.422FALSE
476.5242FALSE
480.3979FALSE
476.5237FALSE
480.3846FALSE
476.5242FALSE
480.3854FALSE
476.5238FALSE
480.3841FALSE
476.5246FALSE
480.3847FALSE
476.5241FALSE
480.3845FALSE
476.5237FALSE
480.3844FALSE
476.524FALSE
480.3843FALSE
476.5257FALSE
480.402FALSE
476.5269FALSE
480.3951FALSE
476.5244FALSE
480.3851FALSE
476.5265FALSE
480.3845FALSE
476.5249FALSE
480.3853FALSE
476.5237FALSE
480.3852FALSE
476.5248FALSE
476.524FALSE
480.3846FALSE
476.5239FALSE
480.3846FALSE
476.5239FALSE
480.3845FALSE
476.5237FALSE
480.3853FALSE
476.5246FALSE
480.3842FALSE
476.5241FALSE
480.3846FALSE
476.5237FALSE
476.5239FALSE
480.3847FALSE
476.5237FALSE
480.3844FALSE
476.5248FALSE
480.3852FALSE
476.524FALSE
480.3847FALSE
476.5238FALSE
480.3844FALSE
476.5239FALSE
480.3852FALSE
476.5237FALSE
480.3844FALSE
476.5248FALSE
480.3853FALSE
476.524FALSE
480.3843FALSE
476.5239FALSE
480.3846FALSE
476.5239FALSE
480.3847FALSE
476.5237FALSE
480.3844FALSE
476.5248FALSE
480.3853FALSE
476.524FALSE
480.3843FALSE
476.5239FALSE
480.3846FALSE
476.5239FALSE
476.5237FALSE
480.3847FALSE
476.5248FALSE
480.3844FALSE
476.524FALSE
480.3852FALSE
476.5239FALSE
480.3851FALSE
476.5239FALSE
480.3845FALSE
476.5237FALSE
480.3847FALSE
476.5248FALSE
476.524FALSE
480.3844FALSE
476.5239FALSE
480.3852FALSE
476.5239FALSE
480.3876FALSE
476.5237FALSE
480.3846FALSE
476.5248FALSE
480.3846FALSE
476.524FALSE
476.5239FALSE
480.3844FALSE
476.5239FALSE
476.5237FALSE
480.3852FALSE
476.5248FALSE
480.3862FALSE
476.524FALSE
480.3846FALSE
476.5239FALSE
480.3846FALSE
476.5239FALSE
476.5237FALSE
480.3844FALSE
476.5248FALSE
480.3852FALSE
476.524FALSE
480.3854FALSE
476.5239FALSE
480.3845FALSE
476.5239FALSE
480.3847FALSE
476.5237FALSE
476.5248FALSE
480.3844FALSE
476.524FALSE
480.3852FALSE
476.5239FALSE
480.3852FALSE
476.5239FALSE
480.3845FALSE
476.5237FALSE
480.3847FALSE
476.5248FALSE
480.3844FALSE
476.524FALSE
480.3852FALSE
476.5239FALSE
476.5239FALSE
480.3851FALSE
476.5237FALSE
480.3845FALSE
476.5248FALSE
480.3847FALSE
476.524FALSE
476.5239FALSE
480.3844FALSE
476.5239FALSE
480.3852FALSE
476.5237FALSE
480.3851FALSE
476.5248FALSE
480.3845FALSE
476.524FALSE
480.3847FALSE
476.5239FALSE
476.5239FALSE
480.3844FALSE
476.5237FALSE
480.3852FALSE
476.5248FALSE
476.524FALSE
480.3851FALSE
476.5239FALSE
480.3845FALSE
476.5239FALSE
480.3847FALSE
476.5237FALSE
480.3844FALSE
476.5248FALSE
480.3852FALSE
476.524FALSE
480.3851FALSE
476.5239FALSE
480.3845FALSE
476.5239FALSE
480.3847FALSE
476.5237FALSE
480.3844FALSE
476.5248FALSE
480.3852FALSE
476.524FALSE
480.3851FALSE
476.5239FALSE
480.3845FALSE
476.5239FALSE
480.3847FALSE
476.5237FALSE
480.3844FALSE
476.5248FALSE
480.3852FALSE
476.524FALSE
480.3851FALSE
476.5239FALSE
480.3845FALSE
476.5239FALSE
480.3847FALSE
476.5237FALSE
480.3844FALSE
476.5248FALSE
480.3852FALSE
476.524FALSE
480.3851FALSE
476.5239FALSE
480.3845FALSE
476.5239FALSE
$par
smooth_log_cases_lag0.bw         time_ind_lag0.bw 
               -2.095634                -2.008325 

$value
[1] 476.5237

$counts
function gradient 
      38       38 

$convergence
[1] 0

$message
[1] "CONVERGENCE: REL_REDUCTION_OF_F <= FACTR*EPSMCH"

480.3847FALSE
480.3844FALSE
480.3852FALSE
480.3851FALSE
480.3845FALSE
480.3847FALSE
480.3844FALSE
480.3852FALSE
480.3851FALSE
480.3845FALSE
480.3847FALSE
480.3844FALSE
480.3852FALSE
480.3851FALSE
480.3845FALSE
480.3847FALSE
480.3844FALSE
480.3852FALSE
480.3851FALSE
480.3845FALSE
480.3847FALSE
480.3844FALSE
480.3852FALSE
480.3851FALSE
480.3845FALSE
480.3847FALSE
480.3844FALSE
480.3852FALSE
480.3851FALSE
480.3845FALSE
480.3847FALSE
480.3844FALSE
480.3852FALSE
480.3851FALSE
480.3845FALSE
480.3847FALSE
480.3844FALSE
480.3852FALSE
480.3851FALSE
480.3845FALSE
480.3847FALSE
$par
smooth_log_cases_lag1.bw         time_ind_lag0.bw 
               -2.155059                -2.044755 

$value
[1] 480.3844

$counts
function gradient 
      43       43 

$convergence
[1] 0

$message
[1] "CONVERGENCE: REL_REDUCTION_OF_F <= FACTR*EPSMCH"

520.3111FALSE
484.737FALSE
520.3021FALSE
484.7318FALSE
520.3201FALSE
484.7421FALSE
528.4084FALSE
484.7236FALSE
528.4674FALSE
484.7503FALSE
528.3494FALSE
484.7427FALSE
517.3984FALSE
484.7312FALSE
517.3942FALSE
480.5621FALSE
517.4026FALSE
480.5771FALSE
518.5335FALSE
480.5471FALSE
518.5508FALSE
480.5664FALSE
518.5162FALSE
480.5578FALSE
517.0241FALSE
480.5419FALSE
517.0226FALSE
517.0256FALSE
480.5824FALSE
517.0316FALSE
480.2971FALSE
480.2934FALSE
517.0331FALSE
480.3008FALSE
517.0301FALSE
480.2906FALSE
517.0025FALSE
480.3036FALSE
517.0023FALSE
480.2927FALSE
517.0028FALSE
480.3015FALSE
517.0022FALSE
479.0312FALSE
517.0025FALSE
517.002FALSE
479.0407FALSE
517.002FALSE
479.0217FALSE
517.0018FALSE
479.0332FALSE
517.0022FALSE
479.0293FALSE
517.0034FALSE
517.0038FALSE
479.0262FALSE
517.0031FALSE
479.0363FALSE
517.0018FALSE
478.3973FALSE
517.002FALSE
478.4009FALSE
517.002FALSE
478.3937FALSE
517.0018FALSE
478.3966FALSE
517.002FALSE
517.002FALSE
478.3981FALSE
517.0018FALSE
478.4023FALSE
517.002FALSE
478.3924FALSE
517.002FALSE
478.1975FALSE
517.0018FALSE
478.2002FALSE
517.002FALSE
478.1947FALSE
517.002FALSE
517.0018FALSE
478.1953FALSE
517.002FALSE
478.1997FALSE
517.002FALSE
478.194FALSE
517.0018FALSE
478.201FALSE
517.002FALSE
478.3925FALSE
517.002FALSE
478.3811FALSE
517.0018FALSE
478.4038FALSE
517.002FALSE
517.002FALSE
478.3894FALSE
517.0018FALSE
478.3956FALSE
517.002FALSE
478.3979FALSE
517.002FALSE
478.3871FALSE
517.0018FALSE
517.002FALSE
477.9634FALSE
517.002FALSE
477.9641FALSE
517.0018FALSE
477.9626FALSE
517.002FALSE
477.9612FALSE
517.002FALSE
477.9656FALSE
517.0018FALSE
477.9618FALSE
517.002FALSE
517.002FALSE
477.965FALSE
517.0018FALSE
477.7404FALSE
517.002FALSE
477.7364FALSE
517.002FALSE
477.7445FALSE
517.0018FALSE
477.7381FALSE
517.002FALSE
477.7427FALSE
517.002FALSE
477.7413FALSE
517.0018FALSE
477.7396FALSE
517.002FALSE
477.3627FALSE
517.002FALSE
517.0018FALSE
477.3589FALSE
517.002FALSE
477.3665FALSE
517.002FALSE
477.3617FALSE
517.0018FALSE
477.3636FALSE
517.002FALSE
477.3693FALSE
517.002FALSE
477.3561FALSE
517.0018FALSE
477.1159FALSE
517.002FALSE
477.1134FALSE
517.002FALSE
477.1185FALSE
517.0018FALSE
477.115FALSE
517.002FALSE
477.1168FALSE
517.002FALSE
517.0018FALSE
477.1207FALSE
517.002FALSE
477.1111FALSE
517.002FALSE
476.8407FALSE
517.0018FALSE
476.8442FALSE
517.002FALSE
476.8377FALSE
517.002FALSE
476.8403FALSE
517.0018FALSE
476.8411FALSE
517.002FALSE
476.8389FALSE
517.002FALSE
476.8426FALSE
517.0018FALSE
517.002FALSE
476.7236FALSE
517.002FALSE
476.7241FALSE
517.002FALSE
476.723FALSE
517.0019FALSE
476.7232FALSE
517.0022FALSE
476.7239FALSE
517.0018FALSE
517.002FALSE
476.7217FALSE
517.002FALSE
476.7255FALSE
517.0018FALSE
476.6664FALSE
517.002FALSE
476.6643FALSE
517.002FALSE
476.6685FALSE
517.0018FALSE
476.6662FALSE
517.002FALSE
517.002FALSE
476.6665FALSE
517.0018FALSE
476.6697FALSE
517.002FALSE
476.6634FALSE
517.002FALSE
476.6008FALSE
517.0018FALSE
476.6FALSE
517.002FALSE
476.6015FALSE
517.002FALSE
476.6006FALSE
517.0018FALSE
476.6009FALSE
517.002FALSE
476.6018FALSE
517.002FALSE
476.5998FALSE
517.0018FALSE
476.5764FALSE
517.002FALSE
476.5763FALSE
517.002FALSE
517.0018FALSE
476.5764FALSE
517.002FALSE
476.5763FALSE
517.002FALSE
517.0018FALSE
476.5765FALSE
517.002FALSE
476.5753FALSE
517.002FALSE
517.0018FALSE
476.5775FALSE
517.002FALSE
476.5553FALSE
517.002FALSE
476.5551FALSE
517.0018FALSE
517.002FALSE
476.5554FALSE
517.002FALSE
476.5552FALSE
517.0018FALSE
476.5553FALSE
517.002FALSE
476.5543FALSE
517.002FALSE
517.0018FALSE
476.5563FALSE
517.002FALSE
476.649FALSE
517.002FALSE
476.6557FALSE
517.0018FALSE
476.6423FALSE
517.002FALSE
476.649FALSE
517.002FALSE
517.0018FALSE
476.649FALSE
517.002FALSE
476.6505FALSE
517.002FALSE
476.6476FALSE
517.0018FALSE
476.5461FALSE
517.002FALSE
476.5476FALSE
517.002FALSE
517.0018FALSE
476.5461FALSE
517.002FALSE
476.546FALSE
517.002FALSE
476.5461FALSE
517.0018FALSE
476.5463FALSE
517.002FALSE
476.5463FALSE
517.002FALSE
476.5396FALSE
517.0018FALSE
476.5394FALSE
517.002FALSE
476.5399FALSE
517.002FALSE
$par
time_ind_lag0.bw 
       -1.473267 

$value
[1] 517.0018

$counts
function gradient 
      52       52 

$convergence
[1] 52

$message
[1] "ERROR: ABNORMAL_TERMINATION_IN_LNSRCH"

476.5396FALSE
476.5397FALSE
476.5395FALSE
476.5398FALSE
476.5308FALSE
476.5305FALSE
476.5312FALSE
476.5308FALSE
476.5308FALSE
476.5308FALSE
476.5309FALSE
476.5274FALSE
476.5272FALSE
476.5277FALSE
476.5274FALSE
476.5274FALSE
476.5273FALSE
476.5276FALSE
476.5292FALSE
476.5304FALSE
476.528FALSE
476.5292FALSE
476.5292FALSE
476.5301FALSE
476.5283FALSE
476.5259FALSE
476.5266FALSE
476.5263FALSE
476.5259FALSE
476.5259FALSE
476.5259FALSE
476.5259FALSE
476.5264FALSE
476.5271FALSE
476.527FALSE
476.5264FALSE
476.5264FALSE
476.5269FALSE
476.5261FALSE
476.5257FALSE
476.5264FALSE
476.5261FALSE
476.5257FALSE
476.5257FALSE
476.5258FALSE
476.5256FALSE
476.5252FALSE
476.5248FALSE
476.5257FALSE
476.5252FALSE
476.5252FALSE
476.5254FALSE
476.5252FALSE
476.5243FALSE
476.5243FALSE
476.5246FALSE
476.5242FALSE
476.5243FALSE
476.5242FALSE
476.5243FALSE
476.5239FALSE
476.5249FALSE
476.5243FALSE
476.5239FALSE
476.5239FALSE
476.524FALSE
476.524FALSE
476.524FALSE
476.5246FALSE
476.5243FALSE
476.524FALSE
476.524FALSE
476.5239FALSE
476.524FALSE
476.5239FALSE
476.5248FALSE
476.5243FALSE
476.5239FALSE
476.5239FALSE
476.524FALSE
476.524FALSE
476.5239FALSE
476.5248FALSE
476.5243FALSE
476.5239FALSE
476.5239FALSE
476.524FALSE
476.524FALSE
476.5239FALSE
476.5249FALSE
476.5243FALSE
476.5239FALSE
476.5239FALSE
476.524FALSE
476.524FALSE
476.5239FALSE
476.5249FALSE
476.5243FALSE
476.5239FALSE
476.5239FALSE
476.524FALSE
476.524FALSE
476.5239FALSE
476.5249FALSE
476.5243FALSE
476.5239FALSE
476.5239FALSE
476.524FALSE
476.524FALSE
476.5239FALSE
476.5249FALSE
476.5243FALSE
476.5239FALSE
476.5239FALSE
476.524FALSE
476.524FALSE
476.5239FALSE
476.5249FALSE
476.5243FALSE
476.5239FALSE
476.5239FALSE
476.524FALSE
476.524FALSE
476.5239FALSE
476.5249FALSE
476.5243FALSE
476.5239FALSE
476.5239FALSE
476.524FALSE
476.524FALSE
476.5239FALSE
476.5249FALSE
476.5243FALSE
476.5239FALSE
476.5239FALSE
476.524FALSE
476.524FALSE
476.5239FALSE
476.5249FALSE
476.5243FALSE
476.5239FALSE
476.5239FALSE
476.524FALSE
476.524FALSE
476.5239FALSE
476.5249FALSE
476.5243FALSE
476.5239FALSE
476.5239FALSE
476.524FALSE
476.524FALSE
476.5239FALSE
476.5249FALSE
476.5243FALSE
476.5239FALSE
476.5239FALSE
476.524FALSE
476.524FALSE
476.5239FALSE
476.5249FALSE
476.5243FALSE
476.5239FALSE
476.5239FALSE
476.524FALSE
476.524FALSE
476.5239FALSE
476.5249FALSE
476.5243FALSE
476.5239FALSE
476.5239FALSE
476.524FALSE
476.524FALSE
476.5239FALSE
476.5249FALSE
476.5243FALSE
476.5239FALSE
476.5239FALSE
476.524FALSE
476.524FALSE
476.5239FALSE
476.5249FALSE
476.5243FALSE
476.5239FALSE
476.5239FALSE
476.524FALSE
476.524FALSE
476.5239FALSE
476.5249FALSE
476.5243FALSE
476.5239FALSE
476.5239FALSE
476.524FALSE
476.524FALSE
476.5239FALSE
476.5249FALSE
476.5243FALSE
476.5239FALSE
476.5239FALSE
476.524FALSE
476.524FALSE
476.5239FALSE
476.5249FALSE
476.5243FALSE
476.5239FALSE
476.5239FALSE
476.524FALSE
476.524FALSE
479.0629FALSE
479.052FALSE
479.0737FALSE
479.0629FALSE
479.0629FALSE
479.0649FALSE
479.0609FALSE
476.5248FALSE
476.5244FALSE
476.5252FALSE
476.5248FALSE
476.5248FALSE
476.5248FALSE
476.5248FALSE
476.524FALSE
476.5245FALSE
476.5244FALSE
476.524FALSE
476.524FALSE
476.524FALSE
476.5241FALSE
476.5239FALSE
476.5248FALSE
476.5243FALSE
476.5239FALSE
476.5239FALSE
476.524FALSE
476.524FALSE
476.5239FALSE
476.5249FALSE
476.5243FALSE
476.5239FALSE
476.5239FALSE
476.524FALSE
476.524FALSE
476.5239FALSE
476.5249FALSE
476.5243FALSE
476.5239FALSE
476.5239FALSE
476.524FALSE
476.524FALSE
476.5239FALSE
476.5249FALSE
476.5243FALSE
476.5239FALSE
476.5239FALSE
476.524FALSE
476.524FALSE
476.5239FALSE
476.5249FALSE
476.5243FALSE
476.5239FALSE
476.5239FALSE
476.524FALSE
476.524FALSE
476.5239FALSE
476.5249FALSE
476.5243FALSE
476.5239FALSE
476.5239FALSE
476.524FALSE
476.524FALSE
476.5239FALSE
476.5249FALSE
476.5243FALSE
476.5239FALSE
476.5239FALSE
476.524FALSE
476.524FALSE
476.5239FALSE
476.5249FALSE
476.5243FALSE
476.5239FALSE
476.5239FALSE
476.524FALSE
476.524FALSE
476.5239FALSE
476.5249FALSE
476.5243FALSE
476.5239FALSE
476.5239FALSE
476.524FALSE
476.524FALSE
476.5239FALSE
476.5249FALSE
476.5243FALSE
476.5239FALSE
476.5239FALSE
476.524FALSE
476.524FALSE
476.5239FALSE
476.5249FALSE
476.5243FALSE
476.5239FALSE
476.5239FALSE
476.524FALSE
476.524FALSE
476.5239FALSE
476.5249FALSE
476.5243FALSE
476.5239FALSE
476.5239FALSE
476.524FALSE
476.524FALSE
476.5239FALSE
476.5249FALSE
476.5243FALSE
476.5239FALSE
476.5239FALSE
476.524FALSE
476.524FALSE
476.5239FALSE
476.5249FALSE
476.5243FALSE
476.5239FALSE
476.5239FALSE
476.524FALSE
476.524FALSE
476.5239FALSE
476.5249FALSE
476.5243FALSE
476.5239FALSE
476.5239FALSE
476.524FALSE
476.524FALSE
476.5239FALSE
476.5249FALSE
476.5243FALSE
476.5239FALSE
476.5239FALSE
476.524FALSE
476.524FALSE
476.5239FALSE
476.5249FALSE
476.5243FALSE
476.5239FALSE
476.5239FALSE
476.524FALSE
476.524FALSE
$par
smooth_log_cases_lag0.bw smooth_log_cases_lag1.bw         time_ind_lag0.bw 
               -2.096106                 3.126201                -2.007155 

$value
[1] 476.5239

$counts
function gradient 
      69       69 

$convergence
[1] 52

$message
[1] "ERROR: ABNORMAL_TERMINATION_IN_LNSRCH"

> 
> save(ssr_fit,
+     file=paste0("/home/ngr67a/2015-cdc-flu-competition/fit-competition-ssr-ph", prediction_horizon_limit, "-", data_set, ".Rdata"))
> 
> proc.time()
    user   system  elapsed 
1958.702    1.352 2300.471 
